07-18 19:42:22.021  1066  1102 I libprocessgroup: Removed cgroup /sys/fs/cgroup/uid_10275/pid_28501
07-18 19:42:22.023  1066  1177 V AlarmManager: set(null) : type=2 listener=android.app.AlarmManager$ListenerWrapper@e312a1e listenerTag=*job.deadline* workSource=WorkSource{10245 com.whatsapp} callingPackage=android callingUid=1000 triggerAtTime=9246433 win=1448597 tElapsed=9246433 maxElapsed=10695030 interval=0 flags=0x0
07-18 19:42:22.023  1066  1177 D AlarmManagerService: set alarm to kernel: 7526452000000, type=2
07-18 19:42:22.023  1066  1177 D AlarmManagerService: set alarm to kernel: 7352948000000, type=3
07-18 19:42:22.024  1066  1177 D AlarmManagerService: set alarm to kernel: 7526452000000, type=2
07-18 19:42:22.024  1066  1177 D AlarmManagerService: set alarm to kernel: 7352948000000, type=3
07-18 19:42:22.032   626   626 D PowerHAL: Enter getSceneIdByName: sceneName:com.whatsapp
07-18 19:42:22.032   626   626 E PowerHAL: get_scene_id: PowerHAL is not inited
07-18 19:42:22.032   626   626 D PowerHAL: Enter getSceneIdByName: sceneName:PACKAGE
07-18 19:42:22.032   626   626 E PowerHAL: get_scene_id: PowerHAL is not inited
07-18 19:42:22.036  3360 27888 E ActivityThread: Failed to find provider info for com.facebook.stella.assistant.deviceconnectionstate
07-18 19:42:22.037  3360 27888 E ActivityThread: Failed to find provider info for com.facebook.stella_debug.assistant.deviceconnectionstate
07-18 19:42:22.041  1066  2443 D WindowManager: isSupportDynamicNavbar user0, navBarMode = 0, is3buttonModeNavbar = true
07-18 19:42:22.044  1066  2443 D WindowManager: isSupportDynamicNavbar user0, navBarMode = 0, is3buttonModeNavbar = true
07-18 19:42:22.044  1066  2443 D UFwDisplayJamMonitorImpl: Switch focus to Window{fa3cfd u0 com.whatsapp/com.whatsapp.home.ui.HomeActivity}, [type=1, isChildWindow=false]-[Surface(name=*Title#2634)/@0x113dfa4, shown=false, windowType=1] on APP(ActivityRecord{7a21fbf u0 com.whatsapp/.home.ui.HomeActivity t26 d0}) from null, newWindowHandle = fa3cfd com.whatsapp/com.whatsapp.home.ui.HomeActivity, frame=[Rect(0, 0 - 0, 0)], touchableRegion=SkRegion(), scaleFactor=1.0, transform=null, windowToken=android.os.BinderProxy@e02f554, displayId=0, isClone=false, contentSize=0x0, alpha=0.0, canOccludePresentation=false, changed=true mGlobalScale=1.0 mCompatScale=1.0 mInvGlobalScale=1.0
07-18 19:42:22.049   605   605 I mali_gralloc: allocate: id=25d00000d6c, halFormat=RGBA8888, maliFormat=RGBA8888, afbc=SPLIT, usage=GPU_RW|HWC, size=576x1280(2995200), stride=576, name=VRI[HomeActivity]#89(BLAST Consumer)89, costTime=0ms427us462
07-18 19:42:22.050  3360 28850 D mali_gralloc: register: id=25d00000d6c, handle=0xb4000070c46fef70, importpid=3360
07-18 19:42:22.051   605   605 I mali_gralloc: allocate: id=25d00000d6d, halFormat=RGBA8888, maliFormat=RGBA8888, afbc=SPLIT, usage=GPU_RW|HWC, size=576x1280(2995200), stride=576, name=VRI[HomeActivity]#89(BLAST Consumer)89, costTime=0ms456us192
07-18 19:42:22.052  3360 28850 D mali_gralloc: register: id=25d00000d6d, handle=0xb4000070c46ac230, importpid=3360
07-18 19:42:22.052   601 28690 I sns_drv_u: 3441, sensor_stream_off: X
07-18 19:42:22.052   601 28690 I hw_sensor: 515, hw_sensor_mipi_deinit: close mipi
07-18 19:42:22.053   601  1025 I cmr_oem : 708, camera_sensor_streamctrl: X,ret=0
07-18 19:42:22.053   605   605 I mali_gralloc: allocate: id=25d00000d6e, halFormat=RGBA8888, maliFormat=RGBA8888, afbc=SPLIT, usage=GPU_RW|HWC, size=576x1280(2995200), stride=576, name=VRI[HomeActivity]#89(BLAST Consumer)89, costTime=0ms418us423
07-18 19:42:22.053  3360 28850 D mali_gralloc: register: id=25d00000d6e, handle=0xb4000070c46e41b0, importpid=3360
07-18 19:42:22.054   650   650 I SurfaceFlinger: updating visibility visibleForInput:1, Snapshot{TraversalPath{.id = 2634}com.whatsapp/com.whatsapp.home.ui.HomeActivity#2634 isVisible=1 {hidden by parent or layer flag} changes=Created | Geometry | Metadata | AffectsChildren | FrameRate | VisibleRegion layerStack=0 geomLayerBounds={-5760.01,-14292.5,14150.4,7039.29} geomLayerTransform={tx=-575.707,ty=63.9683}}
07-18 19:42:22.054   650   650 I SurfaceFlinger: updating visibility visibleForInput:1, Snapshot{TraversalPath{.id = 2635}Surface(name=b277129 NavigationBar0#112)/@0xf0e2a4f - animation-leash of insets_animation#2635 isVisible=1 {nothing to draw} changes=Created | Metadata | FrameRate layerStack=0 geomLayerBounds={-5760,-12800,12800,5760} geomLayerTransform={tx=0,ty=0}}
07-18 19:42:22.054   650   650 I SurfaceFlinger: updating visibility visibleForInput:0, Snapshot{TraversalPath{.id = 2634}com.whatsapp/com.whatsapp.home.ui.HomeActivity#2634 isVisible=0 {hidden by parent or layer flag} changes=Created | Geometry | Metadata | Visibility | AffectsChildren | FrameRate | VisibleRegion layerStack=0 geomLayerBounds={-5760.01,-14292.5,14150.4,7039.29} geomLayerTransform={tx=-575.707,ty=63.9683}}
07-18 19:42:22.054   650   650 I SurfaceFlinger: updating visibility visibleForInput:0, Snapshot{TraversalPath{.id = 2635}Surface(name=b277129 NavigationBar0#112)/@0xf0e2a4f - animation-leash of insets_animation#2635 isVisible=0 {nothing to draw} changes=Created | Metadata | Visibility | FrameRate layerStack=0 geomLayerBounds={-5760,-12800,12800,5760} geomLayerTransform={tx=0,ty=0}}
07-18 19:42:22.058   601 28722 I ae_sprd_adpt: 3609, ae_set_video_stop: pre camid 1 BV 285 BV_back 285 E 2610 G 1665 lt 30640 W 1296 H 972 en 1
07-18 19:42:22.060   601  1025 E af_ctrl : 360, af_ctrl_ioctrl: af handle is null
07-18 19:42:22.069   601  1025 I FramePolicyMgr: 1105, sessionStop: E camId 1
07-18 19:42:22.069  1066  1079 E AppOps  : Operation not started: uid=10275 pkg=com.example.controlhorario(null) op=CAMERA
07-18 19:42:22.069   601  1025 W PicturePolicy: 1410, setFlushFlag: set snapshotStatusMap CMR_IDLE
07-18 19:42:22.071  1066  1092 D WindowManager: isSupportDynamicNavbar user0, navBarMode = 0, is3buttonModeNavbar = true
07-18 19:42:22.073   601  1025 I JpegNode: 1181, onSessionStop: mJpegFlush=1
07-18 19:42:22.073   601  1025 I cmr_scale: 567, cmr_scale_close: scale close device enter
07-18 19:42:22.073   601  1025 I cpp_u_dev: 235, cpp_scale_close: scale close device exit
07-18 19:42:22.076  1066  1549 D SSense.GalleryAppSceneRecognizer: GalleryAppScene for uid:10245 pkg name:com.whatsapp sceneId:0 changed:false mCurrentFlingAppName:null
07-18 19:42:22.077   601  1025 I libfacedetect: [FdDeleteDetector,164]: FD Top Delete.In
07-18 19:42:22.077   601  1025 I FDV3    : [libFDV3_delete_tunning, 130]: Delete.In
07-18 19:42:22.077   601  1025 I FaceChecker: [libFaceRect_delete_tunning, 67]: Delete.In
07-18 19:42:22.077   601  1025 D UNN_ENGINE: MNN deinit_network 
07-18 19:42:22.078   650  1197 D mali_gralloc: register: id=25d00000d6e, handle=0xb400007ba79d7a90, importpid=650
07-18 19:42:22.084  1066  1079 D WindowManager: finishDrawingLocked: merge with mWin.mSyncTransaction!!! , mWin=Window{fa3cfd u0 com.whatsapp/com.whatsapp.home.ui.HomeActivity}, [type=1, isChildWindow=false]-[Surface(name=*Title#2634)/@0x113dfa4, shown=false, windowType=1]
07-18 19:42:22.085   601  1025 I FaceChecker: [libFaceRect_delete_tunning, 76]: Delete.Out
07-18 19:42:22.085  3360  3360 W Choreographer: Already have a pending vsync event.  There should only be one at a time.
07-18 19:42:22.085  1066  1092 D WindowManager: isSupportDynamicNavbar user0, navBarMode = 0, is3buttonModeNavbar = true
07-18 19:42:22.086   601  1025 D UNN_ENGINE: MNN deinit_network 
07-18 19:42:22.091   601  1025 D UNN_ENGINE: MNN deinit_network 
07-18 19:42:22.092  2445  2453 V WindowManagerShell: onTransitionReady(transaction=4578435146929)
07-18 19:42:22.092   650  1619 D mali_gralloc: register: id=25d00000d6d, handle=0xb400007ba79e9cd0, importpid=650
07-18 19:42:22.092  2445  2459 V WindowManagerShell: onTransitionReady (#193) android.os.BinderProxy@b85c92b: {id=193 t=CLOSE f=0x10 trk=0 r=[0@Point(0, 0)] c=[{WCT{android.window.IWindowContainerToken$Stub$Proxy@ab2ba63} m=TO_FRONT f=MOVE_TO_TOP leash=Surface(name=Task=26#1526)/@0x6439ef4 sb=Rect(0, 0 - 576, 1280) eb=Rect(0, 0 - 576, 1280) d=0 taskParent=-1},{WCT{android.window.IWindowContainerToken$Stub$Proxy@e75b660} m=CLOSE f=NONE leash=Surface(name=Task=39#2611)/@0x9f1361d sb=Rect(0, 0 - 576, 1280) eb=Rect(0, 0 - 576, 1280) d=0 taskParent=-1}]}
07-18 19:42:22.093   650   650 I SurfaceFlinger: updating visibility visibleForInput:0, Snapshot{TraversalPath{.id = 121}StatusBar#121 isVisible=0 {layer not reachable from root} changes=Visibility layerStack=0 geomLayerBounds={0,0,48,576} geomLayerTransform={tx=0,ty=0}}
07-18 19:42:22.093   650   650 I SurfaceFlinger: updating visibility visibleForInput:0, Snapshot{TraversalPath{.id = 117}NavigationBar0#117 isVisible=0 {layer not reachable from root} changes=Visibility layerStack=0 geomLayerBounds={0,0,72,576} geomLayerTransform={tx=0,ty=1208}}
07-18 19:42:22.093  2445  2459 V WindowManagerShell: Playing animation for (#193) android.os.BinderProxy@b85c92b@0
07-18 19:42:22.093  2445  2459 V WindowManagerShell:  try handler com.android.wm.shell.transition.DefaultMixedHandler@ba9b595
07-18 19:42:22.093  2445  2459 V WindowManagerShell:  try handler com.android.wm.shell.keyguard.KeyguardTransitionHandler@2d3e6aa
07-18 19:42:22.093  2445  2459 V WindowManagerShell:  try handler com.android.wm.shell.pip.PipTransition@852921c
07-18 19:42:22.093  2445  2459 V WindowManagerShell:  try handler com.android.wm.shell.activityembedding.ActivityEmbeddingController@154ee25
07-18 19:42:22.093  2445  2459 V WindowManagerShell:  try handler com.android.wm.shell.recents.RecentsTransitionHandler@756dbfa
07-18 19:42:22.093  2445  2459 V ShellRecents: RecentsTransitionHandler.startAnimation: no controller found
07-18 19:42:22.093  2445  2459 V WindowManagerShell:  try handler com.android.wm.shell.splitscreen.StageCoordinator@45e05ab
07-18 19:42:22.093  2445  2459 V WindowManagerShell:  try handler com.android.wm.shell.transition.RemoteTransitionHandler@f04b408
07-18 19:42:22.093  2445  2459 V WindowManagerShell: Transition doesn't have explicit remote, search filters for match for {id=193 t=CLOSE f=0x10 trk=0 r=[0@Point(0, 0)] c=[{WCT{android.window.IWindowContainerToken$Stub$Proxy@ab2ba63} m=TO_FRONT f=MOVE_TO_TOP leash=Surface(name=Task=26#1526)/@0x6439ef4 sb=Rect(0, 0 - 576, 1280) eb=Rect(0, 0 - 576, 1280) d=0 taskParent=-1},{WCT{android.window.IWindowContainerToken$Stub$Proxy@e75b660} m=CLOSE f=NONE leash=Surface(name=Task=39#2611)/@0x9f1361d sb=Rect(0, 0 - 576, 1280) eb=Rect(0, 0 - 576, 1280) d=0 taskParent=-1}]}
07-18 19:42:22.094  2445  2459 V WindowManagerShell:  Checking filter Pair{{types=[] flags=0x0] notFlags=0x100 checks=[{atype=home independent=true modes=[OPEN,TO_FRONT] flags=NONE mustBeTask=false order=TOP topActivity=ComponentInfo{com.DDU.launcher/com.freeme.launcher.FreemeLauncher} launchCookie=null},{atype=standard independent=true modes=[CLOSE,TO_BACK] flags=NONE mustBeTask=false order=ANY topActivity=null launchCookie=null},{NOT atype=undefined independent=true modes=[] flags=NONE mustBeTask=false order=ANY topActivity=null launchCookie=null}]} RemoteTransition { remoteTransition = android.window.IRemoteTransition$Stub$Proxy@a0b47a1, appThread = android.app.IApplicationThread$Stub$Proxy@e26bdc6, debugName = QuickstepLaunchHome }}
07-18 19:42:22.094  2445  2459 V WindowManagerShell:  Delegate animation for (#193) to null
07-18 19:42:22.094  2445  2459 V WindowManagerShell:  try handler com.android.wm.shell.transition.DefaultTransitionHandler@1755187
07-18 19:42:22.094  2445  2459 V WindowManagerShell: start default transition animation, info = {id=193 t=CLOSE f=0x10 trk=0 r=[0@Point(0, 0)] c=[{WCT{android.window.IWindowContainerToken$Stub$Proxy@ab2ba63} m=TO_FRONT f=MOVE_TO_TOP leash=Surface(name=Task=26#1526)/@0x6439ef4 sb=Rect(0, 0 - 576, 1280) eb=Rect(0, 0 - 576, 1280) d=0 taskParent=-1},{WCT{android.window.IWindowContainerToken$Stub$Proxy@e75b660} m=CLOSE f=NONE leash=Surface(name=Task=39#2611)/@0x9f1361d sb=Rect(0, 0 - 576, 1280) eb=Rect(0, 0 - 576, 1280) d=0 taskParent=-1}]}
07-18 19:42:22.094   650   650 I SurfaceFlinger: updating visibility visibleForInput:1, Snapshot{TraversalPath{.id = 121}StatusBar#121 isVisible=0 { buffer=10501195038928 frame=1726 color{< 0, 0, 0, 1 >}} changes=Hierarchy | Geometry | Visibility | AffectsChildren | FrameRate layerStack=0 geomLayerBounds={0,0,48,576} geomLayerTransform={tx=0,ty=0}} input{(NOT_FOCUSABLE) touchableRegion={0,0,48,576}}
07-18 19:42:22.094   650   650 I SurfaceFlinger: updating visibility visibleForInput:1, Snapshot{TraversalPath{.id = 117}NavigationBar0#117 isVisible=0 { buffer=10501195038927 frame=3357 color{< 0, 0, 0, 1 >}} changes=Hierarchy | Geometry | Visibility | AffectsChildren | FrameRate layerStack=0 geomLayerBounds={0,0,72,576} geomLayerTransform={tx=0,ty=1208}} input{(NOT_FOCUSABLE | WATCH_OUTSIDE_TOUCH | SLIPPERY) touchableRegion={0,0,72,576}}
07-18 19:42:22.095   601  1025 I FDV3    : [libFDV3_delete_tunning, 138]: Delete.Out
07-18 19:42:22.095   601  1025 I libfacedetect: [FdDeleteDetector,173]: FD Top Delete.Out
07-18 19:42:22.095   601  1025 I face_alg_adapter: [faceAlgInterfaceDeInit,627]: FD FA FAR ALG all Closed , free handle ! 
07-18 19:42:22.095   605   605 I mali_gralloc: allocate: id=25d00000d6f, halFormat=RGBA8888, maliFormat=RGBA8888, afbc=false, usage=CPU_RW|GPU_RW|HWC, size=576x1280(2949120), stride=576, name=screenshot, costTime=0ms123us115
07-18 19:42:22.096   650  1197 D mali_gralloc: register: id=25d00000d6f, handle=0xb400007ba79da550, importpid=650
07-18 19:42:22.096   601  1025 I libfacedetect: [FdDeleteDetector,164]: FD Top Delete.In
07-18 19:42:22.096   601  1025 I FDV3    : [libFDV3_delete_tunning, 130]: Delete.In
07-18 19:42:22.096   601  1025 I FaceChecker: [libFaceRect_delete_tunning, 67]: Delete.In
07-18 19:42:22.096  2445  2459 V WindowManagerShell: loadAnimation: anim=android.view.animation.AnimationSet@f0c99bf animAttr=0xb type=CLOSE isEntrance=false
07-18 19:42:22.096   601  1025 D UNN_ENGINE: MNN deinit_network 
07-18 19:42:22.098  2445  2459 V WindowManagerShell: loadAnimation: anim=android.view.animation.AnimationSet@d620bd5 animAttr=0xa type=CLOSE isEntrance=true
07-18 19:42:22.101   650  1619 D mali_gralloc: register: id=25d00000d6c, handle=0xb400007ba79e4090, importpid=650
07-18 19:42:22.101  1066  1092 D mali_gralloc: register: id=25d00000d6f, handle=0xb4000070c46e0a90, importpid=1066
07-18 19:42:22.102   601  1025 I FaceChecker: [libFaceRect_delete_tunning, 76]: Delete.Out
07-18 19:42:22.102  1066  1092 D BLASTSyncEngine: finishNow mActiveSyncs.remove: 193
07-18 19:42:22.102  2445  2459 V WindowManagerShell:  animated by com.android.wm.shell.transition.DefaultTransitionHandler@1755187
07-18 19:42:22.102   601  1025 D UNN_ENGINE: MNN deinit_network 
07-18 19:42:22.103  1066  1088 V WindowManager: Sent Transition (#193) createdAt=07-18 19:42:21.834 via request=TransitionRequestInfo { type = CLOSE, triggerTask = null, pipTask = null, remoteTransition = null, displayChange = null, flags = 16, debugId = 193 }
07-18 19:42:22.103  1066  1088 V WindowManager:     startWCT=WindowContainerTransaction { changes = {} hops = [] errorCallbackToken=null taskFragmentOrganizer=null }
07-18 19:42:22.103  1066  1088 V WindowManager:     info={id=193 t=CLOSE f=0x10 trk=0 r=[0@Point(0, 0)] c=[
07-18 19:42:22.103  1066  1088 V WindowManager:         {WCT{RemoteToken{954a8e2 Task{37801fc #26 type=standard A=10245:com.whatsapp}}} m=TO_FRONT f=MOVE_TO_TOP leash=Surface(name=Task=26#1526)/@0xbbec2ef sb=Rect(0, 0 - 576, 1280) eb=Rect(0, 0 - 576, 1280) d=0 taskParent=-1},
07-18 19:42:22.103  1066  1088 V WindowManager:         {WCT{RemoteToken{425dbf6 Task{9a2013b #39 type=standard A=10275:com.example.controlhorario}}} m=CLOSE f=NONE leash=Surface(name=Task=39#2611)/@0xe264bca sb=Rect(0, 0 - 576, 1280) eb=Rect(0, 0 - 576, 1280) d=0 taskParent=-1}
07-18 19:42:22.103  1066  1088 V WindowManager:     ]}
07-18 19:42:22.104   650   650 I SurfaceFlinger: updating visibility visibleForInput:1, Snapshot{TraversalPath{.id = 2636}Transition Root: Task=26#2636 isVisible=1 {nothing to draw} changes=Created | Hierarchy | Z | Metadata | Visibility | AffectsChildren | FrameRate | VisibleRegion layerStack=0 geomLayerBounds={-5760,-12800,12800,5760} geomLayerTransform={tx=0,ty=0}}
07-18 19:42:22.104   650   650 I SurfaceFlinger: updating visibility visibleForInput:1, Snapshot{TraversalPath{.id = 2637}animation-background#2637 isVisible=1 { color{< 0.313721, 0.321533, 0.356934, 1 >}} changes=Created | Hierarchy | Content | Z | Metadata | Visibility | AffectsChildren | FrameRate | VisibleRegion layerStack=0 geomLayerBounds={-5760,-12800,12800,5760} geomLayerTransform={tx=0,ty=0}}
07-18 19:42:22.104   650   650 I SurfaceFlinger: updating visibility visibleForInput:1, Snapshot{TraversalPath{.id = 1536}59981de ActivityRecordInputSink com.whatsapp/.home.ui.HomeActivity#1536 isVisible=0 {nothing to draw} changes=Hierarchy | Geometry | Metadata | Visibility | AffectsChildren | FrameRate layerStack=0 geomLayerBounds={0,0,1280,576} geomLayerTransform={tx=0,ty=0}} input{(NO_INPUT_CHANNEL | NOT_FOCUSABLE | NOT_TOUCHABLE) replaceTouchableRegionWithCrop touchableRegion={0,0,0,0}}
07-18 19:42:22.104   650   650 I SurfaceFlinger: updating visibility visibleForInput:1, Snapshot{TraversalPath{.id = 2634}com.whatsapp/com.whatsapp.home.ui.HomeActivity#2634 isVisible=0 { buffer=14431090120676 frame=2 color{< 0, 0, 0, 1 >}} changes=Hierarchy | Geometry | Content | Metadata | Visibility | AffectsChildren | FrameRate | VisibleRegion | Buffer layerStack=0 geomLayerBounds={0,0,1280,576} geomLayerTransform={tx=0,ty=0}} input{(0x0) touchCropId=1526 touchableRegion={0,0,1280,576}}
07-18 19:42:22.105   650   650 I SurfaceFlinger: updating visibility visibleForInput:0, Snapshot{TraversalPath{.id = 2636}Transition Root: Task=26#2636 isVisible=0 {nothing to draw} changes=Created | Hierarchy | Z | Metadata | Visibility | AffectsChildren | FrameRate | VisibleRegion layerStack=0 geomLayerBounds={-5760,-12800,12800,5760} geomLayerTransform={tx=0,ty=0}}
07-18 19:42:22.105   601  1025 D UNN_ENGINE: MNN deinit_network 
07-18 19:42:22.107  1624  1646 D mali_gralloc: register: id=25d00000d6f, handle=0xb4000070c46a6950, importpid=1624
07-18 19:42:22.107  2445  2453 D mali_gralloc: register: id=25d00000d6f, handle=0xb4000070c46b71b0, importpid=2445
07-18 19:42:22.107  2445  2454 D mali_gralloc: register: id=25d00000d6f, handle=0xb4000070c46dc050, importpid=2445
07-18 19:42:22.107  2445  3313 D mali_gralloc: register: id=25d00000d6f, handle=0xb4000070c464f650, importpid=2445
07-18 19:42:22.107  2445  3313 D mali_gralloc: unregister: id=25d00000d6f, handle=0xb4000070c464f650, base=0x0, importpid=2445, clone_count=2
07-18 19:42:22.107   606   606 D SPRDHWComposer: HWC Range:1, HWC_Transfer:4
07-18 19:42:22.107   606   606 D SPRDHWComposer: HWC Range:1, HWC_Transfer:4
07-18 19:42:22.107   606   606 D mali_gralloc: register: id=25d00000d6d, handle=0xb4000076cebc6830, importpid=606
07-18 19:42:22.107  2445  2445 D mali_gralloc: unregister: id=25d00000d6f, handle=0xb4000070c46b71b0, base=0x0, importpid=2445, clone_count=1
07-18 19:42:22.107  2445  2459 D TaskStackListenerImpl: onTaskSnapshotChanged close hardwarebuffer, snapshot = TaskSnapshot{ mId=1784418142090 mCaptureTime=7315054835187 mTopActivityComponent=com.example.controlhorario/.MainActivity mSnapshot=android.hardware.HardwareBuffer@508c242 (576x1280) mColorSpace=sRGB IEC61966-2.1 (id=0, model=RGB) mOrientation=1 mRotation=0 mTaskSize=Point(576, 1280) mContentInsets=[0,48][0,72] mLetterboxInsets=[0,0][0,0] mIsLowResolution=false mIsRealSnapshot=true mWindowingMode=1 mAppearance=0 mIsTranslucent=true mHasImeSurface=false mInternalReferences=0
07-18 19:42:22.107  2445  2459 D mali_gralloc: unregister: id=25d00000d6f, handle=0xb4000070c46dc050, base=0x0, importpid=2445, clone_count=0
07-18 19:42:22.108   601  1025 I FDV3    : [libFDV3_delete_tunning, 138]: Delete.Out
07-18 19:42:22.108   601  1025 I libfacedetect: [FdDeleteDetector,173]: FD Top Delete.Out
07-18 19:42:22.108   601  1025 I face_alg_adapter: [faceAlgInterfaceDeInit,627]: FD FA FAR ALG all Closed , free handle ! 
07-18 19:42:22.108   601  1025 I JpegNode: 1181, onSessionStop: mJpegFlush=1
07-18 19:42:22.108   601  1025 I cmr_scale: 567, cmr_scale_close: scale close device enter
07-18 19:42:22.108   601  1025 I cpp_u_dev: 235, cpp_scale_close: scale close device exit
07-18 19:42:22.108   601  1025 I CameraSession: 117, ~CameraSession: E
07-18 19:42:22.109   650   699 D mali_gralloc: unregister: id=25d00000d6f, handle=0xb400007ba79da550, base=0x0, importpid=650, clone_count=0
07-18 19:42:22.114  1066  2443 W UserManagerService: Requested status bar icon for non-badged user 0
07-18 19:42:22.114   601  1025 I JpegNode: 168, ~JpegNode: wait scale done
07-18 19:42:22.114   601  1025 I cmr_jpeg: 421, cmr_stop_codec: cmr_stop_codec enter
07-18 19:42:22.114   601  1025 D JPG     : L 493, jpg_sem_wait: jpg_sem_wait 0xb400007b98e90528
07-18 19:42:22.114   601  1025 E jpeg_codec: L 1524, jpeg_stop: don't need handle
07-18 19:42:22.114   601  1025 D JPG     : L 509, jpg_sem_post: jpg_sem_post 0xb400007b98e90528
07-18 19:42:22.114   601  1025 I JPG_OEM : L 515, sprd_stop_codec: done 0
07-18 19:42:22.114   601  1025 I jpeg_codec: L 1555, jpeg_deinit: jpeg_deinit in
07-18 19:42:22.114   601  1025 D JPG     : L 493, jpg_sem_wait: jpg_sem_wait 0xb400007b98e90528
07-18 19:42:22.114   601  1025 D JPG     : L 250, jpg_msg_post: queue_handle 0xb400007a08e6afb0, msg type 0x200000 num 0 cnt 40
07-18 19:42:22.114   601  1025 I JPG     : L 283, jpg_msg_post: jpg_msg_post msg_cur 0xb400007ab8eac7c8
07-18 19:42:22.114   601 28817 I JPG     : L 139, jpg_msg_get: jpg_msg_get msg_cur 0xb400007ab8eac7c8
07-18 19:42:22.114   601 28817 D JPG     : L 151, jpg_msg_get: queue_handle 0xb400007a08e6afb0, msg type 0x200000 num 0 cnt 40
07-18 19:42:22.114   601 28817 I jpeg_codec: L 917, jpeg_thread_proc: jpeg:JPEG Thread Proc In 
07-18 19:42:22.114   601 28817 E jpeg_codec: L 836, _jpeg_stop: jpeg:jpeg is deinited
07-18 19:42:22.114   601 28817 I JPG     : L 364, jpg_common_routine: before sem_post msg_cur 0xb400007ab8eac7c8
07-18 19:42:22.114   601 28817 I JPG     : L 368, jpg_common_routine: sem_post msg_cur->sem 0xb400007ab8eac7e8
07-18 19:42:22.114   601 28817 I JPG     : L 371, jpg_common_routine: after sem_post msg_cur 0xb400007ab8eac7c8
07-18 19:42:22.115   601  1025 I JPG     : L 288, jpg_msg_post: sem_wait msg_cur 0xb400007ab8eac7c8 msg_cur->sem 0xb400007ab8eac7e8
07-18 19:42:22.115   601  1025 D JPG     : L 250, jpg_msg_post: queue_handle 0xb400007a08e6afb0, msg type 0x1ffffff num 0 cnt 40
07-18 19:42:22.115   601  1025 I JPG     : L 283, jpg_msg_post: jpg_msg_post msg_cur 0xb400007ab8eac800
07-18 19:42:22.115   601 28817 I JPG     : L 139, jpg_msg_get: jpg_msg_get msg_cur 0xb400007ab8eac800
07-18 19:42:22.115   601 28817 D JPG     : L 151, jpg_msg_get: queue_handle 0xb400007a08e6afb0, msg type 0x1ffffff num 0 cnt 40
07-18 19:42:22.115   601 28817 I JPG     : L 356, jpg_common_routine: timestamp = 7074660.
07-18 19:42:22.115   601 28817 I JPG     : L 364, jpg_common_routine: before sem_post msg_cur 0xb400007ab8eac800
07-18 19:42:22.115   601 28817 I JPG     : L 368, jpg_common_routine: sem_post msg_cur->sem 0xb400007ab8eac820
07-18 19:42:22.115   601 28817 I JPG     : L 371, jpg_common_routine: after sem_post msg_cur 0xb400007ab8eac800
07-18 19:42:22.115   601 28817 D JPG     : L 382, jpg_common_routine: thread exit 0x0xb400007ad8f0e2d0
07-18 19:42:22.115   601 28817 I JPG     : L 387, jpg_common_routine: thread exit 0x0xb400007ad8f0e2d0
07-18 19:42:22.115   601  1025 I JPG     : L 288, jpg_msg_post: sem_wait msg_cur 0xb400007ab8eac800 msg_cur->sem 0xb400007ab8eac820
07-18 19:42:22.115   601  1025 I JPG     : L 455, jpg_thread_destroy:  join jpg msg thread successful
07-18 19:42:22.116   601  1025 D JPG     : L 298, jpg_msg_queue_destroy: queue_handle 0xb400007a08e6afb0
07-18 19:42:22.116   601  1025 I JPG     : L 309, jpg_msg_queue_destroy: free msg_cxt->msg_head 0xb400007ab8eac790
07-18 19:42:22.116   601  1025 I jpeg_codec: L 1577, jpeg_deinit: free FW BUF
07-18 19:42:22.116   601  1025 I JPG_CODEC: L 333, JPEGCODEC_Close:jpeg dev close 
07-18 19:42:22.116   601  1025 D JPG_OEM : L 338, sprd_jpeg_deinit: done 0
07-18 19:42:22.116   601  1025 I JpegNode: 177, ~JpegNode: X
07-18 19:42:22.118   601  1025 I JpegNode: 168, ~JpegNode: wait scale done
07-18 19:42:22.118   601  1025 I jpeg_codec: L 1555, jpeg_deinit: jpeg_deinit in
07-18 19:42:22.118   601  1025 D JPG     : L 493, jpg_sem_wait: jpg_sem_wait 0xb400007b98e90b98
07-18 19:42:22.118   601  1025 D JPG     : L 250, jpg_msg_post: queue_handle 0xb400007a08e6c0c0, msg type 0x200000 num 0 cnt 40
07-18 19:42:22.118   601  1025 I JPG     : L 283, jpg_msg_post: jpg_msg_post msg_cur 0xb400007ab8e8c698
07-18 19:42:22.118   601 28803 I JPG     : L 139, jpg_msg_get: jpg_msg_get msg_cur 0xb400007ab8e8c698
07-18 19:42:22.118   601 28803 D JPG     : L 151, jpg_msg_get: queue_handle 0xb400007a08e6c0c0, msg type 0x200000 num 0 cnt 40
07-18 19:42:22.118   601 28803 I jpeg_codec: L 917, jpeg_thread_proc: jpeg:JPEG Thread Proc In 
07-18 19:42:22.118   601 28803 E jpeg_codec: L 836, _jpeg_stop: jpeg:jpeg is deinited
07-18 19:42:22.118   601 28803 I JPG     : L 364, jpg_common_routine: before sem_post msg_cur 0xb400007ab8e8c698
07-18 19:42:22.118   601 28803 I JPG     : L 368, jpg_common_routine: sem_post msg_cur->sem 0xb400007ab8e8c6b8
07-18 19:42:22.118   601 28803 I JPG     : L 371, jpg_common_routine: after sem_post msg_cur 0xb400007ab8e8c698
07-18 19:42:22.118   601  1025 I JPG     : L 288, jpg_msg_post: sem_wait msg_cur 0xb400007ab8e8c698 msg_cur->sem 0xb400007ab8e8c6b8
07-18 19:42:22.118   601  1025 D JPG     : L 250, jpg_msg_post: queue_handle 0xb400007a08e6c0c0, msg type 0x1ffffff num 0 cnt 40
07-18 19:42:22.118   601  1025 I JPG     : L 283, jpg_msg_post: jpg_msg_post msg_cur 0xb400007ab8e8c6d0
07-18 19:42:22.118   601 28803 I JPG     : L 139, jpg_msg_get: jpg_msg_get msg_cur 0xb400007ab8e8c6d0
07-18 19:42:22.118   601 28803 D JPG     : L 151, jpg_msg_get: queue_handle 0xb400007a08e6c0c0, msg type 0x1ffffff num 0 cnt 40
07-18 19:42:22.118   601 28803 I JPG     : L 356, jpg_common_routine: timestamp = 7074663.
07-18 19:42:22.118   601 28803 I JPG     : L 364, jpg_common_routine: before sem_post msg_cur 0xb400007ab8e8c6d0
07-18 19:42:22.118   601 28803 I JPG     : L 368, jpg_common_routine: sem_post msg_cur->sem 0xb400007ab8e8c6f0
07-18 19:42:22.118   601 28803 I JPG     : L 371, jpg_common_routine: after sem_post msg_cur 0xb400007ab8e8c6d0
07-18 19:42:22.118   601 28803 D JPG     : L 382, jpg_common_routine: thread exit 0x0xb400007ad8ee6990
07-18 19:42:22.118   601  1025 I JPG     : L 288, jpg_msg_post: sem_wait msg_cur 0xb400007ab8e8c6d0 msg_cur->sem 0xb400007ab8e8c6f0
07-18 19:42:22.118   601 28803 I JPG     : L 387, jpg_common_routine: thread exit 0x0xb400007ad8ee6990
07-18 19:42:22.118   601  1025 I JPG     : L 455, jpg_thread_destroy:  join jpg msg thread successful
07-18 19:42:22.119   601  1025 D JPG     : L 298, jpg_msg_queue_destroy: queue_handle 0xb400007a08e6c0c0
07-18 19:42:22.119   601  1025 I JPG     : L 309, jpg_msg_queue_destroy: free msg_cxt->msg_head 0xb400007ab8e8c660
07-18 19:42:22.119   601  1025 I jpeg_codec: L 1577, jpeg_deinit: free FW BUF
07-18 19:42:22.119   601  1025 I JPG_CODEC: L 333, JPEGCODEC_Close:jpeg dev close 
07-18 19:42:22.119   601  1025 D JPG_OEM : L 338, sprd_jpeg_deinit: done 0
07-18 19:42:22.119   601  1025 I JpegNode: 177, ~JpegNode: X
07-18 19:42:22.119   601  1025 I HDR52Node: 87, ~HDR52Node: ~~~ this is cap_HDR2 instance 0xb400007a58e96ec0
07-18 19:42:22.119   601  1025 I YNR2CNR4Node: 81, ~YNR2CNR4Node: ~~~  this is cap_YNR2CNR4 instance 0xb400007b18ea60b0
07-18 19:42:22.119   601  1025 I cmr_scale: 567, cmr_scale_close: scale close device enter
07-18 19:42:22.120   601  1025 I cpp_u_dev: 235, cpp_scale_close: scale close device exit
07-18 19:42:22.122   601  1025 I CameraSession: 121, ~CameraSession: X
07-18 19:42:22.122   601  1025 E FramePolicyMgr: 1140, sessionStop: camid 1 delete sessionAdapter
07-18 19:42:22.122   601  1025 D mali_gralloc: unregister: id=25d00000d65, handle=0xb400007a48f68c30, base=0x7868bbc000, importpid=601, clone_count=0
07-18 19:42:22.122   606   606 D mali_gralloc: unregister: id=25d00000d6d, handle=0xb4000076cebc6830, base=0x0, importpid=606, clone_count=0
07-18 19:42:22.122   601  1025 D mali_gralloc: unregister: id=25d00000d68, handle=0xb400007a48f6a070, base=0x78688bc000, importpid=601, clone_count=0
07-18 19:42:22.123   601  1025 I FramePolicyMgr: 1156, sessionStop: X AdapterRef 0
07-18 19:42:22.123   601  1025 I Cam3HWI : 1289, flush: :hal3: X
07-18 19:42:22.124   813   813 I Camera3-Device: disconnectImpl: E
07-18 19:42:22.124   813   813 I CameraLatencyHistogram: ProcessCaptureRequest latency histogram (9) samples:
07-18 19:42:22.124   813   813 I CameraLatencyHistogram:        40     80    120    160    200    240    280    320    360    inf (max ms)
07-18 19:42:22.124   813   813 I CameraLatencyHistogram:      100.00   0.00   0.00   0.00   0.00   0.00   0.00   0.00   0.00   0.00 (%)
07-18 19:42:22.125   601  1025 I Cam3HWI : 1440, close_camera_device: :hal3: camId=1 camera3->close E
07-18 19:42:22.125   601  1025 I Cam3HWI : 577, closeCamera: :hal3: E camId=1
07-18 19:42:22.126   601 28689 I Isharkl_s5k5e8yx: 396, s5k5e8yx_drv_access_val: sensor s5k5e8yx: param_ptr->type=13
07-18 19:42:22.126   601  1025 I cmr_oem : 8948, ioctrl_local_trigger_softlanding: id 1 trigger af softlanding
07-18 19:42:22.126   601  1025 I sns_drv_u: 3586, sensor_af_softlanding_msg_send: E
07-18 19:42:22.126   601  1025 I sns_drv_u: 3589, sensor_af_softlanding_msg_send: id 1 AF not support
07-18 19:42:22.126   601  1025 I isp_alg_fw: 24651, isp_alg_fw_deinit: C1 E
07-18 19:42:22.126   601 28712 I pmg_gather: 1782, pmg_thread_proc: X
07-18 19:42:22.127   601  1025 I pmg_gather: 1253, pmg_deinit: X
07-18 19:42:22.129   601  1025 I isp_alg_fw: 18787, ispalg_destroy_thread_proc: done 0
07-18 19:42:22.133   601 28720 I xtm_sprd_adapt_v2: 174, xtm_sprd_deinit: done rtn = 0
07-18 19:42:22.133   601 28720 I xtm_ctrl: 130, xtm_ctrl_deinit_adpt: done 0
07-18 19:42:22.134   601  1025 I xtm_ctrl: 284, xtm_ctrl_destroy_thread: done 0
07-18 19:42:22.134   601  1025 I xtm_ctrl: 412, xtm_ctrl_deinit: done 0
07-18 19:42:22.134   601  1025 I isp_alg_fw: 21006, ispalg_deinit: E
07-18 19:42:22.135  1066  1210 I ImeTracker: com.whatsapp:2fe17ff7: onRequestHide at ORIGIN_SERVER reason HIDE_UNSPECIFIED_WINDOW fromUser false
07-18 19:42:22.135   601 28723 I lsc_sprd_adapt_v2: 1363, lsc_sprd_deinit: done rtn = 0
07-18 19:42:22.135   601 28723 I lsc_ctrl: 70, _lscctrl_deinit_adpt: done 0
07-18 19:42:22.135  1066  1210 I ImeTracker: com.whatsapp:2fe17ff7: onCancelled at PHASE_SERVER_SHOULD_HIDE
07-18 19:42:22.136   601  1025 I lsc_ctrl: 93, _lscctrl_destroy_thread: done 0
07-18 19:42:22.136   601  1025 I lsc_ctrl: 365, lsc_ctrl_deinit: done 0
07-18 19:42:22.136   601  1025 E smart_ctrl: 2040, smart_ctl_deinit: smart can not be used any longer,atm lib has been deleted!
07-18 19:42:22.136   601  1025 I smart_ctrl: 2068, smart_ctl_deinit: done 0
07-18 19:42:22.136   601 28731 I libloader: succeed to close lib 0x7f19cdae919da735
07-18 19:42:22.136   601 28731 I awb_adpt4.x: 929, awb_sprd_ctrl_deinit_v4_x: done
07-18 19:42:22.136   601 28731 I awb_ctrl: 98, awbctrl_deinit_adpt: done 0
07-18 19:42:22.137   601  1025 I awb_ctrl: 411, awbctrl_destroy_thread: done 0
07-18 19:42:22.137   601  1025 I awb_ctrl: 525, awb_ctrl_deinit: done 0
07-18 19:42:22.137   601  1025 I afl_ctrl: 892, aflctrl_destroy_thread: aflctrl_destroy_thread rtn: 0
07-18 19:42:22.137   601  1025 I DEFLICKER4.2[CALC]: 2820,antiflcker_deinit_v2:deinit 0xb40000791f5d11e0
07-18 19:42:22.137   601  1025 I afl_ctrl: 178, aflctrl_lib_deinit: success to aflctrl_lib_deinit done 0
07-18 19:42:22.138   601  1025 I libloader: succeed to close lib 0x31b6c75657fb067f
07-18 19:42:22.138   601  1025 I afl_ctrl: 941, afl_ctrl_deinit: afl_ctrl_deinit rtn 0
07-18 19:42:22.138   601  1025 I 3a_cap_offline: 1069, capture_3a_offline_deinit: enter
07-18 19:42:22.139   606   606 D SPRDHWComposer: HWC Range:1, HWC_Transfer:4
07-18 19:42:22.139   601 28734 I libloader: succeed to close lib 0x7f19cdae919da735
07-18 19:42:22.139   606   606 D mali_gralloc: register: id=25d00000d6e, handle=0xb4000076cebc6830, importpid=606
07-18 19:42:22.139   601 28734 I awb_adpt4.x: 929, awb_sprd_ctrl_deinit_v4_x: done
07-18 19:42:22.139   601 28734 I awb_ctrl: 98, awbctrl_deinit_adpt: done 0
07-18 19:42:22.139   601  1025 I awb_ctrl: 411, awbctrl_destroy_thread: done 0
07-18 19:42:22.139   601  1025 I awb_ctrl: 525, awb_ctrl_deinit: done 0
07-18 19:42:22.140   601 28776 I lsc_sprd_adapt_v2: 1363, lsc_sprd_deinit: done rtn = 0
07-18 19:42:22.140   601 28776 I lsc_ctrl: 70, _lscctrl_deinit_adpt: done 0
07-18 19:42:22.141   601  1025 I lsc_ctrl: 93, _lscctrl_destroy_thread: done 0
07-18 19:42:22.141   601  1025 I lsc_ctrl: 365, lsc_ctrl_deinit: done 0
07-18 19:42:22.141  2583  2583 I GoogleInputMethodService: GoogleInputMethodService.onFinishInput():2276 
07-18 19:42:22.143  2583 25938 I Module  : DeviceLockedStatusModuleProvider$Module.updateDeviceLockedStatusInternal():129 repeatCheckTimes = 0, locked = false
07-18 19:42:22.143  2583  2583 I GoogleInputMethodService: GoogleInputMethodService.onStartInput():1460 onStartInput(EditorInfo{EditorInfo{packageName=com.whatsapp, inputType=0, inputTypeString=NULL, enableLearning=false, autoCorrection=false, autoComplete=false, imeOptions=0, privateImeOptions=null, actionName=UNSPECIFIED, actionLabel=null, initialSelStart=-1, initialSelEnd=-1, initialCapsMode=0, label=null, fieldId=0, fieldName=null, extras=null, hintText=null, hintLocales=[]}}, false)
07-18 19:42:22.144  2583  2583 I LatinIMEBase: LatinIMEBase.updateInputViewCoverNavigation():317 Update input view padding, isNavbarOverInputWindow=false, bottom inset=72
07-18 19:42:22.145   601 28784 I xtm_sprd_adapt_v2: 174, xtm_sprd_deinit: done rtn = 0
07-18 19:42:22.145   601 28784 I xtm_ctrl: 130, xtm_ctrl_deinit_adpt: done 0
07-18 19:42:22.146   601  1025 I xtm_ctrl: 284, xtm_ctrl_destroy_thread: done 0
07-18 19:42:22.146   601  1025 I xtm_ctrl: 412, xtm_ctrl_deinit: done 0
07-18 19:42:22.146   601  1025 I 3a_cap_offline: 1085, capture_3a_offline_deinit: exit cxt->xtm_enable:1
07-18 19:42:22.146   601  1025 I isp_alg_fw: 21048, ispalg_deinit: X
07-18 19:42:22.146   601  1025 I ispbr   : 703, isp_br_deinit: camera_id 1, sensor_role 0
07-18 19:42:22.146   601  1025 I ispbr   : 174, user_cnt_dec: de-init ispbr_context 0x7908dc72c8
07-18 19:42:22.146   601  1025 I isp_pm_dump: 208, pm_dump_deinit: E
07-18 19:42:22.146   601  1025 I isp_pm_dump: 259, pm_dump_deinit: X
07-18 19:42:22.146   601  1025 I isp_pm  : 2950, camera_pm_deinit: PM_LOG: E
07-18 19:42:22.146   601  1025 I isp_pm  : 2063, camera_pm_scenario_list_deinit: isp_pm_param_list_deinit : done
07-18 19:42:22.147   601  1025 I isp_pm  : 2970, camera_pm_deinit: PM_LOG: done
07-18 19:42:22.149  1066  1165 W PackageConfigPersister: App-specific configuration not found for packageName: com.whatsapp and userId: 0
07-18 19:42:22.149  2583 25937 I Module  : DeviceLockedStatusModuleProvider$Module.updateDeviceLockedStatusInternal():129 repeatCheckTimes = 1, locked = false
07-18 19:42:22.154   650   650 I SurfaceFlinger: updating visibility visibleForInput:1, Snapshot{TraversalPath{.id = 2638}Surface(name=136d9e InputMethod#141)/@0x5c1184c - animation-leash of insets_animation#2638 isVisible=1 {hidden by parent or layer flag} changes=Created | Geometry | Metadata | AffectsChildren | FrameRate layerStack=0 geomLayerBounds={-6802.97,-13958.9,13848.5,5710.34} geomLayerTransform={tx=502.947,ty=50.8033}}
07-18 19:42:22.154   601  1025 I isp_alg_fw: 24828, isp_alg_fw_deinit: C1 done 0
07-18 19:42:22.154   601  1025 I isp_dev_access: 700, isp_dev_access_deinit: done 0
07-18 19:42:22.154   601  1025 I isp_mw  : 115, pss_deinit: done 0
07-18 19:42:22.154   650   650 I SurfaceFlinger: updating visibility visibleForInput:0, Snapshot{TraversalPath{.id = 2638}Surface(name=136d9e InputMethod#141)/@0x5c1184c - animation-leash of insets_animation#2638 isVisible=0 {hidden by parent or layer flag} changes=Created | Geometry | Metadata | Visibility | AffectsChildren | FrameRate layerStack=0 geomLayerBounds={-6802.97,-13958.9,13848.5,5710.34} geomLayerTransform={tx=502.947,ty=50.8033}}
07-18 19:42:22.157   606   606 D mali_gralloc: register: id=25d00000d6d, handle=0xb4000076cebc5ab0, importpid=606
07-18 19:42:22.159   601 28707 I cmr_oem : 2572, camera_init_thread_proc: wait here
07-18 19:42:22.159   601 28708 I cmr_oem : 1749, camera_jpeg_init_async_message_handler: exit here
07-18 19:42:22.159   601  1025 I cmr_oem : 1822, camera_jpeg_deinit_async: send exit message to jpeg async init thread
07-18 19:42:22.160   601  1025 I jpeg_codec: L 1555, jpeg_deinit: jpeg_deinit in
07-18 19:42:22.160   601  1025 D JPG     : L 493, jpg_sem_wait: jpg_sem_wait 0xb400007b98ea9448
07-18 19:42:22.160   601  1025 D JPG     : L 250, jpg_msg_post: queue_handle 0xb400007a08e6e430, msg type 0x200000 num 0 cnt 40
07-18 19:42:22.160   601  1025 I JPG     : L 283, jpg_msg_post: jpg_msg_post msg_cur 0xb400007ab8e75c58
07-18 19:42:22.160   601 28710 I JPG     : L 139, jpg_msg_get: jpg_msg_get msg_cur 0xb400007ab8e75c58
07-18 19:42:22.160   601 28710 D JPG     : L 151, jpg_msg_get: queue_handle 0xb400007a08e6e430, msg type 0x200000 num 0 cnt 40
07-18 19:42:22.160   601 28710 I jpeg_codec: L 917, jpeg_thread_proc: jpeg:JPEG Thread Proc In 
07-18 19:42:22.160   601 28710 E jpeg_codec: L 836, _jpeg_stop: jpeg:jpeg is deinited
07-18 19:42:22.160   601 28710 I JPG     : L 364, jpg_common_routine: before sem_post msg_cur 0xb400007ab8e75c58
07-18 19:42:22.160   601 28710 I JPG     : L 368, jpg_common_routine: sem_post msg_cur->sem 0xb400007ab8e75c78
07-18 19:42:22.160   601  1025 I JPG     : L 288, jpg_msg_post: sem_wait msg_cur 0xb400007ab8e75c58 msg_cur->sem 0xb400007ab8e75c78
07-18 19:42:22.160   601 28710 I JPG     : L 371, jpg_common_routine: after sem_post msg_cur 0xb400007ab8e75c58
07-18 19:42:22.160   601  1025 D JPG     : L 250, jpg_msg_post: queue_handle 0xb400007a08e6e430, msg type 0x1ffffff num 0 cnt 40
07-18 19:42:22.160   601  1025 I JPG     : L 283, jpg_msg_post: jpg_msg_post msg_cur 0xb400007ab8e75c90
07-18 19:42:22.160   601 28710 I JPG     : L 139, jpg_msg_get: jpg_msg_get msg_cur 0xb400007ab8e75c90
07-18 19:42:22.160   601 28710 D JPG     : L 151, jpg_msg_get: queue_handle 0xb400007a08e6e430, msg type 0x1ffffff num 0 cnt 40
07-18 19:42:22.160   601 28710 I JPG     : L 356, jpg_common_routine: timestamp = 7074705.
07-18 19:42:22.160   601 28710 I JPG     : L 364, jpg_common_routine: before sem_post msg_cur 0xb400007ab8e75c90
07-18 19:42:22.160   601 28710 I JPG     : L 368, jpg_common_routine: sem_post msg_cur->sem 0xb400007ab8e75cb0
07-18 19:42:22.160   601  1025 I JPG     : L 288, jpg_msg_post: sem_wait msg_cur 0xb400007ab8e75c90 msg_cur->sem 0xb400007ab8e75cb0
07-18 19:42:22.160   601 28710 I JPG     : L 371, jpg_common_routine: after sem_post msg_cur 0xb400007ab8e75c90
07-18 19:42:22.160   601 28710 D JPG     : L 382, jpg_common_routine: thread exit 0x0xb400007ad8ecd950
07-18 19:42:22.160   601 28710 I JPG     : L 387, jpg_common_routine: thread exit 0x0xb400007ad8ecd950
07-18 19:42:22.160   601  1025 I JPG     : L 455, jpg_thread_destroy:  join jpg msg thread successful
07-18 19:42:22.160   601  1025 D JPG     : L 298, jpg_msg_queue_destroy: queue_handle 0xb400007a08e6e430
07-18 19:42:22.160   601  1025 I JPG     : L 309, jpg_msg_queue_destroy: free msg_cxt->msg_head 0xb400007ab8e75c20
07-18 19:42:22.160   601  1025 I jpeg_codec: L 1577, jpeg_deinit: free FW BUF
07-18 19:42:22.160   601  1025 I JPG_CODEC: L 333, JPEGCODEC_Close:jpeg dev close 
07-18 19:42:22.160   601  1025 D JPG_OEM : L 338, sprd_jpeg_deinit: done 0
07-18 19:42:22.160   601 28707 I cmr_scale: 567, cmr_scale_close: scale close device enter
07-18 19:42:22.161   601 28707 I cpp_u_dev: 235, cpp_scale_close: scale close device exit
07-18 19:42:22.161   601 28707 I cmr_oem : 2577, camera_init_thread_proc: camera exit
07-18 19:42:22.161   601  1025 W GrabHal : 172, CameraCb: is not cb frame type
07-18 19:42:22.161   601 28689 I sns_drv_u: 3506, sensor_close_common: E
07-18 19:42:22.161   601 28689 I sns_drv_u: 4535, sensor_otp_module_deinit: not register otp driver, no need to release
07-18 19:42:22.161   601 28689 I sns_drv_u: 4225, sensor_af_deinit: not register af driver, return directly
07-18 19:42:22.161   601 28689 I sns_drv_u: 4250, sensor_ois_deinit: not register ois driver, return directly
07-18 19:42:22.161   601 28689 I sns_drv_u: 2706, sensor_destroy_ctrl_thread: is_inited 1
07-18 19:42:22.161   601 28690 I sns_drv_u: 2624, sensor_ctrl_thread_proc: evt 526337
07-18 19:42:22.161   601 28690 I sns_drv_u: 2688, sensor_ctrl_thread_proc: EXIT DONE!
07-18 19:42:22.161   601 28689 I sns_drv_u: 3414, sensor_stream_off: E
07-18 19:42:22.162   601 28689 I sns_drv_u: 3441, sensor_stream_off: X
07-18 19:42:22.162   601 28689 I hw_sensor: 515, hw_sensor_mipi_deinit: close mipi
07-18 19:42:22.162   601 28689 I sns_drv_u: 2491, sensor_i2c_deinit: i2c deinit ok
07-18 19:42:22.162   601 28689 I sns_drv_u: 2152, sensor_power_on: E:power_on = 0
07-18 19:42:22.162   601 28689 I Isharkl_s5k5e8yx: 210, s5k5e8yx_drv_power_on: wincao dvdd = 11 avdd = 4 iovdd = 8
07-18 19:42:22.172   650   650 D mali_gralloc: unregister: id=25d00000d57, handle=0xb400007ba79e42d0, base=0x0, importpid=650, clone_count=0
07-18 19:42:22.172   650   650 D mali_gralloc: unregister: id=25d00000d58, handle=0xb400007ba79df530, base=0x0, importpid=650, clone_count=0
07-18 19:42:22.173   606   606 D mali_gralloc: unregister: id=25d00000d58, handle=0xb4000076cebc6710, base=0x0, importpid=606, clone_count=0
07-18 19:42:22.173   606   606 D mali_gralloc: unregister: id=25d00000d57, handle=0xb4000076cebc7910, base=0x0, importpid=606, clone_count=0
07-18 19:42:22.174   606   606 D mali_gralloc: unregister: id=25d00000d56, handle=0xb4000076cebca4f0, base=0x0, importpid=606, clone_count=0
07-18 19:42:22.174   650   650 D mali_gralloc: unregister: id=25d00000d5c, handle=0xb400007ba79e4990, base=0x0, importpid=650, clone_count=0
07-18 19:42:22.174   650   650 D mali_gralloc: unregister: id=25d00000d5a, handle=0xb400007ba79e65b0, base=0x0, importpid=650, clone_count=0
07-18 19:42:22.175   606   606 D mali_gralloc: unregister: id=25d00000d5a, handle=0xb4000076cebc4430, base=0x0, importpid=606, clone_count=0
07-18 19:42:22.175   606   606 D mali_gralloc: unregister: id=25d00000d5c, handle=0xb4000076cebca970, base=0x0, importpid=606, clone_count=0
07-18 19:42:22.175   606   606 D mali_gralloc: unregister: id=25d00000d5e, handle=0xb4000076cebc4d30, base=0x0, importpid=606, clone_count=0
07-18 19:42:22.176   606   606 D mali_gralloc: register: id=25d00000d6c, handle=0xb4000076cebc4d30, importpid=606
07-18 19:42:22.193   601 28689 I hw_sensor: 273, hw_sensor_set_avdd_val: vdd_val is 14, set result is =0 
07-18 19:42:22.194  1066  1091 I ActivityManager: Killing 28233:com.google.android.healthconnect.controller/u0a218 (adj 985): empty #15
07-18 19:42:22.195   615   615 D vendor.sprd.hardware.memtrack-service: get_ion_memtrack_memory:start!
07-18 19:42:22.196  1066  1091 W ProcessStats: Tracking association SourceState{5a4763e com.zhiliaoapp.musically/10229 Service #11974} whose proc state 8 is better than process ProcessState{704c61d com.android.vending/10130 pkg=com.android.vending} proc state 15 (3 skipped)
07-18 19:42:22.196  1066  1105 D ActivityManager: quick sync unfreeze 28233 for 12
07-18 19:42:22.201   615   615 D vendor.sprd.hardware.memtrack-service: get_ion_memtrack_memory:start!
07-18 19:42:22.204   601 28689 I hw_sensor: 284, hw_sensor_set_dvdd_val: vdd_val is 14, set result is =0 
07-18 19:42:22.208   615   615 D vendor.sprd.hardware.memtrack-service: get_ion_memtrack_memory:start!
07-18 19:42:22.215   601 28689 I hw_sensor: 295, hw_sensor_set_iovdd_val: vdd_val is 14, set result is =0 
07-18 19:42:22.223   587   587 I Zygote  : Process 28233 exited due to signal 9 (Killed)
07-18 19:42:22.225  1066  1089 D DisplayManagerService: Drop pending events for gone uid 10218
07-18 19:42:22.225   601 28689 I hw_sensor: 420, hw_sensor_set_mclk: mclk 0, ret 0 
07-18 19:42:22.226   601 28689 I Isharkl_s5k5e8yx: 256, s5k5e8yx_drv_power_on: (1:on, 0:off): 0
07-18 19:42:22.226   601 28689 I hw_sensor: 167, hw_sensor_drv_delete: hw dev delete
07-18 19:42:22.229   601 28689 I sns_drv_u: 2827, sensor_context_deinit: X
07-18 19:42:22.229   601 28689 I sns_drv_u: 3522, sensor_close_common: X
07-18 19:42:22.229   601 28689 I cmr_sensor: 1230, cmr_sns_close: close sensor ok
07-18 19:42:22.229   601 28689 I cmr_sensor: 1059, cmr_sns_thread_proc: CMR_SENSOR_EVT_CLOSE, Done
07-18 19:42:22.229   601  1025 I cmr_sensor: 191, cmr_sensor_deinit: E
07-18 19:42:22.230   601  1025 I cmr_sensor: 1165, cmr_sns_destroy_thread: is_inited 1
07-18 19:42:22.230   601  1025 I cmr_grab: 2271, cmr_grab_kill_thread: write OK
07-18 19:42:22.230   601 28705 I cmr_grab: 2326, cmr_grab_img_thread_proc: TX Stopped, exit thread
07-18 19:42:22.230   601  1025 I cmr_grab: 2274, cmr_grab_kill_thread: wait img thread
07-18 19:42:22.230   601 28704 I cmr_grab: 2519, cmr_grab_thread_proc: TX Stopped, exit thread
07-18 19:42:22.231   601  1025 I cmr_grab: 2279, cmr_grab_kill_thread: wait OK
07-18 19:42:22.231   601  1025 I cmr_grab: 358, cmr_grab_deinit: close fd
07-18 19:42:22.231   601  1025 I cmr_grab: 363, cmr_grab_deinit: SPRD_IMG_IO_PUT_DCAM_RES
07-18 19:42:22.232  1066  1102 I libprocessgroup: Removed cgroup /sys/fs/cgroup/uid_10218/pid_28233
07-18 19:42:22.237   601  1025 I cmr_grab: 388, cmr_grab_deinit: p_grab->fd closed
07-18 19:42:22.237   601  1025 I cmr_grab: 390, cmr_grab_deinit: mode_enable = 0
07-18 19:42:22.237   601  1025 I cmr_mm_dvfs: 91, cmr_mm_dvfs_deinit: mm_dvfs_instance 0xb400007b58e82480 mm_dvfs_handle 0xb400007b58e82480
07-18 19:42:22.237   601  1025 I cmr_mm_dvfs: 98, cmr_mm_dvfs_deinit: X
07-18 19:42:22.238   601  1025 I FlashImpl: 1202, frontLcdEnhanceModuleDeinit: disable_flip 0
07-18 19:42:22.238   601  1025 I enhanceHAL: enhance_device_close: close enhance device
07-18 19:42:22.238   601  1025 E GrabHal : 979, ioctlExt: ops or handle is null
07-18 19:42:22.238   601  1025 E GrabHal : 979, ioctlExt: ops or handle is null
07-18 19:42:22.238   601  1025 I FramePolicyMgr: 856, clearStream: clear all stream
07-18 19:42:22.238   601  1025 E GrabHal : 979, ioctlExt: ops or handle is null
07-18 19:42:22.239   601  1025 I Cam3HWI : 630, closeCamera: :hal3: X
07-18 19:42:22.239   601  1025 I Cam3HWI : 196, ~SprdCamera3HWI: :hal3: Destructor E camId=1
07-18 19:42:22.241   601  1025 I Cam3PowerPerf: 64, ~SprdCameraSystemPerformance: E
07-18 19:42:22.241  2445  2459 V WindowManagerShell: Transition animation finished (aborted=false), notifying core (#193) android.os.BinderProxy@b85c92b@0
07-18 19:42:22.241   601  1025 D PowerHALCli: ~PowerHintScene: camera_lowpower
07-18 19:42:22.241   601  1025 D android.hardware.camera.provider@2.4-service_64: PowerHintScene Enter OnDestroy
07-18 19:42:22.241   601  1025 D PowerHALCli: ~PowerHintScene: camera_perf
07-18 19:42:22.241   601  1025 D android.hardware.camera.provider@2.4-service_64: PowerHintScene Enter OnDestroy
07-18 19:42:22.241   601  1025 D PowerHALCli: ~PowerHintScene: camera_lowpower_1
07-18 19:42:22.241   601  1025 D android.hardware.camera.provider@2.4-service_64: PowerHintScene Enter OnDestroy
07-18 19:42:22.241   601  1025 D PowerHALCli: ~PowerHintScene: camera_high_perf
07-18 19:42:22.241   601  1025 D PowerHALCli: ~PowerHintScene: camera_SpecialApp
07-18 19:42:22.241   601  1025 D android.hardware.camera.provider@2.4-service_64: PowerHintScene Enter OnDestroy
07-18 19:42:22.241   601  1025 D PowerHALCli: ~PowerHintScene: camera_video_720p
07-18 19:42:22.241   601  1025 D android.hardware.camera.provider@2.4-service_64: PowerHintScene Enter OnDestroy
07-18 19:42:22.241   601  1025 D PowerHALCli: ~PowerHintScene: camera_video_1080p
07-18 19:42:22.241   626   626 D PowerHAL: Enter getSceneIdByName: sceneName:camera_high_perf
07-18 19:42:22.241   601  1025 D android.hardware.camera.provider@2.4-service_64: PowerHintScene Enter OnDestroy
07-18 19:42:22.241   601  1025 D PowerHALCli: ~PowerHintScene: camera_cts_perf
07-18 19:42:22.241   601  1025 D android.hardware.camera.provider@2.4-service_64: PowerHintScene Enter OnDestroy
07-18 19:42:22.241   626   626 E PowerHAL: get_scene_id: PowerHAL is not inited
07-18 19:42:22.241   601  1025 D PowerHALCli: ~PowerHintScene: camera_lowpower_video
07-18 19:42:22.241   601  1025 D android.hardware.camera.provider@2.4-service_64: PowerHintScene Enter OnDestroy
07-18 19:42:22.241   626   626 D PowerHAL: releasePowerHintBySceneName: Don't support camera_high_perf scene
07-18 19:42:22.241   601  1025 D PowerHALCli: ~PowerHintScene: camera_ultrawide_video
07-18 19:42:22.241   601  1025 D android.hardware.camera.provider@2.4-service_64: PowerHintScene Enter OnDestroy
07-18 19:42:22.241   601  1025 D PowerHALCli: ~PowerHintScene: camera_9863t_3rdApp
07-18 19:42:22.241   601  1025 D android.hardware.camera.provider@2.4-service_64: PowerHintScene Enter OnDestroy
07-18 19:42:22.241   601  1025 D PowerHALCli: ~PowerHintScene: camera_heavyload_perf
07-18 19:42:22.241   601  1025 D android.hardware.camera.provider@2.4-service_64: PowerHintScene Enter OnDestroy
07-18 19:42:22.241   601  1025 D PowerHALCli: ~PowerHintScene: camera_launch_perf
07-18 19:42:22.241   601  1025 D android.hardware.camera.provider@2.4-service_64: PowerHintScene Enter OnDestroy
07-18 19:42:22.241   601  1025 D PowerHALCli: ~PowerHALManager: call E
07-18 19:42:22.241   601  1025 D PowerHALCli: ~PowerHALManager: call X
