--------- beginning of main
07-18 19:41:27.809   728   728 I adbd    : adbd service requested 'shell,v2,raw:am force-stop com.example.controlhorario'
07-18 19:41:27.837   728   728 I adbd    : adbd service requested 'shell,v2:export ANDROID_LOG_TAGS=''; exec logcat '-v' 'threadtime''
--------- beginning of system
07-18 19:41:27.901  1066  4109 I ActivityManager: forceStop Package:com.example.controlhorario from pid:28492 uid:2000 Caller:com.android.server.am.ActivityManagerService.forceStopPackage:4007 com.android.server.am.ActivityManagerShellCommand.runForceStop:1511 com.android.server.am.ActivityManagerShellCommand.onCommand:309 com.android.server.am.UnisocActivityManagerShellCommand.onCommand:81 com.android.modules.utils.BasicShellCommandHandler.exec:97 android.os.ShellCommand.exec:38 
07-18 19:41:27.906  1066  4109 I ActivityManager: Force stopping com.example.controlhorario appid=10275 user=0: from pid 28492
07-18 19:41:27.911  1066  4109 I AppsFilter: interaction: PackageSetting{685c053 com.android.microdroid.empty_payload/10213} -> PackageSetting{1f482c2 com.example.controlhorario/10275} BLOCKED
07-18 19:41:27.911  1066  4109 I AppsFilter: interaction: PackageSetting{efe689 com.ronalksp.myred/10230} -> PackageSetting{1f482c2 com.example.controlhorario/10275} BLOCKED
07-18 19:41:27.911  1066  4109 I AppsFilter: interaction: PackageSetting{ed3c2bc com.ronalksp.myredvendedores/10231} -> PackageSetting{1f482c2 com.example.controlhorario/10275} BLOCKED
07-18 19:41:27.914  1066  1129 V BroadcastQueue: Enqueuing BroadcastRecord{8fef8d3 android.intent.action.PACKAGE_RESTARTED/u0} ordered=false from uid 1000 pid 1066 for 16 receivers
07-18 19:41:27.918  1326  1326 D CarrierSvcBindHelper: onHandleForceStop: [com.example.controlhorario]
07-18 19:41:27.920  1326  1326 D CarrierSvcBindHelper: No carrier app for: 0
07-18 19:41:27.921  1326  1326 D CarrierSvcBindHelper: No carrier app for: 1
07-18 19:41:27.923  1066  1066 V AlarmManager: set(null) : type=3 listener=android.app.AlarmManager$ListenerWrapper@c5868cc listenerTag=*job.delay* workSource=WorkSource{10245 com.whatsapp} callingPackage=android callingUid=1000 triggerAtTime=8946433 win=1264171 tElapsed=8946433 maxElapsed=10210604 interval=0 flags=0x0
07-18 19:41:27.924  1066  1066 D AlarmManagerService: set alarm to kernel: 7526452000000, type=2
07-18 19:41:27.924  1066  1066 D AlarmManagerService: set alarm to kernel: 7292948000000, type=3
07-18 19:41:27.924  1066  1066 D AlarmManagerService: set alarm to kernel: 7526452000000, type=2
07-18 19:41:27.924  1066  1066 D AlarmManagerService: set alarm to kernel: 7292948000000, type=3
07-18 19:41:27.924  1066  1066 V AlarmManager: set(null) : type=2 listener=android.app.AlarmManager$ListenerWrapper@e312a1e listenerTag=*job.deadline* workSource=WorkSource{10245 com.whatsapp} callingPackage=android callingUid=1000 triggerAtTime=9246433 win=1489170 tElapsed=9246433 maxElapsed=10735603 interval=0 flags=0x0
07-18 19:41:27.925  1066  1066 D AlarmManagerService: set alarm to kernel: 7526452000000, type=2
07-18 19:41:27.925  1066  1066 D AlarmManagerService: set alarm to kernel: 7292948000000, type=3
07-18 19:41:27.925  1066  1066 D AlarmManagerService: set alarm to kernel: 7526452000000, type=2
07-18 19:41:27.925  1066  1066 D AlarmManagerService: set alarm to kernel: 7292948000000, type=3
07-18 19:41:27.941  2682  2682 D RegisteredServicesCache: invalidate : 0
07-18 19:41:27.944  2682  2682 I RegisteredServicesCache: current user: 0, is managed profile : false
07-18 19:41:27.944  2682  2682 I RegisteredServicesCache: New Other Services => 
07-18 19:41:27.944  2682  2682 I RegisteredServicesCache: Removed Other Services => 
07-18 19:41:27.945  2682  2682 E PreferredCardEmulationServices: The default payment app is [null], change route to default from config
07-18 19:41:27.953  2682  2682 I CardEmulationManager: onPreferredPaymentServiceChanged
07-18 19:41:27.954  2682  2682 I RegisteredServicesCache: New Services => 
07-18 19:41:27.954  2682  2682 I RegisteredServicesCache: Removed Services => 
07-18 19:41:27.958  2682  2682 D RegisteredNfcFServicesCache: Service unchanged, not updating
07-18 19:41:27.959  2682  2682 D HostEmulationManager: onPreferredPaymentServiceChanged, resetting active service
07-18 19:41:27.959  2682  2682 D HostEmulationManager: Unbinding payment service
07-18 19:41:27.960  1606  1622 D SecureElementService: getReaders() for com.android.nfc
07-18 19:41:27.962  1606  1622 I SecureElement-Terminal-SIM1: isNfcEventAllowed: No access rules for checking.
07-18 19:41:27.964  1606  1622 I SecureElement-Terminal-SIM2: isNfcEventAllowed: No access rules for checking.
07-18 19:41:27.966  1066  1079 D ActivityManager: Skip enqueue broadcast because no receiver with Intent { act=android.nfc.action.PREFERRED_PAYMENT_CHANGED flg=0x10000030 pkg=com.android.shell (has extras) }
07-18 19:41:27.968  1606  1622 D SecureElementService: getReaders() for com.android.nfc
07-18 19:41:27.969  1606  1622 I SecureElement-Terminal-SIM1: isNfcEventAllowed: No access rules for checking.
07-18 19:41:27.971  1606  1622 I SecureElement-Terminal-SIM2: isNfcEventAllowed: No access rules for checking.
07-18 19:41:27.973  1066  1079 D ActivityManager: Skip enqueue broadcast because no receiver with Intent { act=android.nfc.action.PREFERRED_PAYMENT_CHANGED flg=0x10000030 pkg=com.android.shell (has extras) }
07-18 19:41:27.986   728   728 I adbd    : adbd service requested 'shell,v2,raw:am start -n com.example.controlhorario/.MainActivity'
07-18 19:41:28.083  1066  1079 W ActivityTaskManager: callingPackage for (uid=2000, pid=28498) has no WPC
07-18 19:41:28.085  1066  1079 W OptProp : Cannot read opt property android.window.PROPERTY_COMPAT_ALLOW_ORIENTATION_OVERRIDE
07-18 19:41:28.086  1066  1079 V GrammaticalInflectionUtils: AttributionSource: android.content.AttributionSource@bf8b0af4 does not have READ_SYSTEM_GRAMMATICAL_GENDER permission.
07-18 19:41:28.087  1066  1079 W OptProp : Cannot read opt property android.window.PROPERTY_COMPAT_ALLOW_RESIZEABLE_ACTIVITY_OVERRIDES
07-18 19:41:28.087  1066  1079 W OptProp : Cannot read opt property android.window.PROPERTY_COMPAT_ALLOW_MIN_ASPECT_RATIO_OVERRIDE
07-18 19:41:28.089  1066  1079 D BLASTSyncEngine: SyncGroup 192-Transition-OPEN started
07-18 19:41:28.098   650   650 I SurfaceFlinger: updating visibility visibleForInput:1, Snapshot{TraversalPath{.id = 2611}Task=39#2611 isVisible=1 {hidden by parent or layer flag} changes=Created | Metadata | FrameRate layerStack=0 geomLayerBounds={-5760,-12800,12800,5760} geomLayerTransform={tx=0,ty=0}}
07-18 19:41:28.098   650   650 I SurfaceFlinger: updating visibility visibleForInput:1, Snapshot{TraversalPath{.id = 2612}ActivityRecord{5fc696c u0 com.example.controlhorario/.MainActivity#2612 isVisible=1 {hidden by parent or layer flag} changes=Created | Metadata | FrameRate layerStack=0 geomLayerBounds={-5760,-12800,12800,5760} geomLayerTransform={tx=0,ty=0}}
07-18 19:41:28.099   650   650 I SurfaceFlinger: updating visibility visibleForInput:0, Snapshot{TraversalPath{.id = 2611}Task=39#2611 isVisible=0 {hidden by parent or layer flag} changes=Created | Metadata | Visibility | FrameRate layerStack=0 geomLayerBounds={-5760,-12800,12800,5760} geomLayerTransform={tx=0,ty=0}}
07-18 19:41:28.099   650   650 I SurfaceFlinger: updating visibility visibleForInput:0, Snapshot{TraversalPath{.id = 2612}ActivityRecord{5fc696c u0 com.example.controlhorario/.MainActivity#2612 isVisible=0 {hidden by parent or layer flag} changes=Created | Metadata | Visibility | FrameRate layerStack=0 geomLayerBounds={-5760,-12800,12800,5760} geomLayerTransform={tx=0,ty=0}}
07-18 19:41:28.101  1066  1079 I ActivityTaskManager: START u0 {flg=0x10000000 cmp=com.example.controlhorario/.MainActivity} with LAUNCH_MULTIPLE from uid 2000 pid 28498 (BAL_ALLOW_PERMISSION) result code=START_SUCCESS
07-18 19:41:28.102  2445  2459 V WindowManagerShell: Transition requested (#192): android.os.BinderProxy@cd7b475 TransitionRequestInfo { type = OPEN, triggerTask = TaskInfo{userId=0 taskId=39 displayId=0 isRunning=true baseIntent=Intent { flg=0x10000000 cmp=com.example.controlhorario/.MainActivity } baseActivity=ComponentInfo{com.example.controlhorario/com.example.controlhorario.MainActivity} topActivity=ComponentInfo{com.example.controlhorario/com.example.controlhorario.MainActivity} origActivity=null realActivity=ComponentInfo{com.example.controlhorario/com.example.controlhorario.MainActivity} numActivities=1 lastActiveTime=7261047 supportsMultiWindow=true resizeMode=1 isResizeable=true minWidth=-1 minHeight=-1 defaultMinSize=220 token=WCT{android.window.IWindowContainerToken$Stub$Proxy@851ac0a} topActivityType=1 pictureInPictureParams=null shouldDockBigOverlays=false launchIntoPipHostTaskId=-1 lastParentTaskIdBeforePip=-1 displayCutoutSafeInsets=Rect(0, 36 - 0, 0) topActivityInfo=ActivityInfo{6ed7c7b com.example.controlhorario.MainActivity} launchCookies=[] positionInParent=Point(0, 0) parentTaskId=-1 isFocused=false isVisible=false isVisibleRequested=false isSleeping=false locusId=null displayAreaFeatureId=1 isTopActivityTransparent=false appCompatTaskInfo=AppCompatTaskInfo { topActivityInSizeCompat=false topActivityEligibleForLetterboxEducation= falseisLetterboxEducationEnabled= false isLetterboxDoubleTapEnabled= false topActivityEligibleForUserAspectRatioButton= false topActivityBoundsLetterboxed= false isFromLetterboxDoubleTap= false topActivityLetterboxVerticalPosition= -1 topActivityLetterboxHorizontalPosition= -1 topActivityLetterboxWidth=576 topActivityLetterboxHeight=1280 isUserFullscreenOverrideEnabled=false isSystemFullscreenOverrideEnabled=false cameraCompatTaskInfo=CameraCompatTaskInfo { cameraCompatControlState=hidden freeformCameraCompatMode=inactive}}}, pipTask = null, remoteTransition = null, displayChange = null, flags = 0, debugId = 192 }
07-18 19:41:28.105  1066  1091 V GrammaticalInflectionUtils: AttributionSource: android.content.AttributionSource@bf8b0af4 does not have READ_SYSTEM_GRAMMATICAL_GENDER permission.
07-18 19:41:28.108  1066  1662 D PerformanceDatabaseControl: querymem pkgName = com.example.controlhorario
07-18 19:41:28.109   299   299 I lmkd    : memfree(587MB) is enough and ignore fast kill
07-18 19:41:28.114  2445  2466 D SplashscreenContentDrawer: exception=Application package com.jzhk.theme.huawei not found
07-18 19:41:28.114   650   650 I BpBinder: onLastStrongRef automatically unlinking death recipients: 
07-18 19:41:28.121  1066  4109 I AppsFilter: interaction: PackageSetting{685c053 com.android.microdroid.empty_payload/10213} -> PackageSetting{f015cb3 com.example.controlhorario/10275} BLOCKED
07-18 19:41:28.121  1066  4109 I AppsFilter: interaction: PackageSetting{efe689 com.ronalksp.myred/10230} -> PackageSetting{f015cb3 com.example.controlhorario/10275} BLOCKED
07-18 19:41:28.121  1066  4109 I AppsFilter: interaction: PackageSetting{ed3c2bc com.ronalksp.myredvendedores/10231} -> PackageSetting{f015cb3 com.example.controlhorario/10275} BLOCKED
07-18 19:41:28.122  1066  1129 V BroadcastQueue: Enqueuing BroadcastRecord{3453270 android.intent.action.PACKAGE_UNSTOPPED/u0} ordered=false from uid 1000 pid 1066 for 2 receivers
07-18 19:41:28.125   587   587 D Zygote  : Forked child process 28501
07-18 19:41:28.126  1066  1101 I ActivityManager: Start proc 28501:com.example.controlhorario/u0a275 for next-top-activity {com.example.controlhorario/com.example.controlhorario.MainActivity}
07-18 19:41:28.131   650   650 I SurfaceFlinger: updating visibility visibleForInput:1, Snapshot{TraversalPath{.id = 2613}f91af2b Splash Screen com.example.controlhorario#2613 isVisible=1 {hidden by parent or layer flag} changes=Created | Metadata | FrameRate layerStack=0 geomLayerBounds={-5760,-12800,12800,5760} geomLayerTransform={tx=0,ty=0}}
07-18 19:41:28.131   650   650 I SurfaceFlinger: updating visibility visibleForInput:0, Snapshot{TraversalPath{.id = 2613}f91af2b Splash Screen com.example.controlhorario#2613 isVisible=0 {hidden by parent or layer flag} changes=Created | Metadata | Visibility | FrameRate layerStack=0 geomLayerBounds={-5760,-12800,12800,5760} geomLayerTransform={tx=0,ty=0}}
07-18 19:41:28.137  1066  4109 D CoreBackPreview: Window{f91af2b u0 Splash Screen com.example.controlhorario}, [type=3, isChildWindow=false]*noSurface: Setting back callback OnBackInvokedCallbackInfo{mCallback=android.window.IOnBackInvokedCallback$Stub$Proxy@39ad8a3, mPriority=0, mIsAnimationCallback=false}
07-18 19:41:28.138 28501 28501 I .controlhorario: Late-enabling -Xcheck:jni
07-18 19:41:28.144  1066  1549 D SSense.GalleryAppSceneRecognizer: GalleryAppScene for uid:10245 pkg name:com.whatsapp sceneId:0 changed:false mCurrentFlingAppName:null
07-18 19:41:28.144  1066  1549 D SSense.GalleryAppSceneRecognizer: GalleryAppScene for uid:10275 pkg name:com.example.controlhorario sceneId:0 changed:false mCurrentFlingAppName:null
07-18 19:41:28.146   605   605 I mali_gralloc: allocate: id=25d00000d52, halFormat=RGBA8888, maliFormat=RGBA8888, afbc=SPLIT, usage=GPU_RW|HWC, size=576x1280(2995200), stride=576, name=VRI[controlhorario]#81(BLAST Consumer)81, costTime=0ms439us038
07-18 19:41:28.147  2445 28502 D mali_gralloc: register: id=25d00000d52, handle=0xb4000070c46db990, importpid=2445
07-18 19:41:28.147   650   650 I SurfaceFlinger: updating visibility visibleForInput:1, Snapshot{TraversalPath{.id = 2614}Splash Screen com.example.controlhorario#2614 isVisible=1 {hidden by parent or layer flag} changes=Created | Hierarchy | Geometry | Metadata | AffectsChildren | FrameRate | VisibleRegion layerStack=0 geomLayerBounds={-5760,-12800,12800,5760} geomLayerTransform={tx=0,ty=0}}
07-18 19:41:28.148   605   605 I mali_gralloc: allocate: id=25d00000d53, halFormat=RGBA8888, maliFormat=RGBA8888, afbc=SPLIT, usage=GPU_RW|HWC, size=576x1280(2995200), stride=576, name=VRI[controlhorario]#81(BLAST Consumer)81, costTime=0ms594us577
07-18 19:41:28.148   650   650 I SurfaceFlinger: updating visibility visibleForInput:0, Snapshot{TraversalPath{.id = 2614}Splash Screen com.example.controlhorario#2614 isVisible=0 {hidden by parent or layer flag} changes=Created | Hierarchy | Geometry | Metadata | Visibility | AffectsChildren | FrameRate | VisibleRegion layerStack=0 geomLayerBounds={-5760,-12800,12800,5760} geomLayerTransform={tx=0,ty=0}}
07-18 19:41:28.148  2445 28502 D mali_gralloc: register: id=25d00000d53, handle=0xb4000070c46b71b0, importpid=2445
07-18 19:41:28.149   605   605 I mali_gralloc: allocate: id=25d00000d54, halFormat=RGBA8888, maliFormat=RGBA8888, afbc=SPLIT, usage=GPU_RW|HWC, size=576x1280(2995200), stride=576, name=VRI[controlhorario]#81(BLAST Consumer)81, costTime=0ms432us539
07-18 19:41:28.150  2445 28502 D mali_gralloc: register: id=25d00000d54, handle=0xb4000070c46d3a70, importpid=2445
07-18 19:41:28.150   650  1728 D mali_gralloc: register: id=25d00000d52, handle=0xb400007ba79dc170, importpid=650
07-18 19:41:28.151   650   699 D mali_gralloc: unregister: id=25d00000d46, handle=0xb400007ba79d2e10, base=0x0, importpid=650, clone_count=0
07-18 19:41:28.152  1066  2443 D WindowManager: finishDrawingLocked: merge with mWin.mSyncTransaction!!! , mWin=Window{f91af2b u0 Splash Screen com.example.controlhorario}, [type=3, isChildWindow=false]-[Surface(name=*Title#2614)/@0x80217a0, shown=false, windowType=3]
07-18 19:41:28.159  2445  2486 V WindowManagerShell: onTransitionReady(transaction=4578435146829)
07-18 19:41:28.159   650   650 I SurfaceFlinger: updating visibility visibleForInput:0, Snapshot{TraversalPath{.id = 121}StatusBar#121 isVisible=0 {layer not reachable from root} changes=Visibility layerStack=0 geomLayerBounds={0,0,48,576} geomLayerTransform={tx=0,ty=0}}
07-18 19:41:28.159   650   650 I SurfaceFlinger: updating visibility visibleForInput:0, Snapshot{TraversalPath{.id = 117}NavigationBar0#117 isVisible=0 {layer not reachable from root} changes=Visibility layerStack=0 geomLayerBounds={0,0,72,576} geomLayerTransform={tx=0,ty=1208}}
07-18 19:41:28.160  2445  2459 V WindowManagerShell: onTransitionReady (#192) android.os.BinderProxy@cd7b475: {id=192 t=OPEN f=0x0 trk=0 r=[0@Point(0, 0)] c=[{WCT{android.window.IWindowContainerToken$Stub$Proxy@7f3040c} m=OPEN f=NONE leash=Surface(name=Task=39#2611)/@0x3a54499 sb=Rect(0, 0 - 576, 1280) eb=Rect(0, 0 - 576, 1280) d=0 taskParent=-1},{WCT{android.window.IWindowContainerToken$Stub$Proxy@afc9155} m=TO_BACK f=NONE leash=Surface(name=Task=26#1526)/@0xf9b035e sb=Rect(0, 0 - 576, 1280) eb=Rect(0, 0 - 576, 1280) d=0 taskParent=-1}]}
07-18 19:41:28.160  2445  2459 V WindowManagerShell: Playing animation for (#192) android.os.BinderProxy@cd7b475@0
07-18 19:41:28.160  2445  2459 V WindowManagerShell:  try handler com.android.wm.shell.transition.DefaultMixedHandler@ba9b595
07-18 19:41:28.160  2445  2459 V WindowManagerShell:  try handler com.android.wm.shell.keyguard.KeyguardTransitionHandler@2d3e6aa
07-18 19:41:28.160  2445  2459 V WindowManagerShell:  try handler com.android.wm.shell.pip.PipTransition@852921c
07-18 19:41:28.160  2445  2459 V WindowManagerShell:  try handler com.android.wm.shell.activityembedding.ActivityEmbeddingController@154ee25
07-18 19:41:28.160  2445  2459 V WindowManagerShell:  try handler com.android.wm.shell.recents.RecentsTransitionHandler@756dbfa
07-18 19:41:28.160  2445  2459 V ShellRecents: RecentsTransitionHandler.startAnimation: no controller found
07-18 19:41:28.160  2445  2459 V WindowManagerShell:  try handler com.android.wm.shell.splitscreen.StageCoordinator@45e05ab
07-18 19:41:28.160  2445  2459 V WindowManagerShell:  try handler com.android.wm.shell.transition.RemoteTransitionHandler@f04b408
07-18 19:41:28.161  2445  2459 V WindowManagerShell: Transition doesn't have explicit remote, search filters for match for {id=192 t=OPEN f=0x0 trk=0 r=[0@Point(0, 0)] c=[{WCT{android.window.IWindowContainerToken$Stub$Proxy@7f3040c} m=OPEN f=NONE leash=Surface(name=Task=39#2611)/@0x3a54499 sb=Rect(0, 0 - 576, 1280) eb=Rect(0, 0 - 576, 1280) d=0 taskParent=-1},{WCT{android.window.IWindowContainerToken$Stub$Proxy@afc9155} m=TO_BACK f=NONE leash=Surface(name=Task=26#1526)/@0xf9b035e sb=Rect(0, 0 - 576, 1280) eb=Rect(0, 0 - 576, 1280) d=0 taskParent=-1}]}
07-18 19:41:28.161   650   650 I SurfaceFlinger: updating visibility visibleForInput:1, Snapshot{TraversalPath{.id = 121}StatusBar#121 isVisible=0 { buffer=10501195038939 frame=1683 color{< 0, 0, 0, 1 >}} changes=Hierarchy | Geometry | Visibility | AffectsChildren | FrameRate layerStack=0 geomLayerBounds={0,0,48,576} geomLayerTransform={tx=0,ty=0}} input{(NOT_FOCUSABLE) touchableRegion={0,0,48,576}}
07-18 19:41:28.161  2445  2459 V WindowManagerShell:  Checking filter Pair{{types=[] flags=0x0] notFlags=0x100 checks=[{atype=home independent=true modes=[OPEN,TO_FRONT] flags=NONE mustBeTask=false order=TOP topActivity=ComponentInfo{com.DDU.launcher/com.freeme.launcher.FreemeLauncher} launchCookie=null},{atype=standard independent=true modes=[CLOSE,TO_BACK] flags=NONE mustBeTask=false order=ANY topActivity=null launchCookie=null},{NOT atype=undefined independent=true modes=[] flags=NONE mustBeTask=false order=ANY topActivity=null launchCookie=null}]} RemoteTransition { remoteTransition = android.window.IRemoteTransition$Stub$Proxy@a0b47a1, appThread = android.app.IApplicationThread$Stub$Proxy@e26bdc6, debugName = QuickstepLaunchHome }}
07-18 19:41:28.161   650   650 I SurfaceFlinger: updating visibility visibleForInput:1, Snapshot{TraversalPath{.id = 117}NavigationBar0#117 isVisible=0 { buffer=10501195038929 frame=3346 color{< 0, 0, 0, 1 >}} changes=Hierarchy | Geometry | Visibility | AffectsChildren | FrameRate layerStack=0 geomLayerBounds={0,0,72,576} geomLayerTransform={tx=0,ty=1208}} input{(NOT_FOCUSABLE | WATCH_OUTSIDE_TOUCH | SLIPPERY) touchableRegion={0,0,72,576}}
07-18 19:41:28.161  2445  2459 V WindowManagerShell:  Delegate animation for (#192) to null
07-18 19:41:28.161  2445  2459 V WindowManagerShell:  try handler com.android.wm.shell.transition.DefaultTransitionHandler@1755187
07-18 19:41:28.161  2445  2459 V WindowManagerShell: start default transition animation, info = {id=192 t=OPEN f=0x0 trk=0 r=[0@Point(0, 0)] c=[{WCT{android.window.IWindowContainerToken$Stub$Proxy@7f3040c} m=OPEN f=NONE leash=Surface(name=Task=39#2611)/@0x3a54499 sb=Rect(0, 0 - 576, 1280) eb=Rect(0, 0 - 576, 1280) d=0 taskParent=-1},{WCT{android.window.IWindowContainerToken$Stub$Proxy@afc9155} m=TO_BACK f=NONE leash=Surface(name=Task=26#1526)/@0xf9b035e sb=Rect(0, 0 - 576, 1280) eb=Rect(0, 0 - 576, 1280) d=0 taskParent=-1}]}
07-18 19:41:28.162   605   605 I mali_gralloc: allocate: id=25d00000d55, halFormat=RGBA8888, maliFormat=RGBA8888, afbc=false, usage=CPU_RW|GPU_RW|HWC, size=576x1280(2949120), stride=576, name=screenshot, costTime=0ms139us923
07-18 19:41:28.162  2445  2459 V WindowManagerShell: loadAnimation: anim=android.view.animation.AnimationSet@6aad45b animAttr=0x9 type=OPEN isEntrance=false
07-18 19:41:28.162   650  1728 D mali_gralloc: register: id=25d00000d55, handle=0xb400007ba79e2350, importpid=650
07-18 19:41:28.163 28501 28501 I .controlhorario: Using generational CollectorTypeCMC GC.
07-18 19:41:28.164   650   650 I SurfaceFlinger: updating visibility visibleForInput:1, Snapshot{TraversalPath{.id = 2615}Transition Root: Task=39#2615 isVisible=1 {hidden by parent or layer flag} changes=Created | Metadata | FrameRate layerStack=0 geomLayerBounds={-5760,-12800,12800,5760} geomLayerTransform={tx=0,ty=0}}
07-18 19:41:28.164   650   650 I SurfaceFlinger: updating visibility visibleForInput:0, Snapshot{TraversalPath{.id = 2615}Transition Root: Task=39#2615 isVisible=0 {hidden by parent or layer flag} changes=Created | Metadata | Visibility | FrameRate layerStack=0 geomLayerBounds={-5760,-12800,12800,5760} geomLayerTransform={tx=0,ty=0}}
07-18 19:41:28.165  2445  2459 V WindowManagerShell: loadAnimation: anim=android.view.animation.AnimationSet@b385b37 animAttr=0x8 type=OPEN isEntrance=true
07-18 19:41:28.168  1066  1092 D mali_gralloc: register: id=25d00000d55, handle=0xb4000070c46e8bf0, importpid=1066
07-18 19:41:28.169  2445  2459 V WindowManagerShell:  animated by com.android.wm.shell.transition.DefaultTransitionHandler@1755187
07-18 19:41:28.169  1066  1092 D BLASTSyncEngine: finishNow mActiveSyncs.remove: 192
07-18 19:41:28.169  1066  1088 V WindowManager: Sent Transition (#192) createdAt=07-18 19:41:28.089 via request=TransitionRequestInfo { type = OPEN, triggerTask = TaskInfo{userId=0 taskId=39 displayId=0 isRunning=true baseIntent=Intent { flg=0x10000000 cmp=com.example.controlhorario/.MainActivity } baseActivity=ComponentInfo{com.example.controlhorario/com.example.controlhorario.MainActivity} topActivity=ComponentInfo{com.example.controlhorario/com.example.controlhorario.MainActivity} origActivity=null realActivity=ComponentInfo{com.example.controlhorario/com.example.controlhorario.MainActivity} numActivities=1 lastActiveTime=7261047 supportsMultiWindow=true resizeMode=1 isResizeable=true minWidth=-1 minHeight=-1 defaultMinSize=220 token=WCT{RemoteToken{425dbf6 Task{9a2013b #39 type=standard A=10275:com.example.controlhorario}}} topActivityType=1 pictureInPictureParams=null shouldDockBigOverlays=false launchIntoPipHostTaskId=-1 lastParentTaskIdBeforePip=-1 displayCutoutSafeInsets=Rect(0, 36 - 0, 0) topActivityInfo=ActivityInfo{367cbf7 com.example.controlhorario.MainActivity} launchCookies=[] positionInParent=Point(0, 0) parentTaskId=-1 isFocused=false isVisible=false isVisibleRequested=false isSleeping=false locusId=null displayAreaFeatureId=1 isTopActivityTransparent=false appCompatTaskInfo=AppCompatTaskInfo { topActivityInSizeCompat=false topActivityEligibleForLetterboxEducation= falseisLetterboxEducationEnabled= false isLetterboxDoubleTapEnabled= false topActivityEligibleForUserAspectRatioButton= false topActivityBoundsLetterboxed= false isFromLetterboxDoubleTap= false topActivityLetterboxVerticalPosition= -1 topActivityLetterboxHorizontalPosition= -1 topActivityLetterboxWidth=576 topActivityLetterboxHeight=1280 isUserFullscreenOverrideEnabled=false isSystemFullscreenOverrideEnabled=false cameraCompatTaskInfo=CameraCompatTaskInfo { cameraCompatControlState=hidden freeformCameraCompatMode=inactive}}}, pipTask = null, remoteTransition = null, displayChange = null, flags = 0, debugId = 192 }
07-18 19:41:28.169  1066  1088 V WindowManager:     startWCT=WindowContainerTransaction { changes = {} hops = [] errorCallbackToken=null taskFragmentOrganizer=null }
07-18 19:41:28.170  1066  1088 V WindowManager:     info={id=192 t=OPEN f=0x0 trk=0 r=[0@Point(0, 0)] c=[
07-18 19:41:28.170  1066  1088 V WindowManager:         {WCT{RemoteToken{425dbf6 Task{9a2013b #39 type=standard A=10275:com.example.controlhorario}}} m=OPEN f=NONE leash=Surface(name=Task=39#2611)/@0xe264bca sb=Rect(0, 0 - 576, 1280) eb=Rect(0, 0 - 576, 1280) d=0 taskParent=-1},
07-18 19:41:28.170  1066  1088 V WindowManager:         {WCT{RemoteToken{954a8e2 Task{37801fc #26 type=standard A=10245:com.whatsapp}}} m=TO_BACK f=NONE leash=Surface(name=Task=26#1526)/@0xbbec2ef sb=Rect(0, 0 - 576, 1280) eb=Rect(0, 0 - 576, 1280) d=0 taskParent=-1}
07-18 19:41:28.170  1066  1088 V WindowManager:     ]}
07-18 19:41:28.170   728   752 I adbd    : jdwp connection from 28501
07-18 19:41:28.176 28501 28501 D nativeloader: Load libframework-connectivity-tiramisu-jni.so using APEX ns com_android_tethering for caller /apex/com.android.tethering/javalib/framework-connectivity-t.jar: ok
07-18 19:41:28.177  2445  2453 D mali_gralloc: register: id=25d00000d55, handle=0xb4000070c46e1810, importpid=2445
07-18 19:41:28.177  1624  1879 D mali_gralloc: register: id=25d00000d55, handle=0xb4000070c46b6d30, importpid=1624
07-18 19:41:28.177  2445  2454 D mali_gralloc: register: id=25d00000d55, handle=0xb4000070c46bd270, importpid=2445
07-18 19:41:28.177  2445  2454 D mali_gralloc: unregister: id=25d00000d55, handle=0xb4000070c46bd270, base=0x0, importpid=2445, clone_count=1
07-18 19:41:28.177  2445  3313 D mali_gralloc: register: id=25d00000d55, handle=0xb4000070c46c2010, importpid=2445
07-18 19:41:28.178  2445  2459 D TaskStackListenerImpl: onTaskSnapshotChanged close hardwarebuffer, snapshot = TaskSnapshot{ mId=1784418088158 mCaptureTime=7261125475687 mTopActivityComponent=com.whatsapp/.home.ui.HomeActivity mSnapshot=android.hardware.HardwareBuffer@e517a2f (576x1280) mColorSpace=sRGB IEC61966-2.1 (id=0, model=RGB) mOrientation=1 mRotation=0 mTaskSize=Point(576, 1280) mContentInsets=[0,48][0,72] mLetterboxInsets=[0,0][0,0] mIsLowResolution=false mIsRealSnapshot=true mWindowingMode=1 mAppearance=0 mIsTranslucent=true mHasImeSurface=false mInternalReferences=0
07-18 19:41:28.178  2445  2459 D mali_gralloc: unregister: id=25d00000d55, handle=0xb4000070c46c2010, base=0x0, importpid=2445, clone_count=1
07-18 19:41:28.181   650   650 I SurfaceFlinger: updating visibility visibleForInput:1, Snapshot{TraversalPath{.id = 2616}animation-background#2616 isVisible=1 { color{< 0.313721, 0.321533, 0.356934, 1 >}} changes=Created | Hierarchy | Content | Z | Metadata | Visibility | AffectsChildren | FrameRate | VisibleRegion layerStack=0 geomLayerBounds={-5760,-12800,12800,5760} geomLayerTransform={tx=0,ty=0}}
07-18 19:41:28.181   650   650 I SurfaceFlinger: updating visibility visibleForInput:1, Snapshot{TraversalPath{.id = 2619}4df621f ActivityRecordInputSink com.example.controlhorario/.MainActivity#2619 isVisible=1 {nothing to draw} changes=Created | Hierarchy | Geometry | Input | Z | Metadata | Visibility | AffectsChildren | FrameRate | VisibleRegion layerStack=0 geomLayerBounds={-7103.99,-14293.3,14151.1,5696.01} geomLayerTransform={tx=633.593,ty=64}} input{(NO_INPUT_CHANNEL | NOT_FOCUSABLE | NOT_TOUCHABLE) replaceTouchableRegionWithCrop touchableRegion={0,0,0,0}}
07-18 19:41:28.181   650   650 I SurfaceFlinger: updating visibility visibleForInput:1, Snapshot{TraversalPath{.id = 2614}Splash Screen com.example.controlhorario#2614 isVisible=0 { buffer=10501195039277 frame=1 color{< 0, 0, 0, 1 >}} changes=Hierarchy | Geometry | Input | Visibility | AffectsChildren | FrameRate | VisibleRegion layerStack=0 geomLayerBounds={0,0,1280,576} geomLayerTransform={tx=633.593,ty=64}} input{(NOT_FOCUSABLE | NOT_TOUCHABLE | PREVENT_SPLITTING) touchCropId=2611 touchableRegion={0,0,1280,576}}
07-18 19:41:28.181   650   650 I SurfaceFlinger: updating visibility visibleForInput:1, Snapshot{TraversalPath{.id = 2617}Surface(name=84e9172 StatusBar#116)/@0xdb85240 - animation-leash of insets_animation#2617 isVisible=1 {nothing to draw} changes=Created | Hierarchy | Geometry | Z | Metadata | AffectsChildren | FrameRate | VisibleRegion layerStack=0 geomLayerBounds={-5760,-12800,12800,5760} geomLayerTransform={tx=0,ty=0}}
07-18 19:41:28.181   650   650 I SurfaceFlinger: updating visibility visibleForInput:1, Snapshot{TraversalPath{.id = 2618}Surface(name=b277129 NavigationBar0#112)/@0xf0e2a4f - animation-leash of insets_animation#2618 isVisible=1 {nothing to draw} changes=Created | Hierarchy | Geometry | Z | Metadata | AffectsChildren | FrameRate | VisibleRegion layerStack=0 geomLayerBounds={-5760,-14008,11592,5760} geomLayerTransform={tx=0,ty=1208}}
07-18 19:41:28.181  1066  4109 W UserManagerService: Requested status bar icon for non-badged user 0
07-18 19:41:28.182   650   650 I SurfaceFlinger: updating visibility visibleForInput:0, Snapshot{TraversalPath{.id = 2617}Surface(name=84e9172 StatusBar#116)/@0xdb85240 - animation-leash of insets_animation#2617 isVisible=0 {nothing to draw} changes=Created | Hierarchy | Geometry | Z | Metadata | Visibility | AffectsChildren | FrameRate | VisibleRegion layerStack=0 geomLayerBounds={-5760,-12800,12800,5760} geomLayerTransform={tx=0,ty=0}}
07-18 19:41:28.182   650   650 I SurfaceFlinger: updating visibility visibleForInput:0, Snapshot{TraversalPath{.id = 2618}Surface(name=b277129 NavigationBar0#112)/@0xf0e2a4f - animation-leash of insets_animation#2618 isVisible=0 {nothing to draw} changes=Created | Hierarchy | Geometry | Z | Metadata | Visibility | AffectsChildren | FrameRate | VisibleRegion layerStack=0 geomLayerBounds={-5760,-14008,11592,5760} geomLayerTransform={tx=0,ty=1208}}
07-18 19:41:28.184   606   606 D SPRDHWComposer: HWC Range:1, HWC_Transfer:4
07-18 19:41:28.186  2445  2445 D mali_gralloc: unregister: id=25d00000d55, handle=0xb4000070c46e1810, base=0x0, importpid=2445, clone_count=0
07-18 19:41:28.198  1066  4109 D ActivityManager: Skip enqueue broadcast because no receiver with Intent { act=android.intent.action.LOCKED_BOOT_COMPLETED flg=0x9000030 pkg=com.example.controlhorario (has extras) }
07-18 19:41:28.199  1066  4109 V BroadcastQueue: Enqueuing BroadcastRecord{ceda0e7 android.intent.action.BOOT_COMPLETED/u0} ordered=true from uid 1000 pid 1066 for 1 receivers
07-18 19:41:28.199  1066  4109 D ActivityManager: add com.example.controlhorario to ColdStartingAppList
07-18 19:41:28.216   606   606 D SPRDHWComposer: HWC Range:1, HWC_Transfer:4
07-18 19:41:28.217   606   606 D mali_gralloc: register: id=25d00000d52, handle=0xb4000076cebc4430, importpid=606
07-18 19:41:28.227 28501 28501 D ApplicationLoaders: Returning zygote-cached class loader: /system_ext/framework/androidx.window.extensions.jar
07-18 19:41:28.227 28501 28501 D ApplicationLoaders: Returning zygote-cached class loader: /system_ext/framework/androidx.window.sidecar.jar
07-18 19:41:28.249   606   606 D mali_gralloc: unregister: id=25d00000d51, handle=0xb4000076cebca970, base=0x0, importpid=606, clone_count=0
07-18 19:41:28.249   606   606 D mali_gralloc: unregister: id=25d00000d50, handle=0xb4000076cebca4f0, base=0x0, importpid=606, clone_count=0
07-18 19:41:28.249   606   606 D mali_gralloc: unregister: id=25d00000d4f, handle=0xb4000076cebc6710, base=0x0, importpid=606, clone_count=0
07-18 19:41:28.320  2445  2459 V WindowManagerShell: Transition animation finished (aborted=false), notifying core (#192) android.os.BinderProxy@cd7b475@0
07-18 19:41:28.323  1066  1088 V WindowManager: Finish Transition (#192): created at 07-18 19:41:28.089 collect-started=0.116ms request-sent=10.593ms started=15.904ms ready=64.079ms sent=67.29ms finished=233.282ms
07-18 19:41:28.325  3360  3360 D VRI[HomeActivity]: visibilityChanged oldVisibility=true newVisibility=false
07-18 19:41:28.326  2445  2459 V WindowManagerShell: Track 0 became idle
07-18 19:41:28.326  2445  2459 V WindowManagerShell: All active transition animations finished
07-18 19:41:28.328  1066  4109 W UserManagerService: Requested status bar icon for non-badged user 0
07-18 19:41:28.329  1066  4109 W UserManagerService: Requested status bar icon for non-badged user 0
07-18 19:41:28.330  1066  1549 D SSense.GalleryAppSceneRecognizer: GalleryAppScene for uid:10275 pkg name:com.example.controlhorario sceneId:0 changed:false mCurrentFlingAppName:null
07-18 19:41:28.330   650   650 I SurfaceFlinger: updating visibility visibleForInput:0, Snapshot{TraversalPath{.id = 1536}59981de ActivityRecordInputSink com.whatsapp/.home.ui.HomeActivity#1536 isVisible=0 {hidden by parent or layer flag} changes=Hierarchy | Geometry | Visibility | AffectsChildren | FrameRate layerStack=0 geomLayerBounds={-5760.01,-14292.5,14150.4,7039.29} geomLayerTransform={tx=-575.707,ty=63.9683}} input{(NO_INPUT_CHANNEL | NOT_FOCUSABLE | NOT_TOUCHABLE) replaceTouchableRegionWithCrop touchableRegion={0,0,0,0}}
07-18 19:41:28.330   650   650 I SurfaceFlinger: updating visibility visibleForInput:0, Snapshot{TraversalPath{.id = 2606}com.whatsapp/com.whatsapp.home.ui.HomeActivity#2606 isVisible=1 {hidden by parent or layer flag} changes=Hierarchy | Geometry | Visibility | AffectsChildren | FrameRate layerStack=0 geomLayerBounds={0,0,1280,576} geomLayerTransform={tx=-575.707,ty=63.9683}} input{(NO_INPUT_CHANNEL | NOT_FOCUSABLE | NOT_TOUCHABLE | PREVENT_SPLITTING | PAUSE_DISPATCHING) touchableRegion={0,0,0,0}}
07-18 19:41:28.331   650   650 I SurfaceFlinger: updating visibility visibleForInput:0, Snapshot{TraversalPath{.id = 2616}animation-background#2616 isVisible=0 {layer not reachable from root} changes=Hierarchy | Parent | RelativeParent | Visibility | AffectsChildren | VisibleRegion layerStack=0 geomLayerBounds={-5760,-12800,12800,5760} geomLayerTransform={tx=0,ty=0}}
07-18 19:41:28.337  3360 11808 D mali_gralloc: unregister: id=25d00000d4f, handle=0xb4000070c469ac50, base=0x0, importpid=3360, clone_count=0
07-18 19:41:28.337  3360 11808 D mali_gralloc: unregister: id=25d00000d50, handle=0xb4000070c46c01b0, base=0x0, importpid=3360, clone_count=0
07-18 19:41:28.338   650   699 D mali_gralloc: unregister: id=25d00000d55, handle=0xb400007ba79e2350, base=0x0, importpid=650, clone_count=0
07-18 19:41:28.338   650   699 D mali_gralloc: unregister: id=25d00000d4f, handle=0xb400007ba79da550, base=0x0, importpid=650, clone_count=0
07-18 19:41:28.345  3360  3360 D mali_gralloc: unregister: id=25d00000d51, handle=0xb4000070c46ae2d0, base=0x0, importpid=3360, clone_count=0
07-18 19:41:28.581  1066  1187 D ActivityManager: freezing 28389 com.android.settings
07-18 19:41:28.585 28501 28501 D nativeloader: Configuring clns-7 for other apk /data/app/~~-bAdSTfYWWV8BuYRgUPCOg==/com.example.controlhorario-zVPN4KWT6hWe2dDu2sC6Aw==/base.apk. target_sdk_version=36, uses_libraries=, library_path=/data/app/~~-bAdSTfYWWV8BuYRgUPCOg==/com.example.controlhorario-zVPN4KWT6hWe2dDu2sC6Aw==/lib/arm64:/data/app/~~-bAdSTfYWWV8BuYRgUPCOg==/com.example.controlhorario-zVPN4KWT6hWe2dDu2sC6Aw==/base.apk!/lib/arm64-v8a, permitted_path=/data:/mnt/expand:/data/user/0/com.example.controlhorario
07-18 19:41:28.598 28501 28501 V GraphicsEnvironment: Currently set values for:
07-18 19:41:28.598 28501 28501 V GraphicsEnvironment:   angle_gl_driver_selection_pkgs=[]
07-18 19:41:28.598 28501 28501 V GraphicsEnvironment:   angle_gl_driver_selection_values=[]
07-18 19:41:28.598 28501 28501 V GraphicsEnvironment: Global.Settings values are invalid: number of packages: 0, number of values: 0
07-18 19:41:28.598 28501 28501 V GraphicsEnvironment: Neither updatable production driver nor prerelease driver is supported.
07-18 19:41:28.648 28501 28501 D WM-WrkMgrInitializer: Initializing WorkManager with default configuration.
07-18 19:41:28.691   728   728 I adbd    : adbd service requested 'jdwp:28501'
07-18 19:41:28.741 28501 28501 D WM-PackageManagerHelper: Skipping component enablement for androidx.work.impl.background.systemjob.SystemJobService
07-18 19:41:28.741 28501 28501 D WM-Schedulers: Created SystemJobScheduler and enabled SystemJobService
07-18 19:41:28.747  1066  1187 D ActivityManager: freezing 28443 com.google.android.apps.turbo
07-18 19:41:28.753  1066  1252 D InetDiagMessage: Destroyed 0 sockets, proto=IPPROTO_TCP, family=AF_INET, states=14
07-18 19:41:28.757  1066  1252 D InetDiagMessage: Destroyed 0 sockets, proto=IPPROTO_TCP, family=AF_INET6, states=14
07-18 19:41:28.757  1066  1252 D InetDiagMessage: Destroyed live tcp sockets for uids={10137} in 7ms
07-18 19:41:28.760 28501 28516 D WM-ForceStopRunnable: The default process name was not specified.
07-18 19:41:28.761 28501 28516 D WM-ForceStopRunnable: Performing cleanup operations.
07-18 19:41:28.764   820  2430 D BufferPoolAccessor2.0: bufferpool2 0xebe820c8 : 0(0 size) total buffers - 0(0 size) used buffers - 1/5 (recycle/alloc) - 3/3 (fetch/transfer)
07-18 19:41:28.764   820  2430 D BufferPoolAccessor2.0: evictor expired: 1, evicted: 1
07-18 19:41:28.770  3360 12622 D BufferPoolAccessor2.0: evictor expired: 2, evicted: 0
07-18 19:41:28.785 28501 28501 D nativeloader: Load libunipnp_jni.so using system ns (caller=/system_ext/framework/unipnp-framework.jar): ok
07-18 19:41:28.806  1066  4109 D WindowManager: setFocusedApp mFocusedApp = ActivityRecord{5fc696c u0 com.example.controlhorario/.MainActivity t39 d0}displayId = 0Callers = com.android.server.wm.ActivityTaskManagerService.setLastResumedActivityUncheckLocked:5100 com.android.server.wm.ActivityTaskSupervisor.updateTopResumedActivityIfNeeded:2341 com.android.server.wm.TaskFragment.setResumedActivity:617 com.android.server.wm.TaskFragment.onActivityStateChanged:970 com.android.server.wm.ActivityRecord.setState:6230 com.android.server.wm.ActivityTaskSupervisor.realStartActivityLocked:1033 
07-18 19:41:28.806  1066  4109 D InputDispatcher: setFocusedApplication displayId=0 ActivityRecord{5fc696c u0 com.example.controlhorario/.MainActivity t39 d0}
07-18 19:41:28.810 28501 28516 D WM-SystemJobScheduler: Reconciling jobs
07-18 19:41:28.811 28501 28501 D WM-RescheduleReceiver: Received intent Intent { act=android.intent.action.BOOT_COMPLETED flg=0x9000030 pkg=com.example.controlhorario cmp=com.example.controlhorario/androidx.work.impl.background.systemalarm.RescheduleReceiver (has extras) }
07-18 19:41:28.811 28501 28501 W CheckTime: App running slow: Executing androidx.work.impl.background.systemalarm.RescheduleReceiver scheduleReceive took 602ms
07-18 19:41:28.823 28501 28517 D vulkan  : searching for layers in '/data/app/~~-bAdSTfYWWV8BuYRgUPCOg==/com.example.controlhorario-zVPN4KWT6hWe2dDu2sC6Aw==/lib/arm64'
07-18 19:41:28.823 28501 28517 D vulkan  : searching for layers in '/data/app/~~-bAdSTfYWWV8BuYRgUPCOg==/com.example.controlhorario-zVPN4KWT6hWe2dDu2sC6Aw==/base.apk!/lib/arm64-v8a'
07-18 19:41:28.821 28501 28501 W RenderThread: type=1400 audit(0.0:22883): avc:  denied  { read } for  name="large_page_conf" dev="sysfs" ino=56578 scontext=u:r:untrusted_app:s0:c19,c257,c512,c768 tcontext=u:object_r:sysfs:s0 tclass=file permissive=0 app=com.example.controlhorario
07-18 19:41:28.826  1066  4109 D ActivityManager: getHistoricalProcessExitReasons pkg: null, pid:  0, userId: 0, callingPid: 28501, callingUid: 10275
07-18 19:41:28.830 28501 28516 D WM-ForceStopRunnable: Found unfinished work, scheduling it.
07-18 19:41:28.861 28501 28516 D WM-SystemJobScheduler: Scheduling work ID ec60c226-0da6-4780-b7f4-c25ad61ed8abJob ID 273
07-18 19:41:28.873 28501 28516 D WM-SystemJobScheduler: Scheduling work ID adadd38c-b836-4adc-8ece-6e324f125048Job ID 275
07-18 19:41:28.879  1066  4109 I BroadcastQueue: BOOT_COMPLETED_BROADCAST_COMPLETION_LATENCY_REPORTED action:android.intent.action.BOOT_COMPLETED dispatchLatency:1 completeLatency:680 dispatchRealLatency:1 completeRealLatency:680 receiversSize:1 userId:0 userType:android.os.usertype.full.SYSTEM
07-18 19:41:28.880  1066  4109 D BroadcastQueue: Receiver ResolveInfo{27b07a9 com.example.controlhorario/androidx.work.impl.background.systemalarm.RescheduleReceiver m=0x108000 userHandle=UserHandle{0}} finished with BroadcastRecord{ceda0e7 android.intent.action.BOOT_COMPLETED/u0} took 678ms
07-18 19:41:28.908 28501 28501 D EmployeeSync: WorkManager programado: immediate_id=66d2afd3-b4b1-43ab-a7df-ba37ef63f0c7, periodic_id=58516ef9-7c48-4461-9d54-25c8e09d9f7b, network=CONNECTED, interval=6h
07-18 19:41:28.949 28501 28534 D WM-SystemJobScheduler: Scheduling work ID 66d2afd3-b4b1-43ab-a7df-ba37ef63f0c7Job ID 276
07-18 19:41:28.957 28501 28501 I ContentCaptureHelper: Setting logging level to OFF
07-18 19:41:28.958 28501 28534 D WM-GreedyScheduler: Starting tracking for 66d2afd3-b4b1-43ab-a7df-ba37ef63f0c7
07-18 19:41:28.968   626   626 D PowerHAL: Enter getSceneIdByName: sceneName:com.example.controlhorario
07-18 19:41:28.968   626   626 E PowerHAL: get_scene_id: PowerHAL is not inited
07-18 19:41:28.969   626   626 D PowerHAL: Enter getSceneIdByName: sceneName:PACKAGE
07-18 19:41:28.969   626   626 E PowerHAL: get_scene_id: PowerHAL is not inited
07-18 19:41:28.987 28501 28501 W HWUI    : Unknown dataspace 0
07-18 19:41:28.988 28501 28534 D WM-GreedyScheduler: Cancelling work ID ec60c226-0da6-4780-b7f4-c25ad61ed8ab
07-18 19:41:29.002 28501 28534 D WM-SystemJobScheduler: Scheduling work ID ec60c226-0da6-4780-b7f4-c25ad61ed8abJob ID 277
07-18 19:41:29.006 28501 28534 D WM-GreedyScheduler: Starting tracking for 66d2afd3-b4b1-43ab-a7df-ba37ef63f0c7
07-18 19:41:29.019 28501 28534 D WM-SystemJobScheduler: Scheduling work ID 1d628057-1706-4b39-a362-6b1220bef876Job ID 278
07-18 19:41:29.028   650   650 I SurfaceFlinger: updating visibility visibleForInput:1, Snapshot{TraversalPath{.id = 2620}353ec1d com.example.controlhorario/com.example.controlhorario.MainActivity#2620 isVisible=1 {nothing to draw} changes=Created | Input | Metadata | Visibility | AffectsChildren | FrameRate | VisibleRegion layerStack=0 geomLayerBounds={-5760,-12800,12800,5760} geomLayerTransform={tx=0,ty=0}}
07-18 19:41:29.029   650   650 I SurfaceFlinger: updating visibility visibleForInput:0, Snapshot{TraversalPath{.id = 2620}353ec1d com.example.controlhorario/com.example.controlhorario.MainActivity#2620 isVisible=0 {nothing to draw} changes=Created | Input | Metadata | Visibility | AffectsChildren | FrameRate | VisibleRegion layerStack=0 geomLayerBounds={-5760,-12800,12800,5760} geomLayerTransform={tx=0,ty=0}}
07-18 19:41:29.030 28501 28534 D WM-GreedyScheduler: Starting tracking for 66d2afd3-b4b1-43ab-a7df-ba37ef63f0c7,1d628057-1706-4b39-a362-6b1220bef876
07-18 19:41:29.047 28501 28534 D WM-GreedyScheduler: Cancelling work ID adadd38c-b836-4adc-8ece-6e324f125048
07-18 19:41:29.058 28501 28534 D WM-SystemJobScheduler: Scheduling work ID adadd38c-b836-4adc-8ece-6e324f125048Job ID 279
07-18 19:41:29.061 28501 28534 D WM-GreedyScheduler: Starting tracking for 66d2afd3-b4b1-43ab-a7df-ba37ef63f0c7,1d628057-1706-4b39-a362-6b1220bef876
07-18 19:41:29.074 28501 28534 D WM-PackageManagerHelper: Skipping component enablement for androidx.work.impl.background.systemalarm.RescheduleReceiver
07-18 19:41:29.088 28501 28534 D WM-ConstraintTracker: NetworkStateTracker24: initial state = NetworkState(isConnected=true, isValidated=true, isMetered=true, isNotRoaming=true)
07-18 19:41:29.088 28501 28534 D WM-NetworkStateTracker: Registering network callback
07-18 19:41:29.096  1066  4109 D ConnectivityService: requestNetwork for uid/pid:10275/28501 activeRequest: null callbackRequest: 802 [NetworkRequest [ REQUEST id=803, [ Capabilities: INTERNET&NOT_RESTRICTED&TRUSTED&NOT_VCN_MANAGED&NOT_BANDWIDTH_CONSTRAINED Uid: 10275 RequestorUid: 10275 RequestorPkg: com.example.controlhorario UnderlyingNetworks: Null] ]] callback flags: 0 order: 2147483647 isUidTracked: false declaredMethods: AVAIL|LOST|NC
07-18 19:41:29.102  1066  1235 D WifiNetworkFactory: got request NetworkRequest [ REQUEST id=803, [ Capabilities: INTERNET&NOT_RESTRICTED&TRUSTED&NOT_VCN_MANAGED&NOT_BANDWIDTH_CONSTRAINED Uid: 10275 RequestorUid: 10275 RequestorPkg: com.example.controlhorario UnderlyingNetworks: Null] ]
07-18 19:41:29.102 28501 28534 D WM-GreedyScheduler: Constraints met: Scheduling work ID WorkGenerationalId(workSpecId=66d2afd3-b4b1-43ab-a7df-ba37ef63f0c7, generation=0)
07-18 19:41:29.103  1066  1235 D UntrustedWifiNetworkFactory: got request NetworkRequest [ REQUEST id=803, [ Capabilities: INTERNET&NOT_RESTRICTED&TRUSTED&NOT_VCN_MANAGED&NOT_BANDWIDTH_CONSTRAINED Uid: 10275 RequestorUid: 10275 RequestorPkg: com.example.controlhorario UnderlyingNetworks: Null] ]
07-18 19:41:29.104 28501 28539 D WM-NetworkStateTracker: Network capabilities changed: [ Transports: WIFI Capabilities: INTERNET&NOT_RESTRICTED&TRUSTED&NOT_VPN&VALIDATED&NOT_ROAMING&FOREGROUND&NOT_CONGESTED&NOT_SUSPENDED&NOT_VCN_MANAGED&NOT_BANDWIDTH_CONSTRAINED LinkUpBandwidth>=12848Kbps LinkDnBandwidth>=21193Kbps TransportInfo: <SSID: <unknown ssid>, BSSID: 02:00:00:00:00:00, MAC: 02:00:00:00:00:00, IP: /10.163.206.166, Security type: 2, Supplicant state: COMPLETED, Wi-Fi standard: 11n, RSSI: -34, Link speed: 72Mbps, Tx Link speed: 72Mbps, Max Supported Tx Link speed: 72Mbps, Calculated Tx : 24Mbps, Rx Link speed: 78Mbps, Max Supported Rx Link speed: 72Mbps, Calculated Rx : 53Mbps, Frequency: 2447MHz, Net ID: -1, Metered hint: true, score: 100, isUsable: true, CarrierMerged: false, SubscriptionId: -1, IsPrimary: -1, Trusted: true, Restricted: false, Ephemeral: false, OEM paid: false, OEM private: false, OSU AP: false, FQDN: <none>, Provider friendly name: <none>, Requesting package name: <none><none>MLO Information: , Is TID-To-Link negotiation supported by the AP: false, AP MLD Address: <none>, AP MLO Link Id: <none>, AP MLO Affiliated links: <none>, Vendor Data: <none>> SignalStrength: -34 UnderlyingNetworks: Null]
07-18 19:41:29.104  1066  1235 D OemPaidWifiNetworkFactory: got request NetworkRequest [ REQUEST id=803, [ Capabilities: INTERNET&NOT_RESTRICTED&TRUSTED&NOT_VCN_MANAGED&NOT_BANDWIDTH_CONSTRAINED Uid: 10275 RequestorUid: 10275 RequestorPkg: com.example.controlhorario UnderlyingNetworks: Null] ]
07-18 19:41:29.105  1066  1252 D ConnectivityService: NetReassign [803 : null → 100] [c 1] [a 1] [i 6]
07-18 19:41:29.105 28501 28534 D WM-GreedyScheduler: Constraints met: Scheduling work ID WorkGenerationalId(workSpecId=1d628057-1706-4b39-a362-6b1220bef876, generation=0)
07-18 19:41:29.105  1066  1235 D MultiInternetWifiNetworkFactory: got request NetworkRequest [ REQUEST id=803, [ Capabilities: INTERNET&NOT_RESTRICTED&TRUSTED&NOT_VCN_MANAGED&NOT_BANDWIDTH_CONSTRAINED Uid: 10275 RequestorUid: 10275 RequestorPkg: com.example.controlhorario UnderlyingNetworks: Null] ]
07-18 19:41:29.114 28501 28534 D WM-Processor: Processor: processing WorkGenerationalId(workSpecId=66d2afd3-b4b1-43ab-a7df-ba37ef63f0c7, generation=0)
07-18 19:41:29.118 28501 28534 D WM-Processor: Processor: processing WorkGenerationalId(workSpecId=1d628057-1706-4b39-a362-6b1220bef876, generation=0)
07-18 19:41:29.285 28501 28501 I .controlhorario: hiddenapi: Accessing hidden method Landroid/os/SystemProperties;->addChangeCallback(Ljava/lang/Runnable;)V (runtime_flags=0, domain=platform, api=unsupported) from Landroidx/compose/ui/platform/AndroidComposeView$Companion; (domain=app, TargetSdkVersion=36) using reflection: allowed
07-18 19:41:29.320  1066  1235 D WifiStaIfaceHidlImpl: getCachedScanData is not implemented by HIDL
07-18 19:41:29.335  1066  1235 I HalDevMgr: bestIfaceCreationProposal is null, requestIface=STA, existingIface=[name=wlan0 type=STA]
07-18 19:41:29.628 28501 28506 I .controlhorario: Compiler allocated 6553KB to compile void android.view.ViewRootImpl.performTraversals()
07-18 19:41:29.646  1066  4109 D CoreBackPreview: Window{353ec1d u0 com.example.controlhorario/com.example.controlhorario.MainActivity}, [type=1, isChildWindow=false]*noSurface: Setting back callback OnBackInvokedCallbackInfo{mCallback=android.window.IOnBackInvokedCallback$Stub$Proxy@b6d168d, mPriority=0, mIsAnimationCallback=false}
07-18 19:41:29.765   820  2430 D BufferPoolAccessor2.0: bufferpool2 0xebe82ae8 : 0(0 size) total buffers - 0(0 size) used buffers - 0/4 (recycle/alloc) - 3/3 (fetch/transfer)
07-18 19:41:29.765   820  2430 D BufferPoolAccessor2.0: evictor expired: 2, evicted: 1
07-18 19:41:29.999  1066  4109 D UFwDisplayJamMonitorImpl: Switch focus to Window{353ec1d u0 com.example.controlhorario/com.example.controlhorario.MainActivity}, [type=1, isChildWindow=false]-[Surface(name=*Title#2621)/@0x85fc042, shown=false, windowType=1] on APP(ActivityRecord{5fc696c u0 com.example.controlhorario/.MainActivity t39 d0}) from null, newWindowHandle = 353ec1d com.example.controlhorario/com.example.controlhorario.MainActivity, frame=[Rect(0, 0 - 0, 0)], touchableRegion=SkRegion(), scaleFactor=0.0, transform=null, windowToken=null, displayId=0, isClone=false, contentSize=0x0, alpha=0.0, canOccludePresentation=false, changed=true mGlobalScale=1.0 mCompatScale=1.0 mInvGlobalScale=1.0
07-18 19:41:30.004  1066  1549 D SSense.GalleryAppSceneRecognizer: GalleryAppScene for uid:10275 pkg name:com.example.controlhorario sceneId:0 changed:false mCurrentFlingAppName:null
07-18 19:41:30.009 28501 28501 I .controlhorario: hook_module_init libgui_unisoc_utils.so over, map size:3, library handle:0x874a4a8f95b1c75
07-18 19:41:30.009 28501 28501 I UnisocBufferQueueHelper: Unisoc-Graphics: UnisocBufferQueueHelper create, this:0xb40000717461c330, size:88
07-18 19:41:30.009 28501 28501 I .controlhorario: createUnisocBufferQueueHelperFactory success, get instance 0xb40000717461c330
