07-18 19:41:30.009 28501 28501 I .controlhorario: Unisoc-Graphics: UnisocFrameRecord create, this:0xb400007224615590, size:296, enable:0
07-18 19:41:30.009 28501 28501 I .controlhorario: createUnisocFrameRecordFactory success, get instance 0xb400007224615590
07-18 19:41:30.021   605   605 I mali_gralloc: allocate: id=25d00000d56, halFormat=RGBA8888, maliFormat=RGBA8888, afbc=SPLIT, usage=GPU_RW|HWC, size=576x1280(2995200), stride=576, name=VRI[MainActivity]#0(BLAST Consumer)0, costTime=0ms566us923
07-18 19:41:30.022 28501 28540 D mali_gralloc: register: id=25d00000d56, handle=0xb4000070c4639bd0, importpid=28501
07-18 19:41:30.022 28501 28540 W libc    : Access denied finding property "persist.vendor.gpu.ionmemtrack"
07-18 19:41:30.023 28501 28540 I mali_gralloc: initIonKernelMemtrack open devices:/dev/systemheap success, fd:183
07-18 19:41:30.024   605   605 I mali_gralloc: allocate: id=25d00000d57, halFormat=RGBA8888, maliFormat=RGBA8888, afbc=SPLIT, usage=GPU_RW|HWC, size=576x1280(2995200), stride=576, name=VRI[MainActivity]#0(BLAST Consumer)0, costTime=0ms449us385
07-18 19:41:30.024   650   650 I SurfaceFlinger: updating visibility visibleForInput:1, Snapshot{TraversalPath{.id = 2622}Surface(name=84e9172 StatusBar#116)/@0xdb85240 - animation-leash of insets_animation#2622 isVisible=1 {nothing to draw} changes=Created | Hierarchy | Geometry | Z | Metadata | AffectsChildren | FrameRate | VisibleRegion layerStack=0 geomLayerBounds={-5760,-12800,12800,5760} geomLayerTransform={tx=0,ty=0}}
07-18 19:41:30.025 28501 28540 D mali_gralloc: register: id=25d00000d57, handle=0xb4000070c463ba30, importpid=28501
07-18 19:41:30.025   650   650 I SurfaceFlinger: updating visibility visibleForInput:1, Snapshot{TraversalPath{.id = 2623}Surface(name=b277129 NavigationBar0#112)/@0xf0e2a4f - animation-leash of insets_animation#2623 isVisible=1 {nothing to draw} changes=Created | Hierarchy | Geometry | Z | Metadata | AffectsChildren | FrameRate | VisibleRegion layerStack=0 geomLayerBounds={-5760,-14008,11592,5760} geomLayerTransform={tx=0,ty=1208}}
07-18 19:41:30.025   650   650 I SurfaceFlinger: updating visibility visibleForInput:0, Snapshot{TraversalPath{.id = 2622}Surface(name=84e9172 StatusBar#116)/@0xdb85240 - animation-leash of insets_animation#2622 isVisible=0 {nothing to draw} changes=Created | Hierarchy | Geometry | Z | Metadata | Visibility | AffectsChildren | FrameRate | VisibleRegion layerStack=0 geomLayerBounds={-5760,-12800,12800,5760} geomLayerTransform={tx=0,ty=0}}
07-18 19:41:30.025   650   650 I SurfaceFlinger: updating visibility visibleForInput:0, Snapshot{TraversalPath{.id = 2623}Surface(name=b277129 NavigationBar0#112)/@0xf0e2a4f - animation-leash of insets_animation#2623 isVisible=0 {nothing to draw} changes=Created | Hierarchy | Geometry | Z | Metadata | Visibility | AffectsChildren | FrameRate | VisibleRegion layerStack=0 geomLayerBounds={-5760,-14008,11592,5760} geomLayerTransform={tx=0,ty=1208}}
07-18 19:41:30.026   605   605 I mali_gralloc: allocate: id=25d00000d58, halFormat=RGBA8888, maliFormat=RGBA8888, afbc=SPLIT, usage=GPU_RW|HWC, size=576x1280(2995200), stride=576, name=VRI[MainActivity]#0(BLAST Consumer)0, costTime=0ms731us308
07-18 19:41:30.026 28501 28540 D mali_gralloc: register: id=25d00000d58, handle=0xb4000070c4638f70, importpid=28501
07-18 19:41:30.140   650   697 D mali_gralloc: register: id=25d00000d58, handle=0xb400007ba79df530, importpid=650
07-18 19:41:30.141   650   699 D mali_gralloc: unregister: id=25d00000d50, handle=0xb400007ba79da9d0, base=0x0, importpid=650, clone_count=0
07-18 19:41:30.143 28501 28501 W DisplayEventDispatcher: Vsync time out! vsyncScheduleDelay=1083ms
07-18 19:41:30.144 28501 28501 W Choreographer: Already have a pending vsync event.  There should only be one at a time.
07-18 19:41:30.146 28501 28501 W Choreographer: Already have a pending vsync event.  There should only be one at a time.
07-18 19:41:30.147 28501 28501 I Choreographer: Skipped 64 frames!  The application may be doing too much work on its main thread.
07-18 19:41:30.149  1066  1092 D ActivityManager: remove com.example.controlhorario from ColdStartingAppList
07-18 19:41:30.153  1066  1088 I ActivityTaskManager: Displayed com.example.controlhorario/.MainActivity for user 0: +2s67ms
07-18 19:41:30.157   650   650 I SurfaceFlinger: updating visibility visibleForInput:1, Snapshot{TraversalPath{.id = 2624}Surface(name=353ec1d com.example.controlhorario/com.example.controlhorario.MainActivity#2620)/@0x1ab6063 - animation-leash of starting_reveal#2624 isVisible=1 {nothing to draw} changes=Created | Metadata | FrameRate layerStack=0 geomLayerBounds={-5760,-12800,12800,5760} geomLayerTransform={tx=0,ty=0}}
07-18 19:41:30.158   650   650 I SurfaceFlinger: updating visibility visibleForInput:0, Snapshot{TraversalPath{.id = 2624}Surface(name=353ec1d com.example.controlhorario/com.example.controlhorario.MainActivity#2620)/@0x1ab6063 - animation-leash of starting_reveal#2624 isVisible=0 {nothing to draw} changes=Created | Metadata | Visibility | FrameRate layerStack=0 geomLayerBounds={-5760,-12800,12800,5760} geomLayerTransform={tx=0,ty=0}}
07-18 19:41:30.163   650   697 D mali_gralloc: register: id=25d00000d54, handle=0xb400007ba79d7a90, importpid=650
07-18 19:41:30.169 28501 28501 I Choreographer: Skipped 65 frames!  The application may be doing too much work on its main thread.
07-18 19:41:30.172 28501 28501 D WM-WorkerWrapper: Starting work for com.example.controlhorario.device.EmployeeSyncWorker
07-18 19:41:30.173 28501 28512 I HWUI    : Davey! duration=1126ms; Flags=1, FrameTimelineVsyncId=-1, IntendedVsync=7021557578093, Vsync=7021557593054, InputEventId=0, HandleInputStart=7021558157939, AnimationStart=7021558163323, PerformTraversalsStart=7021558167093, DrawStart=7022617950900, FrameDeadline=7021567580477, FrameInterval=7021557593054, FrameStartTime=16666667, SyncQueued=7022642755515, SyncStart=7022643184361, IssueDrawCommandsStart=7022643557207, SwapBuffers=7022683777053, FrameCompleted=7022684712053, DequeueBufferDuration=60116, QueueBufferDuration=589769, GpuCompleted=7022683971246, SwapBuffersCompleted=7022684712053, DisplayPresentTime=183060096132724, CommandSubmissionCompleted=7022683777053, 
07-18 19:41:30.174   650   650 I SurfaceFlinger: updating visibility visibleForInput:1, Snapshot{TraversalPath{.id = 2621}com.example.controlhorario/com.example.controlhorario.MainActivity#2621 isVisible=0 { buffer=122410862903298 frame=1 color{< 0, 0, 0, 1 >}} changes=Hierarchy | Geometry | Input | Visibility | AffectsChildren | FrameRate | VisibleRegion layerStack=0 geomLayerBounds={0,0,1280,576} geomLayerTransform={tx=0,ty=0}} input{(0x0) touchCropId=2611 touchableRegion={0,0,1280,576}}
07-18 19:41:30.175 28501 28544 D EmployeeSync: WorkManager inició EmployeeSyncWorker: attempt=0, worker_id=66d2afd3-b4b1-43ab-a7df-ba37ef63f0c7
07-18 19:41:30.176 28501 28501 D WM-WorkerWrapper: Starting work for com.example.controlhorario.attendance.AttendanceSyncWorker
07-18 19:41:30.176   606   606 D SPRDHWComposer: HWC Range:1, HWC_Transfer:4
07-18 19:41:30.177   606   606 D mali_gralloc: register: id=25d00000d58, handle=0xb4000076cebc6710, importpid=606
07-18 19:41:30.177   606   606 D mali_gralloc: register: id=25d00000d54, handle=0xb4000076cebca4f0, importpid=606
07-18 19:41:30.177   650   697 D mali_gralloc: register: id=25d00000d53, handle=0xb400007ba79e9070, importpid=650
07-18 19:41:30.187 28501 28545 W .controlhorario: Monitor::Inflate: Install failed 0x731f7788
07-18 19:41:30.190   381   381 E TrustyKeymaster: succeeded to send cmd (4) to com.android.trusty.keymaster with rc(294). errno: Success
07-18 19:41:30.191   606   606 D mali_gralloc: register: id=25d00000d53, handle=0xb4000076cebca970, importpid=606
07-18 19:41:30.191   381   381 E TrustyKeymaster: Getting response size (28)
07-18 19:41:30.194   381   381 E TrustyKeymaster: succeeded to send cmd (4) to com.android.trusty.keymaster with rc(294). errno: Success
07-18 19:41:30.194   381   381 E TrustyKeymaster: Getting response size (28)
07-18 19:41:30.195   381   381 E TrustyKeymaster: succeeded to send cmd (8) to com.android.trusty.keymaster with rc(108). errno: Success
07-18 19:41:30.196   381   381 E TrustyKeymaster: Getting response size (92)
07-18 19:41:30.198   381   381 E TrustyKeymaster: succeeded to send cmd (8) to com.android.trusty.keymaster with rc(108). errno: Success
07-18 19:41:30.198   381   381 E TrustyKeymaster: Getting response size (92)
07-18 19:41:30.199   381   381 E TrustyKeymaster: succeeded to send cmd (12) to com.android.trusty.keymaster with rc(32). errno: Success
07-18 19:41:30.200   381   381 E TrustyKeymaster: Getting response size (24)
07-18 19:41:30.200   381   381 E TrustyKeymaster: succeeded to send cmd (12) to com.android.trusty.keymaster with rc(32). errno: Success
07-18 19:41:30.201   381   381 E TrustyKeymaster: Getting response size (24)
07-18 19:41:30.202  1848  3765 I FontLog : (REDACTED) Received query %s, URI %s
07-18 19:41:30.202  1848  3765 I FontLog : (REDACTED) Query [%s] resolved to %s
07-18 19:41:30.202 28501 28544 D EmployeeSync: WorkManager identidad disponible: device_id=7e50d061-65ee-484e-a25a-942abb8c8b51, credential_present=true
07-18 19:41:30.205  1848  3765 I FontLog : (REDACTED) Fetch %s end status %s
07-18 19:41:30.215  1848  3765 I FontLog : (REDACTED) Pulling font file for id = %d, cache size = %d
07-18 19:41:30.226  1848  3765 I FontLog : (REDACTED) Pulling font file for id = %d, cache size = %d
07-18 19:41:30.230 28501 28544 D EmployeeSync: Room sync inicio: device_id=7e50d061-65ee-484e-a25a-942abb8c8b51, cursor=EmployeeSyncCursor(updatedAt=2026-07-18T02:36:55.757379+00:00, id=b913f070-dd86-4751-9c2f-63643763f6f2), last_sync=1784417826435
07-18 19:41:30.231 28501 28544 D EmployeeSync: URL: https://heiafcxsvfhinygzxsdk.supabase.co/functions/v1/employee-sync
07-18 19:41:30.231 28501 28544 D EmployeeSync: company_id: pendiente de respuesta Edge; cursor enviado: updated_at=2026-07-18T02:36:55.757379+00:00, id=b913f070-dd86-4751-9c2f-63643763f6f2
07-18 19:41:30.242  2445  2483 D mali_gralloc: unregister: id=25d00000d52, handle=0xb4000070c46db990, base=0x0, importpid=2445, clone_count=0
07-18 19:41:30.243  2445  2486 D mali_gralloc: unregister: id=25d00000d54, handle=0xb4000070c46d3a70, base=0x0, importpid=2445, clone_count=0
07-18 19:41:30.250  2445  2465 D mali_gralloc: unregister: id=25d00000d53, handle=0xb4000070c46b71b0, base=0x0, importpid=2445, clone_count=0
07-18 19:41:30.251  2445  2465 W WindowOnBackDispatcher: sendCancelIfRunning: isInProgress=false callback=android.view.ViewRootImpl$$ExternalSyntheticLambda11@17fa4e5
07-18 19:41:30.252  1066  4109 W InputManager-JNI: Input channel object 'f91af2b Splash Screen com.example.controlhorario (client)' was disposed without first being removed with the input manager!
07-18 19:41:30.254  1066  1079 D CoreBackPreview: Window{f91af2b u0 Splash Screen com.example.controlhorario EXITING}, [type=3, isChildWindow=false]-[Surface(name=*Title#2614)/@0x80217a0, shown=false, windowType=3]: Setting back callback null
07-18 19:41:30.256   650   650 I SurfaceFlinger: updating visibility visibleForInput:1, Snapshot{TraversalPath{.id = 2625}Surface(name=f91af2b Splash Screen com.example.controlhorario#2613)/@0xfb06c34 - animation-leash of window_animation#2625 isVisible=1 {nothing to draw} changes=Created | Metadata | FrameRate layerStack=0 geomLayerBounds={-5760,-12800,12800,5760} geomLayerTransform={tx=0,ty=0}}
07-18 19:41:30.257   650   650 I SurfaceFlinger: updating visibility visibleForInput:0, Snapshot{TraversalPath{.id = 2625}Surface(name=f91af2b Splash Screen com.example.controlhorario#2613)/@0xfb06c34 - animation-leash of window_animation#2625 isVisible=0 {nothing to draw} changes=Created | Metadata | Visibility | FrameRate layerStack=0 geomLayerBounds={-5760,-12800,12800,5760} geomLayerTransform={tx=0,ty=0}}
07-18 19:41:30.258   650   650 D mali_gralloc: unregister: id=25d00000d52, handle=0xb400007ba79dc170, base=0x0, importpid=650, clone_count=0
07-18 19:41:30.258   606   606 D mali_gralloc: register: id=25d00000d53, handle=0xb4000076cebc7910, importpid=606
07-18 19:41:30.258   606   606 D mali_gralloc: unregister: id=25d00000d53, handle=0xb4000076cebca970, base=0x0, importpid=606, clone_count=1
07-18 19:41:30.274 28501 28501 W Choreographer: Already have a pending vsync event.  There should only be one at a time.
07-18 19:41:30.277 28501 28501 D WM-SystemJobService: onStartJob for WorkGenerationalId(workSpecId=66d2afd3-b4b1-43ab-a7df-ba37ef63f0c7, generation=0)
07-18 19:41:30.279 28501 28501 D WM-SystemJobService: onStartJob for WorkGenerationalId(workSpecId=1d628057-1706-4b39-a362-6b1220bef876, generation=0)
07-18 19:41:30.286  1066  1234 D DeviceIdleControllerEx: packageName: com.whatsapp uid: 10245 is in preset white app list
07-18 19:41:30.286   615   615 D vendor.sprd.hardware.memtrack-service: get_ion_memtrack_memory:start!
07-18 19:41:30.287  3360  3360 D WM-SystemJobService: onStopJob for WorkGenerationalId(workSpecId=e4340b67-f94a-4ee5-b6de-d333d85feb1b, generation=0)
07-18 19:41:30.287 28501 28533 D WM-Processor: Work WorkGenerationalId(workSpecId=66d2afd3-b4b1-43ab-a7df-ba37ef63f0c7, generation=0) is already enqueued for processing
07-18 19:41:30.288  1066  1210 I ImeTracker: com.example.controlhorario:7110a64a: onRequestHide at ORIGIN_SERVER reason HIDE_UNSPECIFIED_WINDOW fromUser false
07-18 19:41:30.288  1066  1210 I ImeTracker: com.example.controlhorario:7110a64a: onCancelled at PHASE_SERVER_SHOULD_HIDE
07-18 19:41:30.290  3360  4274 D WM-Processor: WorkerWrapper interrupted for e4340b67-f94a-4ee5-b6de-d333d85feb1b
07-18 19:41:30.290  3360  4274 D WM-StopWorkRunnable: StopWorkRunnable for e4340b67-f94a-4ee5-b6de-d333d85feb1b; Processor.stopWork = true
07-18 19:41:30.291   615   615 D vendor.sprd.hardware.memtrack-service: get_ion_memtrack_memory:start!
07-18 19:41:30.293 28501 28533 D WM-Processor: Work WorkGenerationalId(workSpecId=1d628057-1706-4b39-a362-6b1220bef876, generation=0) is already enqueued for processing
07-18 19:41:30.298 28501 28533 I WM-WorkerWrapper: Worker result SUCCESS for Work [ id=1d628057-1706-4b39-a362-6b1220bef876, tags={ com.example.controlhorario.attendance.AttendanceSyncWorker } ]
07-18 19:41:30.300  2583  2583 I GoogleInputMethodService: GoogleInputMethodService.onFinishInput():2276 
07-18 19:41:30.302  2583  2583 I GoogleInputMethodService: GoogleInputMethodService.onStartInput():1460 onStartInput(EditorInfo{EditorInfo{packageName=com.example.controlhorario, inputType=0, inputTypeString=NULL, enableLearning=false, autoCorrection=false, autoComplete=false, imeOptions=0, privateImeOptions=null, actionName=UNSPECIFIED, actionLabel=null, initialSelStart=-1, initialSelEnd=-1, initialCapsMode=0, label=null, fieldId=0, fieldName=null, extras=null, hintText=null, hintLocales=[]}}, false)
07-18 19:41:30.302  2583  2583 I LatinIMEBase: LatinIMEBase.updateInputViewCoverNavigation():317 Update input view padding, isNavbarOverInputWindow=false, bottom inset=72
07-18 19:41:30.304  1066  3094 W PackageConfigPersister: App-specific configuration not found for packageName: com.example.controlhorario and userId: 0
07-18 19:41:30.304  2583 27487 I Module  : DeviceLockedStatusModuleProvider$Module.updateDeviceLockedStatusInternal():129 repeatCheckTimes = 0, locked = false
07-18 19:41:30.305  2583 27487 I Module  : DeviceLockedStatusModuleProvider$Module.updateDeviceLockedStatusInternal():129 repeatCheckTimes = 1, locked = false
07-18 19:41:30.306   650   650 I SurfaceFlinger: updating visibility visibleForInput:1, Snapshot{TraversalPath{.id = 2626}Surface(name=136d9e InputMethod#141)/@0x5c1184c - animation-leash of insets_animation#2626 isVisible=1 {hidden by parent or layer flag} changes=Created | Metadata | FrameRate layerStack=0 geomLayerBounds={-5760.01,-14292.5,14150.4,7039.29} geomLayerTransform={tx=-575.707,ty=63.9683}}
07-18 19:41:30.306   650   650 I SurfaceFlinger: updating visibility visibleForInput:0, Snapshot{TraversalPath{.id = 2626}Surface(name=136d9e InputMethod#141)/@0x5c1184c - animation-leash of insets_animation#2626 isVisible=0 {hidden by parent or layer flag} changes=Created | Metadata | Visibility | FrameRate layerStack=0 geomLayerBounds={-5760.01,-14292.5,14150.4,7039.29} geomLayerTransform={tx=-575.707,ty=63.9683}}
07-18 19:41:30.308   650   699 D mali_gralloc: unregister: id=25d00000d54, handle=0xb400007ba79d7a90, base=0x0, importpid=650, clone_count=0
07-18 19:41:30.311  1066  1234 D DeviceIdleControllerEx: packageName: com.whatsapp uid: 10245 is in preset white app list
07-18 19:41:30.313  3360  4302 I WM-WorkerWrapper: Work [ id=e4340b67-f94a-4ee5-b6de-d333d85feb1b, tags={ com.whatsapp.infra.networking.xmpp.lifecycle.XmppLifecycleWorker } ] was cancelled
07-18 19:41:30.313  3360  4302 I WM-WorkerWrapper: X.J0U
07-18 19:41:30.313  3360  4302 I WM-WorkerWrapper: 	at X.G6E.A01(:6)
07-18 19:41:30.313  3360  4302 I WM-WorkerWrapper: 	at X.Irr.run(:86)
07-18 19:41:30.313  3360  4302 I WM-WorkerWrapper: 	at X.G7r.run(:2)
07-18 19:41:30.313  3360  4302 I WM-WorkerWrapper: 	at java.util.concurrent.ThreadPoolExecutor.runWorker(ThreadPoolExecutor.java:1100)
07-18 19:41:30.313  3360  4302 I WM-WorkerWrapper: 	at java.util.concurrent.ThreadPoolExecutor$Worker.run(ThreadPoolExecutor.java:624)
07-18 19:41:30.313  3360  4302 I WM-WorkerWrapper: 	at java.lang.Thread.run(Thread.java:1572)
07-18 19:41:30.315  3360  4302 D WM-WorkerWrapper: Status for e4340b67-f94a-4ee5-b6de-d333d85feb1b is RUNNING; not doing any work and rescheduling for later execution
07-18 19:41:30.318  3360  3360 D WM-Processor: G6E e4340b67-f94a-4ee5-b6de-d333d85feb1b executed; reschedule = true
07-18 19:41:30.318  3360  3360 D WM-GreedyScheduler: Stopping tracking for WorkGenerationalId(workSpecId=e4340b67-f94a-4ee5-b6de-d333d85feb1b, generation=0)
07-18 19:41:30.322  3360  4302 D WM-GreedyScheduler: Cancelling work ID e4340b67-f94a-4ee5-b6de-d333d85feb1b
07-18 19:41:30.326 28501 28501 D WM-Processor: Processor 1d628057-1706-4b39-a362-6b1220bef876 executed; reschedule = false
07-18 19:41:30.327 28501 28501 D WM-GreedyScheduler: Stopping tracking for WorkGenerationalId(workSpecId=1d628057-1706-4b39-a362-6b1220bef876, generation=0)
07-18 19:41:30.329  3360  4302 D WM-SystemJobScheduler: Scheduling work ID e4340b67-f94a-4ee5-b6de-d333d85feb1bJob ID 30467
07-18 19:41:30.330 28501 28501 D WM-SystemJobService: 1d628057-1706-4b39-a362-6b1220bef876 executed on JobScheduler
07-18 19:41:30.333  3360  4302 D WM-GreedyScheduler: Starting tracking for f2f2fa8f-d818-404b-b8d4-aab7a09c8d5e
07-18 19:41:30.334 28501 28501 D WM-SystemJobService: onStopJob for WorkGenerationalId(workSpecId=1d628057-1706-4b39-a362-6b1220bef876, generation=0)
07-18 19:41:30.336  1066  1079 W JobScheduler: Job didn't exist in JobStore: fc82d19 {androidx.work.systemjobscheduler} #u0a275/278 @androidx.work.systemjobscheduler@com.example.controlhorario/androidx.work.impl.background.systemjob.SystemJobService
07-18 19:41:30.341   615   615 D vendor.sprd.hardware.memtrack-service: get_ion_memtrack_memory:start!
07-18 19:41:30.345  1066  1549 D SSense.GalleryAppSceneRecognizer: GalleryAppScene for uid:10275 pkg name:com.example.controlhorario sceneId:0 changed:false mCurrentFlingAppName:null
07-18 19:41:30.356   650   650 I SurfaceFlinger: updating visibility visibleForInput:0, Snapshot{TraversalPath{.id = 2614}Splash Screen com.example.controlhorario#2614 isVisible=0 {layer not reachable from root} changes=Hierarchy | Parent | RelativeParent | Visibility | AffectsChildren | VisibleRegion layerStack=0 geomLayerBounds={0,0,1280,576} geomLayerTransform={tx=0,ty=0}}
07-18 19:41:30.357   606   606 D mali_gralloc: unregister: id=25d00000d52, handle=0xb4000076cebc4430, base=0x0, importpid=606, clone_count=0
07-18 19:41:30.358   606   606 D mali_gralloc: unregister: id=25d00000d54, handle=0xb4000076cebca4f0, base=0x0, importpid=606, clone_count=0
07-18 19:41:30.359   606   606 D mali_gralloc: unregister: id=25d00000d53, handle=0xb4000076cebc7910, base=0x0, importpid=606, clone_count=0
07-18 19:41:30.363  1066  1662 D PerformanceDatabaseControl: querymem pkgName = com.example.controlhorario
07-18 19:41:30.363  1066  1662 D PerformanceDatabaseControl: querycount pkgName = com.example.controlhorario
07-18 19:41:30.363  1066  1662 D PerformanceDatabaseControl: updateDatabase pkgName = com.example.controlhorario
07-18 19:41:30.372 28501 28516 D WM-GreedyScheduler: Cancelling work ID 1d628057-1706-4b39-a362-6b1220bef876
07-18 19:41:30.391   650   699 D mali_gralloc: unregister: id=25d00000d51, handle=0xb400007ba79e4990, base=0x0, importpid=650, clone_count=0
07-18 19:41:30.561 28501 28544 E FeatureFlagsImplExport: android.os.flagging.AconfigStorageReadException: ERROR_PACKAGE_NOT_FOUND: package com.android.libcore cannot be found on the device
07-18 19:41:30.601   728   728 I adbd    : adbd service requested 'shell:getprop'
07-18 19:41:30.619   650  1197 D mali_gralloc: register: id=25d00000d57, handle=0xb400007ba79e42d0, importpid=650
07-18 19:41:30.619   650   699 D mali_gralloc: unregister: id=25d00000d53, handle=0xb400007ba79e9070, base=0x0, importpid=650, clone_count=0
07-18 19:41:30.623   606   606 D mali_gralloc: register: id=25d00000d57, handle=0xb4000076cebc7910, importpid=606
07-18 19:41:31.537   600   600 D bt_vendor: op for BT_VND_OP_LPM_WAKE_SET_STATE
07-18 19:41:31.541  1066  1235 D WifiStaIfaceHidlImpl: getCachedScanData is not implemented by HIDL
07-18 19:41:31.546  1066  1079 D TelephonyManager: requestModemActivityInfo: Sending result to app: ModemActivityInfo{ mTimestamp=7264491 mSleepTimeMs=0 mIdleTimeMs=0 mActivityStatsTechSpecificInfo=[{mRat=UNKNOWN,mFrequencyRange=UNKNOWN,mTxTimeMs[]=[0, 0, 0, 0, 0],mRxTimeMs=259197}]}
07-18 19:41:31.573   377   377 E android.system.suspend-service: Error opening event_count for wakeup48: Permission denied
07-18 19:41:31.574   377   377 E android.system.suspend-service: Error opening max_time_ms for wakeup48: Permission denied
07-18 19:41:31.574   377   377 E android.system.suspend-service: Error opening wakeup_count for wakeup48: Permission denied
07-18 19:41:31.574   377   377 E android.system.suspend-service: Error opening total_time_ms for wakeup48: Permission denied
07-18 19:41:31.574   377   377 E android.system.suspend-service: Error opening expire_count for wakeup48: Permission denied
07-18 19:41:31.574   377   377 E android.system.suspend-service: Error opening active_count for wakeup48: Permission denied
07-18 19:41:31.574   377   377 E android.system.suspend-service: Error opening last_change_ms for wakeup48: Permission denied
07-18 19:41:31.574   377   377 E android.system.suspend-service: Error opening prevent_suspend_time_ms for wakeup48: Permission denied
07-18 19:41:31.574   377   377 E android.system.suspend-service: Error opening name for wakeup48: Permission denied
07-18 19:41:31.574   377   377 E android.system.suspend-service: Error opening active_time_ms for wakeup48: Permission denied
07-18 19:41:31.576   377   377 E android.system.suspend-service: Error opening event_count for wakeup28: Permission denied
07-18 19:41:31.576   377   377 E android.system.suspend-service: Error opening max_time_ms for wakeup28: Permission denied
07-18 19:41:31.576   377   377 E android.system.suspend-service: Error opening wakeup_count for wakeup28: Permission denied
07-18 19:41:31.576   377   377 E android.system.suspend-service: Error opening total_time_ms for wakeup28: Permission denied
07-18 19:41:31.576   377   377 E android.system.suspend-service: Error opening expire_count for wakeup28: Permission denied
07-18 19:41:31.576   377   377 E android.system.suspend-service: Error opening active_count for wakeup28: Permission denied
07-18 19:41:31.576   377   377 E android.system.suspend-service: Error opening last_change_ms for wakeup28: Permission denied
07-18 19:41:31.576   377   377 E android.system.suspend-service: Error opening prevent_suspend_time_ms for wakeup28: Permission denied
07-18 19:41:31.576   377   377 E android.system.suspend-service: Error opening name for wakeup28: Permission denied
07-18 19:41:31.576   377   377 E android.system.suspend-service: Error opening active_time_ms for wakeup28: Permission denied
07-18 19:41:31.593   377   377 E android.system.suspend-service: Error opening event_count for wakeup29: Permission denied
07-18 19:41:31.594   377   377 E android.system.suspend-service: Error opening max_time_ms for wakeup29: Permission denied
07-18 19:41:31.594   377   377 E android.system.suspend-service: Error opening wakeup_count for wakeup29: Permission denied
07-18 19:41:31.594   377   377 E android.system.suspend-service: Error opening total_time_ms for wakeup29: Permission denied
07-18 19:41:31.594   377   377 E android.system.suspend-service: Error opening expire_count for wakeup29: Permission denied
07-18 19:41:31.594   377   377 E android.system.suspend-service: Error opening active_count for wakeup29: Permission denied
07-18 19:41:31.594   377   377 E android.system.suspend-service: Error opening last_change_ms for wakeup29: Permission denied
07-18 19:41:31.594   377   377 E android.system.suspend-service: Error opening prevent_suspend_time_ms for wakeup29: Permission denied
07-18 19:41:31.594   377   377 E android.system.suspend-service: Error opening name for wakeup29: Permission denied
07-18 19:41:31.594   377   377 E android.system.suspend-service: Error opening active_time_ms for wakeup29: Permission denied
07-18 19:41:31.600   377   377 E android.system.suspend-service: Error opening event_count for wakeup15: Permission denied
07-18 19:41:31.601   377   377 E android.system.suspend-service: Error opening max_time_ms for wakeup15: Permission denied
07-18 19:41:31.601   377   377 E android.system.suspend-service: Error opening wakeup_count for wakeup15: Permission denied
07-18 19:41:31.601   377   377 E android.system.suspend-service: Error opening total_time_ms for wakeup15: Permission denied
07-18 19:41:31.601   377   377 E android.system.suspend-service: Error opening expire_count for wakeup15: Permission denied
07-18 19:41:31.602   377   377 E android.system.suspend-service: Error opening active_count for wakeup15: Permission denied
07-18 19:41:31.602   377   377 E android.system.suspend-service: Error opening last_change_ms for wakeup15: Permission denied
07-18 19:41:31.602   377   377 E android.system.suspend-service: Error opening prevent_suspend_time_ms for wakeup15: Permission denied
07-18 19:41:31.602   377   377 E android.system.suspend-service: Error opening name for wakeup15: Permission denied
07-18 19:41:31.602   377   377 E android.system.suspend-service: Error opening active_time_ms for wakeup15: Permission denied
07-18 19:41:31.624  1066  1111 D KernelCpuUidUserSysTimeReader: Removing uids 90001-90001
07-18 19:41:31.624  1066  1111 D KernelCpuUidUserSysTimeReader: Removing uids 90002-90002
07-18 19:41:31.625  1066  1111 D KernelCpuUidUserSysTimeReader: Removing uids 90003-90003
07-18 19:41:31.625  1066  1111 D KernelCpuUidUserSysTimeReader: Removing uids 90000-90000
07-18 19:41:31.780  1066  1075 I system_server: Background young concurrent mark compact GC freed 65MB AllocSpace bytes, 1357(27MB) LOS objects, 60% free, 61MB/155MB, paused 1.783ms,4.132ms total 162.515ms
07-18 19:41:31.787  1066  1076 I BpBinder: onLastStrongRef automatically unlinking death recipients: 
07-18 19:41:31.824  1066  1077 W System  : A resource failed to call release. 
07-18 19:41:31.826  1066  1077 W System  : A resource failed to call HardwareBuffer.close. 
07-18 19:41:31.826  1066  1077 D mali_gralloc: unregister: id=25d00000d40, handle=0xb4000070c46eb470, base=0x0, importpid=1066, clone_count=0
07-18 19:41:31.826  1066  1077 W System  : A resource failed to call HardwareBuffer.close. 
07-18 19:41:31.826  1066  1077 D mali_gralloc: unregister: id=25d00000d3f, handle=0xb4000070c46e5050, base=0x0, importpid=1066, clone_count=0
07-18 19:41:31.826  1066  1077 W System  : A resource failed to call HardwareBuffer.close. 
07-18 19:41:31.826  1066  1077 D mali_gralloc: unregister: id=25d00000d3e, handle=0xb4000070c46e5a70, base=0x0, importpid=1066, clone_count=0
07-18 19:41:31.827  1066  1077 W System  : A resource failed to call HardwareBuffer.close. 
07-18 19:41:31.827  1066  1077 D mali_gralloc: unregister: id=25d00000d37, handle=0xb4000070c4702d50, base=0x0, importpid=1066, clone_count=0
07-18 19:41:31.827  1066  1077 W System  : A resource failed to call HardwareBuffer.close. 
07-18 19:41:31.827  1066  1077 D mali_gralloc: unregister: id=25d00000d33, handle=0xb4000070c46fca50, base=0x0, importpid=1066, clone_count=0
07-18 19:41:31.830  1066  1077 W System  : A resource failed to call HardwareBuffer.close. 
07-18 19:41:31.831  1066  1077 D mali_gralloc: unregister: id=25d00000d29, handle=0xb4000070c4715f50, base=0x0, importpid=1066, clone_count=0
07-18 19:41:31.831  1066  1077 W System  : A resource failed to call release. 
07-18 19:41:31.832  1066  1077 W System  : A resource failed to call close. 
07-18 19:41:31.832  1066  1077 W System  : A resource failed to call HardwareBuffer.close. 
07-18 19:41:31.833  1066  1077 D mali_gralloc: unregister: id=25d00000d13, handle=0xb4000070c46e9070, base=0x0, importpid=1066, clone_count=0
07-18 19:41:31.833  1066  1077 W System  : A resource failed to call HardwareBuffer.close. 
07-18 19:41:31.833  1066  1077 D mali_gralloc: unregister: id=25d00000d0f, handle=0xb4000070c46f5e50, base=0x0, importpid=1066, clone_count=0
07-18 19:41:31.842 28501 28544 D EmployeeSync: HTTP: 200 en 1610 ms
07-18 19:41:31.842 28501 28544 D EmployeeSync: Response Body: {"employees":[],"inactive":[],"cursor":{"updated_at":"2026-07-18T02:36:55.757379+00:00","id":"b913f070-dd86-4751-9c2f-63643763f6f2"},"has_more":false,"synced_at":"2026-07-18T23:41:31.093Z","company_id":"672b1cef-65d7-4e55-99b0-31b3b1d5a4fa","diagnostic_request_id":"576fac6c-8ffe-4fae-9359-19c553fd5d31"}
07-18 19:41:31.843 28501 28544 D EmployeeSync: company_id: 672b1cef-65d7-4e55-99b0-31b3b1d5a4fa; diagnostic_request_id: 576fac6c-8ffe-4fae-9359-19c553fd5d31
07-18 19:41:31.843 28501 28544 D EmployeeSync: empleados recibidos: activos=0, inactivos=0, cursor=EmployeeSyncCursor(updatedAt=2026-07-18T02:36:55.757379+00:00, id=b913f070-dd86-4751-9c2f-63643763f6f2), hasMore=false
07-18 19:41:31.843 28501 28544 D EmployeeSync: Room recibe página: activos=0, inactivos=0, cursor_respuesta=EmployeeSyncCursor(updatedAt=2026-07-18T02:36:55.757379+00:00, id=b913f070-dd86-4751-9c2f-63643763f6f2)
07-18 19:41:31.854 28501 28544 D EmployeeSync: Room sync final: recibidos=0, insertados=0, actualizados=0, descartados=0, activados=0, desactivados=0, cursor_guardado=EmployeeSyncCursor(updatedAt=2026-07-18T02:36:55.757379+00:00, id=b913f070-dd86-4751-9c2f-63643763f6f2)
07-18 19:41:31.854 28501 28544 D EmployeeSync: WorkManager éxito: EmployeeSyncSummary(downloaded=0, activated=0, deactivated=0, syncedAt=1784418091850)
07-18 19:41:31.858 28501 28534 I WM-WorkerWrapper: Worker result SUCCESS for Work [ id=66d2afd3-b4b1-43ab-a7df-ba37ef63f0c7, tags={ com.example.controlhorario.device.EmployeeSyncWorker } ]
07-18 19:41:31.877 28501 28501 D WM-Processor: Processor 66d2afd3-b4b1-43ab-a7df-ba37ef63f0c7 executed; reschedule = false
07-18 19:41:31.878 28501 28501 D WM-GreedyScheduler: Stopping tracking for WorkGenerationalId(workSpecId=66d2afd3-b4b1-43ab-a7df-ba37ef63f0c7, generation=0)
07-18 19:41:31.879 28501 28501 D WM-SystemJobService: 66d2afd3-b4b1-43ab-a7df-ba37ef63f0c7 executed on JobScheduler
07-18 19:41:31.888 28501 28534 D WM-GreedyScheduler: Cancelling work ID 66d2afd3-b4b1-43ab-a7df-ba37ef63f0c7
07-18 19:41:31.892 28501 28534 D WM-NetworkStateTracker: Unregistering network callback
07-18 19:41:32.238   728   728 I adbd    : adbd service requested 'shell,v2,raw:pidof com.example.controlhorario'
07-18 19:41:32.341  1066  1235 D WifiStaIfaceHidlImpl: getCachedScanData is not implemented by HIDL
07-18 19:41:32.354  1066  1235 I HalDevMgr: bestIfaceCreationProposal is null, requestIface=STA, existingIface=[name=wlan0 type=STA]
07-18 19:41:32.646   728   728 I adbd    : adbd service requested 'shell,v2,raw:input tap 116 295'
07-18 19:41:32.757  1138  1138 D srmiproxyd: 7f3c384d20, select return 1
07-18 19:41:32.757  1138  1138 D srmiproxyd: 7f3c384d20, main_loop, mark 1, fd 4
07-18 19:41:32.757  1138  1138 D libsrmi : srmi_msg_recv, mark 2, fd 4, len 0, buff 40
07-18 19:41:32.757  1138  1138 D libsrmi : read fd 4, ret 40, buff size 40
07-18 19:41:32.757  1138  1138 D libsrmi : srmi_msg_recv, mark 3, fd 4, ret 40, left 0, err -1
07-18 19:41:32.757  1138  1138 D libsrmi : fd 4 rx parser, get simple msg 0xb400007cb509b690, len 40, dptr(0xb400007cb509b6b8), dsz(0)
07-18 19:41:32.757  1138  1138 D libsrmi : srmi_msg_recv, mark 4, fd 4, ret 40, err 0
07-18 19:41:32.757  1138  1138 D srmiproxyd: 7f3c384d20: recv peer MSG, VoWifi-cpims, id(4), flag(0x42), len(40), [20/0]
07-18 19:41:32.757  1138  1138 E srmiproxyd: unknown peer msg
07-18 19:41:32.757  1138  1138 D srmiproxyd: 7f3c384d20, add fd f to select
07-18 19:41:32.757  1138  1138 D srmiproxyd: 7f3c384d20, add fd d to select
07-18 19:41:32.757  1138  1138 D srmiproxyd: 7f3c384d20, add fd b to select
07-18 19:41:32.765  1066  3094 W ContextImpl: Calling a method in the system process without a qualified user: android.app.ContextImpl.sendBroadcastMultiplePermissions:1299 android.content.Context.sendBroadcastMultiplePermissions:2522 com.android.server.TelephonyRegistry.broadcastServiceStateChanged:3697 com.android.server.TelephonyRegistry.notifyServiceStateForPhoneId:1759 com.android.internal.telephony.ITelephonyRegistry$Stub.onTransact:546 
07-18 19:41:32.766  1066  3094 V BroadcastQueue: Enqueuing BroadcastRecord{84cf9b9 android.intent.action.SERVICE_STATE/u-1} ordered=false from uid 1000 pid 1066 for 3 receivers
07-18 19:41:32.768  1066  3094 W ContextImpl: Calling a method in the system process without a qualified user: android.app.ContextImpl.sendBroadcastMultiplePermissions:1332 com.android.server.TelephonyRegistry.broadcastServiceStateChanged:3702 com.android.server.TelephonyRegistry.notifyServiceStateForPhoneId:1759 com.android.internal.telephony.ITelephonyRegistry$Stub.onTransact:546 android.os.Binder.execTransactInternal:1505 
07-18 19:41:32.769  1066  3094 V BroadcastQueue: Enqueuing BroadcastRecord{af2e1fe android.intent.action.SERVICE_STATE/u-1} ordered=false from uid 1000 pid 1066 for 3 receivers
07-18 19:41:32.771  1066  3094 W ContextImpl: Calling a method in the system process without a qualified user: android.app.ContextImpl.sendBroadcastMultiplePermissions:1332 com.android.server.TelephonyRegistry.broadcastServiceStateChanged:3711 com.android.server.TelephonyRegistry.notifyServiceStateForPhoneId:1759 com.android.internal.telephony.ITelephonyRegistry$Stub.onTransact:546 android.os.Binder.execTransactInternal:1505 
07-18 19:41:32.772  1066  3094 V BroadcastQueue: Enqueuing BroadcastRecord{2b9cd5f android.intent.action.SERVICE_STATE/u-1} ordered=false from uid 1000 pid 1066 for 3 receivers
07-18 19:41:32.774  1066  3094 W ContextImpl: Calling a method in the system process without a qualified user: android.app.ContextImpl.sendBroadcastMultiplePermissions:1332 com.android.server.TelephonyRegistry.broadcastServiceStateChanged:3717 com.android.server.TelephonyRegistry.notifyServiceStateForPhoneId:1759 com.android.internal.telephony.ITelephonyRegistry$Stub.onTransact:546 android.os.Binder.execTransactInternal:1505 
07-18 19:41:32.777  1066  3094 V BroadcastQueue: Enqueuing BroadcastRecord{c2993ac android.intent.action.SERVICE_STATE/u-1} ordered=false from uid 1000 pid 1066 for 3 receivers
07-18 19:41:32.780  1066  1100 D ActivityManager: sync unfroze 27463 com.google.android.cellbroadcastreceiver for 3
07-18 19:41:32.783 27463 27463 D CellBroadcastReceiver: onReceive Intent { act=android.intent.action.SERVICE_STATE flg=0x1000010 cmp=com.google.android.cellbroadcastreceiver/com.android.cellbroadcastreceiver.CellBroadcastReceiver (has extras) }
07-18 19:41:32.784 27463 27463 D CellBroadcastReceiver: onServiceStateChanged, ss: 1
07-18 19:41:32.784 27463 27463 D CellBroadcastReceiver: networkOperator: 
07-18 19:41:32.784  2445  2445 W KeyguardUpdateMonitorLog: invalid subId in handleServiceStateChange()
07-18 19:41:32.785 27463 27463 D CellBroadcastReceiver: networkOperator on emergency mode: 370 for the country code: do
07-18 19:41:32.785 27463 27463 D CellBroadcastReceiver: roamingNetworks: [XXX]
07-18 19:41:32.785 27463 27463 D CellBroadcastReceiver: mockmodem is running? = false
07-18 19:41:32.785 27463 27463 D CellBroadcastReceiver: update supported roaming operator as 370
07-18 19:41:32.789  1523  1801 D IwlanNetworkService: requestNetworkRegistrationInfo,domain:2 callback:android.telephony.NetworkServiceCallback@52989d4
07-18 19:41:32.796  1523  1801 D UnisocCallsettingManagerImpl: isVtEnabledByOperator...  setting = -1 | onByDefault = true
07-18 19:41:32.801  1523  1801 D IwlanNetworkService: requestNetworkRegistrationInfo,domain:2 callback:android.telephony.NetworkServiceCallback@8a6777d
07-18 19:41:32.807  1523  1801 D UnisocCallsettingManagerImpl: isVtEnabledByOperator...  setting = -1 | onByDefault = true
07-18 19:41:32.821   650  1197 D mali_gralloc: register: id=25d00000d56, handle=0xb400007ba79da9d0, importpid=650
07-18 19:41:32.828  1066  1079 W ContextImpl: Calling a method in the system process without a qualified user: android.app.ContextImpl.sendBroadcastMultiplePermissions:1299 android.content.Context.sendBroadcastMultiplePermissions:2522 com.android.server.TelephonyRegistry.broadcastServiceStateChanged:3697 com.android.server.TelephonyRegistry.notifyServiceStateForPhoneId:1759 com.android.internal.telephony.ITelephonyRegistry$Stub.onTransact:546 
07-18 19:41:32.828  1066  1079 V BroadcastQueue: Enqueuing BroadcastRecord{bba7875 android.intent.action.SERVICE_STATE/u-1} ordered=false from uid 1000 pid 1066 for 3 receivers
07-18 19:41:32.830  1066  1079 W ContextImpl: Calling a method in the system process without a qualified user: android.app.ContextImpl.sendBroadcastMultiplePermissions:1332 com.android.server.TelephonyRegistry.broadcastServiceStateChanged:3702 com.android.server.TelephonyRegistry.notifyServiceStateForPhoneId:1759 com.android.internal.telephony.ITelephonyRegistry$Stub.onTransact:546 android.os.Binder.execTransactInternal:1505 
07-18 19:41:32.831  1066  1079 V BroadcastQueue: Enqueuing BroadcastRecord{e97200a android.intent.action.SERVICE_STATE/u-1} ordered=false from uid 1000 pid 1066 for 3 receivers
07-18 19:41:32.833   606   606 D mali_gralloc: register: id=25d00000d56, handle=0xb4000076cebca4f0, importpid=606
07-18 19:41:32.833  1066  1079 W ContextImpl: Calling a method in the system process without a qualified user: android.app.ContextImpl.sendBroadcastMultiplePermissions:1332 com.android.server.TelephonyRegistry.broadcastServiceStateChanged:3711 com.android.server.TelephonyRegistry.notifyServiceStateForPhoneId:1759 com.android.internal.telephony.ITelephonyRegistry$Stub.onTransact:546 android.os.Binder.execTransactInternal:1505 
07-18 19:41:32.834  1066  1079 V BroadcastQueue: Enqueuing BroadcastRecord{3d7e07b android.intent.action.SERVICE_STATE/u-1} ordered=false from uid 1000 pid 1066 for 3 receivers
07-18 19:41:32.836  1066  1079 W ContextImpl: Calling a method in the system process without a qualified user: android.app.ContextImpl.sendBroadcastMultiplePermissions:1332 com.android.server.TelephonyRegistry.broadcastServiceStateChanged:3717 com.android.server.TelephonyRegistry.notifyServiceStateForPhoneId:1759 com.android.internal.telephony.ITelephonyRegistry$Stub.onTransact:546 android.os.Binder.execTransactInternal:1505 
07-18 19:41:32.837  1066  1079 V BroadcastQueue: Enqueuing BroadcastRecord{3723e98 android.intent.action.SERVICE_STATE/u-1} ordered=false from uid 1000 pid 1066 for 3 receivers
07-18 19:41:32.839  1326  1326 D ServiceStateProvider: subId=-1
07-18 19:41:32.840 27463 27463 D CellBroadcastReceiver: onReceive Intent { act=android.intent.action.SERVICE_STATE flg=0x1000010 cmp=com.google.android.cellbroadcastreceiver/com.android.cellbroadcastreceiver.CellBroadcastReceiver (has extras) }
07-18 19:41:32.841 27463 27463 D CellBroadcastReceiver: onServiceStateChanged, ss: 1
07-18 19:41:32.842 27463 27463 D CellBroadcastReceiver: networkOperator: 
07-18 19:41:32.842 27463 27463 D CellBroadcastReceiver: networkOperator on emergency mode: 370 for the country code: do
07-18 19:41:32.842  2445  2445 W KeyguardUpdateMonitorLog: invalid subId in handleServiceStateChange()
07-18 19:41:32.842 27463 27463 D CellBroadcastReceiver: roamingNetworks: [XXX]
07-18 19:41:32.842 27463 27463 D CellBroadcastReceiver: mockmodem is running? = false
07-18 19:41:32.843 27463 27463 D CellBroadcastReceiver: update supported roaming operator as 370
07-18 19:41:33.252   600  1773 D bt_vendor: op for BT_VND_OP_EVENT_CALLBACK
07-18 19:41:33.252   600  1773 D bt_vnd_ssp: sprd_vse_cback: 0x0a
07-18 19:41:33.254  1574  1748 W bluetooth: system/gd/hci/hci_layer.cc:499 on_vs_event: Unhandled vendor specific event of type Unknown VseSubeventCode(0x0a)
07-18 19:41:33.419   728   728 I adbd    : adbd service requested 'shell,v2,raw:input tap 288 295'
07-18 19:41:33.540  1066  1187 D ActivityManager: freezing 3277 com.google.android.apps.messaging
07-18 19:41:33.916   728   728 I adbd    : adbd service requested 'shell,v2,raw:input tap 458 295'
07-18 19:41:34.404   728   728 I adbd    : adbd service requested 'shell,v2,raw:input tap 116 379'
07-18 19:41:34.683 28501 28591 D ProfileInstaller: Installing profile for com.example.controlhorario
07-18 19:41:34.754   600  1773 D bt_vendor: op for BT_VND_OP_LPM_WAKE_SET_STATE
07-18 19:41:34.995   728   728 I adbd    : adbd service requested 'shell,v2,raw:input tap 288 379'
07-18 19:41:35.110 28501 28501 D EMPLOYEE_LOOKUP: layer=EmployeePunchViewModel event=START enteredDigits=5
07-18 19:41:35.120 28501 28501 D EMPLOYEE_LOOKUP: layer=Room codeLength=5 matchedBy=employeeCode employeeId=2 active=true
07-18 19:41:35.224 28501 28501 D EMPLOYEE_STATE: event=EMPLOYEE_ASSIGNED employeeId=2 hasFaceTemplate=false
07-18 19:41:35.286  1066  1112 D AppOps  : evalModeInternal: uid = 10245, code = 27, uidState = 600, uidCapability = 0, opCapability = 4
07-18 19:41:35.287  2618 21815 I eohs    : (REDACTED) HDM. appOpsListener %s %s
07-18 19:41:35.287  2618 21815 I eohs    : (REDACTED) HDM. Ignoring irrelevant audio permission changes for package %s
07-18 19:41:35.287  1066  1112 D AppOps  : evalModeInternal: uid = 10245, code = 26, uidState = 600, uidCapability = 0, opCapability = 2
07-18 19:41:35.288  1066  1112 D AppOps  : evalModeInternal: uid = 10245, code = 1, uidState = 600, uidCapability = 0, opCapability = 1
07-18 19:41:35.361  1066  1235 D WifiStaIfaceHidlImpl: getCachedScanData is not implemented by HIDL
07-18 19:41:35.369  1066  1235 I HalDevMgr: bestIfaceCreationProposal is null, requestIface=STA, existingIface=[name=wlan0 type=STA]
07-18 19:41:35.646  1479  1737 D IpClient/wlan0: interfaceLinkStateChanged: ifindex 28 up
07-18 19:41:35.708   613   613 D enhanceHAL: sunlightRead: current ambient = 1
07-18 19:41:36.028   613   613 D enhanceHAL: sunlightRead: current ambient = 3
07-18 19:41:36.094  3360 27888 I com.whatsapp: Explicit concurrent mark compact GC freed 29MB AllocSpace bytes, 37(2488KB) LOS objects, 70% free, 39MB/135MB, paused 2.181ms,26.081ms total 810.636ms
07-18 19:41:36.188   613   613 D enhanceHAL: sunlightRead: current ambient = 12
07-18 19:41:36.350   613   613 D enhanceHAL: sunlightRead: current ambient = 18
07-18 19:41:36.509   613   613 D enhanceHAL: sunlightRead: current ambient = 12
07-18 19:41:36.831   613   613 D enhanceHAL: sunlightRead: current ambient = 20
07-18 19:41:36.990   613   613 D enhanceHAL: sunlightRead: current ambient = 17
07-18 19:41:37.176  1066  1187 D ActivityManager: freezing 27703 com.android.vending
07-18 19:41:37.185  1066  1252 D InetDiagMessage: Destroyed 0 sockets, proto=IPPROTO_TCP, family=AF_INET, states=14
07-18 19:41:37.189  1066  1252 D InetDiagMessage: Destroyed 1 sockets, proto=IPPROTO_TCP, family=AF_INET6, states=14
07-18 19:41:37.189  1066  1252 D InetDiagMessage: Destroyed live tcp sockets for uids={10130} in 9ms
07-18 19:41:37.311   613   613 D enhanceHAL: sunlightRead: current ambient = 21
07-18 19:41:37.365   728   728 I adbd    : adbd service requested 'shell,v2,raw:uiautomator dump /sdcard/face_before_click.xml'
07-18 19:41:37.470   613   613 D enhanceHAL: sunlightRead: current ambient = 9
07-18 19:41:37.620 28598 28598 D AndroidRuntime: >>>>>> START com.android.internal.os.RuntimeInit uid 2000 <<<<<<
07-18 19:41:37.627 28598 28598 I app_process: MMAP_TRYLOCK is supported in uffd errno:2 addr:0x7a28ed2000 size:4096
07-18 19:41:37.629 28598 28598 I AndroidRuntime: Using default boot image
07-18 19:41:37.629 28598 28598 I AndroidRuntime: Leaving lock profiling enabled
07-18 19:41:37.630   613   613 D enhanceHAL: sunlightRead: current ambient = 7
07-18 19:41:37.634 28598 28598 I app_process: Using generational CollectorTypeCMC GC.
07-18 19:41:37.729 28598 28598 D nativeloader: InitDefaultPublicLibraries for_preload=1: libandroid.so:libaaudio.so:libamidi.so:libbinder_ndk.so:libc.so:libcamera2ndk.so:libdl.so:libEGL.so:libGLESv1_CM.so:libGLESv2.so:libGLESv3.so:libicu.so:libicui18n.so:libicuuc.so:libjnigraphics.so:liblog.so:libmediandk.so:libm.so:libnativehelper.so:libnativewindow.so:libOpenMAXAL.so:libOpenSLES.so:libRS.so:libstdc++.so:libsync.so:libvulkan.so:libwebviewchromium_plat_support.so:libz.so
07-18 19:41:37.746 28598 28598 D nativeloader: Load libicu_jni.so using APEX ns com_android_art for caller /apex/com.android.art/javalib/core-oj.jar: ok
07-18 19:41:37.746 28598 28598 D app_process: u_setTimeZoneFilesDirectory("/apex/com.android.tzdata/etc/tz/versioned/8/icu") succeeded. 
07-18 19:41:37.746 28598 28598 D app_process: I18n APEX ICU file found: /apex/com.android.i18n/etc/icu/icudt75l.dat
07-18 19:41:37.748 28598 28598 D nativeloader: Load libjavacore.so using APEX ns com_android_art for caller /apex/com.android.art/javalib/core-oj.jar: ok
07-18 19:41:37.749 28598 28598 D nativeloader: Load libopenjdk.so using APEX ns com_android_art for caller /apex/com.android.art/javalib/core-oj.jar: ok
07-18 19:41:37.751 28598 28598 I app_process: Priority-to-niceness mapping: 19, 16, 13, 10, 0, -2, -4, -5, -6, -8
07-18 19:41:37.790   613   613 D enhanceHAL: sunlightRead: current ambient = 9
07-18 19:41:37.803 28598 28598 D nativeloader: Load libframework-connectivity-tiramisu-jni.so using APEX ns com_android_tethering for caller /apex/com.android.tethering/javalib/framework-connectivity-t.jar: ok
07-18 19:41:37.804 28598 28598 D AndroidRuntime: Calling main entry com.android.commands.uiautomator.Launcher
07-18 19:41:37.808 28598 28598 W System  : ClassLoader referenced unknown path: /system_ext/framework/cta_security_jar.jar
07-18 19:41:37.809 28598 28598 W CtaPermFactory: CtaPermFactory not found
07-18 19:41:37.813 28598 28598 D UiAutomationConnection: Created on user UserHandle{0}
07-18 19:41:37.813 28598 28598 I UiAutomation: Initialized for user 0 on display 0
07-18 19:41:37.813 28598 28598 W UiAutomation: Created with deprecatead constructor, assumes DEFAULT_DISPLAY
07-18 19:41:37.817  1066  1165 D AccessibilityManagerService: changeCurrentUserForTestAutomationIfNeededLocked(0): ignoring because device doesn't support visible background users
07-18 19:41:37.817  1066  1165 I UiAutomationManager: Registering UiTestAutomationService (id=com.android.server.accessibility/UiAutomation, flags=0x0) when called by user 0
07-18 19:41:37.821  1066  1165 W MagnificationConnectionManager: requestConnection duplicated request: connect=false, mConnectionState=DISCONNECTED
07-18 19:41:37.830  1066  1066 D BatterySaverPolicy: accessibility changed to true, updating policy.
07-18 19:41:37.834  1066  2443 W MagnificationConnectionManager: requestConnection duplicated request: connect=false, mConnectionState=DISCONNECTED
07-18 19:41:37.838  1066  1066 D AS.AudioService: Accessibility volume enabled = false
07-18 19:41:37.846   650   650 I SurfaceFlinger: updating visibility visibleForInput:1, Snapshot{TraversalPath{.id = 2627}WindowToken{186ff37 type=2032 android.os.Binder@3c0d436}-topChild=null#2627 isVisible=1 {nothing to draw} changes=Created | Metadata | Visibility | AffectsChildren | FrameRate | VisibleRegion layerStack=0 geomLayerBounds={-5760,-12800,12800,5760} geomLayerTransform={tx=0,ty=0}}
07-18 19:41:37.847   650   650 I SurfaceFlinger: updating visibility visibleForInput:0, Snapshot{TraversalPath{.id = 2627}WindowToken{186ff37 type=2032 android.os.Binder@3c0d436}-topChild=null#2627 isVisible=0 {nothing to draw} changes=Created | Metadata | Visibility | AffectsChildren | FrameRate | VisibleRegion layerStack=0 geomLayerBounds={-5760,-12800,12800,5760} geomLayerTransform={tx=0,ty=0}}
07-18 19:41:37.950   613   613 D enhanceHAL: sunlightRead: current ambient = 28
07-18 19:41:38.111   613   613 D enhanceHAL: sunlightRead: current ambient = 103
07-18 19:41:38.271   613   613 D enhanceHAL: sunlightRead: current ambient = 134
07-18 19:41:38.291  1066  1094 E UnisocWatchdog: UnisocWatchdogImpl sendMessage:0
07-18 19:41:38.292  1066  1166 E UnisocWatchdog: UNISOCWATCHDOG_MESSAGE_TIMER30 trigger
07-18 19:41:38.331  1066  1549 D SSense.GalleryAppSceneRecognizer: GalleryAppScene for uid:10275 pkg name:com.example.controlhorario sceneId:0 changed:false mCurrentFlingAppName:null
07-18 19:41:38.334  1066  1549 D SSense.GalleryAppSceneRecognizer: GalleryAppScene for uid:10275 pkg name:com.example.controlhorario sceneId:0 changed:false mCurrentFlingAppName:null
07-18 19:41:38.379  1066  1235 D WifiStaIfaceHidlImpl: getCachedScanData is not implemented by HIDL
07-18 19:41:38.391  1066  1235 I HalDevMgr: bestIfaceCreationProposal is null, requestIface=STA, existingIface=[name=wlan0 type=STA]
