07-18 19:41:38.431   613   613 D enhanceHAL: sunlightRead: current ambient = 13
07-18 19:41:38.592   613   613 D enhanceHAL: sunlightRead: current ambient = 25
07-18 19:41:38.752   613   613 D enhanceHAL: sunlightRead: current ambient = 5
07-18 19:41:38.853 28598 28598 W libc    : Access denied finding property "qemu.sf.lcd_density"
07-18 19:41:38.853 28598 28598 W libc    : Access denied finding property "qemu.sf.lcd_density"
07-18 19:41:38.849 28598 28598 W uiautomator: type=1400 audit(0.0:22884): avc:  denied  { read } for  name="u:object_r:qemu_sf_lcd_density_prop:s0" dev="tmpfs" ino=361 scontext=u:r:shell:s0 tcontext=u:object_r:qemu_sf_lcd_density_prop:s0 tclass=file permissive=0
07-18 19:41:38.849 28598 28598 W uiautomator: type=1400 audit(0.0:22885): avc:  denied  { read } for  name="u:object_r:qemu_sf_lcd_density_prop:s0" dev="tmpfs" ino=361 scontext=u:r:shell:s0 tcontext=u:object_r:qemu_sf_lcd_density_prop:s0 tclass=file permissive=0
07-18 19:41:38.864  2596  3157 W MediaProvider: isAppCloneUserPair for user 0: false
07-18 19:41:38.910   613   613 D enhanceHAL: sunlightRead: current ambient = 2
07-18 19:41:39.071   613   613 D enhanceHAL: sunlightRead: current ambient = 0
07-18 19:41:39.128 28598 28598 W AccessibilityNodeInfoDumper: Fetch time: 272ms
07-18 19:41:39.135  1066  1163 W MagnificationConnectionManager: requestConnection duplicated request: connect=false, mConnectionState=DISCONNECTED
07-18 19:41:39.136  1066  1163 D AccessibilityManagerService: restoreCurrentUserForTestAutomationIfNeededLocked(): ignoring because device doesn't support visible background users
07-18 19:41:39.140 28598 28598 D AndroidRuntime: Shutting down VM
07-18 19:41:39.142  1066  1066 D BatterySaverPolicy: accessibility changed to false, updating policy.
07-18 19:41:39.336  1066  1549 D SSense.GalleryAppSceneRecognizer: GalleryAppScene for uid:10275 pkg name:com.example.controlhorario sceneId:0 changed:false mCurrentFlingAppName:null
07-18 19:41:39.996 28598 28598 I app_process: hook_module_exit libgui_unisoc_utils.so over, handle:0x0
07-18 19:41:40.097   728   728 I adbd    : adbd service requested 'shell,v2,raw:cat /sdcard/face_before_click.xml'
07-18 19:41:40.334   728   728 I adbd    : adbd service requested 'shell,v2,raw:input tap 288 727'
07-18 19:41:40.575 28501 28501 W WindowOnBackDispatcher: OnBackInvokedCallback is not enabled for the application.
07-18 19:41:40.575 28501 28501 W WindowOnBackDispatcher: Set 'android:enableOnBackInvokedCallback="true"' in the application manifest.
07-18 19:41:40.674   613   613 D enhanceHAL: sunlightRead: current ambient = 1
07-18 19:41:40.703   379 28546 I keystore2: system/security/keystore2/watchdog/src/lib.rs:319 - Watchdog thread idle -> terminating. Have a great day.
07-18 19:41:40.832   613   613 D enhanceHAL: sunlightRead: current ambient = 2
07-18 19:41:40.993   613   613 D enhanceHAL: sunlightRead: current ambient = 3
07-18 19:41:41.154   613   613 D enhanceHAL: sunlightRead: current ambient = 0
07-18 19:41:41.314   613   613 D enhanceHAL: sunlightRead: current ambient = 12
07-18 19:41:41.342  1066  1549 D SSense.GalleryAppSceneRecognizer: GalleryAppScene for uid:10275 pkg name:com.example.controlhorario sceneId:0 changed:false mCurrentFlingAppName:null
07-18 19:41:41.398  1066  1235 D WifiStaIfaceHidlImpl: getCachedScanData is not implemented by HIDL
07-18 19:41:41.410  1066  1235 I HalDevMgr: bestIfaceCreationProposal is null, requestIface=STA, existingIface=[name=wlan0 type=STA]
07-18 19:41:41.475   613   613 D enhanceHAL: sunlightRead: current ambient = 7
07-18 19:41:41.635   613   613 D enhanceHAL: sunlightRead: current ambient = 3
07-18 19:41:41.955   613   613 D enhanceHAL: sunlightRead: current ambient = 4
07-18 19:41:42.070  3360  3360 D WM-DelayedWorkTracker: Scheduling work e4340b67-f94a-4ee5-b6de-d333d85feb1b
07-18 19:41:42.070  3360  3360 D WM-GreedyScheduler: Starting tracking for e4340b67-f94a-4ee5-b6de-d333d85feb1b
07-18 19:41:42.074  3360  4268 D WM-GreedyScheduler: Constraints met: Scheduling work ID WorkGenerationalId(workSpecId=e4340b67-f94a-4ee5-b6de-d333d85feb1b, generation=0)
07-18 19:41:42.076  3360  4268 D WM-Processor: G6E: processing WorkGenerationalId(workSpecId=e4340b67-f94a-4ee5-b6de-d333d85feb1b, generation=0)
07-18 19:41:42.085  3360  3360 D WM-WorkerWrapper: Starting work for com.whatsapp.infra.networking.xmpp.lifecycle.XmppLifecycleWorker
07-18 19:41:42.115   613   613 D enhanceHAL: sunlightRead: current ambient = 5
07-18 19:41:42.756   613   613 D enhanceHAL: sunlightRead: current ambient = 7
07-18 19:41:42.868  1066  1187 D ActivityManager: freezing 27463 com.google.android.cellbroadcastreceiver
07-18 19:41:42.876  1066  1252 D InetDiagMessage: Destroyed 0 sockets, proto=IPPROTO_TCP, family=AF_INET, states=14
07-18 19:41:42.880  1066  1252 D InetDiagMessage: Destroyed 0 sockets, proto=IPPROTO_TCP, family=AF_INET6, states=14
07-18 19:41:42.880  1066  1252 D InetDiagMessage: Destroyed live tcp sockets for uids={10215} in 8ms
07-18 19:41:43.076   613   613 D enhanceHAL: sunlightRead: current ambient = 5
07-18 19:41:43.109  3360  3360 W com.whatsapp: type=1400 audit(0.0:22886): avc:  denied  { read } for  comm=576861747341707020576F726B6572 name="u:object_r:unipnp_prop:s0" dev="tmpfs" ino=425 scontext=u:r:untrusted_app:s0:c245,c256,c512,c768 tcontext=u:object_r:unipnp_prop:s0 tclass=file permissive=0 app=com.whatsapp
07-18 19:41:43.112  3360 27900 W libc    : Access denied finding property "persist.unipnp.wakelock_upload.enabled"
07-18 19:41:43.396   613   613 D enhanceHAL: sunlightRead: current ambient = 6
07-18 19:41:44.347  1066  1549 D SSense.GalleryAppSceneRecognizer: GalleryAppScene for uid:10275 pkg name:com.example.controlhorario sceneId:0 changed:false mCurrentFlingAppName:null
07-18 19:41:44.358   613   613 D enhanceHAL: sunlightRead: current ambient = 7
07-18 19:41:44.419  1066  1235 D WifiStaIfaceHidlImpl: getCachedScanData is not implemented by HIDL
07-18 19:41:44.430  1066  1235 I HalDevMgr: bestIfaceCreationProposal is null, requestIface=STA, existingIface=[name=wlan0 type=STA]
07-18 19:41:44.518   613   613 D enhanceHAL: sunlightRead: current ambient = 8
07-18 19:41:44.838   613   613 D enhanceHAL: sunlightRead: current ambient = 7
07-18 19:41:46.280   613   613 D enhanceHAL: sunlightRead: current ambient = 8
07-18 19:41:46.519   728   728 I adbd    : adbd service requested 'shell,v2,raw:pidof com.example.controlhorario'
07-18 19:41:46.599   613   613 D enhanceHAL: sunlightRead: current ambient = 7
07-18 19:41:46.629   728   728 I adbd    : adbd service requested 'shell,v2,raw:uiautomator dump /sdcard/face_after_click.xml'
07-18 19:41:46.803 28625 28625 D AndroidRuntime: >>>>>> START com.android.internal.os.RuntimeInit uid 2000 <<<<<<
07-18 19:41:46.810 28625 28625 I app_process: MMAP_TRYLOCK is supported in uffd errno:2 addr:0x7e2fc8b000 size:4096
07-18 19:41:46.812 28625 28625 I AndroidRuntime: Using default boot image
07-18 19:41:46.812 28625 28625 I AndroidRuntime: Leaving lock profiling enabled
07-18 19:41:46.818 28625 28625 I app_process: Using generational CollectorTypeCMC GC.
07-18 19:41:46.912 28625 28625 D nativeloader: InitDefaultPublicLibraries for_preload=1: libandroid.so:libaaudio.so:libamidi.so:libbinder_ndk.so:libc.so:libcamera2ndk.so:libdl.so:libEGL.so:libGLESv1_CM.so:libGLESv2.so:libGLESv3.so:libicu.so:libicui18n.so:libicuuc.so:libjnigraphics.so:liblog.so:libmediandk.so:libm.so:libnativehelper.so:libnativewindow.so:libOpenMAXAL.so:libOpenSLES.so:libRS.so:libstdc++.so:libsync.so:libvulkan.so:libwebviewchromium_plat_support.so:libz.so
07-18 19:41:46.929 28625 28625 D nativeloader: Load libicu_jni.so using APEX ns com_android_art for caller /apex/com.android.art/javalib/core-oj.jar: ok
07-18 19:41:46.929 28625 28625 D app_process: u_setTimeZoneFilesDirectory("/apex/com.android.tzdata/etc/tz/versioned/8/icu") succeeded. 
07-18 19:41:46.929 28625 28625 D app_process: I18n APEX ICU file found: /apex/com.android.i18n/etc/icu/icudt75l.dat
07-18 19:41:46.931 28625 28625 D nativeloader: Load libjavacore.so using APEX ns com_android_art for caller /apex/com.android.art/javalib/core-oj.jar: ok
07-18 19:41:46.932 28625 28625 D nativeloader: Load libopenjdk.so using APEX ns com_android_art for caller /apex/com.android.art/javalib/core-oj.jar: ok
07-18 19:41:46.934 28625 28625 I app_process: Priority-to-niceness mapping: 19, 16, 13, 10, 0, -2, -4, -5, -6, -8
07-18 19:41:46.988 28625 28625 D nativeloader: Load libframework-connectivity-tiramisu-jni.so using APEX ns com_android_tethering for caller /apex/com.android.tethering/javalib/framework-connectivity-t.jar: ok
07-18 19:41:46.988 28625 28625 D AndroidRuntime: Calling main entry com.android.commands.uiautomator.Launcher
07-18 19:41:46.994 28625 28625 W System  : ClassLoader referenced unknown path: /system_ext/framework/cta_security_jar.jar
07-18 19:41:46.994 28625 28625 W CtaPermFactory: CtaPermFactory not found
07-18 19:41:46.998 28625 28625 D UiAutomationConnection: Created on user UserHandle{0}
07-18 19:41:46.998 28625 28625 I UiAutomation: Initialized for user 0 on display 0
07-18 19:41:46.998 28625 28625 W UiAutomation: Created with deprecatead constructor, assumes DEFAULT_DISPLAY
07-18 19:41:47.003  1066  1079 D AccessibilityManagerService: changeCurrentUserForTestAutomationIfNeededLocked(0): ignoring because device doesn't support visible background users
07-18 19:41:47.003  1066  1079 I UiAutomationManager: Registering UiTestAutomationService (id=com.android.server.accessibility/UiAutomation, flags=0x0) when called by user 0
07-18 19:41:47.006  1066  1079 W MagnificationConnectionManager: requestConnection duplicated request: connect=false, mConnectionState=DISCONNECTED
07-18 19:41:47.016  1066  1066 D BatterySaverPolicy: accessibility changed to true, updating policy.
07-18 19:41:47.018  1066  1165 W MagnificationConnectionManager: requestConnection duplicated request: connect=false, mConnectionState=DISCONNECTED
07-18 19:41:47.019   650   650 I SurfaceFlinger: updating visibility visibleForInput:1, Snapshot{TraversalPath{.id = 2628}WindowToken{34dbcd type=2032 android.os.Binder@43c8d64}-topChild=null#2628 isVisible=1 {hidden by parent or layer flag} changes=Created | Metadata | FrameRate layerStack=0 geomLayerBounds={-5760,-12800,12800,5760} geomLayerTransform={tx=0,ty=0}}
07-18 19:41:47.020   650   650 I SurfaceFlinger: updating visibility visibleForInput:0, Snapshot{TraversalPath{.id = 2628}WindowToken{34dbcd type=2032 android.os.Binder@43c8d64}-topChild=null#2628 isVisible=0 {hidden by parent or layer flag} changes=Created | Metadata | Visibility | FrameRate layerStack=0 geomLayerBounds={-5760,-12800,12800,5760} geomLayerTransform={tx=0,ty=0}}
07-18 19:41:47.025  1066  1066 D AS.AudioService: Accessibility volume enabled = false
07-18 19:41:47.401   613   613 D enhanceHAL: sunlightRead: current ambient = 6
07-18 19:41:47.439  1066  1235 D WifiStaIfaceHidlImpl: getCachedScanData is not implemented by HIDL
07-18 19:41:47.450  1066  1235 I HalDevMgr: bestIfaceCreationProposal is null, requestIface=STA, existingIface=[name=wlan0 type=STA]
07-18 19:41:47.561   613   613 D enhanceHAL: sunlightRead: current ambient = 7
07-18 19:41:48.034 28625 28625 W libc    : Access denied finding property "qemu.sf.lcd_density"
07-18 19:41:48.034 28625 28625 W libc    : Access denied finding property "qemu.sf.lcd_density"
07-18 19:41:48.029 28625 28625 W uiautomator: type=1400 audit(0.0:22887): avc:  denied  { read } for  name="u:object_r:qemu_sf_lcd_density_prop:s0" dev="tmpfs" ino=361 scontext=u:r:shell:s0 tcontext=u:object_r:qemu_sf_lcd_density_prop:s0 tclass=file permissive=0
07-18 19:41:48.029 28625 28625 W uiautomator: type=1400 audit(0.0:22888): avc:  denied  { read } for  name="u:object_r:qemu_sf_lcd_density_prop:s0" dev="tmpfs" ino=361 scontext=u:r:shell:s0 tcontext=u:object_r:qemu_sf_lcd_density_prop:s0 tclass=file permissive=0
07-18 19:41:48.045  2596 11731 W MediaProvider: isAppCloneUserPair for user 0: false
07-18 19:41:48.062 28625 28625 W AccessibilityNodeInfoDumper: Fetch time: 26ms
07-18 19:41:48.068  1066  2440 W MagnificationConnectionManager: requestConnection duplicated request: connect=false, mConnectionState=DISCONNECTED
07-18 19:41:48.068  1066  2440 D AccessibilityManagerService: restoreCurrentUserForTestAutomationIfNeededLocked(): ignoring because device doesn't support visible background users
07-18 19:41:48.071 28625 28625 D AndroidRuntime: Shutting down VM
07-18 19:41:48.073  1066  1066 D BatterySaverPolicy: accessibility changed to false, updating policy.
07-18 19:41:48.333  1066  1549 D SSense.GalleryAppSceneRecognizer: GalleryAppScene for uid:10275 pkg name:com.example.controlhorario sceneId:0 changed:false mCurrentFlingAppName:null
07-18 19:41:48.920 28625 28625 I app_process: hook_module_exit libgui_unisoc_utils.so over, handle:0x0
07-18 19:41:48.985   728   728 I adbd    : adbd service requested 'shell,v2,raw:cat /sdcard/face_after_click.xml'
