07-18 19:42:21.304   601 28790 I DMABUFHEAPS: Using DMA-BUF heap named: system
07-18 19:42:21.304   601   601 D mali_gralloc: register: id=25d00000d59, handle=0xb400007a48f20f90, importpid=601
07-18 19:42:21.305   601   601 D mali_gralloc: register: id=25d00000d5a, handle=0xb400007a48ed6290, importpid=601
07-18 19:42:21.305   601 28790 I DMABUFHEAPS: Using DMA-BUF heap named: system
07-18 19:42:21.305   601 28790 I DMABUFHEAPS: Using DMA-BUF heap named: system
07-18 19:42:21.305   601 28790 I DMABUFHEAPS: Using DMA-BUF heap named: system
07-18 19:42:21.306   601 28790 I DMABUFHEAPS: Using DMA-BUF heap named: system
07-18 19:42:21.307   601 28733 I TriggerUnit: 368, buildTriggerTree: E parse file: /vendor/firmware/s5k5e8yx_front/com/TRG_YNR2_29954.xml
07-18 19:42:21.307   601 28790 I DMABUFHEAPS: Using DMA-BUF heap named: system
07-18 19:42:21.308   601 28790 I DMABUFHEAPS: Using DMA-BUF heap named: system
07-18 19:42:21.308   601 28790 I DMABUFHEAPS: Using DMA-BUF heap named: system
07-18 19:42:21.309   601 28733 I TriggerUnit: 368, buildTriggerTree: E parse file: /vendor/firmware/s5k5e8yx_front/com/TRG_CNR4_29972.xml
07-18 19:42:21.309   601 28790 I DMABUFHEAPS: Using DMA-BUF heap named: system
07-18 19:42:21.311   601 28790 I isp_alg_fw: 24098, isp_alg_fw_start: PM_LOG: disable ISP_SMART_CMC
07-18 19:42:21.311   601 28790 I isp_alg_fw: 1533, ispalg_set_lscinfo: set lsc info: full size 2592 1944 grid 0 0 0 ver 6 zsl 0 src 1296 972 pre 1296 972
07-18 19:42:21.311   601 28790 E isp_alg_fw: 13899, ispalg_get_post_process_param: fail to get valid ynrs param
07-18 19:42:21.311   601 28790 W isp_alg_fw: 13914, ispalg_get_post_process_param: warning: no mfsr param
07-18 19:42:21.311   601 28790 W isp_alg_fw: 13949, ispalg_get_post_process_param: fail to get cap hdr param,cam id 1
07-18 19:42:21.311   601 28790 W isp_alg_fw: 13979, ispalg_get_post_process_param: fail to get preview fb param,cam id 1
07-18 19:42:21.311   601 28790 W isp_alg_fw: 13994, ispalg_get_post_process_param: fail to get cap fb param cam id 1
07-18 19:42:21.311   601 28790 W isp_alg_fw: 14002, ispalg_get_post_process_param: warning: no fb2 prv param
07-18 19:42:21.311   601 28790 W isp_alg_fw: 14022, ispalg_get_post_process_param: warning: no fb2 cap param
07-18 19:42:21.311   601 28790 W isp_alg_fw: 14042, ispalg_get_post_process_param: warning: no warppro param
07-18 19:42:21.311   601 28790 W isp_alg_fw: 14062, ispalg_get_post_process_param: warning: no raw mfnr param
07-18 19:42:21.311   601 28790 W isp_alg_fw: 14082, ispalg_get_post_process_param: warning: no mfnr_sd param
07-18 19:42:21.311   601 28790 W isp_alg_fw: 14102, ispalg_get_post_process_param: warning: no mfnr3v2_sd param
07-18 19:42:21.311   601 28790 W isp_alg_fw: 14122, ispalg_get_post_process_param: warning: no mfnr4_sd param
07-18 19:42:21.311   601 28790 W isp_alg_fw: 14141, ispalg_get_post_process_param: warning: no mfnr_com_sd param
07-18 19:42:21.311   601 28790 W isp_alg_fw: 14159, ispalg_get_post_process_param: warning: no ar_video_dr param
07-18 19:42:21.312   601 28733 I TriggerUnit: 368, buildTriggerTree: E parse file: /vendor/firmware/s5k5e8yx_front/com/TRG_BEAUTY12_29973.xml
07-18 19:42:21.313   601 28790 I cmr_oem : 4198, camera_channel_start: skip num 0 6
07-18 19:42:21.316   601 28764 D UNN_ENGINE: Session Info: memory use 4.363194 MB
07-18 19:42:21.316   601 28690 I sns_drv_u: 2624, sensor_ctrl_thread_proc: evt 526339
07-18 19:42:21.316   601 28690 I sns_drv_u: 2640, sensor_ctrl_thread_proc: All previous async I2C ops finished!!!
07-18 19:42:21.316   601 28764 D UNN_ENGINE: init_network is OK 
07-18 19:42:21.316   601 28790 I cmr_oem : 638, camera_get_i2c_ops_status: X,ret=0
07-18 19:42:21.316   601 28689 I sns_drv_u: 3253, sensor_stream_ctrl_common: is_async: no, phyid: 1
07-18 19:42:21.316   601 28690 I sns_drv_u: 2624, sensor_ctrl_thread_proc: evt 526340
07-18 19:42:21.317   601 28690 I sns_drv_u: 3344, sensor_stream_ctrl: on_off 1
07-18 19:42:21.317   601 28690 I sns_drv_u: 3362, sensor_stream_ctrl: is_cphy 0 0000000000000123
07-18 19:42:21.317   601 28690 I hw_sensor: 447, hw_sensor_mipi_init: Lane num 2, bps 836, is_cphy 0
07-18 19:42:21.317   601 28690 I sns_drv_u: 3367, sensor_stream_ctrl: mipi initial ok
07-18 19:42:21.317   601 28690 I sns_drv_u: 3184, sensor_stream_on: E
07-18 19:42:21.317   601 28690 I Isharkl_s5k5e8yx: 626, s5k5e8yx_drv_stream_on: E
07-18 19:42:21.317   601 28772 D UNN_ENGINE: Session Info: memory use 4.363194 MB
07-18 19:42:21.317   601 28772 D UNN_ENGINE: init_network is OK 
07-18 19:42:21.322   601 28733 I TriggerUnit: 368, buildTriggerTree: E parse file: /vendor/firmware/s5k5e8yx_front/com/TRG_SD_LOWLIGHT_29979.xml
07-18 19:42:21.323   601 28733 I TriggerUnit: 368, buildTriggerTree: E parse file: /vendor/firmware/s5k5e8yx_front/com/TRG_SD_MFSR_29976.xml
07-18 19:42:21.325   601 28808 D UNN_ENGINE: Session Info: memory use 7.264610 MB
07-18 19:42:21.325   601 28808 D UNN_ENGINE: init_network is OK 
07-18 19:42:21.325   601 28808 I FaceChecker: [libFaceRect_create_tunning, 60]: Create.Out
07-18 19:42:21.325   601 28772 I FaceAlign: [FaCreateAlignHandle_tunning,46]: FaceAlign Create.In
07-18 19:42:21.325   601 28772 I FaceAlign: [FaCreateAlignHandle_tunning,47]: CAM_ALGO_CV_FA_LIBVER[2.2.0.2.1766424][Aug 21 2023][13:26:46]
07-18 19:42:21.325   601 28772 I FAPTS7  : [FaPts7CreateAlignHandle,62]: FaPts7 Create.In
07-18 19:42:21.325   601 28772 I FAPTS7  : [FaPts7CreateAlignHandle,63]: CAM_ALGO_CV_FAPTS7_LIBVER[2.0.0.0.1557339][Aug 21 2023][13:26:43]
07-18 19:42:21.325   601 28772 D UNN_ENGINE:  t size 49152 , memAlign: 0x0 
07-18 19:42:21.325   601 28772 D UNN_ENGINE:  t->data: 0x9923b3f0 
07-18 19:42:21.325   601 28772 D UNN_ENGINE:  t size 12 , memAlign: 0x0 
07-18 19:42:21.325   601 28772 D UNN_ENGINE:  t->data: 0x38f1b510 
07-18 19:42:21.325   601 28772 D UNN_ENGINE:  t size 8 , memAlign: 0x0 
07-18 19:42:21.325   601 28772 D UNN_ENGINE:  t->data: 0x38e95050 
07-18 19:42:21.325   601 28772 D UNN_ENGINE:  t size 12 , memAlign: 0x0 
07-18 19:42:21.326   601 28772 D UNN_ENGINE:  t->data: 0x38eedd30 
07-18 19:42:21.326   601 28772 D UNN_ENGINE:  t size 56 , memAlign: 0x0 
07-18 19:42:21.326   601 28772 D UNN_ENGINE:  t->data: 0x8f138e0 
07-18 19:42:21.326   601 28772 D UNN_ENGINE: MNN buffer : 0xefdf4704, size : 1526640
07-18 19:42:21.327   601 28772 D UNN_ENGINE: info->param.number_of_threads:1
07-18 19:42:21.327   601 28772 D UNN_ENGINE: MNN numThread:1
07-18 19:42:21.328   601 28733 I TriggerUnit: 368, buildTriggerTree: E parse file: /vendor/firmware/s5k5e8yx_front/com/TRG_SD_HIGHRES_29980.xml
07-18 19:42:21.329   601 28733 I TriggerUnit: 368, buildTriggerTree: E parse file: /vendor/firmware/s5k5e8yx_front/com/TRG_SD_ISZ_29981.xml
07-18 19:42:21.329   601 28733 I TriggerUnit: 368, buildTriggerTree: E parse file: /vendor/firmware/s5k5e8yx_front/cap0/TRG_YNR2_29954.xml
07-18 19:42:21.330   601 28813 D UNN_ENGINE: Session Info: memory use 7.264610 MB
07-18 19:42:21.330   601 28813 D UNN_ENGINE: init_network is OK 
07-18 19:42:21.330   601 28813 I FaceChecker: [libFaceRect_create_tunning, 60]: Create.Out
07-18 19:42:21.330   601 28764 I FaceAlign: [FaCreateAlignHandle_tunning,46]: FaceAlign Create.In
07-18 19:42:21.330   601 28764 I FaceAlign: [FaCreateAlignHandle_tunning,47]: CAM_ALGO_CV_FA_LIBVER[2.2.0.2.1766424][Aug 21 2023][13:26:46]
07-18 19:42:21.330   601 28764 I FAPTS7  : [FaPts7CreateAlignHandle,62]: FaPts7 Create.In
07-18 19:42:21.330   601 28764 I FAPTS7  : [FaPts7CreateAlignHandle,63]: CAM_ALGO_CV_FAPTS7_LIBVER[2.0.0.0.1557339][Aug 21 2023][13:26:43]
07-18 19:42:21.330   601 28764 D UNN_ENGINE:  t size 49152 , memAlign: 0x0 
07-18 19:42:21.330   601 28764 D UNN_ENGINE:  t->data: 0x992fb4b0 
07-18 19:42:21.330   601 28764 D UNN_ENGINE:  t size 12 , memAlign: 0x0 
07-18 19:42:21.330   601 28764 D UNN_ENGINE:  t->data: 0x38ee3090 
07-18 19:42:21.330   601 28764 D UNN_ENGINE:  t size 8 , memAlign: 0x0 
07-18 19:42:21.330   601 28764 D UNN_ENGINE:  t->data: 0x38ee20b0 
07-18 19:42:21.330   601 28764 D UNN_ENGINE:  t size 12 , memAlign: 0x0 
07-18 19:42:21.330   601 28764 D UNN_ENGINE:  t->data: 0x38ea2af0 
07-18 19:42:21.330   601 28764 D UNN_ENGINE:  t size 56 , memAlign: 0x0 
07-18 19:42:21.330   601 28764 D UNN_ENGINE:  t->data: 0x8f36d90 
07-18 19:42:21.330   601 28764 D UNN_ENGINE: MNN buffer : 0xefdf4704, size : 1526640
07-18 19:42:21.332   601 28764 D UNN_ENGINE: info->param.number_of_threads:1
07-18 19:42:21.332   601 28733 I TriggerUnit: 368, buildTriggerTree: E parse file: /vendor/firmware/s5k5e8yx_front/cap0_zoom/TRG_YNR2_29954.xml
07-18 19:42:21.332   601 28764 D UNN_ENGINE: MNN numThread:1
07-18 19:42:21.335   601 28772 D UNN_ENGINE: Session Info: memory use 1.820496 MB
07-18 19:42:21.335   601 28772 D UNN_ENGINE: init_network is OK 
07-18 19:42:21.335   601 28772 I FAPTS7  : [FaPts7CreateAlignHandle,76]: FaPts7 Create.Out
07-18 19:42:21.335   601 28772 I FaceAlign: [FaCreateAlignHandle_tunning,61]: FaceAlign Create.Out
07-18 19:42:21.335   601 28772 I FDV3    : [FaceAlignCreate, 1249]: FA Version: CAM_ALGO_CV_FA_LIBVER[2.2.0.2.1766424][Aug 21 2023][13:26:46]
07-18 19:42:21.335   601 28772 I FDV3    : [libFDV3_create_tunning, 123]: Create.Out
07-18 19:42:21.335   601 28772 I libfacedetect: [FdCreateDetector,157]: FD Top Create.Out
07-18 19:42:21.337   601 28764 D UNN_ENGINE: Session Info: memory use 1.820496 MB
07-18 19:42:21.337   601 28764 D UNN_ENGINE: init_network is OK 
07-18 19:42:21.337   601 28764 I FAPTS7  : [FaPts7CreateAlignHandle,76]: FaPts7 Create.Out
07-18 19:42:21.337   601 28764 I FaceAlign: [FaCreateAlignHandle_tunning,61]: FaceAlign Create.Out
07-18 19:42:21.337   601 28764 I FDV3    : [FaceAlignCreate, 1249]: FA Version: CAM_ALGO_CV_FA_LIBVER[2.2.0.2.1766424][Aug 21 2023][13:26:46]
07-18 19:42:21.337   601 28764 I FDV3    : [libFDV3_create_tunning, 123]: Create.Out
07-18 19:42:21.337   601 28764 I libfacedetect: [FdCreateDetector,157]: FD Top Create.Out
07-18 19:42:21.338   601 28690 I sns_drv_u: 3241, sensor_stream_on: X 0
07-18 19:42:21.339   601 28790 I cmr_oem : 708, camera_sensor_streamctrl: X,ret=0
07-18 19:42:21.339   601 28790 I cmr_grab: 1785, cmr_grab_cap_start: ret=0
07-18 19:42:21.339   601 28790 I Cam3Adapter: 2400, asyncStreamOn: X
07-18 19:42:21.339   601   601 E SimulationWrapper: 32, Getinstance: cannot getinstance
07-18 19:42:21.341   605   605 I mali_gralloc: allocate: id=25d00000d5b, halFormat=YCbCr420-888, maliFormat=NV21, afbc=false, usage=CPU_R, size=640x480(460800), stride=640, name=ImageReader-640x480f23m4-28501-0, costTime=0ms131us307
07-18 19:42:21.342 28501 28663 D mali_gralloc: register: id=25d00000d5b, handle=0xb4000070c462faf0, importpid=28501
07-18 19:42:21.342   813 28692 D mali_gralloc: register: id=25d00000d5b, handle=0xb40000723b855e10, importpid=813
07-18 19:42:21.342   605   605 I mali_gralloc: allocate: id=25d00000d5c, halFormat=IMPL-DEF, maliFormat=NV21, afbc=false, usage=CPU_R|GPU_R|HWC|WIDE, size=960x720(1036800), stride=960, name=SurfaceView[com.example.controlhorario/com.example.controlhorario.MainActivity]#1(BLAST Consumer)1, costTime=0ms140us500
07-18 19:42:21.343 28501 28663 D mali_gralloc: register: id=25d00000d5c, handle=0xb4000070c462ea10, importpid=28501
07-18 19:42:21.343   813 28692 D mali_gralloc: register: id=25d00000d5c, handle=0xb40000723b853fb0, importpid=813
07-18 19:42:21.344   601   601 D mali_gralloc: register: id=25d00000d5b, handle=0xb400007a48f63fb0, importpid=601
07-18 19:42:21.344   601   601 D mali_gralloc: register: id=25d00000d5c, handle=0xb400007a48f63e90, importpid=601
07-18 19:42:21.346   605   605 I mali_gralloc: allocate: id=25d00000d5d, halFormat=YCbCr420-888, maliFormat=NV21, afbc=false, usage=CPU_R, size=640x480(460800), stride=640, name=ImageReader-640x480f23m4-28501-0, costTime=0ms141us077
07-18 19:42:21.346 28501 28663 D mali_gralloc: register: id=25d00000d5d, handle=0xb4000070c462e8f0, importpid=28501
07-18 19:42:21.346   813 28692 D mali_gralloc: register: id=25d00000d5d, handle=0xb40000723b8536b0, importpid=813
07-18 19:42:21.347   605   605 I mali_gralloc: allocate: id=25d00000d5e, halFormat=IMPL-DEF, maliFormat=NV21, afbc=false, usage=CPU_R|GPU_R|HWC|WIDE, size=960x720(1036800), stride=960, name=SurfaceView[com.example.controlhorario/com.example.controlhorario.MainActivity]#1(BLAST Consumer)1, costTime=0ms131us576
07-18 19:42:21.347 28501 28663 D mali_gralloc: register: id=25d00000d5e, handle=0xb4000070c4630510, importpid=28501
07-18 19:42:21.347   813 28692 D mali_gralloc: register: id=25d00000d5e, handle=0xb40000723b853110, importpid=813
07-18 19:42:21.348   601   601 D mali_gralloc: register: id=25d00000d5d, handle=0xb400007a48f68d50, importpid=601
07-18 19:42:21.348   601   601 D mali_gralloc: register: id=25d00000d5e, handle=0xb400007a48f62a50, importpid=601
07-18 19:42:21.350   605   605 I mali_gralloc: allocate: id=25d00000d5f, halFormat=YCbCr420-888, maliFormat=NV21, afbc=false, usage=CPU_R, size=640x480(460800), stride=640, name=ImageReader-640x480f23m4-28501-0, costTime=0ms129us308
07-18 19:42:21.350 28501 28663 D mali_gralloc: register: id=25d00000d5f, handle=0xb4000070c462d5d0, importpid=28501
07-18 19:42:21.350   813 28692 D mali_gralloc: register: id=25d00000d5f, handle=0xb40000723b858570, importpid=813
07-18 19:42:21.351   605   605 I mali_gralloc: allocate: id=25d00000d60, halFormat=IMPL-DEF, maliFormat=NV21, afbc=false, usage=CPU_R|GPU_R|HWC|WIDE, size=960x720(1036800), stride=960, name=SurfaceView[com.example.controlhorario/com.example.controlhorario.MainActivity]#1(BLAST Consumer)1, costTime=0ms126us616
07-18 19:42:21.351 28501 28663 D mali_gralloc: register: id=25d00000d60, handle=0xb4000070c4629fd0, importpid=28501
07-18 19:42:21.351   813 28692 D mali_gralloc: register: id=25d00000d60, handle=0xb40000723b851cd0, importpid=813
07-18 19:42:21.352   601  1025 D mali_gralloc: register: id=25d00000d5f, handle=0xb400007a48f6de50, importpid=601
07-18 19:42:21.352   601  1025 D mali_gralloc: register: id=25d00000d60, handle=0xb400007a48f6d430, importpid=601
07-18 19:42:21.353   605   605 I mali_gralloc: allocate: id=25d00000d61, halFormat=YCbCr420-888, maliFormat=NV21, afbc=false, usage=CPU_R, size=640x480(460800), stride=640, name=ImageReader-640x480f23m4-28501-0, costTime=0ms126us423
07-18 19:42:21.354 28501 28663 D mali_gralloc: register: id=25d00000d61, handle=0xb4000070c462a210, importpid=28501
07-18 19:42:21.354   813 28692 D mali_gralloc: register: id=25d00000d61, handle=0xb40000723b855750, importpid=813
07-18 19:42:21.355   605   605 I mali_gralloc: allocate: id=25d00000d62, halFormat=IMPL-DEF, maliFormat=NV21, afbc=false, usage=CPU_R|GPU_R|HWC|WIDE, size=960x720(1036800), stride=960, name=SurfaceView[com.example.controlhorario/com.example.controlhorario.MainActivity]#1(BLAST Consumer)1, costTime=0ms162us924
07-18 19:42:21.356 28501 28663 D mali_gralloc: register: id=25d00000d62, handle=0xb4000070c4629d90, importpid=28501
07-18 19:42:21.356   813 28692 D mali_gralloc: register: id=25d00000d62, handle=0xb40000723b851df0, importpid=813
07-18 19:42:21.357   601  1025 D mali_gralloc: register: id=25d00000d61, handle=0xb400007a48f6b150, importpid=601
07-18 19:42:21.357   601  1025 D mali_gralloc: register: id=25d00000d62, handle=0xb400007a48f6af10, importpid=601
07-18 19:42:21.358   605   605 I mali_gralloc: allocate: id=25d00000d63, halFormat=YCbCr420-888, maliFormat=NV21, afbc=false, usage=CPU_R, size=640x480(460800), stride=640, name=ImageReader-640x480f23m4-28501-0, costTime=0ms135us000
07-18 19:42:21.359 28501 28663 D mali_gralloc: register: id=25d00000d63, handle=0xb4000070c462c730, importpid=28501
07-18 19:42:21.360   813 28692 D mali_gralloc: register: id=25d00000d63, handle=0xb40000723b8577f0, importpid=813
07-18 19:42:21.360   605   605 I mali_gralloc: allocate: id=25d00000d64, halFormat=IMPL-DEF, maliFormat=NV21, afbc=false, usage=CPU_R|GPU_R|HWC|WIDE, size=960x720(1036800), stride=960, name=SurfaceView[com.example.controlhorario/com.example.controlhorario.MainActivity]#1(BLAST Consumer)1, costTime=0ms132us808
07-18 19:42:21.361 28501 28663 D mali_gralloc: register: id=25d00000d64, handle=0xb4000070c462a690, importpid=28501
07-18 19:42:21.361   813 28692 D mali_gralloc: register: id=25d00000d64, handle=0xb40000723b853350, importpid=813
07-18 19:42:21.362   601  1025 D mali_gralloc: register: id=25d00000d63, handle=0xb400007a48f692f0, importpid=601
07-18 19:42:21.362   601  1025 D mali_gralloc: register: id=25d00000d64, handle=0xb400007a48f6a610, importpid=601
07-18 19:42:21.423   650   650 I SurfaceFlinger: updating visibility visibleForInput:1, Snapshot{TraversalPath{.id = 2633}Surface(name=84e9172 StatusBar#116)/@0xdb85240 - animation-leash of insets_animation#2633 isVisible=1 {nothing to draw} changes=Created | Metadata | FrameRate layerStack=0 geomLayerBounds={-5760,-12800,12800,5760} geomLayerTransform={tx=0,ty=0}}
07-18 19:42:21.423   650   650 I SurfaceFlinger: updating visibility visibleForInput:0, Snapshot{TraversalPath{.id = 2633}Surface(name=84e9172 StatusBar#116)/@0xdb85240 - animation-leash of insets_animation#2633 isVisible=0 {nothing to draw} changes=Created | Metadata | Visibility | FrameRate layerStack=0 geomLayerBounds={-5760,-12800,12800,5760} geomLayerTransform={tx=0,ty=0}}
07-18 19:42:21.571   601 28740 D android.hardware.camera.provider@2.4-service_64: setCamUclampMin:min:128,0,thread:28740
07-18 19:42:21.572   601 28740 D android.hardware.camera.provider@2.4-service_64: setCamPriority:min:95,0,thread:28740,thread_name:ispmw2
07-18 19:42:21.573   601 28740 E smart_ctrl: 2078, smart_ctl_ioctl: smart can not be used any longer,atm lib has been deleted!
07-18 19:42:21.573   601 28748 D android.hardware.camera.provider@2.4-service_64: setCamUclampMin:min:128,0,thread:28748
07-18 19:42:21.573   601 28748 D android.hardware.camera.provider@2.4-service_64: setCamPriority:min:95,0,thread:28748,thread_name:isplsc
07-18 19:42:21.573   601 28740 I isp_alg_fw: 8462, ispalg_flash_notice: other flash status 0
07-18 19:42:21.574   601 28746 D android.hardware.camera.provider@2.4-service_64: setCamUclampMin:min:128,0,thread:28746
07-18 19:42:21.574   601 28746 D android.hardware.camera.provider@2.4-service_64: setCamPriority:min:95,0,thread:28746,thread_name:ispawb
07-18 19:42:21.574   601 28736 D android.hardware.camera.provider@2.4-service_64: setCamUclampMin:min:128,0,thread:28736
07-18 19:42:21.574   601 28731 I awb_adpt4.x: 197, _awb_ctrl_set_aem_info: roiwin_size_b:[h:30,w:40],roiblock_size_p[h:32,w:32]
07-18 19:42:21.575   601 28736 D android.hardware.camera.provider@2.4-service_64: setCamPriority:min:95,0,thread:28736,thread_name:isppipline
07-18 19:42:21.575   601 28736 E isp_blk_com: 1527, smart_calc: block_result 0x78bd186a50
07-18 19:42:21.575   601 28736 E isp_blk_com: 1527, smart_calc: block_result 0x78bd186a50
07-18 19:42:21.575   601 28736 E isp_alg_fw: 4190, ispalg_ai_pro_param_compatible: ai status  is not correct
07-18 19:42:21.575   601 28731 I awb_adpt4.x: 1293, awb_sprd_ctrl_calculation_v4_x: AWB result : (1404,1024,1950) 3507K , fram_count : 0 , camera_id : 1, wb_mode : 0, bv : 287 ,work_mode : 0, lock: 0, bypass : 0;AWB lib 32x32: (1404,1024,1950) 3507K; cmc_result: (1990 -993 27; -282 1333 -27; 11 -730 1743).
07-18 19:42:21.576   601 28689 I Isharkl_s5k5e8yx: 396, s5k5e8yx_drv_access_val: sensor s5k5e8yx: param_ptr->type=1e
07-18 19:42:21.580   605   605 I mali_gralloc: allocate: id=25d00000d65, halFormat=YCrCb420-SP, maliFormat=NV21, afbc=false, usage=CPU_RW|GPU_R, size=960x720(1036800), stride=960, name=Lwp GraphicBuffer, costTime=0ms156us654
07-18 19:42:21.581   601 28679 D mali_gralloc: register: id=25d00000d65, handle=0xb400007a48f68c30, importpid=601
07-18 19:42:21.582   601 28828 I FDV3    : [getDetectYoloImage, 240]: orientation: 3
07-18 19:42:21.582   601 28777 I Cam3Stream: 696, previewFirstFrameTag: mCameraId:1, Launch Camera Time:433(ms).
07-18 19:42:21.582   601 28828 D FDV3    : [MNNRun, 358]: Now net input image size: 160, 128
07-18 19:42:21.583   601 28828 D UNN_ENGINE: Start Invoke 
07-18 19:42:21.583   601 28828 D UNN_ENGINE: Set Network Inputs.
07-18 19:42:21.583   601 28828 D UNN_ENGINE: Inputs t_shape: (1,3,256,256 ).
07-18 19:42:21.583   601 28828 D UNN_ENGINE: Session Info: backendType is 0
07-18 19:42:21.583   601 28828 D UNN_ENGINE: batch：1,channel：3, height：160, width：128 .
07-18 19:42:21.583   601 28828 D UNN_ENGINE: resizeTensor.
07-18 19:42:21.585   650   697 D mali_gralloc: register: id=25d00000d5a, handle=0xb400007ba79e65b0, importpid=650
07-18 19:42:21.581   650   650 W RenderEngine: type=1400 audit(0.0:22890): avc:  denied  { getattr } for  name="/" dev="dmabuf" ino=1 scontext=u:r:surfaceflinger:s0 tcontext=u:object_r:unlabeled:s0 tclass=filesystem permissive=0
07-18 19:42:21.587   605   605 I mali_gralloc: allocate: id=25d00000d66, halFormat=YCbCr420-888, maliFormat=NV21, afbc=false, usage=CPU_R, size=640x480(460800), stride=640, name=ImageReader-640x480f23m4-28501-0, costTime=0ms134us346
07-18 19:42:21.587 28501 28575 D mali_gralloc: register: id=25d00000d66, handle=0xb4000070c462f8b0, importpid=28501
07-18 19:42:21.588   813 28692 D mali_gralloc: register: id=25d00000d66, handle=0xb40000723b853d70, importpid=813
07-18 19:42:21.588 28501 28665 D StreamStateObserver: Update Preview stream state to STREAMING
07-18 19:42:21.588 28501 28831 I DMABUFHEAPS: Using DMA-BUF heap named: protected
07-18 19:42:21.588   605   605 I mali_gralloc: allocate: id=25d00000d67, halFormat=IMPL-DEF, maliFormat=NV21, afbc=false, usage=CPU_R|GPU_R|HWC|WIDE, size=960x720(1036800), stride=960, name=SurfaceView[com.example.controlhorario/com.example.controlhorario.MainActivity]#1(BLAST Consumer)1, costTime=0ms139us462
07-18 19:42:21.589 28501 28575 D mali_gralloc: register: id=25d00000d67, handle=0xb4000070c462e350, importpid=28501
07-18 19:42:21.589   650   650 I SurfaceFlinger: updating visibility visibleForInput:1, Snapshot{TraversalPath{.id = 2631}SurfaceView[com.example.controlhorario/com.example.controlhorario.MainActivity](BLAST)#2631 isVisible=1 { buffer=122410862903300 frame=1 color{< 0, 0, 0, 1 >}} changes=Geometry | Content | Input | Visibility | AffectsChildren | FrameRate | VisibleRegion | Buffer | BufferSize | BufferUsageFlags layerStack=0 geomLayerBounds={0,0,960,720} geomLayerTransform={tx=36,ty=426}}
07-18 19:42:21.590   813 28692 D mali_gralloc: register: id=25d00000d67, handle=0xb40000723b857a30, importpid=813
07-18 19:42:21.591   601  1025 D mali_gralloc: register: id=25d00000d66, handle=0xb400007a48ebfdf0, importpid=601
07-18 19:42:21.591   601  1025 D mali_gralloc: register: id=25d00000d67, handle=0xb400007a48eb08b0, importpid=601
07-18 19:42:21.593   606   606 D SPRDHWComposer: HWC Range:1, HWC_Transfer:4
07-18 19:42:21.593   606   606 D mali_gralloc: register: id=25d00000d5a, handle=0xb4000076cebc4430, importpid=606
07-18 19:42:21.600 28501 28833 V FaceDetectorV2Jni: initialize.start()
07-18 19:42:21.602   601 28828 D UNN_ENGINE: Get Network Outputs.
07-18 19:42:21.603   601 28828 D UNN_ENGINE: Invoke is OK 
07-18 19:42:21.603   601 28828 I FaceAlign: [faRecognize,309]: face i:0
07-18 19:42:21.603   601 28828 D UNN_ENGINE: Start Invoke 
07-18 19:42:21.603   601 28828 D UNN_ENGINE: Set Network Inputs.
07-18 19:42:21.603   601 28828 D UNN_ENGINE: Inputs t_shape: (1,1,64,64 ).
07-18 19:42:21.603   601 28828 D UNN_ENGINE: Session Info: backendType is 0
07-18 19:42:21.603   601 28828 D UNN_ENGINE: batch：1,channel：3, height：64, width：64 .
07-18 19:42:21.606   601 28828 D UNN_ENGINE: Get Network Outputs.
07-18 19:42:21.606   601 28828 D UNN_ENGINE: Invoke is OK 
07-18 19:42:21.606 28501 28833 I native  : I0000 00:00:1784418141.606482   28833 face_detector_v2_jni.cc:34] Loading models_bundled/fssd_medium_8bit_v5.tflite
07-18 19:42:21.607   601 28828 I FDV3    : [find, 789]: src:960x720 detect:160 face_num=1 25.28 ms
07-18 19:42:21.607   601 28828 I libfacedetect: [FdGetFaceInfo,278]: x:162 y:178 width:407 height:407 yawAngle:0 rollAngle:90 score:82 hid:0 fid:0
07-18 19:42:21.607   601 28828 I libfacedetect: [FdGetFaceInfo,298]: FA attr result: eyeGlassesStatus(0), faceOccStatus(0), mouthStatus(0)
07-18 19:42:21.607   601 28828 I FaceDetectSDKNode: 921, fd_process: cam_id=1, 960x720, face_num=1, time=25 ms, frame_id=0, fd=0x7a
07-18 19:42:21.608 28501 28833 I native  : I0000 00:00:1784418141.607961   28833 face_detector_v2_jni.cc:34] Loading models_bundled/fssd_medium_8bit_gray_v5.tflite
07-18 19:42:21.609 28501 28833 I native  : I0000 00:00:1784418141.609241   28833 face_detector_v2_jni.cc:34] Loading models_bundled/fssd_anchors_v5.pb
07-18 19:42:21.609 28501 28833 I native  : I0000 00:00:1784418141.609461   28833 face_detector_v2_jni.cc:34] Loading models_bundled/LMprec_600.emd
07-18 19:42:21.620 28501 28667 D TransportRuntime.SQLiteEventStore: Storing event with priority=VERY_LOW, name=FIREBASE_ML_SDK for destination cct
07-18 19:42:21.621 28501 28833 I native  : I0000 00:00:1784418141.621640   28833 face_detector_v2_jni.cc:34] Loading models_bundled/BCLlefteyeclosed_200.emd
07-18 19:42:21.621 28501 28833 I native  : I0000 00:00:1784418141.621917   28833 face_detector_v2_jni.cc:34] Loading models_bundled/BCLrighteyeclosed_200.emd
07-18 19:42:21.622 28501 28833 I native  : I0000 00:00:1784418141.622114   28833 face_detector_v2_jni.cc:34] Loading models_bundled/BCLjoy_200.emd
07-18 19:42:21.622 28501 28833 I native  : I0000 00:00:1784418141.622352   28833 face_detector_v2_jni.cc:34] Loading models_bundled/MFT_fssd_accgray.pb
07-18 19:42:21.622 28501 28833 I native  : I0000 00:00:1784418141.622473   28833 face_detector_v2_jni.cc:34] Loading models_bundled/contours.tfl
07-18 19:42:21.624 28501 28667 D TransportRuntime.JobInfoScheduler: Upload for context TransportContext(cct, VERY_LOW, MSRodHRwczovL2ZpcmViYXNlbG9nZ2luZy5nb29nbGVhcGlzLmNvbS92MGNjL2xvZy9iYXRjaD9mb3JtYXQ9anNvbl9wcm90bzNc) is already scheduled. Returning...
07-18 19:42:21.634 28501 28833 I native  : I0000 00:00:1784418141.633996   28833 face_detector_v2_jni.cc:34] Loading models_bundled/blazeface.tfl
07-18 19:42:21.640 28501 28833 I tflite  : Initialized TensorFlow Lite runtime.
07-18 19:42:21.641 28501 28833 W libc    : Access denied finding property "ro.hardware.chipname"
07-18 19:42:21.642 28501 28833 I tflite  : Created TensorFlow Lite XNNPACK delegate for CPU.
07-18 19:42:21.642   601 28713 D android.hardware.camera.provider@2.4-service_64: setCamUclampMin:min:128,0,thread:28713
07-18 19:42:21.642   601 28713 D android.hardware.camera.provider@2.4-service_64: setCamPriority:min:89,0,thread:28713,thread_name:pmg_cb_thread
07-18 19:42:21.643 28501 28833 W tflite  : Attempting to use a delegate that only supports static-sized tensors with a graph that has dynamic-sized tensors (tensor#137 is a dynamic-sized tensor).
07-18 19:42:21.648 28501 28833 V FaceDetectorV2Jni: initialize.end()
07-18 19:42:21.650 28501 28833 V FaceDetectorV2Jni: detectFacesImageByteBufferMultiPlanes.start()
07-18 19:42:21.673   601 28740 E smart_ctrl: 2078, smart_ctl_ioctl: smart can not be used any longer,atm lib has been deleted!
07-18 19:42:21.673   601 28731 I awb_adpt4.x: 197, _awb_ctrl_set_aem_info: roiwin_size_b:[h:30,w:40],roiblock_size_p[h:32,w:32]
07-18 19:42:21.673   601 28736 E isp_blk_com: 1527, smart_calc: block_result 0x78bd186a50
07-18 19:42:21.674   601 28736 E isp_blk_com: 1527, smart_calc: block_result 0x78bd186a50
07-18 19:42:21.674   601 28736 E isp_alg_fw: 4190, ispalg_ai_pro_param_compatible: ai status  is not correct
07-18 19:42:21.674   601 28731 I awb_adpt4.x: 1293, awb_sprd_ctrl_calculation_v4_x: AWB result : (1423,1024,1920) 3588K , fram_count : 1 , camera_id : 1, wb_mode : 0, bv : 287 ,work_mode : 0, lock: 0, bypass : 0;AWB lib 32x32: (1423,1024,1920) 3588K; cmc_result: (2024 -1020 20; -266 1324 -34; 25 -703 1702).
07-18 19:42:21.674   601 28689 I Isharkl_s5k5e8yx: 396, s5k5e8yx_drv_access_val: sensor s5k5e8yx: param_ptr->type=1e
07-18 19:42:21.678   605   605 I mali_gralloc: allocate: id=25d00000d68, halFormat=YCrCb420-SP, maliFormat=NV21, afbc=false, usage=CPU_RW|GPU_R, size=960x720(1036800), stride=960, name=Lwp GraphicBuffer, costTime=0ms217us154
07-18 19:42:21.678   601 28679 D mali_gralloc: register: id=25d00000d68, handle=0xb400007a48f6a070, importpid=601
07-18 19:42:21.680   601 28828 I FACE_TRACKER: [tracker_open,78]: CAM_ALGO_CV_FACE_TRACKER_LIBVER[1.0.2.2.1858790][Apr 12 2022][17:38:14]
07-18 19:42:21.682   650   697 D mali_gralloc: register: id=25d00000d5c, handle=0xb400007ba79e4990, importpid=650
07-18 19:42:21.681   650   650 W RenderEngine: type=1400 audit(0.0:22891): avc:  denied  { getattr } for  name="/" dev="dmabuf" ino=1 scontext=u:r:surfaceflinger:s0 tcontext=u:object_r:unlabeled:s0 tclass=filesystem permissive=0
07-18 19:42:21.684   605   605 I mali_gralloc: allocate: id=25d00000d69, halFormat=YCbCr420-888, maliFormat=NV21, afbc=false, usage=CPU_R, size=640x480(460800), stride=640, name=ImageReader-640x480f23m4-28501-0, costTime=0ms140us000
07-18 19:42:21.685 28501 28663 D mali_gralloc: register: id=25d00000d69, handle=0xb4000070c462b410, importpid=28501
07-18 19:42:21.685   813 28692 D mali_gralloc: register: id=25d00000d69, handle=0xb40000723b852a50, importpid=813
07-18 19:42:21.686   601 28828 I FaceAlign: [faRecognize,309]: face i:0
07-18 19:42:21.686   601 28828 D UNN_ENGINE: Start Invoke 
07-18 19:42:21.686   601 28828 D UNN_ENGINE: Set Network Inputs.
07-18 19:42:21.686   601 28828 D UNN_ENGINE: Inputs t_shape: (1,1,64,64 ).
07-18 19:42:21.686   601 28828 D UNN_ENGINE: Session Info: backendType is 0
07-18 19:42:21.686   601 28828 D UNN_ENGINE: batch：1,channel：3, height：64, width：64 .
07-18 19:42:21.686   605   605 I mali_gralloc: allocate: id=25d00000d6a, halFormat=IMPL-DEF, maliFormat=NV21, afbc=false, usage=CPU_R|GPU_R|HWC|WIDE, size=960x720(1036800), stride=960, name=SurfaceView[com.example.controlhorario/com.example.controlhorario.MainActivity]#1(BLAST Consumer)1, costTime=0ms180us730
07-18 19:42:21.687 28501 28663 D mali_gralloc: register: id=25d00000d6a, handle=0xb4000070c462ae70, importpid=28501
07-18 19:42:21.687   813 28692 D mali_gralloc: register: id=25d00000d6a, handle=0xb40000723b8540d0, importpid=813
07-18 19:42:21.688   601 28828 D UNN_ENGINE: Get Network Outputs.
07-18 19:42:21.688   601 28828 D UNN_ENGINE: Invoke is OK 
07-18 19:42:21.688   601 28828 I FDV3    : [find, 789]: src:960x720 detect:160 face_num=1 8.46 ms
07-18 19:42:21.688   601 28828 I libfacedetect: [FdGetFaceInfo,278]: x:162 y:178 width:407 height:407 yawAngle:0 rollAngle:90 score:82 hid:0 fid:1
07-18 19:42:21.688   601 28828 I libfacedetect: [FdGetFaceInfo,298]: FA attr result: eyeGlassesStatus(0), faceOccStatus(0), mouthStatus(0)
07-18 19:42:21.688   601 28828 I FaceDetectSDKNode: 921, fd_process: cam_id=1, 960x720, face_num=1, time=8 ms, frame_id=1, fd=0xaa
07-18 19:42:21.688   601  1025 D mali_gralloc: register: id=25d00000d69, handle=0xb400007a48ef6270, importpid=601
07-18 19:42:21.688   601  1025 D mali_gralloc: register: id=25d00000d6a, handle=0xb400007a48f6d1f0, importpid=601
07-18 19:42:21.690   606   606 D mali_gralloc: register: id=25d00000d5c, handle=0xb4000076cebca970, importpid=606
07-18 19:42:21.774   601 28740 E smart_ctrl: 2078, smart_ctl_ioctl: smart can not be used any longer,atm lib has been deleted!
07-18 19:42:21.774   601 28731 I awb_adpt4.x: 197, _awb_ctrl_set_aem_info: roiwin_size_b:[h:30,w:40],roiblock_size_p[h:32,w:32]
07-18 19:42:21.775   601 28736 E isp_blk_com: 1527, smart_calc: block_result 0x78bd186a50
07-18 19:42:21.775   601 28736 E isp_blk_com: 1527, smart_calc: block_result 0x78bd186a50
07-18 19:42:21.775   601 28736 E isp_alg_fw: 4190, ispalg_ai_pro_param_compatible: ai status  is not correct
07-18 19:42:21.775   601 28731 I awb_adpt4.x: 1293, awb_sprd_ctrl_calculation_v4_x: AWB result : (1417,1024,1922) 3563K , fram_count : 2 , camera_id : 1, wb_mode : 0, bv : 281 ,work_mode : 0, lock: 0, bypass : 0;AWB lib 32x32: (1417,1024,1922) 3563K; cmc_result: (2020 -1016 20; -273 1331 -34; 19 -717 1722).
07-18 19:42:21.775   601 28689 I Isharkl_s5k5e8yx: 396, s5k5e8yx_drv_access_val: sensor s5k5e8yx: param_ptr->type=1e
07-18 19:42:21.782   605   605 I mali_gralloc: allocate: id=25d00000d6b, halFormat=YCbCr420-888, maliFormat=NV21, afbc=false, usage=CPU_R, size=640x480(460800), stride=640, name=ImageReader-640x480f23m4-28501-0, costTime=0ms140us307
07-18 19:42:21.782 28501 28575 D mali_gralloc: register: id=25d00000d6b, handle=0xb4000070c4648b70, importpid=28501
07-18 19:42:21.783   813 28692 D mali_gralloc: register: id=25d00000d6b, handle=0xb40000723b852db0, importpid=813
07-18 19:42:21.783   650   697 D mali_gralloc: register: id=25d00000d5e, handle=0xb400007ba79e5290, importpid=650
07-18 19:42:21.781   650   650 W RenderEngine: type=1400 audit(0.0:22892): avc:  denied  { getattr } for  name="/" dev="dmabuf" ino=1 scontext=u:r:surfaceflinger:s0 tcontext=u:object_r:unlabeled:s0 tclass=filesystem permissive=0
07-18 19:42:21.785   601  1025 D mali_gralloc: register: id=25d00000d6b, handle=0xb400007a48f68e70, importpid=601
07-18 19:42:21.788   601 28828 I FaceAlign: [faRecognize,309]: face i:0
07-18 19:42:21.788   601 28828 D UNN_ENGINE: Start Invoke 
07-18 19:42:21.788   601 28828 D UNN_ENGINE: Set Network Inputs.
07-18 19:42:21.788   601 28828 D UNN_ENGINE: Inputs t_shape: (1,1,64,64 ).
07-18 19:42:21.788   601 28828 D UNN_ENGINE: Session Info: backendType is 0
07-18 19:42:21.788   601 28828 D UNN_ENGINE: batch：1,channel：3, height：64, width：64 .
07-18 19:42:21.790   606   606 D mali_gralloc: register: id=25d00000d5e, handle=0xb4000076cebc4d30, importpid=606
07-18 19:42:21.790   601 28828 D UNN_ENGINE: Get Network Outputs.
07-18 19:42:21.790   601 28828 D UNN_ENGINE: Invoke is OK 
07-18 19:42:21.791   601 28828 I FDV3    : [find, 789]: src:960x720 detect:160 face_num=1 10.71 ms
07-18 19:42:21.791   601 28828 I libfacedetect: [FdGetFaceInfo,278]: x:162 y:178 width:407 height:407 yawAngle:0 rollAngle:90 score:82 hid:0 fid:2
07-18 19:42:21.791   601 28828 I libfacedetect: [FdGetFaceInfo,298]: FA attr result: eyeGlassesStatus(0), faceOccStatus(0), mouthStatus(0)
07-18 19:42:21.791   601 28828 I FaceDetectSDKNode: 921, fd_process: cam_id=1, 960x720, face_num=1, time=10 ms, frame_id=2, fd=0x7a
07-18 19:42:21.823 28501 28833 V FaceDetectorV2Jni: detectFacesImageByteBuffer.end()
07-18 19:42:21.828 28501 28667 D TransportRuntime.SQLiteEventStore: Storing event with priority=VERY_LOW, name=FIREBASE_ML_SDK for destination cct
--------- beginning of crash
07-18 19:42:21.829 28501 28832 E AndroidRuntime: FATAL EXCEPTION: pool-4-thread-1
07-18 19:42:21.829 28501 28832 E AndroidRuntime: Process: com.example.controlhorario, PID: 28501
07-18 19:42:21.829 28501 28832 E AndroidRuntime: java.lang.NullPointerException: Attempt to invoke virtual method 'int java.nio.ByteBuffer.remaining()' on a null object reference
07-18 19:42:21.829 28501 28832 E AndroidRuntime: 	at com.example.controlhorario.ui.face.FaceRegistrationScreenKt.yPlaneBitmap(FaceRegistrationScreen.kt:219)
07-18 19:42:21.829 28501 28832 E AndroidRuntime: 	at com.example.controlhorario.ui.face.FaceRegistrationScreenKt.FaceRegistrationCamera$lambda$45$lambda$44$lambda$43$lambda$42$lambda$40$lambda$37(FaceRegistrationScreen.kt:157)
07-18 19:42:21.829 28501 28832 E AndroidRuntime: 	at com.example.controlhorario.ui.face.FaceRegistrationScreenKt$$ExternalSyntheticLambda4.invoke(D8$$SyntheticClass:0)
07-18 19:42:21.829 28501 28832 E AndroidRuntime: 	at com.example.controlhorario.ui.face.FaceRegistrationScreenKt.FaceRegistrationCamera$lambda$45$lambda$44$lambda$43$lambda$42$lambda$40$lambda$38(FaceRegistrationScreen.kt:151)
07-18 19:42:21.829 28501 28832 E AndroidRuntime: 	at com.example.controlhorario.ui.face.FaceRegistrationScreenKt$$ExternalSyntheticLambda5.onSuccess(D8$$SyntheticClass:0)
07-18 19:42:21.829 28501 28832 E AndroidRuntime: 	at com.google.android.gms.tasks.zzm.run(com.google.android.gms:play-services-tasks@@18.1.0:1)
07-18 19:42:21.829 28501 28832 E AndroidRuntime: 	at java.util.concurrent.ThreadPoolExecutor.runWorker(ThreadPoolExecutor.java:1100)
07-18 19:42:21.829 28501 28832 E AndroidRuntime: 	at java.util.concurrent.ThreadPoolExecutor$Worker.run(ThreadPoolExecutor.java:624)
07-18 19:42:21.829 28501 28832 E AndroidRuntime: 	at java.lang.Thread.run(Thread.java:1572)
07-18 19:42:21.831 28501 28842 V FaceDetectorV2Jni: detectFacesImageByteBufferMultiPlanes.start()
07-18 19:42:21.832 28501 28667 D TransportRuntime.JobInfoScheduler: Upload for context TransportContext(cct, VERY_LOW, MSRodHRwczovL2ZpcmViYXNlbG9nZ2luZy5nb29nbGVhcGlzLmNvbS92MGNjL2xvZy9iYXRjaD9mb3JtYXQ9anNvbl9wcm90bzNc) is already scheduled. Returning...
07-18 19:42:21.833  1066 28843 I DropBoxManagerService: add tag=data_app_crash isTagEnabled=true flags=0x2
07-18 19:42:21.834  1066  2443 W ActivityTaskManager:   Force finishing activity com.example.controlhorario/.MainActivity
07-18 19:42:21.834  1066  2443 D BLASTSyncEngine: SyncGroup 193-Transition-CLOSE started
07-18 19:42:21.836  2445  2459 V WindowManagerShell: Transition requested (#193): android.os.BinderProxy@b85c92b TransitionRequestInfo { type = CLOSE, triggerTask = null, pipTask = null, remoteTransition = null, displayChange = null, flags = 16, debugId = 193 }
07-18 19:42:21.844   601 28712 I Isharkl_s5k5e8yx: 587, s5k5e8yx_drv_read_aec_info: E
07-18 19:42:21.844   601 28712 I Isharkl_s5k5e8yx: 154, s5k5e8yx_drv_calc_exposure: fps = 9.977706
07-18 19:42:21.844   601 28712 I Isharkl_s5k5e8yx: 159, s5k5e8yx_drv_calc_exposure: mode = 1, exposure_line = 2937, dummy_line= 8, frame_interval= 90 ms
07-18 19:42:21.844   601 28712 I Isharkl_s5k5e8yx: 186, s5k5e8yx_drv_calc_gain: isp_gain = 0x400,sensor_gain=0x100
07-18 19:42:21.844   601 28712 I sns_drv_u: 4984, sensor_ic_write_multi_ae_info: group hold interface is null please check it !!!
07-18 19:42:21.847  1066  1088 V BroadcastQueue: Enqueuing BroadcastRecord{645b75b android.intent.action.DROPBOX_ENTRY_ADDED/u-1} ordered=false from uid 1000 pid 1066 for 2 receivers
07-18 19:42:21.849 28501 28832 I Process : Sending signal. PID: 28501 SIG: 9
07-18 19:42:21.849  1066  1088 D CompatChangeReporter: Compat change id reported: 296060945; UID 10131; state: ENABLED
07-18 19:42:21.852   650   650 D SurfaceFlinger: VRR attempt to change display mode to 0
07-18 19:42:21.852   650   650 I RefreshRateSelector: Display 4619827259835644672 policy changed
07-18 19:42:21.852   650   650 I RefreshRateSelector: Previous: {defaultModeId=0, allowGroupSwitching=false, primaryRanges={physical=[60.00 Hz, 120.00 Hz], render=[60.00 Hz, 60.00 Hz]}, appRequestRanges={physical=[60.00 Hz, 120.00 Hz], render=[60.00 Hz, 60.00 Hz]} idleScreenConfig=nullptr}
07-18 19:42:21.852   650   650 I RefreshRateSelector: Current:  DisplayManagerPolicy{defaultModeId=0, allowGroupSwitching=false, primaryRanges={physical=[0.00 Hz, 120.00 Hz], render=[0.00 Hz, 90.00 Hz]}, appRequestRanges={physical=[0.00 Hz, 120.00 Hz], render=[0.00 Hz, 90.00 Hz]} idleScreenConfig=nullptr}
07-18 19:42:21.852   650   650 I RefreshRateSelector: 0 mode changes were performed under the previous policy
07-18 19:42:21.852   650   650 D DisplayModeController: setDesiredMode 4619827259835644672 {mode={fps=60.00 Hz, modePtr={id=0, vsyncRate=60.00 Hz, peakRefreshRate=60.00 Hz}}, emitEvent=true, force=false}
07-18 19:42:21.852  1066  1088 V BroadcastQueue: Enqueuing BroadcastRecord{4eefbf8 android.intent.action.DROPBOX_ENTRY_ADDED/u-1} ordered=false from uid 1000 pid 1066 for 2 receivers
07-18 19:42:21.856   650   650 I BpBinder: onLastStrongRef automatically unlinking death recipients: 
07-18 19:42:21.875   601 28740 E smart_ctrl: 2078, smart_ctl_ioctl: smart can not be used any longer,atm lib has been deleted!
07-18 19:42:21.876   601 28731 I awb_adpt4.x: 197, _awb_ctrl_set_aem_info: roiwin_size_b:[h:30,w:40],roiblock_size_p[h:32,w:32]
07-18 19:42:21.876   601 28736 E isp_blk_com: 1527, smart_calc: block_result 0x78bd186a50
07-18 19:42:21.876   601 28736 E isp_blk_com: 1527, smart_calc: block_result 0x78bd186a50
07-18 19:42:21.877   601 28736 E isp_alg_fw: 4190, ispalg_ai_pro_param_compatible: ai status  is not correct
07-18 19:42:21.878   601 28731 I awb_adpt4.x: 1293, awb_sprd_ctrl_calculation_v4_x: AWB result : (1433,1024,1905) 3630K , fram_count : 3 , camera_id : 1, wb_mode : 0, bv : 283 ,work_mode : 0, lock: 0, bypass : 0;AWB lib 32x32: (1433,1024,1905) 3630K; cmc_result: (2052 -1042 14; -258 1322 -40; 31 -697 1690).
07-18 19:42:21.878   601 28689 I Isharkl_s5k5e8yx: 396, s5k5e8yx_drv_access_val: sensor s5k5e8yx: param_ptr->type=1e
07-18 19:42:21.886   601 28828 I FaceAlign: [faRecognize,309]: face i:0
07-18 19:42:21.886   601 28828 D UNN_ENGINE: Start Invoke 
07-18 19:42:21.886   601 28828 D UNN_ENGINE: Set Network Inputs.
07-18 19:42:21.886   601 28828 D UNN_ENGINE: Inputs t_shape: (1,1,64,64 ).
07-18 19:42:21.886   601 28828 D UNN_ENGINE: Session Info: backendType is 0
07-18 19:42:21.886   601 28828 D UNN_ENGINE: batch：1,channel：3, height：64, width：64 .
07-18 19:42:21.888   601 28828 D UNN_ENGINE: Get Network Outputs.
07-18 19:42:21.888   601 28828 D UNN_ENGINE: Invoke is OK 
07-18 19:42:21.888   601 28828 I FDV3    : [find, 789]: src:960x720 detect:160 face_num=1 6.10 ms
07-18 19:42:21.888   601 28828 I libfacedetect: [FdGetFaceInfo,278]: x:162 y:178 width:407 height:407 yawAngle:0 rollAngle:90 score:82 hid:0 fid:3
07-18 19:42:21.888   601 28828 I libfacedetect: [FdGetFaceInfo,298]: FA attr result: eyeGlassesStatus(0), faceOccStatus(0), mouthStatus(0)
07-18 19:42:21.888   601 28828 I FaceDetectSDKNode: 921, fd_process: cam_id=1, 960x720, face_num=1, time=6 ms, frame_id=3, fd=0xaa
07-18 19:42:21.946   601 28712 I Isharkl_s5k5e8yx: 587, s5k5e8yx_drv_read_aec_info: E
07-18 19:42:21.946   601 28712 I Isharkl_s5k5e8yx: 154, s5k5e8yx_drv_calc_exposure: fps = 11.082199
07-18 19:42:21.946   601 28712 I Isharkl_s5k5e8yx: 159, s5k5e8yx_drv_calc_exposure: mode = 1, exposure_line = 2610, dummy_line= 8, frame_interval= 80 ms
07-18 19:42:21.946   601 28712 I Isharkl_s5k5e8yx: 186, s5k5e8yx_drv_calc_gain: isp_gain = 0x400,sensor_gain=0x100
07-18 19:42:21.946   601 28712 I sns_drv_u: 4984, sensor_ic_write_multi_ae_info: group hold interface is null please check it !!!
07-18 19:42:21.977   601 28740 E smart_ctrl: 2078, smart_ctl_ioctl: smart can not be used any longer,atm lib has been deleted!
07-18 19:42:21.977   601 28731 I awb_adpt4.x: 197, _awb_ctrl_set_aem_info: roiwin_size_b:[h:30,w:40],roiblock_size_p[h:32,w:32]
07-18 19:42:21.978   601 28736 E isp_blk_com: 1527, smart_calc: block_result 0x78bd186a50
07-18 19:42:21.978   601 28736 E isp_blk_com: 1527, smart_calc: block_result 0x78bd186a50
07-18 19:42:21.978   601 28736 E isp_alg_fw: 4190, ispalg_ai_pro_param_compatible: ai status  is not correct
07-18 19:42:21.978   601 28731 I awb_adpt4.x: 1293, awb_sprd_ctrl_calculation_v4_x: AWB result : (1423,1024,1920) 3588K , fram_count : 4 , camera_id : 1, wb_mode : 0, bv : 284 ,work_mode : 0, lock: 0, bypass : 0;AWB lib 32x32: (1423,1024,1920) 3588K; cmc_result: (2027 -1024 21; -266 1324 -34; 25 -707 1706).
07-18 19:42:21.979   601 28689 I Isharkl_s5k5e8yx: 396, s5k5e8yx_drv_access_val: sensor s5k5e8yx: param_ptr->type=1e
07-18 19:42:21.987   601 28828 I FaceAlign: [faRecognize,309]: face i:0
07-18 19:42:21.987   601 28828 D UNN_ENGINE: Start Invoke 
07-18 19:42:21.987   601 28828 D UNN_ENGINE: Set Network Inputs.
07-18 19:42:21.987   601 28828 D UNN_ENGINE: Inputs t_shape: (1,1,64,64 ).
07-18 19:42:21.987   601 28828 D UNN_ENGINE: Session Info: backendType is 0
07-18 19:42:21.987   601 28828 D UNN_ENGINE: batch：1,channel：3, height：64, width：64 .
07-18 19:42:21.989   601 28828 D UNN_ENGINE: Get Network Outputs.
07-18 19:42:21.989   601 28828 D UNN_ENGINE: Invoke is OK 
07-18 19:42:21.989   601 28828 I FDV3    : [find, 789]: src:960x720 detect:160 face_num=1 5.38 ms
07-18 19:42:21.989   601 28828 I libfacedetect: [FdGetFaceInfo,278]: x:162 y:178 width:407 height:407 yawAngle:0 rollAngle:90 score:82 hid:0 fid:4
07-18 19:42:21.989   601 28828 I libfacedetect: [FdGetFaceInfo,298]: FA attr result: eyeGlassesStatus(0), faceOccStatus(0), mouthStatus(0)
07-18 19:42:21.989   601 28828 I FaceDetectSDKNode: 921, fd_process: cam_id=1, 960x720, face_num=1, time=5 ms, frame_id=4, fd=0x7a
07-18 19:42:21.991  1066  2808 I WindowManager: WIN DEATH: Window{353ec1d u0 com.example.controlhorario/com.example.controlhorario.MainActivity}, [type=1, isChildWindow=false]-[Surface(name=*Title#2621)/@0x85fc042, shown=false, windowType=1]
07-18 19:42:21.991  1066  2808 W InputManager-JNI: Input channel object '353ec1d com.example.controlhorario/com.example.controlhorario.MainActivity (client)' was disposed without first being removed with the input manager!
07-18 19:42:21.991  1066  2818 I ImeTracker: com.example.controlhorario:142e2b6e: onRequestHide at ORIGIN_SERVER reason HIDE_REMOVE_CLIENT fromUser false
07-18 19:42:21.991  1066  2818 I ImeTracker: com.example.controlhorario:142e2b6e: onCancelled at PHASE_SERVER_SHOULD_HIDE
07-18 19:42:21.991  1066  2443 I ActivityManager: Process com.example.controlhorario (pid 28501) has died: fg  TOP 
07-18 19:42:21.992   813 18108 E Surface : queueBuffer: error queuing buffer, -32
07-18 19:42:21.992   813 18108 E Camera3-OutputStream: returnBufferCheckedLocked: Stream 0: Error queueing buffer to native window: Broken pipe (-32)
07-18 19:42:21.992  1066  2808 D WindowManager: isSupportDynamicNavbar user0, navBarMode = 0, is3buttonModeNavbar = true
07-18 19:42:21.992   813   813 D Camera2ClientBase: Camera 1: start to disconnect
07-18 19:42:21.992   813   813 D Camera2ClientBase: Camera 1: serializationLock acquired
07-18 19:42:21.992   813   813 D Camera2ClientBase: Camera 1: Shutting down
07-18 19:42:21.992   813   813 D Camera2ClientBase: Camera 1: start to cacheDump
07-18 19:42:21.993   728   728 I adbd    : Remote process closed the socket (on MSG_PEEK)
07-18 19:42:21.994  1848  1848 D BoundBrokerSvc: onUnbind: Intent { act=com.google.android.gms.common.telemetry.service.START dat=chimera-action:/... cmp=com.google.android.gms/.chimera.PersistentApiService }
07-18 19:42:21.997   813 18108 E Surface : queueBuffer: error queuing buffer, -32
07-18 19:42:21.997   813 18108 E Camera3-OutputStream: returnBufferCheckedLocked: Stream 0: Error queueing buffer to native window: Broken pipe (-32)
07-18 19:42:21.997  1066  1549 D SSense.GalleryAppSceneRecognizer: GalleryAppScene for uid:10275 pkg name:com.example.controlhorario sceneId:0 changed:false mCurrentFlingAppName:null
07-18 19:42:21.997  1066  1549 D SSense.GalleryAppSceneRecognizer: GalleryAppScene for uid:10245 pkg name:com.whatsapp sceneId:0 changed:false mCurrentFlingAppName:null
07-18 19:42:21.998  1066  1089 D DisplayManagerService: Drop pending events for gone uid 10275
07-18 19:42:22.000  1066  2443 D WindowManager: setFocusedApp mFocusedApp = nulldisplayId = 0Callers = com.android.server.wm.ActivityRecord.onRemovedFromDisplay:4745 com.android.server.wm.DisplayContent.removeAppToken:1694 com.android.server.wm.ActivityRecord.removeFromHistory:4325 com.android.server.wm.ActivityRecord.handleAppDied:4611 com.android.server.wm.WindowProcessController.handleAppDied:1519 com.android.server.wm.ActivityTaskManagerService$LocalService.handleAppDied:6677 
07-18 19:42:22.000   601  1025 I Cam3HWI : 1245, flush: :hal3: E camId=1
07-18 19:42:22.001   601 28689 I Isharkl_s5k5e8yx: 396, s5k5e8yx_drv_access_val: sensor s5k5e8yx: param_ptr->type=13
07-18 19:42:22.001   601 28689 I sns_drv_u: 3253, sensor_stream_ctrl_common: is_async: no, phyid: 1
07-18 19:42:22.001   601 28690 I sns_drv_u: 2624, sensor_ctrl_thread_proc: evt 526340
07-18 19:42:22.001   601 28690 I sns_drv_u: 3344, sensor_stream_ctrl: on_off 0
07-18 19:42:22.001   601 28690 I sns_drv_u: 3414, sensor_stream_off: E
07-18 19:42:22.001   601 28690 I Isharkl_s5k5e8yx: 648, s5k5e8yx_drv_stream_off: E
07-18 19:42:22.002  1066  2443 D WindowManager: setFocusedApp mFocusedApp = ActivityRecord{7a21fbf u0 com.whatsapp/.home.ui.HomeActivity t26 d0}displayId = 0Callers = com.android.server.wm.ActivityTaskManagerService.setLastResumedActivityUncheckLocked:5100 com.android.server.wm.ActivityTaskSupervisor.updateTopResumedActivityIfNeeded:2341 com.android.server.wm.TaskFragment.setResumedActivity:617 com.android.server.wm.TaskFragment.onActivityStateChanged:970 com.android.server.wm.ActivityRecord.setState:6230 com.android.server.wm.TaskFragment.resumeTopActivity:1583 
07-18 19:42:22.002  1066  2443 D InputDispatcher: setFocusedApplication displayId=0 ActivityRecord{7a21fbf u0 com.whatsapp/.home.ui.HomeActivity t26 d0}
07-18 19:42:22.002   813 18108 E Surface : queueBuffer: error queuing buffer, -32
07-18 19:42:22.002   813 18108 E Camera3-OutputStream: returnBufferCheckedLocked: Stream 1: Error queueing buffer to native window: Broken pipe (-32)
07-18 19:42:22.002  1066  1234 D DeviceIdleControllerEx: packageName: com.whatsapp uid: 10245 is in preset white app list
07-18 19:42:22.002  1066  1234 D DeviceIdleControllerEx: packageName: com.whatsapp uid: 10245 is in preset white app list
07-18 19:42:22.002   813 28692 E Camera3-OutputStream: getBufferLockedCommon: Stream 1: Can't dequeue next output buffer: Broken pipe (-32)
07-18 19:42:22.005  1066  2443 D WindowManager: isSupportDynamicNavbar user0, navBarMode = 0, is3buttonModeNavbar = true
07-18 19:42:22.007  1066  1091 W ActivityManager: setHasOverlayUi called on unknown pid: 28501
07-18 19:42:22.014  1066  1112 D AppOps  : evalModeInternal: uid = 10275, code = 26, uidState = 700, uidCapability = 0, opCapability = 2
07-18 19:42:22.016  1066  1112 D AppOps  : evalModeInternal: uid = 10275, code = 26, uidState = 700, uidCapability = 0, opCapability = 2
07-18 19:42:22.016   587   587 I Zygote  : Process 28501 exited due to signal 9 (Killed)
07-18 19:42:22.019  2618  2633 I eohs    : (REDACTED) HDM. appOpsListener %s %s
07-18 19:42:22.020  2618  2633 I eohs    : (REDACTED) HDM. Ignoring irrelevant audio permission changes for package %s
