07-18 19:42:21.199   601 28725 I isp_alg_fw: 19905, ispalg_awb_init: AWB VERSION = 40200,output.param_data->data_ptr 0xb400007a98ebb070,output.param_data 0xb400007ac8e71230
07-18 19:42:21.199   601 28725 I isp_alg_fw: 19932, ispalg_awb_init: AWB VERSION = 40200,output.param_data->data_ptr 0xb400007a98ebb070,output.param_data 0xb400007ac8e71230
07-18 19:42:21.199   601 28725 I isp_alg_fw: 19971, ispalg_awb_init: AWB_LOG: is_master 1, sensor_role 0, multi_mode 0, awb_version 4 param addr 0xb400007a98ebb070 size 65536, is_multi_mode 0
07-18 19:42:21.199   601 28719 I 3a_cap_offline: 1004, capture_3a_offline_init: enter
07-18 19:42:21.199   601 28721 E lsc_sprd_adapt_v2: 1056, lsc_parser_otp: cam_id:1,lsc module_info_ptr = 0x0. Parser fail !
07-18 19:42:21.199   601 28719 I 3a_cap_offline: 782, init_awb_cxt: param wbmode:0, stat_img_size:16 8, stat_win_size:8 16, awb_tuning:0xb400007a98ebb070 , paramsize:65536, otp_info_ptr:0x78d78f1a98 , ismaster:1,			camera_id:1 , sensor_role:0
07-18 19:42:21.200   813   813 D libcameraservice_ext_hook: ICamera3Device ext 0xb4000072cb845ab0
07-18 19:42:21.200   601 28714 I isp_alg_fw: 20801, ispalg_bypass_init: ae bypass 0, af bypass 0, awb bypass 0, lsc bypass 0, afl bypass 0, pdaf bypass 0
07-18 19:42:21.200   601 28729 E isp_alg_fw: 20199, ispalg_smart_init: cam 1 no_atmparam
07-18 19:42:21.200   601 28729 E smart_ctrl: 287, smart_ctl_init: smart can not be used any longer,atm lib has been deleted!
07-18 19:42:21.200   813   813 D Camera3-Utils: Set real time priority for thread (tid 813)
07-18 19:42:21.200   601 28729 I smart_ctrl: 353, smart_ctl_init: done rtn 0
07-18 19:42:21.200   601 28729 I isp_alg_fw: 20214, ispalg_smart_init: XTM_LOG: done 0
07-18 19:42:21.201   601 28716 I TRGManage: 232, getInstance: create 0xb400007b98e9b2c0
07-18 19:42:21.201   813   813 D UnisocCamera3Device: Camera3Device update appid
07-18 19:42:21.201   601 28727 I TriggerUnit: 368, buildTriggerTree: E parse file: /vendor/firmware/s5k5e8yx_front/com/TRG_D_MASK_29966.xml
07-18 19:42:21.202   601 28725 I awb_ctrl: 388, awbctrl_create_thread: done 0
07-18 19:42:21.202   601 28717 I ISP_XTM[CORE]: 301,isp_xtm_init:XTM_LIB_VERSION: CAM_ALGO_ISP_XTM2.5_20250416_1400
07-18 19:42:21.202   601 28725 I awb_ctrl: 159, awbctrl_init_adpt: front camera, camera_id = 1
07-18 19:42:21.202   601 28726 I TriggerUnit: 368, buildTriggerTree: E parse file: /vendor/firmware/s5k5e8yx_front/com/TRG_SP_BOKEH2_29961.xml
07-18 19:42:21.202   601 28725 I awb_ctrl: 176, awbctrl_init_adpt: no pram file , Get the trunning param from upper layer!
07-18 19:42:21.202   601 28725 I awb_ctrl: 200, awbctrl_init_adpt: lib_param.version_id = 0 (awb4.2)
07-18 19:42:21.202   601 28725 I awb_adpt4.x: 686, awb_sprd_ctrl_init_v4_x: [awb_4.x] start awb_sprd_ctrl_init
07-18 19:42:21.202   601 28725 I awb_adpt4.x: 583, _awbsprd_load_lib: awb lib version_id:0, version_name:libcamAwb4.0.so
07-18 19:42:21.202   601 28716 I Cam3Utils: 2639, operator(): X thread end, cam 1
07-18 19:42:21.202   601 28726 I TriggerUnit: 368, buildTriggerTree: E parse file: /vendor/firmware/s5k5e8yx_front/com/TRG_SC_BOKEH_29963.xml
07-18 19:42:21.203   601 28726 I TriggerUnit: 368, buildTriggerTree: E parse file: /vendor/firmware/s5k5e8yx_front/com/TRG_DC_BOKEH_29968.xml
07-18 19:42:21.203   601 28733 I TriggerUnit: 368, buildTriggerTree: E parse file: /vendor/firmware/s5k5e8yx_front/com/TRG_DP_BOKEH_29967.xml
07-18 19:42:21.203   601 28719 I awb_ctrl: 388, awbctrl_create_thread: done 0
07-18 19:42:21.203   601 28719 I awb_ctrl: 159, awbctrl_init_adpt: front camera, camera_id = 1
07-18 19:42:21.203   601 28719 I awb_ctrl: 176, awbctrl_init_adpt: no pram file , Get the trunning param from upper layer!
07-18 19:42:21.203   601 28719 I awb_ctrl: 200, awbctrl_init_adpt: lib_param.version_id = 0 (awb4.2)
07-18 19:42:21.203   601 28719 I awb_adpt4.x: 686, awb_sprd_ctrl_init_v4_x: [awb_4.x] start awb_sprd_ctrl_init
07-18 19:42:21.203   601 28726 I TriggerUnit: 368, buildTriggerTree: E parse file: /vendor/firmware/s5k5e8yx_front/com/TRG_SD_USD2.2_29959.xml
07-18 19:42:21.203   601 28727 I TriggerUnit: 368, buildTriggerTree: E parse file: /vendor/firmware/s5k5e8yx_front/com/TRG_SD_MFNR2.0_29960.xml
07-18 19:42:21.203   601  1025 I Cam3Utils: 2622, getIzoomInfo: izm support 0.000000 0.000000, mode fast 0 bin 0 m 0 f 0
07-18 19:42:21.203   601  1025 I Cam3Adapter: 1374, configureStreams: E
07-18 19:42:21.203   626   626 D PowerHAL: set_viptask:tag=camera-hal,type=camera,pid=1025,level=1,buf=1025 1
07-18 19:42:21.203   601  1025 I Cam3Adapter: 1379, configureStreams: setVipTask 1
07-18 19:42:21.204   601 28689 I Isharkl_s5k5e8yx: 396, s5k5e8yx_drv_access_val: sensor s5k5e8yx: param_ptr->type=13
07-18 19:42:21.204   601 28727 I TriggerUnit: 368, buildTriggerTree: E parse file: /vendor/firmware/s5k5e8yx_front/com/TRG_MFNR5.2_30721.xml
07-18 19:42:21.204   601  1025 I cmr_grab: 1806, cmr_grab_cap_stop: already stopped
07-18 19:42:21.204   601  1025 I FramePolicyMgr: 1105, sessionStop: E camId 1
07-18 19:42:21.204   601 28719 I awb_adpt4.x: 583, _awbsprd_load_lib: awb lib version_id:0, version_name:libcamAwb4.0.so
07-18 19:42:21.204   601  1025 W PicturePolicy: 1410, setFlushFlag: set snapshotStatusMap CMR_IDLE
07-18 19:42:21.205   601  1025 I FramePolicyMgr: 1156, sessionStop: X AdapterRef 0
07-18 19:42:21.205   601 28733 I TriggerUnit: 368, buildTriggerTree: E parse file: /vendor/firmware/s5k5e8yx_front/com/TRG_MFNR6_29956.xml
07-18 19:42:21.205   601  1025 I Cam3Adapter: 627, mapStreamRoles: index i 0, fmt 34, size 960x720, usage=0x900, dataSpace=0
07-18 19:42:21.205   601  1025 I Cam3Adapter: 627, mapStreamRoles: index i 1, fmt 35, size 640x480, usage=0x3, dataSpace=146931712
07-18 19:42:21.206   601  1025 I FramePolicyMgr: 828, sessionInit: E session start init cameraId 1
07-18 19:42:21.206   601  1025 E CameraSession: 28, createSession: invalid empty stream_list
07-18 19:42:21.207   601  1025 I ConfigurationManager: 628, preparePriority: got 1 Propctrl(s)
07-18 19:42:21.207   601 28726 I TriggerUnit: 368, buildTriggerTree: E parse file: /vendor/firmware/s5k5e8yx_front/com/TRG_MFSR3_29975.xml
07-18 19:42:21.213   601 28721 I android.hardware.camera.provider@2.4-service_64: [ALSC_4.4]: L 1100, alsc_init: ALSC VERSION: CAM_ALGO_3A_ALSC_4.4.4.202411011500 !
07-18 19:42:21.214   601 28721 D android.hardware.camera.provider@2.4-service_64: [ALSC_4.4]: L 106, alsc_get_eng_cmd: eng_alsc_bypass_otp=0, eng_alsc_bypass=0, eng_alsc_table_index=9
07-18 19:42:21.215   601 28721 D android.hardware.camera.provider@2.4-service_64: [ALSC_4.4]: L 1633, otp_init: lsc otp is not used!
07-18 19:42:21.216   601 28727 I TriggerUnit: 368, buildTriggerTree: E parse file: /vendor/firmware/s5k5e8yx_front/com/TRG_HDR5_29958.xml
07-18 19:42:21.217   601 28718 I libloader: succeed to open lib 'libcamAe4.0.so' 0xe282875978ba371
07-18 19:42:21.228   601 28725 I libloader: succeed to open lib 'libcamAwb4.0.so' 0x7f19cdae919da735
07-18 19:42:21.228   601 28725 I awb_adpt4.x: 594, _awbsprd_load_lib: dlopen awb lib successful
07-18 19:42:21.232   601 28717 I ISP_XTM[CORE]: 385,isp_xtm_init:XTM_TUNE_PTR 0xb400007bbc804f60
07-18 19:42:21.232   601 28717 I ISP_XTM[CORE]: 428,isp_xtm_init:GAMMA_TUNE_PTR 0xb400007bbe40fc60
07-18 19:42:21.232   601 28719 I libloader: succeed to open lib 'libcamAwb4.0.so' 0x7f19cdae919da735
07-18 19:42:21.232   601 28719 I awb_adpt4.x: 594, _awbsprd_load_lib: dlopen awb lib successful
07-18 19:42:21.232   601 28717 I xtm_sprd_adapt_v2: 463, xtm_sprd_init: xtm init success rtn = 0, 
07-18 19:42:21.232   601 28717 I xtm_ctrl: 215, xtm_ctrl_init_lib: done 0
07-18 19:42:21.232   601 28717 I xtm_ctrl: 260, xtm_ctrl_init_adpt: done 0
07-18 19:42:21.235   601 28721 I lsc_sprd_adapt_v2: 1772, lsc_sprd_init: cam_id = 1 ,lsc init success rtn = 0, platform:SPRD_ISPALG_UMS9230 , id:3 cxt->do_stats_inverse:0 cxt->alsc_handle:0xb400007a48f65ab0
07-18 19:42:21.235   601 28721 I lsc_ctrl: 211, _lscctrl_init_lib: done 0
07-18 19:42:21.235   601 28721 I lsc_ctrl: 259, _lscctrl_init_adpt: done 0
07-18 19:42:21.237   601 28733 I TriggerUnit: 368, buildTriggerTree: E parse file: /vendor/firmware/s5k5e8yx_front/com/TRG_HDR5.2_29978.xml
07-18 19:42:21.239   601 28728 I libloader: succeed to open lib 'libcamafl4.0.so' 0x31b6c75657fb067f
07-18 19:42:21.239   601 28725 I awb_adpt4.x: 717, awb_sprd_ctrl_init_v4_x: load awb lib success!
07-18 19:42:21.239   601 28725 I awb_adpt4.x: 742, awb_sprd_ctrl_init_v4_x: is_multi_mode=0 , color_support=1 offline_mode:0
07-18 19:42:21.239   601 28725 I awb_adpt4.x: 745, awb_sprd_ctrl_init_v4_x: camID:1 start parse the awb_otp_info
07-18 19:42:21.239   601 28725 I awb_adpt4.x: 55, __parse_otp_vendor_type: otp_vendor is 0
07-18 19:42:21.239   601 28725 W awb_adpt4.x: 288, _awb_parser_otp_info_v4x:  module_info_ptr or awb_otp_info_ptr  is NULL 0x0 0x0
07-18 19:42:21.239   601 28725 W awb_adpt4.x: 289, _awb_parser_otp_info_v4x:  Parser fail ! compatible return success and all otp is ZERO
07-18 19:42:21.239   601 28725 I awb_adpt4.x: 751, awb_sprd_ctrl_init_v4_x: camID:1 paser awb otp info success!
07-18 19:42:21.239   601 28725 I awb_adpt4.x: 752, awb_sprd_ctrl_init_v4_x: camID:1 awb otp_map_version is 0
07-18 19:42:21.239   601 28725 I awb_adpt4.x: 756, awb_sprd_ctrl_init_v4_x: camID:1 otp_current_rgb 0 DNP  is 0 0 0
07-18 19:42:21.239   601 28718 I Libae[Misc]: 122,ae_get_mod:AE4.2 branch: trunk : AE VERSION: CAM_ALGO_3A_AE_4.2.172.202408021540, compile time:09:38:29-Aug  6 2024
07-18 19:42:21.239   601 28725 I awb_adpt4.x: 760, awb_sprd_ctrl_init_v4_x: camID:1 otp_current_rgb 1 A    is 0 0 0
07-18 19:42:21.239   601 28725 I awb_adpt4.x: 764, awb_sprd_ctrl_init_v4_x: camID:1 otp_current_rgb 2 TL84 is 0 0 0
07-18 19:42:21.239   601 28725 I awb_adpt4.x: 766, awb_sprd_ctrl_init_v4_x: camID:1 end parse the awb_otp_info
07-18 19:42:21.239   601 28725 I awb_adpt4.x: 768, awb_sprd_ctrl_init_v4_x: create the lock thread for awb success!
07-18 19:42:21.239   601 28725 I awb_adpt4.x: 197, _awb_ctrl_set_aem_info: roiwin_size_b:[h:64,w:64],roiblock_size_p[h:32,w:32]
07-18 19:42:21.240   601 28725 I awb_adpt4.x: 91, __awb_read_gain_from_file: read_gain from:/data/vendor/cameraserver/camera_1_awb_auto.file, camera_id[1]: (1748,1024,1654) 5118K 
07-18 19:42:21.240   601 28725 D AWBLIB  : [AWBLIB_4.0]: L 74, awb_init: awb_tool_param is awb4.2
07-18 19:42:21.240   601 28725 I AWBLIB  : [AWBLIB_4.0]: L 101, awb_init: AWB VERSION: CAM_ALGO_3A_AWB_4.4.2.202408301600
07-18 19:42:21.240   601 28719 I awb_adpt4.x: 717, awb_sprd_ctrl_init_v4_x: load awb lib success!
07-18 19:42:21.240   601 28719 I awb_adpt4.x: 742, awb_sprd_ctrl_init_v4_x: is_multi_mode=0 , color_support=1 offline_mode:1
07-18 19:42:21.240   601 28719 I awb_adpt4.x: 745, awb_sprd_ctrl_init_v4_x: camID:1 start parse the awb_otp_info
07-18 19:42:21.240   601 28719 I awb_adpt4.x: 55, __parse_otp_vendor_type: otp_vendor is 0
07-18 19:42:21.240   601 28719 W awb_adpt4.x: 288, _awb_parser_otp_info_v4x:  module_info_ptr or awb_otp_info_ptr  is NULL 0x0 0x0
07-18 19:42:21.240   601 28719 W awb_adpt4.x: 289, _awb_parser_otp_info_v4x:  Parser fail ! compatible return success and all otp is ZERO
07-18 19:42:21.240   601 28719 I awb_adpt4.x: 751, awb_sprd_ctrl_init_v4_x: camID:1 paser awb otp info success!
07-18 19:42:21.240   601 28719 I awb_adpt4.x: 752, awb_sprd_ctrl_init_v4_x: camID:1 awb otp_map_version is 0
07-18 19:42:21.240   601 28719 I awb_adpt4.x: 756, awb_sprd_ctrl_init_v4_x: camID:1 otp_current_rgb 0 DNP  is 0 0 0
07-18 19:42:21.240   601 28719 I awb_adpt4.x: 760, awb_sprd_ctrl_init_v4_x: camID:1 otp_current_rgb 1 A    is 0 0 0
07-18 19:42:21.240   601 28719 I awb_adpt4.x: 764, awb_sprd_ctrl_init_v4_x: camID:1 otp_current_rgb 2 TL84 is 0 0 0
07-18 19:42:21.240   601 28719 I awb_adpt4.x: 766, awb_sprd_ctrl_init_v4_x: camID:1 end parse the awb_otp_info
07-18 19:42:21.240   601 28719 I awb_adpt4.x: 768, awb_sprd_ctrl_init_v4_x: create the lock thread for awb success!
07-18 19:42:21.240   601 28719 I awb_adpt4.x: 197, _awb_ctrl_set_aem_info: roiwin_size_b:[h:8,w:16],roiblock_size_p[h:32,w:32]
07-18 19:42:21.240   601 28719 I awb_adpt4.x: 91, __awb_read_gain_from_file: read_gain from:/data/vendor/cameraserver/camera_1_awb_auto.file, camera_id[1]: (1748,1024,1654) 5118K 
07-18 19:42:21.240   601 28719 D AWBLIB  : [AWBLIB_4.0]: L 74, awb_init: awb_tool_param is awb4.2
07-18 19:42:21.240   601 28719 I AWBLIB  : [AWBLIB_4.0]: L 101, awb_init: AWB VERSION: CAM_ALGO_3A_AWB_4.4.2.202408301600
07-18 19:42:21.240   601 28728 I afl_ctrl: 73, afl_load_lib_init: success to dlopen libcamafl4.0.so
07-18 19:42:21.240   601 28728 I DEFLICKER[API]: 67,afl_lib_init:AFL init VERISON 4 
07-18 19:42:21.240   601 28728 I DEFLICKER4.2[CALC]: 2759,antiflcker_init_v2:flicker_detection_library_version:AFL VERSION: CAM_ALGO_3A_AFL_4.2.3.202404022055
07-18 19:42:21.240   601 28728 I DEFLICKER4.2[CALC]: 2762,antiflcker_init_v2:flicker detection library version:LIBVER[4.3.5.1][Apr  3 2024][11:14:47]
07-18 19:42:21.241   601 28728 I DEFLICKER4.2[CALC]: 63,afl_set_log_level_v1:AFL LOG LEVEL :3
07-18 19:42:21.241   601 28728 I DEFLICKER4.2[CALC]: 88,afl_get_manual_cmd:AFL debug :0
07-18 19:42:21.241   601 28719 D AWBLIB  : [AWBLIB_4.0]: L 190, awb_init: awb4.4:camera_id 1 run Tradition AWB model
07-18 19:42:21.241   601 28728 I DEFLICKER4.2[CALC]: 2805,antiflcker_init_v2:inti 0xb40000791f5d11e0
07-18 19:42:21.241   601 28728 I DEFLICKER[API]: 87,afl_lib_init:AFL init cxt 0xb400007ad8ee5cd0 alg_handle 0xb40000791f5d11e0 
07-18 19:42:21.241   601  1025 I FramePolicyMgr: 851, sessionInit: X ret 1, mSession 0xb400007ba8f0de80
07-18 19:42:21.241   601  1025 I Cam3Adapter: 1543, setDcamZslCacheFrame: zsl_num 0, zsl_skip_num 0, raw_zsl_num 0,raw_zsk_skip_num 0,share_buf 0
07-18 19:42:21.241   601 28719 D AWBLIB  : [AWBLIB_4.0]: L 234, awb_init: camera_id 1 AWB init Gain use from file (1748,1024,1654)
07-18 19:42:21.241   601 28719 I awb_adpt4.x: 872, awb_sprd_ctrl_init_v4_x: done
07-18 19:42:21.241   601 28719 I awb_ctrl: 131, awbctrl_init_lib: done 0
07-18 19:42:21.241   601 28719 I awb_ctrl: 229, awbctrl_init_adpt: done 0
07-18 19:42:21.242   601 28725 D AWBLIB  : [AWBLIB_4.0]: L 190, awb_init: awb4.4:camera_id 1 run Tradition AWB model
07-18 19:42:21.242   601  1025 I FramePolicyMgr: 856, clearStream: clear all stream
07-18 19:42:21.242   601 28718 I Libae:[Sub_fun]: 2555,aec_tune_param_parser_v1:alg_tune_version 0x42000 tune_param_version 0x42000 
07-18 19:42:21.242   601 28689 I Isharkl_s5k5e8yx: 396, s5k5e8yx_drv_access_val: sensor s5k5e8yx: param_ptr->type=11
07-18 19:42:21.242   601 28689 I Isharkl_s5k5e8yx: 375, s5k5e8yx_drv_get_fps_info: mode 1, max_fps: 30
07-18 19:42:21.242   601 28689 I Isharkl_s5k5e8yx: 376, s5k5e8yx_drv_get_fps_info: min_fps: 1
07-18 19:42:21.242   601 28689 I Isharkl_s5k5e8yx: 377, s5k5e8yx_drv_get_fps_info: is_high_fps: 0
07-18 19:42:21.242   601 28689 I Isharkl_s5k5e8yx: 378, s5k5e8yx_drv_get_fps_info: high_fps_skip_num: 0
07-18 19:42:21.242   601 28725 D AWBLIB  : [AWBLIB_4.0]: L 234, awb_init: camera_id 1 AWB init Gain use from file (1748,1024,1654)
07-18 19:42:21.243   601 28725 I awb_adpt4.x: 872, awb_sprd_ctrl_init_v4_x: done
07-18 19:42:21.243   601 28725 I awb_ctrl: 131, awbctrl_init_lib: done 0
07-18 19:42:21.243   601 28725 I awb_ctrl: 229, awbctrl_init_adpt: done 0
07-18 19:42:21.243   601 28725 I isp_alg_fw: 20037, ispalg_awb_init: AWB_LOG: done 0
07-18 19:42:21.243   601 28728 I afl_ctrl: 766, afl_ctrl_init: afl ctrl init rtn: 0
07-18 19:42:21.243   601 28689 I Isharkl_s5k5e8yx: 396, s5k5e8yx_drv_access_val: sensor s5k5e8yx: param_ptr->type=11
07-18 19:42:21.243   601 28689 I Isharkl_s5k5e8yx: 375, s5k5e8yx_drv_get_fps_info: mode 1, max_fps: 30
07-18 19:42:21.243   601 28689 I Isharkl_s5k5e8yx: 376, s5k5e8yx_drv_get_fps_info: min_fps: 1
07-18 19:42:21.243   601 28689 I Isharkl_s5k5e8yx: 377, s5k5e8yx_drv_get_fps_info: is_high_fps: 0
07-18 19:42:21.243   601 28689 I Isharkl_s5k5e8yx: 378, s5k5e8yx_drv_get_fps_info: high_fps_skip_num: 0
07-18 19:42:21.243   601 28719 I lsc_ctrl: 275, _lscctrl_create_thread: lsc_ctrl thread rtn 0
07-18 19:42:21.243   601 28689 I Isharkl_s5k5e8yx: 396, s5k5e8yx_drv_access_val: sensor s5k5e8yx: param_ptr->type=1f
07-18 19:42:21.244   601 28689 I Isharkl_s5k5e8yx: 396, s5k5e8yx_drv_access_val: sensor s5k5e8yx: param_ptr->type=11
07-18 19:42:21.244   601 28689 I Isharkl_s5k5e8yx: 375, s5k5e8yx_drv_get_fps_info: mode 1, max_fps: 30
07-18 19:42:21.244   601 28689 I Isharkl_s5k5e8yx: 376, s5k5e8yx_drv_get_fps_info: min_fps: 1
07-18 19:42:21.244   601 28689 I Isharkl_s5k5e8yx: 377, s5k5e8yx_drv_get_fps_info: is_high_fps: 0
07-18 19:42:21.244   601 28689 I Isharkl_s5k5e8yx: 378, s5k5e8yx_drv_get_fps_info: high_fps_skip_num: 0
07-18 19:42:21.244   601 28718 I Libae[FLASH]: 4796,ae_alg_flash_init:flashcorrect_debug 0
07-18 19:42:21.244   601 28718 I Libae[FLASH]: 4897,ae_alg_flash_init:FLASH VERSION: CAM_ALGO_ISP_3A_FLASH_6.0_H0_20220217_1000
07-18 19:42:21.244   601 28718 I android.hardware.camera.provider@2.4-service_64: 232, s_q_open: valid num: exp: 2, sensor gain: 1, isp gain: 1
07-18 19:42:21.244   601 28718 I ae_ctrl : 475, aectrl_init_adpt: done 0
07-18 19:42:21.244   601 28689 I Isharkl_s5k5e8yx: 396, s5k5e8yx_drv_access_val: sensor s5k5e8yx: param_ptr->type=1f
07-18 19:42:21.244   601 28689 I Isharkl_s5k5e8yx: 396, s5k5e8yx_drv_access_val: sensor s5k5e8yx: param_ptr->type=11
07-18 19:42:21.244   601 28689 I Isharkl_s5k5e8yx: 375, s5k5e8yx_drv_get_fps_info: mode 1, max_fps: 30
07-18 19:42:21.244   601 28689 I Isharkl_s5k5e8yx: 376, s5k5e8yx_drv_get_fps_info: min_fps: 1
07-18 19:42:21.244   601 28689 I Isharkl_s5k5e8yx: 377, s5k5e8yx_drv_get_fps_info: is_high_fps: 0
07-18 19:42:21.244   601 28689 I Isharkl_s5k5e8yx: 378, s5k5e8yx_drv_get_fps_info: high_fps_skip_num: 0
07-18 19:42:21.244   601 28719 E lsc_sprd_adapt_v2: 1056, lsc_parser_otp: cam_id:1,lsc module_info_ptr = 0x0. Parser fail !
07-18 19:42:21.245   601  1025 I cmr_oem : 3337, camera_sensor_work_mode: camId 1 sensor work mode 1
07-18 19:42:21.245   601 28775 I Cam3Adapter: 2381, asyncStartSession: E
07-18 19:42:21.245   601 28775 I FramePolicyMgr: 965, sessionStart: E
07-18 19:42:21.245   601 28689 I sns_drv_u: 2958, sensor_set_mode_msg: mode = 1, is_fast_switch 0
07-18 19:42:21.245   601 28689 I sns_drv_u: 2975, sensor_set_mode_msg: is_async: yes, phyid: 1
07-18 19:42:21.245   601 28689 I Isharkl_s5k5e8yx: 396, s5k5e8yx_drv_access_val: sensor s5k5e8yx: param_ptr->type=29
07-18 19:42:21.245   601 28690 I sns_drv_u: 2624, sensor_ctrl_thread_proc: evt 526338
07-18 19:42:21.245   601 28690 I sns_drv_u: 3083, sensor_set_mode: mode = 1, is_fast_switch = 0, fast_switch_mode support 0
07-18 19:42:21.245   601 28690 I hw_sensor: 420, hw_sensor_set_mclk: mclk 24, ret 0 
07-18 19:42:21.245   601 28690 I hw_sensor: 1093, hw_Sensor_SendRegTabToSensor: E:burst_mode 0, sensor_id 1
07-18 19:42:21.245   601  1025 I cmr_sensor: 513, cmr_sensor_get_info: E 0x78ccfd0618
07-18 19:42:21.245   601  1025 I cmr_sensor: 525, cmr_sensor_get_info: X
07-18 19:42:21.245   601 28689 I Isharkl_s5k5e8yx: 396, s5k5e8yx_drv_access_val: sensor s5k5e8yx: param_ptr->type=11
07-18 19:42:21.245   601 28689 I Isharkl_s5k5e8yx: 375, s5k5e8yx_drv_get_fps_info: mode 1, max_fps: 30
07-18 19:42:21.245   601 28689 I Isharkl_s5k5e8yx: 376, s5k5e8yx_drv_get_fps_info: min_fps: 1
07-18 19:42:21.245   601 28689 I Isharkl_s5k5e8yx: 377, s5k5e8yx_drv_get_fps_info: is_high_fps: 0
07-18 19:42:21.245   601 28689 I Isharkl_s5k5e8yx: 378, s5k5e8yx_drv_get_fps_info: high_fps_skip_num: 0
07-18 19:42:21.245   601  1025 I cmr_grab: 672, cmr_grab_if_cfg: not support power opt
07-18 19:42:21.245   601  1025 I cmr_grab: 681, cmr_grab_if_cfg: ret 0, if type 1, mode 3, deci 0, status 0
07-18 19:42:21.245   601  1025 I cmr_grab: 718, cmr_grab_sn_cfg: sn_trim x y w h 0, 0, 1296, 972
07-18 19:42:21.245   601  1025 I cmr_grab: 732, cmr_grab_sn_cfg: sensor_max_size: w=2592, h=1944
07-18 19:42:21.245   601  1025 I cmr_oem : 8129, camera_get_remosaic_type: remosaic_type=0
07-18 19:42:21.245   601  1025 I cmr_oem : 3881, camera_channel_cfg: camid1,need_hw_3dnr 0, sence_mode 0
07-18 19:42:21.246   601  1025 I cmr_mm_dvfs: 214, set_dcam_dvfs_policy: set dvfs-> dcam-if done, freq is 192000000
07-18 19:42:21.246   601  1025 I cmr_mm_dvfs: 340, set_isp_dvfs_policy: set dvfs-> isp done, freq is 307200000
07-18 19:42:21.246   601  1025 I cmr_grab: 1255, cmr_grab_cap_cfg: frm_num -1, dst width 960, dst height 720,slowmotion 0,is_high_fps:0, high_fps_skip_num:0, src_img_fmt 48, dst_img_fmt 16, 4in1 0, fdr 0, is_sync_num 0, 960fps 0, is_raw_alg 0, need_param_offline 0.
07-18 19:42:21.247   601  1025 I cmr_grab: 1198, cmr_garb_function_mode_cfg: sensor_raw_fmt=2, dcam_raw_fmt=2
07-18 19:42:21.247   601  1025 I cmr_grab: 1207, cmr_garb_function_mode_cfg: alg_type 0, is_raw_alg 0, need_dcam_raw 0, master_flag 1,fdr_preview_captured_num = 0, zoom_conflict_ltm = 0, param_frame_sync 0, ipg skip 0 zoom crop 0
07-18 19:42:21.247   601  1025 I cmr_grab: 777, cmr_grab_cap_cfg_common: chn_id=1, regu_mode=0, pdaf_ctrl=0 0, deci_factor=0, cfg_isp=0, chn_skip_num=0
07-18 19:42:21.247   601 28719 I android.hardware.camera.provider@2.4-service_64: [ALSC_4.4]: L 1100, alsc_init: ALSC VERSION: CAM_ALGO_3A_ALSC_4.4.4.202411011500 !
07-18 19:42:21.247   601  1025 I cmr_grab: 855, cmr_grab_cap_cfg_common: crop_rect in hex:0,0,510,3cc, crop_rect in dec:0,0,1296,972,total_rect: 0,0,1296,972 clear 0
07-18 19:42:21.247   601  1025 I cmr_grab: 875, cmr_grab_cap_cfg_common: chid 1, dcam 2, sensor 2
07-18 19:42:21.247   601  1025 I cmr_grab: 892, cmr_grab_cap_cfg_common: SPRD_IMG_IO_CHECK_FMT fmt 1 960 720 0x3132564e 0 flip:0
07-18 19:42:21.249   601 28719 D android.hardware.camera.provider@2.4-service_64: [ALSC_4.4]: L 106, alsc_get_eng_cmd: eng_alsc_bypass_otp=0, eng_alsc_bypass=0, eng_alsc_table_index=9
07-18 19:42:21.249   601 28719 D android.hardware.camera.provider@2.4-service_64: [ALSC_4.4]: L 1633, otp_init: lsc otp is not used!
07-18 19:42:21.250   601 28775 I HDR52Node: 83, HDR52Node: this is cap_HDR2 instance 0xb400007a58e96ec0
07-18 19:42:21.251   601 28775 I YNR2CNR4Node: 77, YNR2CNR4Node: this is cap_YNR2CNR4 instance 0xb400007b18ea60b0
07-18 19:42:21.251   601 28719 I lsc_sprd_adapt_v2: 1772, lsc_sprd_init: cam_id = 1 ,lsc init success rtn = 0, platform:SPRD_ISPALG_UMS9230 , id:3 cxt->do_stats_inverse:0 cxt->alsc_handle:0xb400007a48f6ba50
07-18 19:42:21.251   601 28719 I lsc_ctrl: 211, _lscctrl_init_lib: done 0
07-18 19:42:21.251   601 28719 I lsc_ctrl: 259, _lscctrl_init_adpt: done 0
07-18 19:42:21.251   601  1025 I cmr_grab: 3205, cmr_grab_get_data_endian: y uv endian 0 2 0 0 
07-18 19:42:21.251   601 28719 I xtm_ctrl: 191, xtm_ctrl_create_thread: xtm_ctrl thread rtn 0
07-18 19:42:21.251   601  1025 I cmr_sensor: 513, cmr_sensor_get_info: E 0x78ccfd0618
07-18 19:42:21.251   601  1025 I cmr_sensor: 525, cmr_sensor_get_info: X
07-18 19:42:21.252   601 28689 I Isharkl_s5k5e8yx: 396, s5k5e8yx_drv_access_val: sensor s5k5e8yx: param_ptr->type=11
07-18 19:42:21.252   601 28689 I Isharkl_s5k5e8yx: 375, s5k5e8yx_drv_get_fps_info: mode 1, max_fps: 30
07-18 19:42:21.252   601 28689 I Isharkl_s5k5e8yx: 376, s5k5e8yx_drv_get_fps_info: min_fps: 1
07-18 19:42:21.252   601 28689 I Isharkl_s5k5e8yx: 377, s5k5e8yx_drv_get_fps_info: is_high_fps: 0
07-18 19:42:21.252   601 28689 I Isharkl_s5k5e8yx: 378, s5k5e8yx_drv_get_fps_info: high_fps_skip_num: 0
07-18 19:42:21.252   601  1025 I cmr_grab: 672, cmr_grab_if_cfg: not support power opt
07-18 19:42:21.252   601  1025 I cmr_grab: 681, cmr_grab_if_cfg: ret 0, if type 1, mode 3, deci 0, status 0
07-18 19:42:21.252   601  1025 I cmr_grab: 718, cmr_grab_sn_cfg: sn_trim x y w h 0, 0, 1296, 972
07-18 19:42:21.252   601  1025 I cmr_grab: 732, cmr_grab_sn_cfg: sensor_max_size: w=2592, h=1944
07-18 19:42:21.252   601  1025 I cmr_oem : 8129, camera_get_remosaic_type: remosaic_type=0
07-18 19:42:21.252   601  1025 I cmr_oem : 3881, camera_channel_cfg: camid1,need_hw_3dnr 0, sence_mode 3
07-18 19:42:21.252   601 28719 I ISP_XTM[CORE]: 301,isp_xtm_init:XTM_LIB_VERSION: CAM_ALGO_ISP_XTM2.5_20250416_1400
07-18 19:42:21.252   601  1025 I cmr_mm_dvfs: 342, set_isp_dvfs_policy: set dvfs-> isp done, freq is max
07-18 19:42:21.252   601  1025 I cmr_grab: 1255, cmr_grab_cap_cfg: frm_num -1, dst width 640, dst height 480,slowmotion 0,is_high_fps:0, high_fps_skip_num:0, src_img_fmt 48, dst_img_fmt 16, 4in1 0, fdr 0, is_sync_num 0, 960fps 0, is_raw_alg 0, need_param_offline 0.
07-18 19:42:21.253   601  1025 I cmr_grab: 1198, cmr_garb_function_mode_cfg: sensor_raw_fmt=2, dcam_raw_fmt=2
07-18 19:42:21.253   601  1025 I cmr_grab: 1207, cmr_garb_function_mode_cfg: alg_type 0, is_raw_alg 0, need_dcam_raw 0, master_flag 1,fdr_preview_captured_num = 0, zoom_conflict_ltm = 0, param_frame_sync 0, ipg skip 0 zoom crop 0
07-18 19:42:21.253   601  1025 I cmr_grab: 777, cmr_grab_cap_cfg_common: chn_id=2, regu_mode=0, pdaf_ctrl=0 0, deci_factor=0, cfg_isp=0, chn_skip_num=0
07-18 19:42:21.253   601  1025 I cmr_grab: 855, cmr_grab_cap_cfg_common: crop_rect in hex:0,0,510,3cc, crop_rect in dec:0,0,1296,972,total_rect: 0,0,1296,972 clear 0
07-18 19:42:21.253   601  1025 I cmr_grab: 875, cmr_grab_cap_cfg_common: chid 2, dcam 2, sensor 2
07-18 19:42:21.253   601  1025 I cmr_grab: 892, cmr_grab_cap_cfg_common: SPRD_IMG_IO_CHECK_FMT fmt 2 640 480 0x3132564e 0 flip:0
07-18 19:42:21.254   601  1025 I cmr_grab: 3205, cmr_grab_get_data_endian: y uv endian 0 2 0 0 
07-18 19:42:21.254   601  1025 I Cam3Setting: 10682, updatePssStartParam: mode info width:0, trim_width0
07-18 19:42:21.254   601  1025 I Cam3Setting: 10682, updatePssStartParam: mode info width:1296, trim_width1296
07-18 19:42:21.254   601  1025 I Cam3Setting: 10682, updatePssStartParam: mode info width:2592, trim_width2592
07-18 19:42:21.254   601  1025 I Cam3Setting: 10682, updatePssStartParam: mode info width:0, trim_width0
07-18 19:42:21.254   601  1025 I Cam3Setting: 10682, updatePssStartParam: mode info width:0, trim_width0
07-18 19:42:21.254   601  1025 I Cam3Setting: 10682, updatePssStartParam: mode info width:0, trim_width0
07-18 19:42:21.254   601  1025 I Cam3Setting: 10682, updatePssStartParam: mode info width:0, trim_width0
07-18 19:42:21.254   601  1025 I Cam3Setting: 10682, updatePssStartParam: mode info width:0, trim_width0
07-18 19:42:21.254   601  1025 I Cam3Setting: 10682, updatePssStartParam: mode info width:0, trim_width0
07-18 19:42:21.256   601 28726 I TriggerUnit: 368, buildTriggerTree: E parse file: /vendor/firmware/s5k5e8yx_front/com/TRG_CHDR_29982.xml
07-18 19:42:21.256   601 28790 I Cam3Adapter: 2395, asyncStreamOn: E
07-18 19:42:21.256   601 28689 I Isharkl_s5k5e8yx: 396, s5k5e8yx_drv_access_val: sensor s5k5e8yx: param_ptr->type=22
07-18 19:42:21.256   601 28790 I isp_alg_fw: 23558, isp_alg_fw_start: C1 init status 0
07-18 19:42:21.260   601 28754 I cmr_jpeg: 70, cmr_jpeg_init:  open lib: libjpeg_hw_sprd.so
07-18 19:42:21.261   601 28754 I jpeg_codec: L 1055, jpeg_init: jpeg_init IN
07-18 19:42:21.261   601 28754 D jpeg_codec: L 1063, jpeg_init:  jcontext 0xb400007b98e90b60
07-18 19:42:21.261   601 28754 E jpeg_codec: L 1090, jpeg_init: fw_decode_buf_size 20480 ,fw_decode_buf 0x58e6f850 
07-18 19:42:21.261   601 28754 D JPG     : L 95, jpg_msg_queue_create: queue_handle 0xb400007a08e6c0c0
07-18 19:42:21.262   601 28754 D JPG     : L 250, jpg_msg_post: queue_handle 0xb400007a08e6c0c0, msg type 0xffffff num 0 cnt 40
07-18 19:42:21.262   601 28754 I JPG     : L 283, jpg_msg_post: jpg_msg_post msg_cur 0xb400007ab8e8c660
07-18 19:42:21.262   601 28803 I JPG     : L 139, jpg_msg_get: jpg_msg_get msg_cur 0xb400007ab8e8c660
07-18 19:42:21.262   601 28803 D JPG     : L 151, jpg_msg_get: queue_handle 0xb400007a08e6c0c0, msg type 0xffffff num 0 cnt 40
07-18 19:42:21.262   601 28803 I JPG     : L 364, jpg_common_routine: before sem_post msg_cur 0xb400007ab8e8c660
07-18 19:42:21.262   601 28803 I JPG     : L 368, jpg_common_routine: sem_post msg_cur->sem 0xb400007ab8e8c680
07-18 19:42:21.262   601 28803 I JPG     : L 371, jpg_common_routine: after sem_post msg_cur 0xb400007ab8e8c660
07-18 19:42:21.262   601 28754 I JPG     : L 288, jpg_msg_post: sem_wait msg_cur 0xb400007ab8e8c660 msg_cur->sem 0xb400007ab8e8c680
07-18 19:42:21.262   601 28754 D jpeg_codec: L 1101, jpeg_init:  jpeg handle 0xb400007b98e90b60
07-18 19:42:21.262   601 28754 I JPG_CODEC: L 301, JPEGCODEC_Open:JPEGENC jpg0_addr 0x28bcd000
07-18 19:42:21.262   601 28754 I JPG_CODEC: L 307, JPEGCODEC_Open:jpeg dev fd 82, reg addr 0x0x7928bcd000
07-18 19:42:21.262   601 28754 D JPG     : L 482, jpg_sem_init: jpg_sem_init
07-18 19:42:21.262   601 28754 D JPG_OEM : L 242, sprd_jpeg_init:  jpeg handle 0xb400007b98e90b60
07-18 19:42:21.262   601 28754 D JPG_OEM : L 257, sprd_jpeg_init: done 0
07-18 19:42:21.262   601 28775 I SceneDetectNode: 389, SceneDetectNode: ScDetect async_SceneDetect instance 0xb400007b38e6fe50, prop: mMDVersion 0, mChipPorp UMS9230E, mMdLog -1, mXdr2Log 0, mChdrEn 0, mHdrExif null, mRawHdr 0, mIssEnable 0, mHdrVersion 5.2, mXdrVersion 2, mAutoRawMfnr 0, mForceSetEv 0, mBypassAll 0, mUsdAcdControl 0, mConvertXtmToEv 1, mAutoFullScene 0, mBypassProp , mForceOnSwitch 0, mAutoXdrControl 0, mForceOffSwitch 0, mSwitchProp 0, mForceFrameNum 0, mVideoHdrControl 0, mAutoRawAiMfnrControl 0, mTotalSdetectControl 1, mRemosaicIszSdControl 0, mThirdpartyEnable false
07-18 19:42:21.263   601 28772 I face_alg_adapter: [faceAlgInterfaceInit,185]: faceAlgInterface version : CAM_ALGO_FACE_ALG_ADAPTER_VERSION[1.0.3.0.bug2275623][][]
07-18 19:42:21.264   601 28772 I libfacedetect: [configTunningParams,176]: tunning_enable 1
07-18 19:42:21.264   601 28772 I libfacedetect: [configTunningParams,177]: detect_modelId 3
07-18 19:42:21.264   601 28772 I libfacedetect: [configTunningParams,178]: rear_detect_size 256
07-18 19:42:21.264   601 28772 I libfacedetect: [configTunningParams,179]: front_detect_size 160
07-18 19:42:21.264   601 28772 I libfacedetect: [configTunningParams,180]: fa_correct 0
07-18 19:42:21.264   601 28772 I libfacedetect: [configTunningParams,181]: scoreThreshold 50
07-18 19:42:21.264   601 28772 I libfacedetect: [configTunningParams,182]: detect_nms_threshold 50
07-18 19:42:21.264   601 28772 I libfacedetect: [configTunningParams,183]: merge_nms_threshold 50
07-18 19:42:21.264   601 28772 I libfacedetect: [configTunningParams,184]: track_frame_num 6
07-18 19:42:21.264   601 28772 I libfacedetect: [configTunningParams,185]: track_nms_threshold 50
07-18 19:42:21.264   601 28772 I libfacedetect: [configTunningParams,186]: doubleCheck 1
07-18 19:42:21.264   601 28772 I libfacedetect: [configTunningParams,187]: checkFaceNum 3
07-18 19:42:21.264   601 28772 I libfacedetect: [configTunningParams,188]: doubleCheck_thr 70
07-18 19:42:21.264   601 28772 I libfacedetect: [configTunningParams,189]: checkScore 50
07-18 19:42:21.264   601 28772 I libfacedetect: [configTunningParams,190]: bvDarkThr 400
07-18 19:42:21.264   601 28772 I libfacedetect: [configTunningParams,191]: bvBrightThr 1200
07-18 19:42:21.264   601 28772 I libfacedetect: [configTunningParams,192]: EDVThr 10
07-18 19:42:21.264   601 28772 I libfacedetect: [configTunningParams,193]: smooth_th_keep 90
07-18 19:42:21.264   601 28772 I libfacedetect: [configTunningParams,194]: smooth_th_mix 60
07-18 19:42:21.264   601 28772 I libfacedetect: [configTunningParams,195]: smooth_small_face_ratio 52
07-18 19:42:21.264   601 28772 I libfacedetect: [configTunningParams,196]: smooth_small_face_th_keep 70
07-18 19:42:21.264   601 28772 I libfacedetect: [configTunningParams,197]: smooth_small_face_th_mix 50
07-18 19:42:21.264   601 28772 I libfacedetect: [configTunningParams,198]: fa_frame_num 5
07-18 19:42:21.264   601 28772 I libfacedetect: [configTunningParams,199]: fa_keep_threshold 90
07-18 19:42:21.264   601 28772 I libfacedetect: [FdCreateDetector,120]: FD Top Create.In
07-18 19:42:21.264   601 28772 I libfacedetect: [FdCreateDetector,121]: CAM_ALGO_CV_FD_LIBVER[3.6.0.2.2750173][Aug  9 2024][15:04:49]
07-18 19:42:21.264   601 28772 I libfacedetect: [checkTunningOption,80]: checkTunningOption
07-18 19:42:21.264   601 28772 I libfacedetect: [DetectorFactoryCreate,258]: platform: 1280 work_mode: 2 engine: 0
07-18 19:42:21.264   601 28772 I FDV3    : [libFDV3_create_tunning, 107]: Create.In
07-18 19:42:21.264   601 28772 I FDV3    : [libFDV3_create_tunning, 108]: CAM_ALGO_CV_FDV3_LIBVER[1.3.6.2][Aug  9 2024][15:00:41]
07-18 19:42:21.265   601 28690 I hw_sensor: 1113, hw_Sensor_SendRegTabToSensor: X:reg_count 101, sensor_id 1
07-18 19:42:21.265   601 28772 I FDV3    : [init, 123]: model[3]
07-18 19:42:21.265   601 28772 D UNN_ENGINE:  t size 1228800 , memAlign: 0x0 
07-18 19:42:21.265   601 28764 I face_alg_adapter: [faceAlgInterfaceInit,185]: faceAlgInterface version : CAM_ALGO_FACE_ALG_ADAPTER_VERSION[1.0.3.0.bug2275623][][]
07-18 19:42:21.265   601 28772 D UNN_ENGINE:  t->data: 0x7d1e8000 
07-18 19:42:21.265   601 28772 D UNN_ENGINE:  t size 76800 , memAlign: 0x0 
07-18 19:42:21.265   601 28772 D UNN_ENGINE:  t->data: 0xf5c3b400 
07-18 19:42:21.265   601 28772 D UNN_ENGINE:  t size 19200 , memAlign: 0x0 
07-18 19:42:21.265   601 28764 I libfacedetect: [configTunningParams,176]: tunning_enable 1
07-18 19:42:21.265   601 28764 I libfacedetect: [configTunningParams,177]: detect_modelId 3
07-18 19:42:21.265   601 28772 D UNN_ENGINE:  t->data: 0x58ec9950 
07-18 19:42:21.265   601 28764 I libfacedetect: [configTunningParams,178]: rear_detect_size 256
07-18 19:42:21.265   601 28764 I libfacedetect: [configTunningParams,179]: front_detect_size 160
07-18 19:42:21.265   601 28772 D UNN_ENGINE:  t size 307200 , memAlign: 0x0 
07-18 19:42:21.265   601 28764 I libfacedetect: [configTunningParams,180]: fa_correct 0
07-18 19:42:21.265   601 28764 I libfacedetect: [configTunningParams,181]: scoreThreshold 50
07-18 19:42:21.265   601 28764 I libfacedetect: [configTunningParams,182]: detect_nms_threshold 50
07-18 19:42:21.265   601 28764 I libfacedetect: [configTunningParams,183]: merge_nms_threshold 50
07-18 19:42:21.265   601 28764 I libfacedetect: [configTunningParams,184]: track_frame_num 6
07-18 19:42:21.265   601 28764 I libfacedetect: [configTunningParams,185]: track_nms_threshold 50
07-18 19:42:21.265   601 28772 D UNN_ENGINE:  t->data: 0x24e0d000 
07-18 19:42:21.265   601 28764 I libfacedetect: [configTunningParams,186]: doubleCheck 1
07-18 19:42:21.265   601 28764 I libfacedetect: [configTunningParams,187]: checkFaceNum 3
07-18 19:42:21.265   601 28764 I libfacedetect: [configTunningParams,188]: doubleCheck_thr 70
07-18 19:42:21.265   601 28772 D UNN_ENGINE: MNN buffer : 0xef384180, size : 2007796
07-18 19:42:21.265   601 28764 I libfacedetect: [configTunningParams,189]: checkScore 50
07-18 19:42:21.265   601 28764 I libfacedetect: [configTunningParams,190]: bvDarkThr 400
07-18 19:42:21.265   601 28764 I libfacedetect: [configTunningParams,191]: bvBrightThr 1200
07-18 19:42:21.265   601 28764 I libfacedetect: [configTunningParams,192]: EDVThr 10
07-18 19:42:21.265   601 28764 I libfacedetect: [configTunningParams,193]: smooth_th_keep 90
07-18 19:42:21.265   601 28764 I libfacedetect: [configTunningParams,194]: smooth_th_mix 60
07-18 19:42:21.265   601 28764 I libfacedetect: [configTunningParams,195]: smooth_small_face_ratio 52
07-18 19:42:21.265   601 28764 I libfacedetect: [configTunningParams,196]: smooth_small_face_th_keep 70
07-18 19:42:21.265   601 28764 I libfacedetect: [configTunningParams,197]: smooth_small_face_th_mix 50
07-18 19:42:21.265   601 28764 I libfacedetect: [configTunningParams,198]: fa_frame_num 5
07-18 19:42:21.265   601 28764 I libfacedetect: [configTunningParams,199]: fa_keep_threshold 90
07-18 19:42:21.265   601 28764 I libfacedetect: [FdCreateDetector,120]: FD Top Create.In
07-18 19:42:21.265   601 28764 I libfacedetect: [FdCreateDetector,121]: CAM_ALGO_CV_FD_LIBVER[3.6.0.2.2750173][Aug  9 2024][15:04:49]
07-18 19:42:21.265   601 28764 I libfacedetect: [checkTunningOption,80]: checkTunningOption
07-18 19:42:21.265   601 28764 I libfacedetect: [DetectorFactoryCreate,258]: platform: 1280 work_mode: 3 engine: 0
07-18 19:42:21.265   601 28764 I FDV3    : [libFDV3_create_tunning, 107]: Create.In
07-18 19:42:21.265   601 28764 I FDV3    : [libFDV3_create_tunning, 108]: CAM_ALGO_CV_FDV3_LIBVER[1.3.6.2][Aug  9 2024][15:00:41]
07-18 19:42:21.266   601 28766 I cmr_jpeg: 70, cmr_jpeg_init:  open lib: libjpeg_hw_sprd.so
07-18 19:42:21.266   601 28766 I jpeg_codec: L 1055, jpeg_init: jpeg_init IN
07-18 19:42:21.266   601 28766 D jpeg_codec: L 1063, jpeg_init:  jcontext 0xb400007b98e904f0
07-18 19:42:21.266   601 28764 I FDV3    : [init, 123]: model[3]
07-18 19:42:21.266   601 28764 D UNN_ENGINE:  t size 1228800 , memAlign: 0x0 
07-18 19:42:21.266   601 28808 I FaceChecker: [libFaceRect_create_tunning, 50]: Create.In
07-18 19:42:21.266   601 28808 I FaceChecker: [libFaceRect_create_tunning, 51]: CAM_ALGO_CV_FACERECT_LIBVER[1.1.0.0][Nov  2 2023][10:42:30]
07-18 19:42:21.266   601 28808 D UNN_ENGINE:  t size 49152 , memAlign: 0x0 
07-18 19:42:21.266   601 28808 D UNN_ENGINE:  t->data: 0x98ffb1b0 
07-18 19:42:21.266   601 28808 D UNN_ENGINE:  t size 4 , memAlign: 0x0 
07-18 19:42:21.266   601 28808 D UNN_ENGINE:  t->data: 0x38ec89b0 
07-18 19:42:21.266   601 28764 D UNN_ENGINE:  t->data: 0x50988000 
07-18 19:42:21.266   601 28808 D UNN_ENGINE: MNN buffer : 0xef6ea0e0, size : 7379320
07-18 19:42:21.266   601 28764 D UNN_ENGINE:  t size 76800 , memAlign: 0x0 
07-18 19:42:21.266   601 28764 D UNN_ENGINE:  t->data: 0x8f55400 
07-18 19:42:21.267   601 28764 D UNN_ENGINE:  t size 19200 , memAlign: 0x0 
07-18 19:42:21.267   601 28764 D UNN_ENGINE:  t->data: 0x58e8baa0 
07-18 19:42:21.267   601 28764 D UNN_ENGINE:  t size 307200 , memAlign: 0x0 
07-18 19:42:21.267   601 28764 D UNN_ENGINE:  t->data: 0xf610000 
07-18 19:42:21.267   601 28764 D UNN_ENGINE: MNN buffer : 0xef384180, size : 2007796
07-18 19:42:21.267   601 28766 E jpeg_codec: L 1090, jpeg_init: fw_decode_buf_size 20480 ,fw_decode_buf 0x58ec3f40 
07-18 19:42:21.267   601 28766 D JPG     : L 95, jpg_msg_queue_create: queue_handle 0xb400007a08e6afb0
07-18 19:42:21.268   601 28766 D JPG     : L 250, jpg_msg_post: queue_handle 0xb400007a08e6afb0, msg type 0xffffff num 0 cnt 40
07-18 19:42:21.268   601 28766 I JPG     : L 283, jpg_msg_post: jpg_msg_post msg_cur 0xb400007ab8eac790
07-18 19:42:21.269   601 28772 D UNN_ENGINE: info->param.number_of_threads:1
07-18 19:42:21.270   601 28772 D UNN_ENGINE: MNN numThread:1
07-18 19:42:21.270   601 28813 I FaceChecker: [libFaceRect_create_tunning, 50]: Create.In
07-18 19:42:21.270   601 28813 I FaceChecker: [libFaceRect_create_tunning, 51]: CAM_ALGO_CV_FACERECT_LIBVER[1.1.0.0][Nov  2 2023][10:42:30]
07-18 19:42:21.270   601 28813 D UNN_ENGINE:  t size 49152 , memAlign: 0x0 
07-18 19:42:21.270   601 28813 D UNN_ENGINE:  t->data: 0x990fb2b0 
07-18 19:42:21.270   601 28813 D UNN_ENGINE:  t size 4 , memAlign: 0x0 
07-18 19:42:21.270   601 28813 D UNN_ENGINE:  t->data: 0x38e95230 
07-18 19:42:21.270   601 28813 D UNN_ENGINE: MNN buffer : 0xef6ea0e0, size : 7379320
07-18 19:42:21.270   601 28764 D UNN_ENGINE: info->param.number_of_threads:1
07-18 19:42:21.270   601 28764 D UNN_ENGINE: MNN numThread:1
07-18 19:42:21.271   601 28817 I JPG     : L 139, jpg_msg_get: jpg_msg_get msg_cur 0xb400007ab8eac790
07-18 19:42:21.271   601 28817 D JPG     : L 151, jpg_msg_get: queue_handle 0xb400007a08e6afb0, msg type 0xffffff num 0 cnt 40
07-18 19:42:21.271   601 28817 I JPG     : L 364, jpg_common_routine: before sem_post msg_cur 0xb400007ab8eac790
07-18 19:42:21.271   601 28817 I JPG     : L 368, jpg_common_routine: sem_post msg_cur->sem 0xb400007ab8eac7b0
07-18 19:42:21.271   601 28817 I JPG     : L 371, jpg_common_routine: after sem_post msg_cur 0xb400007ab8eac790
07-18 19:42:21.271   601 28766 I JPG     : L 288, jpg_msg_post: sem_wait msg_cur 0xb400007ab8eac790 msg_cur->sem 0xb400007ab8eac7b0
07-18 19:42:21.271   601 28766 D jpeg_codec: L 1101, jpeg_init:  jpeg handle 0xb400007b98e904f0
07-18 19:42:21.271   601 28766 I JPG_CODEC: L 301, JPEGCODEC_Open:JPEGENC jpg0_addr 0x28b78000
07-18 19:42:21.271   601 28766 I JPG_CODEC: L 307, JPEGCODEC_Open:jpeg dev fd 85, reg addr 0x0x7928b78000
07-18 19:42:21.271   601 28766 D JPG     : L 482, jpg_sem_init: jpg_sem_init
07-18 19:42:21.271   601 28766 D JPG_OEM : L 242, sprd_jpeg_init:  jpeg handle 0xb400007b98e904f0
07-18 19:42:21.271   601 28766 D JPG_OEM : L 257, sprd_jpeg_init: done 0
07-18 19:42:21.273   601 28719 I ISP_XTM[CORE]: 385,isp_xtm_init:XTM_TUNE_PTR 0xb400007bbc804f60
07-18 19:42:21.273   601 28719 I ISP_XTM[CORE]: 428,isp_xtm_init:GAMMA_TUNE_PTR 0xb400007bbe40fc60
07-18 19:42:21.275   601 28719 I xtm_sprd_adapt_v2: 463, xtm_sprd_init: xtm init success rtn = 0, 
07-18 19:42:21.275   601 28719 I xtm_ctrl: 215, xtm_ctrl_init_lib: done 0
07-18 19:42:21.275   601 28719 I xtm_ctrl: 260, xtm_ctrl_init_adpt: done 0
07-18 19:42:21.275   601 28719 I 3a_cap_offline: 1047, capture_3a_offline_init: exit ok cxt_ptr->xtm_enable:1
07-18 19:42:21.278   601 28714 I isp_alg_fw: 22206, isp_alg_fw_init_async: cam1 alg enable 1, init 1
07-18 19:42:21.279   601 28775 I FramePolicyMgr: 1098, sessionStart: X mCameraId 1 PolicyMgr 0xb400007b78e80a18, AdapterRef 1
07-18 19:42:21.279   601 28775 I Cam3Adapter: 2388, asyncStartSession: X
07-18 19:42:21.280   601  1025 I Cam3Adapter: 1496, configureStreams: setVipTask 0
07-18 19:42:21.280   626   626 D PowerHAL: set_viptask:tag=camera-hal,type=camera,pid=1025,level=0,buf=1025 0
07-18 19:42:21.280   601  1025 I Cam3Adapter: 1498, configureStreams: X
07-18 19:42:21.281   601 28731 D android.hardware.camera.provider@2.4-service_64: setCamUclampMin:min:512,0,thread:28731
07-18 19:42:21.281   601 28731 D android.hardware.camera.provider@2.4-service_64: setCamPriority:min:80,0,thread:28731,thread_name:awbctrl
07-18 19:42:21.281   601 28731 I awb_adpt4.x: 1627, _awb_set_schedpriority: _awb_set_schedpriority RT FIFO priority=80,uclampmin=512/1024
07-18 19:42:21.281   601 28731 I awb_adpt4.x: 197, _awb_ctrl_set_aem_info: roiwin_size_b:[h:0,w:0],roiblock_size_p[h:0,w:0]
07-18 19:42:21.281   601 28731 I awb_adpt4.x: 91, __awb_read_gain_from_file: read_gain from:/data/vendor/cameraserver/camera_1_awb_auto.file, camera_id[1]: (1748,1024,1654) 5118K 
07-18 19:42:21.281   601 28731 I awb_adpt4.x: 641, _awb_get_ccm_matrix: ccm_matrix:[1976 15449 16367; 16295 1302 16195; 127 16124 1157]
07-18 19:42:21.281   601 28790 I isp_alg_fw: 23941, isp_alg_fw_start: pdaf_support = 0 pdaf_enable = 0 is_multi_mode = 0 index 1 line_time 30640
07-18 19:42:21.282   601 28723 D android.hardware.camera.provider@2.4-service_64: setCamUclampMin:min:512,0,thread:28723
07-18 19:42:21.282   601 28723 D android.hardware.camera.provider@2.4-service_64: setCamPriority:min:80,0,thread:28723,thread_name:lscctrl
07-18 19:42:21.282   601 28723 I lsc_sprd_adapt_v2: 2980, lsc_sprd_set_priority: lsc_sprd_set_priority RT FIFO priority=80,uclampmin=512/1024
07-18 19:42:21.282   601 28723 D android.hardware.camera.provider@2.4-service_64: [ALSC_4.4]: L 1633, otp_init: lsc otp is not used!
07-18 19:42:21.282   601 28726 I TriggerUnit: 368, buildTriggerTree: E parse file: /vendor/firmware/s5k5e8yx_front/com/TRG_XDR2_29974.xml
07-18 19:42:21.284   813   813 D Camera3-Device: Set real time priority for request queue thread (tid 28692)
07-18 19:42:21.284   813   813 D Camera3-Utils: Set regular priority for thread (tid 813)
07-18 19:42:21.286   601 28808 D UNN_ENGINE: info->param.number_of_threads:1
07-18 19:42:21.286   601 28722 D android.hardware.camera.provider@2.4-service_64: setCamUclampMin:min:512,0,thread:28722
07-18 19:42:21.286   601 28808 D UNN_ENGINE: MNN numThread:1
07-18 19:42:21.286   601 28722 D android.hardware.camera.provider@2.4-service_64: setCamPriority:min:80,0,thread:28722,thread_name:aectrl
07-18 19:42:21.286   601 28722 I Libae:[Sub_fun]: 2555,aec_tune_param_parser_v1:alg_tune_version 0x42000 tune_param_version 0x42000 
07-18 19:42:21.286   601 28722 I ae_sprd_adpt: 1592, ae_cfg_monitor_block: bypass 0,rtn=0 win_num(32x32), win_size(40x30) skip=0 mode=1
07-18 19:42:21.286   601 28722 I ae_sprd_adpt: 4485, ae_set_video_start: AE_VIDEO_START cam-id 1 BV -167 lt 30640 W 1296 H 972 , exp: 3263, gain:2560 flash: 0 CAP 0, enable: 0, lcg_gain 1024
07-18 19:42:21.286   601 28790 I sns_drv_u: 4828, sensor_ic_write_multi_ae_common: is_async: yes, phyid: 1
07-18 19:42:21.286   601 28690 I sns_drv_u: 2624, sensor_ctrl_thread_proc: evt 526343
07-18 19:42:21.286   601 28690 I Isharkl_s5k5e8yx: 587, s5k5e8yx_drv_read_aec_info: E
07-18 19:42:21.287   601 28690 I Isharkl_s5k5e8yx: 154, s5k5e8yx_drv_calc_exposure: fps = 9.977706
07-18 19:42:21.287   601 28690 I Isharkl_s5k5e8yx: 159, s5k5e8yx_drv_calc_exposure: mode = 1, exposure_line = 3263, dummy_line= 8, frame_interval= 100 ms
07-18 19:42:21.287   601 28690 I Isharkl_s5k5e8yx: 186, s5k5e8yx_drv_calc_gain: isp_gain = 0x400,sensor_gain=0x100
07-18 19:42:21.287   601 28690 I sns_drv_u: 4984, sensor_ic_write_multi_ae_info: group hold interface is null please check it !!!
07-18 19:42:21.287   601 28790 E isp_blk_com: 1527, smart_calc: block_result 0x78a1134590
07-18 19:42:21.287 28501 28662 D SyncCaptureSessionImpl: [androidx.camera.camera2.internal.SynchronizedCaptureSessionImpl@67aa03f] Session onConfigured()
07-18 19:42:21.288   601 28790 I afl_ctrl: 790, aflnew_ctrl_cfg: height: 972,width: 1296
07-18 19:42:21.288   601 28790 I afl_ctrl: 799, aflnew_ctrl_cfg: AFL TUNE PARAM start 0 ed 0 regin_strat 0 ed 0
07-18 19:42:21.288   601 28790 I afl_ctrl: 869, aflnew_ctrl_cfg: aflnew_ctrl_cfg rtn: 0
07-18 19:42:21.288   601 28790 I afl_ctrl: 1007, afl_set_video_start: afl_set_video_start done:0
07-18 19:42:21.288   601 28813 D UNN_ENGINE: info->param.number_of_threads:1
07-18 19:42:21.288   601 28813 D UNN_ENGINE: MNN numThread:1
07-18 19:42:21.288   601 28790 I DMABUFHEAPS: Using DMA-BUF heap named: system
07-18 19:42:21.288 28501 28662 D CaptureSession: Attempting to send capture request onConfigured
07-18 19:42:21.288 28501 28662 D CaptureSession: Issuing request for session.
07-18 19:42:21.288 28501 28662 D Camera2CaptureRequestBuilder: createCaptureRequest
07-18 19:42:21.288   601 28790 I DMABUFHEAPS: Using DMA-BUF heap named: system
07-18 19:42:21.289   601 28790 I DMABUFHEAPS: Using DMA-BUF heap named: system
07-18 19:42:21.289   601 28790 I DMABUFHEAPS: Using DMA-BUF heap named: system
07-18 19:42:21.292   601 28790 I DMABUFHEAPS: Using DMA-BUF heap named: system
07-18 19:42:21.292   601 28790 I DMABUFHEAPS: Using DMA-BUF heap named: system
07-18 19:42:21.293   813 28692 D UnisocCamera3Device: Camera3Device update appid
07-18 19:42:21.294   601 28790 I DMABUFHEAPS: Using DMA-BUF heap named: system
07-18 19:42:21.294   605   605 I mali_gralloc: allocate: id=25d00000d59, halFormat=YCbCr420-888, maliFormat=NV21, afbc=false, usage=CPU_R, size=640x480(460800), stride=640, name=ImageReader-640x480f23m4-28501-0, costTime=0ms167us000
07-18 19:42:21.295 28501 28663 D mali_gralloc: register: id=25d00000d59, handle=0xb4000070c4626c10, importpid=28501
07-18 19:42:21.295 28501 28662 D CaptureSession: CameraCaptureSession.onConfigured() mState=OPENED
07-18 19:42:21.295   601 28790 I DMABUFHEAPS: Using DMA-BUF heap named: system
07-18 19:42:21.296 28501 28662 D CaptureSession: CameraCaptureSession.onReady() OPENED
07-18 19:42:21.297   601 28790 I DMABUFHEAPS: Using DMA-BUF heap named: system
07-18 19:42:21.297   601 28790 I DMABUFHEAPS: Using DMA-BUF heap named: system
07-18 19:42:21.297   601 28790 I DMABUFHEAPS: Using DMA-BUF heap named: system
07-18 19:42:21.298   601 28790 I DMABUFHEAPS: Using DMA-BUF heap named: system
07-18 19:42:21.298   601 28790 I DMABUFHEAPS: Using DMA-BUF heap named: system
07-18 19:42:21.299   813 28692 D mali_gralloc: register: id=25d00000d59, handle=0xb40000723b855870, importpid=813
07-18 19:42:21.299   601 28790 I DMABUFHEAPS: Using DMA-BUF heap named: system
07-18 19:42:21.299   650   650 D SurfaceFlinger: VRR attempt to change display mode to 0
07-18 19:42:21.300   650   650 I RefreshRateSelector: Display 4619827259835644672 policy changed
07-18 19:42:21.300   650   650 I RefreshRateSelector: Previous: {defaultModeId=0, allowGroupSwitching=false, primaryRanges={physical=[0.00 Hz, 120.00 Hz], render=[0.00 Hz, 90.00 Hz]}, appRequestRanges={physical=[0.00 Hz, 120.00 Hz], render=[0.00 Hz, 90.00 Hz]} idleScreenConfig=nullptr}
07-18 19:42:21.300   650   650 I RefreshRateSelector: Current:  DisplayManagerPolicy{defaultModeId=0, allowGroupSwitching=false, primaryRanges={physical=[60.00 Hz, 120.00 Hz], render=[60.00 Hz, 60.00 Hz]}, appRequestRanges={physical=[60.00 Hz, 120.00 Hz], render=[60.00 Hz, 60.00 Hz]} idleScreenConfig=nullptr}
07-18 19:42:21.300   650   650 I RefreshRateSelector: 0 mode changes were performed under the previous policy
07-18 19:42:21.300   650   650 D DisplayModeController: setDesiredMode 4619827259835644672 {mode={fps=60.00 Hz, modePtr={id=0, vsyncRate=60.00 Hz, peakRefreshRate=60.00 Hz}}, emitEvent=true, force=false}
07-18 19:42:21.300   601 28790 I DMABUFHEAPS: Using DMA-BUF heap named: system
07-18 19:42:21.300   605   605 I mali_gralloc: allocate: id=25d00000d5a, halFormat=IMPL-DEF, maliFormat=NV21, afbc=false, usage=CPU_R|GPU_R|HWC|WIDE, size=960x720(1036800), stride=960, name=SurfaceView[com.example.controlhorario/com.example.controlhorario.MainActivity]#1(BLAST Consumer)1, costTime=0ms156us461
07-18 19:42:21.301 28501 28663 D mali_gralloc: register: id=25d00000d5a, handle=0xb4000070c46302d0, importpid=28501
07-18 19:42:21.301   601 28790 I DMABUFHEAPS: Using DMA-BUF heap named: system
07-18 19:42:21.302   813 28692 D mali_gralloc: register: id=25d00000d5a, handle=0xb40000723b853c50, importpid=813
07-18 19:42:21.302   601 28790 I DMABUFHEAPS: Using DMA-BUF heap named: system
07-18 19:42:21.304   601 28790 I DMABUFHEAPS: Using DMA-BUF heap named: system
