--------- beginning of main
07-18 19:42:20.390  1848  3502 I NearbyDiscovery: FastPair: isDestroyable: Scanner is alive. [CONTEXT service_id=265 ]
07-18 19:42:20.390  1848  3502 I NearbyDiscovery: DiscoveryService: Skip stopSelf(), fast pair controller is not destroyable. [CONTEXT service_id=265 ]
07-18 19:42:20.486   728   728 I adbd    : adbd service requested 'shell,v2,raw:pidof com.example.controlhorario'
07-18 19:42:20.515   728   728 I adbd    : adbd service requested 'shell,v2:export ANDROID_LOG_TAGS=''; exec logcat '-v' 'threadtime''
07-18 19:42:20.623   728   728 I adbd    : adbd service requested 'shell,v2,raw:input tap 177 457'
07-18 19:42:20.752  1066  1235 D WifiStaIfaceHidlImpl: getCachedScanData is not implemented by HIDL
07-18 19:42:20.765  1066  1235 I HalDevMgr: bestIfaceCreationProposal is null, requestIface=STA, existingIface=[name=wlan0 type=STA]
07-18 19:42:20.856 28501 28501 D QuirkSettingsLoader: QuirkSettings$MetadataHolderService is not found.
07-18 19:42:20.856 28501 28501 D CameraX : QuirkSettings from app metadata: null
07-18 19:42:20.857 28501 28501 D CameraX : QuirkSettings by default: QuirkSettings{enabledWhenDeviceHasQuirk=true, forceEnabledQuirks=[], forceDisabledQuirks=[]}
07-18 19:42:20.869 28501 28662 D DeviceQuirks: camera2 DeviceQuirks = 
07-18 19:42:20.869 28501 28662 I CameraManagerGlobal: Connecting to camera service
07-18 19:42:20.904 28501 28662 W CameraMetadataJV: xsw getStreamConfigurationMap stallDurations is: [Landroid.hardware.camera2.params.StreamConfigurationDuration;@856f3fe
07-18 19:42:20.915 28501 28662 W CameraMetadataJV: xsw getStreamConfigurationMap stallDurations is: [Landroid.hardware.camera2.params.StreamConfigurationDuration;@71180f1
07-18 19:42:20.917 28501 28662 W CameraMetadataJV: xsw getStreamConfigurationMap stallDurations is: [Landroid.hardware.camera2.params.StreamConfigurationDuration;@32384d6
07-18 19:42:20.918 28501 28662 D CameraRepository: Added camera: 0
07-18 19:42:20.925 28501 28662 D CameraQuirks: camera2 CameraQuirks = ImageCaptureFailedForVideoSnapshotQuirk
07-18 19:42:20.939 28501 28662 I Camera2CameraInfo: Device Level: INFO_SUPPORTED_HARDWARE_LEVEL_LIMITED
07-18 19:42:20.944 28501 28662 D CameraRepository: Added camera: 1
07-18 19:42:20.944 28501 28662 D CameraQuirks: camera2 CameraQuirks = ImageCaptureFailedForVideoSnapshotQuirk
07-18 19:42:20.945 28501 28662 I Camera2CameraInfo: Device Level: INFO_SUPPORTED_HARDWARE_LEVEL_LIMITED
07-18 19:42:20.946 28501 28662 D CameraRepository: Added camera: 2
07-18 19:42:20.947 28501 28662 D CameraQuirks: camera2 CameraQuirks = ImageCaptureFailedForVideoSnapshotQuirk
07-18 19:42:20.948 28501 28662 I Camera2CameraInfo: Device Level: INFO_SUPPORTED_HARDWARE_LEVEL_LIMITED
07-18 19:42:20.949 28501 28662 D CameraValidator: Verifying camera lens facing on WP23_Plus, lensFacingInteger: null
07-18 19:42:20.983 28501 28501 D nativeloader: Load /data/app/~~-bAdSTfYWWV8BuYRgUPCOg==/com.example.controlhorario-zVPN4KWT6hWe2dDu2sC6Aw==/base.apk!/lib/arm64-v8a/libtensorflowlite_jni.so using class loader ns clns-7 (caller=/data/app/~~-bAdSTfYWWV8BuYRgUPCOg==/com.example.controlhorario-zVPN4KWT6hWe2dDu2sC6Aw==/base.apk!classes19.dex): ok
07-18 19:42:20.984 28501 28501 I TensorFlowLite: Loaded native library: tensorflowlite_jni
07-18 19:42:20.985 28501 28501 D nativeloader: Load libtensorflowlite_jni_gms_client.so using class loader ns clns-7 (caller=/data/app/~~-bAdSTfYWWV8BuYRgUPCOg==/com.example.controlhorario-zVPN4KWT6hWe2dDu2sC6Aw==/base.apk!classes19.dex): dlopen failed: library "libtensorflowlite_jni_gms_client.so" not found
07-18 19:42:20.986 28501 28501 I TensorFlowLite: Didn't load native library: tensorflowlite_jni_gms_client
07-18 19:42:20.988 28501 28501 I tflite  : Initialized TensorFlow Lite runtime.
07-18 19:42:20.990 28501 28501 W libc    : Access denied finding property "ro.hardware.chipname"
07-18 19:42:20.991 28501 28501 I tflite  : Created TensorFlow Lite XNNPACK delegate for CPU.
07-18 19:42:20.993 28501 28501 I tflite  : Replacing 49 out of 181 node(s) with delegate (TfLiteXNNPackDelegate) node, yielding 92 partitions for the whole graph.
07-18 19:42:21.027 28501 28667 D TransportRuntime.JobInfoScheduler: Scheduling upload for context TransportContext(cct, DEFAULT, MSRodHRwczovL2ZpcmViYXNlbG9nZ2luZy5nb29nbGVhcGlzLmNvbS92MGNjL2xvZy9iYXRjaD9mb3JtYXQ9anNvbl9wcm90bzNc) with jobId=1709451234 in 584179ms(Backend next call timestamp 1784418725205). Attempt 1
--------- beginning of system
07-18 19:42:21.030  1066  2440 V AlarmManager: set(null) : type=3 listener=android.app.AlarmManager$ListenerWrapper@c5868cc listenerTag=*job.delay* workSource=WorkSource{10275 com.example.controlhorario} callingPackage=android callingUid=1000 triggerAtTime=7898156 win=438134 tElapsed=7898156 maxElapsed=8336290 interval=0 flags=0x0
07-18 19:42:21.030  1066  2440 D AlarmManagerService: set alarm to kernel: 7526452000000, type=2
07-18 19:42:21.031  1066  2440 D AlarmManagerService: set alarm to kernel: 7352948000000, type=3
07-18 19:42:21.031  1066  2440 D AlarmManagerService: set alarm to kernel: 7526452000000, type=2
07-18 19:42:21.031  1066  2440 D AlarmManagerService: set alarm to kernel: 7352948000000, type=3
07-18 19:42:21.034 28501 28667 D TransportRuntime.JobInfoScheduler: Scheduling upload for context TransportContext(cct, VERY_LOW, MSRodHRwczovL2ZpcmViYXNlbG9nZ2luZy5nb29nbGVhcGlzLmNvbS92MGNjL2xvZy9iYXRjaD9mb3JtYXQ9anNvbl9wcm90bzNc) with jobId=1714431971 in 86400000ms(Backend next call timestamp 0). Attempt 1
07-18 19:42:21.046 28501 28671 I DynamiteModule: Considering local module com.google.mlkit.dynamite.face:10000 and remote module com.google.mlkit.dynamite.face:0
07-18 19:42:21.046 28501 28671 I DynamiteModule: Selected local version of com.google.mlkit.dynamite.face
07-18 19:42:21.056 28501 28671 D nativeloader: Load /data/app/~~-bAdSTfYWWV8BuYRgUPCOg==/com.example.controlhorario-zVPN4KWT6hWe2dDu2sC6Aw==/base.apk!/lib/arm64-v8a/libface_detector_v2_jni.so using class loader ns clns-7 (caller=/data/app/~~-bAdSTfYWWV8BuYRgUPCOg==/com.example.controlhorario-zVPN4KWT6hWe2dDu2sC6Aw==/base.apk!classes19.dex): ok
07-18 19:42:21.079  1848  1848 D BoundBrokerSvc: onRebind: Intent { act=com.google.android.gms.common.telemetry.service.START dat=chimera-action:/... cmp=com.google.android.gms/.chimera.PersistentApiService }
07-18 19:42:21.081 28501 28501 D DynamicRangeResolver: Resolved dynamic range for use case androidx.camera.core.Preview-23c3906a-1eb0-4d9c-9803-81a21b7d7851 to no compatible HDR dynamic ranges.
07-18 19:42:21.081 28501 28501 D DynamicRangeResolver: DynamicRange@f83d2b4{encoding=UNSPECIFIED, bitDepth=0}
07-18 19:42:21.081 28501 28501 D DynamicRangeResolver: ->
07-18 19:42:21.081 28501 28501 D DynamicRangeResolver: DynamicRange@9f90387{encoding=SDR, bitDepth=8}
07-18 19:42:21.083 28501 28501 D CameraQuirks: camera2 CameraQuirks = ImageCaptureFailedForVideoSnapshotQuirk
07-18 19:42:21.083 28501 28501 D CameraQuirks: camera2 CameraQuirks = ImageCaptureFailedForVideoSnapshotQuirk
07-18 19:42:21.089 28501 28501 D DeferrableSurface: Surface created[total_surfaces=1, used_surfaces=0](androidx.camera.core.processing.SurfaceEdge$SettableSurface@28a6bd9}
07-18 19:42:21.092 28501 28501 D DeferrableSurface: Surface created[total_surfaces=2, used_surfaces=0](androidx.camera.core.SurfaceRequest$2@ee4c19b}
07-18 19:42:21.095 28501 28501 D DeferrableSurface: New surface in use[total_surfaces=2, used_surfaces=1](androidx.camera.core.SurfaceRequest$2@ee4c19b}
07-18 19:42:21.095 28501 28501 D DeferrableSurface: use count+1, useCount=1 androidx.camera.core.SurfaceRequest$2@ee4c19b
07-18 19:42:21.098 28501 28667 D TransportRuntime.SQLiteEventStore: Storing event with priority=DEFAULT, name=FIREBASE_ML_SDK for destination cct
07-18 19:42:21.103 28501 28667 D TransportRuntime.JobInfoScheduler: Upload for context TransportContext(cct, DEFAULT, MSRodHRwczovL2ZpcmViYXNlbG9nZ2luZy5nb29nbGVhcGlzLmNvbS92MGNjL2xvZy9iYXRjaD9mb3JtYXQ9anNvbl9wcm90bzNc) is already scheduled. Returning...
07-18 19:42:21.110 28501 28501 D DeferrableSurface: Surface created[total_surfaces=3, used_surfaces=1](androidx.camera.core.impl.ImmediateSurface@f30d9b2}
07-18 19:42:21.112 28501 28662 D Camera2CameraImpl: {Camera@b0b21dc[id=1]} Use case androidx.camera.core.Preview-23c3906a-1eb0-4d9c-9803-81a21b7d7851174179763 ACTIVE
07-18 19:42:21.115 28501 28662 D DeviceQuirks: core DeviceQuirks = SurfaceOrderQuirk
07-18 19:42:21.115 28501 28662 D UseCaseAttachState: Active and attached use case: [] for camera: 1
07-18 19:42:21.116 28501 28662 D Camera2CameraImpl: {Camera@b0b21dc[id=1]} Use case androidx.camera.core.ImageAnalysis-447f3a84-168d-4782-b08c-b0b886badcc222013808 ACTIVE
07-18 19:42:21.117 28501 28662 D UseCaseAttachState: Active and attached use case: [] for camera: 1
07-18 19:42:21.117 28501 28501 D PreviewView: Surface requested by Preview.
07-18 19:42:21.118 28501 28662 D Camera2CameraImpl: {Camera@b0b21dc[id=1]} Use cases [androidx.camera.core.Preview-23c3906a-1eb0-4d9c-9803-81a21b7d7851174179763, androidx.camera.core.ImageAnalysis-447f3a84-168d-4782-b08c-b0b886badcc222013808] now ATTACHED
07-18 19:42:21.118 28501 28662 D Camera2CameraControlImp: setActive: isActive = true
07-18 19:42:21.118 28501 28501 D DeviceQuirks: view DeviceQuirks = 
07-18 19:42:21.119 28501 28662 D UseCaseAttachState: All use case: [androidx.camera.core.Preview-23c3906a-1eb0-4d9c-9803-81a21b7d7851174179763, androidx.camera.core.ImageAnalysis-447f3a84-168d-4782-b08c-b0b886badcc222013808] for camera: 1
07-18 19:42:21.122 28501 28662 D UseCaseAttachState: Active and attached use case: [androidx.camera.core.Preview-23c3906a-1eb0-4d9c-9803-81a21b7d7851174179763, androidx.camera.core.ImageAnalysis-447f3a84-168d-4782-b08c-b0b886badcc222013808] for camera: 1
07-18 19:42:21.122 28501 28667 D TransportRuntime.SQLiteEventStore: Storing event with priority=VERY_LOW, name=FIREBASE_ML_SDK for destination cct
07-18 19:42:21.124 28501 28662 D Camera2CameraImpl: {Camera@b0b21dc[id=1]} Resetting Capture Session
07-18 19:42:21.124 28501 28662 D Camera2CameraImpl: {Camera@b0b21dc[id=1]} Skipping Capture Session state check due to current camera state: INITIALIZED and previous session status: false
07-18 19:42:21.124 28501 28662 D Camera2CameraImpl: {Camera@b0b21dc[id=1]} Releasing session in state INITIALIZED
07-18 19:42:21.125 28501 28662 D Camera2CameraImpl: {Camera@b0b21dc[id=1]} Attempting to force open the camera.
07-18 19:42:21.125 28501 28662 D CameraStateRegistry: tryOpenCamera(Camera@b0b21dc[id=1]) [Available Cameras: 1, Already Open: false (Previous state: null)] --> SUCCESS
07-18 19:42:21.125 28501 28662 D CameraStateRegistry: Recalculating open cameras:
07-18 19:42:21.125 28501 28662 D CameraStateRegistry: Camera                                       State                 
07-18 19:42:21.125 28501 28662 D CameraStateRegistry: -------------------------------------------------------------------
07-18 19:42:21.125 28501 28662 D CameraStateRegistry: Camera@7136df3[id=0]                         UNKNOWN               
07-18 19:42:21.125 28501 28662 D CameraStateRegistry: Camera@af7d074[id=2]                         UNKNOWN               
07-18 19:42:21.125 28501 28662 D CameraStateRegistry: Camera@b0b21dc[id=1]                         OPENING               
07-18 19:42:21.125 28501 28662 D CameraStateRegistry: -------------------------------------------------------------------
07-18 19:42:21.125 28501 28662 D CameraStateRegistry: Open count: 1 (Max allowed: 1)
07-18 19:42:21.125 28501 28662 D Camera2CameraImpl: {Camera@b0b21dc[id=1]} Opening camera.
07-18 19:42:21.125 28501 28662 D Camera2CameraImpl: {Camera@b0b21dc[id=1]} Transitioning camera internal state: INITIALIZED --> OPENING
07-18 19:42:21.126 28501 28662 D CameraStateMachine: New public camera state CameraState{type=OPENING, error=null} from OPENING and null
07-18 19:42:21.126 28501 28662 D CameraStateMachine: Publishing new public camera state CameraState{type=OPENING, error=null}
07-18 19:42:21.127 28501 28667 D TransportRuntime.JobInfoScheduler: Upload for context TransportContext(cct, VERY_LOW, MSRodHRwczovL2ZpcmViYXNlbG9nZ2luZy5nb29nbGVhcGlzLmNvbS92MGNjL2xvZy9iYXRjaD9mb3JtYXQ9anNvbl9wcm90bzNc) is already scheduled. Returning...
07-18 19:42:21.127 28501 28662 D UseCaseAttachState: All use case: [androidx.camera.core.Preview-23c3906a-1eb0-4d9c-9803-81a21b7d7851174179763, androidx.camera.core.ImageAnalysis-447f3a84-168d-4782-b08c-b0b886badcc222013808] for camera: 1
07-18 19:42:21.130   813   813 D Camera3-Utils: Set real time priority for thread (tid 813)
07-18 19:42:21.131   813   813 I CameraService: CameraService::connect call (PID 28501 "com.example.controlhorario", camera ID 1) and Camera API version 2
07-18 19:42:21.135   813   813 I Camera2ClientBase: Camera 1: Opened. Client: com.example.controlhorario (PID 28501, UID 10275)
07-18 19:42:21.135   813   813 I libcameraservice_ext_hook: ICamera2ClientBase ext 0xb40000728b84f210
07-18 19:42:21.135   813   813 I CameraDeviceClient: CameraDeviceClient 1: Opened
07-18 19:42:21.135   813   813 I CameraService: makeClient: Camera2 API, rotationOverride 0
07-18 19:42:21.136 28501 28501 D SurfaceViewImpl: Surface created.
07-18 19:42:21.136  1066  2440 D PowerManagerService: setSunLightProtectTemporayDisabledInternal :true mSystemReady true
07-18 19:42:21.136  1066  2443 D WindowManager: after addSurfaceViewPkg packageName = com.example.controlhorario count:7
07-18 19:42:21.136   613   613 D enhanceHAL: mainLogic: msgType=6, msgValue=65
07-18 19:42:21.136   613   613 D enhanceHAL: sceneLogicProcess: current scene mode = 1 index= 1
07-18 19:42:21.137 28501 28501 D SurfaceViewImpl: Surface changed. Size: 960x720
07-18 19:42:21.140   601  1025 I Cam3Factory: 469, singleLogicalidToPhyid: singleLogicalID:1, To physicalID1
07-18 19:42:21.140   601  1025 I Cam3Factory: 593, open_: open camera 1
07-18 19:42:21.140   601  1025 I sns_drv_u: 8189, sensor_set_HD_mode: is_HD_mode:0
07-18 19:42:21.140   601  1025 I Cam3HWI : 129, SprdCamera3HWI: :hal3: Constructor E camId = 1, mCameraDevice 0xb4000079f8e71460
07-18 19:42:21.141   601 28673 I Cam3PowerPerf: 40, SprdCameraSystemPerformance: E
07-18 19:42:21.141   650   650 I SurfaceFlinger: updating visibility visibleForInput:1, Snapshot{TraversalPath{.id = 2629}Bounds for - com.example.controlhorario/com.example.controlhorario.MainActivity#2629 isVisible=1 {hidden by parent or layer flag} changes=Created | Metadata | Visibility | AffectsChildren | FrameRate layerStack=0 geomLayerBounds={0,0,1280,576} geomLayerTransform={tx=0,ty=0}}
07-18 19:42:21.141   601 28674 I ParamSet: 817, ParamSet: create 0xb400007ba8f0a410
07-18 19:42:21.141   601 28674 I ParamSet: 796, createInstance: ps 0xb400007ba8f0a410 ref 1
07-18 19:42:21.141   650   650 I SurfaceFlinger: updating visibility visibleForInput:1, Snapshot{TraversalPath{.id = 2630}SurfaceView[com.example.controlhorario/com.example.controlhorario.MainActivity]#2630 isVisible=1 {hidden by parent or layer flag} changes=Created | Metadata | Visibility | AffectsChildren | FrameRate layerStack=0 geomLayerBounds={0,0,1280,576} geomLayerTransform={tx=0,ty=0}}
07-18 19:42:21.141   650   650 I SurfaceFlinger: updating visibility visibleForInput:1, Snapshot{TraversalPath{.id = 2631}SurfaceView[com.example.controlhorario/com.example.controlhorario.MainActivity](BLAST)#2631 isVisible=1 {hidden by parent or layer flag} changes=Created | Metadata | Visibility | AffectsChildren | FrameRate layerStack=0 geomLayerBounds={0,0,1280,576} geomLayerTransform={tx=0,ty=0}}
07-18 19:42:21.141   650   650 I SurfaceFlinger: updating visibility visibleForInput:1, Snapshot{TraversalPath{.id = 2632}Background for SurfaceView[com.example.controlhorario/com.example.controlhorario.MainActivity]#2632 isVisible=1 {hidden by parent or layer flag} changes=Created | Metadata | Visibility | AffectsChildren | FrameRate layerStack=0 geomLayerBounds={0,0,1280,576} geomLayerTransform={tx=0,ty=0}}
07-18 19:42:21.142   650   650 I SurfaceFlinger: updating visibility visibleForInput:0, Snapshot{TraversalPath{.id = 2629}Bounds for - com.example.controlhorario/com.example.controlhorario.MainActivity#2629 isVisible=0 {hidden by parent or layer flag} changes=Created | Metadata | Visibility | AffectsChildren | FrameRate layerStack=0 geomLayerBounds={0,0,1280,576} geomLayerTransform={tx=0,ty=0}}
07-18 19:42:21.142   650   650 I SurfaceFlinger: updating visibility visibleForInput:0, Snapshot{TraversalPath{.id = 2630}SurfaceView[com.example.controlhorario/com.example.controlhorario.MainActivity]#2630 isVisible=0 {hidden by parent or layer flag} changes=Created | Metadata | Visibility | AffectsChildren | FrameRate layerStack=0 geomLayerBounds={0,0,1280,576} geomLayerTransform={tx=0,ty=0}}
07-18 19:42:21.142   650   650 I SurfaceFlinger: updating visibility visibleForInput:0, Snapshot{TraversalPath{.id = 2631}SurfaceView[com.example.controlhorario/com.example.controlhorario.MainActivity](BLAST)#2631 isVisible=0 {hidden by parent or layer flag} changes=Created | Metadata | Visibility | AffectsChildren | FrameRate layerStack=0 geomLayerBounds={0,0,1280,576} geomLayerTransform={tx=0,ty=0}}
07-18 19:42:21.142   650   650 I SurfaceFlinger: updating visibility visibleForInput:0, Snapshot{TraversalPath{.id = 2632}Background for SurfaceView[com.example.controlhorario/com.example.controlhorario.MainActivity]#2632 isVisible=0 {hidden by parent or layer flag} changes=Created | Metadata | Visibility | AffectsChildren | FrameRate layerStack=0 geomLayerBounds={0,0,1280,576} geomLayerTransform={tx=0,ty=0}}
07-18 19:42:21.143   601 28672 I Cam3Factory: property_set done.
07-18 19:42:21.143   601 28673 W android.hardware.camera.provider@2.4-service_64: AIBinder_linkToDeath is being called with a non-null cookie and no onUnlink callback set. This might not be intended. AIBinder_DeathRecipient_setOnUnlinked should be called first.
07-18 19:42:21.143   601 28673 D PowerHALCli: setup: call mSetupDone:1 
07-18 19:42:21.143   601 28673 D android.hardware.camera.provider@2.4-service_64: PowerHintScene Enter OnCreate
07-18 19:42:21.143   601 28673 D PowerHALCli: PowerHintScene: camera_lowpower
07-18 19:42:21.143   601 28673 D android.hardware.camera.provider@2.4-service_64: PowerHintScene Enter OnCreate
07-18 19:42:21.143   601 28673 D PowerHALCli: PowerHintScene: camera_perf
07-18 19:42:21.143   601 28673 D android.hardware.camera.provider@2.4-service_64: PowerHintScene Enter OnCreate
07-18 19:42:21.143   601 28673 D PowerHALCli: PowerHintScene: camera_lowpower_1
07-18 19:42:21.143   601 28673 D android.hardware.camera.provider@2.4-service_64: PowerHintScene Enter OnCreate
07-18 19:42:21.143   601 28673 D PowerHALCli: PowerHintScene: camera_high_perf
07-18 19:42:21.143   601 28673 D android.hardware.camera.provider@2.4-service_64: PowerHintScene Enter OnCreate
07-18 19:42:21.143   601 28673 D PowerHALCli: PowerHintScene: camera_SpecialApp
07-18 19:42:21.143   601 28673 D android.hardware.camera.provider@2.4-service_64: PowerHintScene Enter OnCreate
07-18 19:42:21.143   601 28673 D PowerHALCli: PowerHintScene: camera_video_720p
07-18 19:42:21.143   601 28673 D android.hardware.camera.provider@2.4-service_64: PowerHintScene Enter OnCreate
07-18 19:42:21.143   601 28673 D PowerHALCli: PowerHintScene: camera_video_1080p
07-18 19:42:21.143   601 28673 D android.hardware.camera.provider@2.4-service_64: PowerHintScene Enter OnCreate
07-18 19:42:21.143   601 28673 D PowerHALCli: PowerHintScene: camera_cts_perf
07-18 19:42:21.143   601 28673 D android.hardware.camera.provider@2.4-service_64: PowerHintScene Enter OnCreate
07-18 19:42:21.143   601 28673 D PowerHALCli: PowerHintScene: camera_lowpower_video
07-18 19:42:21.143   601 28673 D android.hardware.camera.provider@2.4-service_64: PowerHintScene Enter OnCreate
07-18 19:42:21.143   601 28673 D PowerHALCli: PowerHintScene: camera_ultrawide_video
07-18 19:42:21.143   601 28673 D android.hardware.camera.provider@2.4-service_64: PowerHintScene Enter OnCreate
07-18 19:42:21.143   601 28673 D PowerHALCli: PowerHintScene: camera_9863t_3rdApp
07-18 19:42:21.143   601 28673 D android.hardware.camera.provider@2.4-service_64: PowerHintScene Enter OnCreate
07-18 19:42:21.143   601 28673 D PowerHALCli: PowerHintScene: camera_heavyload_perf
07-18 19:42:21.143   601 28673 D android.hardware.camera.provider@2.4-service_64: PowerHintScene Enter OnCreate
07-18 19:42:21.143   601 28673 D PowerHALCli: PowerHintScene: camera_launch_perf
07-18 19:42:21.143   601 28673 I Cam3PowerPerf: 60, SprdCameraSystemPerformance: X
07-18 19:42:21.144   601 28677 I VMRawPicturePolicy: 1038, policyReg: X type=15
07-18 19:42:21.144   626   626 D PowerHAL: Enter getSceneIdByName: sceneName:camera_high_perf
07-18 19:42:21.144   601 28677 I SingleFrameBufSwapPolicy: 1098, policyReg: X type=9
07-18 19:42:21.144   626   626 E PowerHAL: get_scene_id: PowerHAL is not inited
07-18 19:42:21.144   626   626 D PowerHAL: acquirePowerHintBySceneName: Don't support camera_high_perf scene
07-18 19:42:21.144   601 28677 I PassThroughCapturePolicy: 633, policyReg: X type=0xb
07-18 19:42:21.144   601 28677 I PicturePolicy: 1779, policyReg: X type=0xc
07-18 19:42:21.145   601 28677 I NoZslPicturePolicy: 1419, policyReg: X type=8
07-18 19:42:21.145   601 28677 I MultiXdrPicturePolicy: 1153, policyReg: X type=7
07-18 19:42:21.145   601 28677 I MultiRawPicturePolicy: 1390, policyReg: X type=6
07-18 19:42:21.145   601 28677 I HighFpsPolicy: 759, policyReg: X type=13
07-18 19:42:21.145   601 28678 I DMABUFHEAPS: Using DMA-BUF heap named: system-uncached
07-18 19:42:21.146   601 28678 I PssHal  : 284, LoadPmLib: loaded libpss_isp2.7.so pss_ops->dso = 0x8cb13a0d8f9c3257
07-18 19:42:21.146 28501 28501 D PreviewView: Preview transformation info updated. TransformationInfo{getCropRect=Rect(0, 0 - 960, 720), getRotationDegrees=270, getTargetRotation=-1, hasCameraTransform=true, getSensorToBufferTransform=Matrix{[0.37037036, 0.0, -0.0][0.0, 0.37037036, -0.0][0.0, 0.0, 1.0]}, isMirroring=true}
07-18 19:42:21.146 28501 28501 D PreviewTransform: Transformation info set: TransformationInfo{getCropRect=Rect(0, 0 - 960, 720), getRotationDegrees=270, getTargetRotation=-1, hasCameraTransform=true, getSensorToBufferTransform=Matrix{[0.37037036, 0.0, -0.0][0.0, 0.37037036, -0.0][0.0, 0.0, 1.0]}, isMirroring=true} 960x720 true
07-18 19:42:21.147   601  1025 I Cam3HWI : 186, SprdCamera3HWI: :hal3: Constructor X
07-18 19:42:21.147 28501 28501 D SurfaceViewImpl: Surface set on Preview.
07-18 19:42:21.147   601  1025 I Cam3HWI : 512, openCamera: :hal3: E camId=1
07-18 19:42:21.148   601  1025 I Cam3Setting: 10502, updatePssInitParam: pminit param raw ptr 0x79191bc140 0xb4000078ca22b8c0 0x78d78f1d50
07-18 19:42:21.148   601  1025 I Cam3HWI : 570, openCamera: :hal3: X
07-18 19:42:21.148   601 28683 I Cam3HWI : 2082, openAdapter: E
07-18 19:42:21.149   601  1025 I Cam3HWI : 642, initialize: :hal3: E camId=1
07-18 19:42:21.149   601  1025 I Cam3HWI : 678, initialize: :hal3: X
07-18 19:42:21.150   601 28684 I Cam3Adapter: 2087, log_monitor_thread_proc: E, 2
07-18 19:42:21.150   601 28685 I Cam3Adapter: 2358, asyncInitCtrl: E
07-18 19:42:21.150   601 28685 I Cam3PowerPerf: 594, setThreadScheduler: Scheduler 1 policy and value 19 set successfully
07-18 19:42:21.150   601 28685 I DFLHandler: 79, Init: E
07-18 19:42:21.151   601 28686 I DFLHandler: 1066, initSnsHal: E
07-18 19:42:21.151   601 28686 I SensorHal: 86, Init: virtual_light 0
07-18 19:42:21.151   601 28683 I Cam3Adapter: 182, initialize: powerhal: cpufreq null
07-18 19:42:21.151   601 28683 I Cam3Adapter: 2414, syncInitCtrlDone: E
07-18 19:42:21.151   601 28687 I Cam3Adapter: 2336, asyncCreatorReqAssist: E
07-18 19:42:21.151   601 28687 I Cam3Adapter: 2347, asyncCreatorReqAssist: X
07-18 19:42:21.152   601 28685 I GrabHal : 120, LoadOemLib: loaded libcamoem.so mHalOem->dso = 0x7a0a6659d21e0291
07-18 19:42:21.152   601 28685 I GrabHal : 122, LoadOemLib: loaded libcamoem.so gos = 0x78f5b2c1c8
07-18 19:42:21.152   601 28685 I OEMCam  : 36, camera_init: sabri33 callback 0x78ded7e2a0 client_data 0xb400007b48e76730 camera_handle 0xb400007b48e76798
07-18 19:42:21.152   601 28685 I OEMCam  : 43, camera_init: camera id 1 autotest 0
07-18 19:42:21.152   601 28685 I cmr_oem : 5440, camera_local_int: cxt = 0xb400007aa8eb94d0, client_data = 0xb400007b48e76730, master_id = 1, multi_mode = 0
07-18 19:42:21.152   601 28685 I cmr_sensor: 999, cmr_sns_create_thread: is_inited 0
07-18 19:42:21.153   601 28685 I cmr_sensor: 175, cmr_sensor_init: handle 0xb400007aa8f252c0 created!
07-18 19:42:21.153   601 28689 D android.hardware.camera.provider@2.4-service_64: setCamPriority:min:80,0,thread:28689,thread_name:sensor_oem
07-18 19:42:21.153   601 28689 I sns_drv_u: 2866, sensor_open_common: open_common physical_id 1,slotId 1,autotest 0
07-18 19:42:21.153   601 28689 I sns_drv_u: 2583, sensor_create_ctrl_thread: is_inited 0
07-18 19:42:21.153  1066  1206 I HidlSensorManager: createEventQueue pid: 601, uid: 1047
07-18 19:42:21.153   601 28689 I hw_sensor: 143, hw_sensor_drv_create: sensor_id:1
07-18 19:42:21.153   601 28689 I hw_sensor: 56, _hw_sensor_dev_init: start open sensor device node.
07-18 19:42:21.154   813   813 I libcameraservice_ext_hook: ICamera2ClientBase ext 0xb40000728b84f210
07-18 19:42:21.154   813   813 D libcameraservice_ext_hook: ICamera3Device ext 0xb4000072cb845ab0
07-18 19:42:21.154   601 28689 I hw_sensor: 60, _hw_sensor_dev_init: fd 0xd
07-18 19:42:21.154   601 28689 I sns_drv_u: 6428, sensor_drv_ic_identify: E
07-18 19:42:21.154   601 28689 I sns_drv_u: 2512, sensor_get_module_cfg_info: p1:0x78d78f0550,p2:0x78ca526898
07-18 19:42:21.154   601 28689 I sns_drv_u: 2516, sensor_get_module_cfg_info: tab_size:1,8,112
07-18 19:42:21.154   601 28689 I sns_drv_u: 2521, sensor_get_module_cfg_info: mid1:1,mid2:1,index:0
07-18 19:42:21.154   601 28689 I sns_ic_drv: 55, sensor_ic_drv_create: sns_drv_cxt:0xb400007a48f6e750
07-18 19:42:21.154   601 28689 I Isharkl_s5k5e8yx: 275, s5k5e8yx_drv_init_fps_info: E
07-18 19:42:21.154   601 28689 I Isharkl_s5k5e8yx: 310, s5k5e8yx_drv_init_fps_info: X
07-18 19:42:21.154   601 28689 I sns_drv_u: 2468, sensor_i2c_init: i2c init ok
07-18 19:42:21.154   601 28689 I sns_drv_u: 6450, sensor_drv_ic_identify: i2c_addr:0x10
07-18 19:42:21.154   601 28689 I hw_sensor: 611, hw_sensor_i2c_set_clk: clock = 100000 
07-18 19:42:21.154   601 28689 I hw_sensor: 634, hw_sensor_i2c_set_burst: sensor_id:1, i2c_burst_mode:0
07-18 19:42:21.154   601 28689 I sns_drv_u: 2152, sensor_power_on: E:power_on = 1
07-18 19:42:21.155   601 28689 I Isharkl_s5k5e8yx: 210, s5k5e8yx_drv_power_on: wincao dvdd = 11 avdd = 4 iovdd = 8
07-18 19:42:21.155   601 28689 I Isharkl_s5k5e8yx: 213, s5k5e8yx_drv_power_on: on.
07-18 19:42:21.155   601 28689 I hw_sensor: 420, hw_sensor_set_mclk: mclk 0, ret 0 
07-18 19:42:21.155   601 28686 I SensorHal: 662, color_temp_process_init: EventQueue 0x68e64450, Sensor 0x0, count 0
07-18 19:42:21.155   601 28686 I DFLHandler: 1071, initSnsHal: X
07-18 19:42:21.155   601 28689 I hw_sensor: 273, hw_sensor_set_avdd_val: vdd_val is 14, set result is =0 
07-18 19:42:21.155   601 28689 I hw_sensor: 284, hw_sensor_set_dvdd_val: vdd_val is 14, set result is =0 
07-18 19:42:21.155   601 28689 I hw_sensor: 295, hw_sensor_set_iovdd_val: vdd_val is 14, set result is =0 
07-18 19:42:21.157   813   813 D cameraserver: logFgsApiBegin: FGS Logger Transaction failed, -129
07-18 19:42:21.157   813   813 D Camera3-Utils: Set regular priority for thread (tid 813)
07-18 19:42:21.158   599  1039 D wjy111_audio_hw_module: amod_set_parameters: enter: kvpairs - cameraFacing=front
07-18 19:42:21.158   599  1039 D a2dp_offload_hal: adev_set_parameters: enter: kvpairs - cameraFacing=front
07-18 19:42:21.158   599  1039 I a2dp_offload: audio_extn_a2dp_set_parameters: entered audio_extn_a2dp_set_parameters in a2dpoffload
07-18 19:42:21.158   599  1039 D a2dp_offload: update_offload_codec_support: A2DP offload enabled = 1
07-18 19:42:21.158   599  1039 D a2dp_offload_hal: adev_set_parameters: exit
07-18 19:42:21.159 28501 28662 D Camera2CameraImpl: {Camera@b0b21dc[id=1]} Use case androidx.camera.core.Preview-23c3906a-1eb0-4d9c-9803-81a21b7d7851174179763 ACTIVE
07-18 19:42:21.160 28501 28662 D UseCaseAttachState: Active and attached use case: [androidx.camera.core.Preview-23c3906a-1eb0-4d9c-9803-81a21b7d7851174179763, androidx.camera.core.ImageAnalysis-447f3a84-168d-4782-b08c-b0b886badcc222013808] for camera: 1
07-18 19:42:21.162 28501 28662 D Camera2CameraImpl: {Camera@b0b21dc[id=1]} Use case androidx.camera.core.ImageAnalysis-447f3a84-168d-4782-b08c-b0b886badcc222013808 ACTIVE
07-18 19:42:21.163 28501 28662 D UseCaseAttachState: Active and attached use case: [androidx.camera.core.Preview-23c3906a-1eb0-4d9c-9803-81a21b7d7851174179763, androidx.camera.core.ImageAnalysis-447f3a84-168d-4782-b08c-b0b886badcc222013808] for camera: 1
07-18 19:42:21.165 28501 28662 D Camera2CameraImpl: {Camera@b0b21dc[id=1]} CameraDevice.onOpened()
07-18 19:42:21.165 28501 28662 D Camera2CameraImpl: {Camera@b0b21dc[id=1]} Transitioning camera internal state: OPENING --> OPENED
07-18 19:42:21.165 28501 28662 D CameraStateRegistry: Recalculating open cameras:
07-18 19:42:21.165 28501 28662 D CameraStateRegistry: Camera                                       State                 
07-18 19:42:21.165 28501 28662 D CameraStateRegistry: -------------------------------------------------------------------
07-18 19:42:21.165 28501 28662 D CameraStateRegistry: Camera@7136df3[id=0]                         UNKNOWN               
07-18 19:42:21.165 28501 28662 D CameraStateRegistry: Camera@af7d074[id=2]                         UNKNOWN               
07-18 19:42:21.165 28501 28662 D CameraStateRegistry: Camera@b0b21dc[id=1]                         OPEN                  
07-18 19:42:21.165 28501 28662 D CameraStateRegistry: -------------------------------------------------------------------
07-18 19:42:21.165 28501 28662 D CameraStateRegistry: Open count: 1 (Max allowed: 1)
07-18 19:42:21.165 28501 28662 D CameraStateMachine: New public camera state CameraState{type=OPEN, error=null} from OPEN and null
07-18 19:42:21.165 28501 28662 D CameraStateMachine: Publishing new public camera state CameraState{type=OPEN, error=null}
07-18 19:42:21.166   601 28689 I hw_sensor: 273, hw_sensor_set_avdd_val: vdd_val is 4, set result is =0 
07-18 19:42:21.166   601 28689 I hw_sensor: 284, hw_sensor_set_dvdd_val: vdd_val is 11, set result is =0 
07-18 19:42:21.166   601 28689 I hw_sensor: 295, hw_sensor_set_iovdd_val: vdd_val is 8, set result is =0 
07-18 19:42:21.167 28501 28662 D UseCaseAttachState: All use case: [androidx.camera.core.Preview-23c3906a-1eb0-4d9c-9803-81a21b7d7851174179763, androidx.camera.core.ImageAnalysis-447f3a84-168d-4782-b08c-b0b886badcc222013808] for camera: 1
07-18 19:42:21.171 28501 28662 D UseCaseAttachState: Active and attached use case: [androidx.camera.core.Preview-23c3906a-1eb0-4d9c-9803-81a21b7d7851174179763, androidx.camera.core.ImageAnalysis-447f3a84-168d-4782-b08c-b0b886badcc222013808] for camera: 1
07-18 19:42:21.173 28501 28662 D SyncCaptureSessionBase: [androidx.camera.camera2.internal.SynchronizedCaptureSessionImpl@67aa03f] getSurface done with results: [Surface(name=null mNativeObject=-5476376658792885232)/@0xe57fdb0, Surface(name=null mNativeObject=-5476376658792841632)/@0xb79b45e]
07-18 19:42:21.173 28501 28662 D CaptureSession: Opening capture session.
07-18 19:42:21.174   650   650 I SurfaceFlinger: updating visibility visibleForInput:1, Snapshot{TraversalPath{.id = 2632}Background for SurfaceView[com.example.controlhorario/com.example.controlhorario.MainActivity]#2632 isVisible=1 { color{< 0, 0, 0, 1 >}} changes=Hierarchy | Geometry | Z | RelativeParent | Visibility | AffectsChildren | FrameRate | VisibleRegion layerStack=0 geomLayerBounds={0,0,720,540} geomLayerTransform={tx=36,ty=493}}
07-18 19:42:21.176   606   606 D SPRDHWComposer: HWC Range:1, HWC_Transfer:4
07-18 19:42:21.176 28501 28662 D Camera2CaptureRequestBuilder: template type = 1
07-18 19:42:21.178   601 28689 I hw_sensor: 420, hw_sensor_set_mclk: mclk 24, ret 0 
07-18 19:42:21.178   601 28689 I Isharkl_s5k5e8yx: 256, s5k5e8yx_drv_power_on: (1:on, 0:off): 1
07-18 19:42:21.178   601 28689 I Isharkl_s5k5e8yx: 436, s5k5e8yx_drv_identify: mipi raw identify
07-18 19:42:21.179   601 28689 I Isharkl_s5k5e8yx: 443, s5k5e8yx_drv_identify: Identify: pid_value = 5e, ver_value = 80
07-18 19:42:21.179   601 28689 I Isharkl_s5k5e8yx: 445, s5k5e8yx_drv_identify: this is s5k5e8yx sensor
07-18 19:42:21.179   601 28689 I sns_drv_u: 6468, sensor_drv_ic_identify: sensor ic identify ok
07-18 19:42:21.179   601 28689 I sns_drv_u: 4173, sensor_af_init: sensor s5k5e8yx_mipi_raw is focus enable 0
07-18 19:42:21.179   601 28689 I sns_drv_u: 4190, sensor_af_init: af_drv_entry not configured:module:0x78d78f0550,entry:0x0,af_ops:0x0
07-18 19:42:21.179   601 28689 I sns_drv_u: 4381, sensor_ois_init: sensor s5k5e8yx_mipi_raw is focus enable 0
07-18 19:42:21.179   601 28689 I sns_drv_u: 4396, sensor_ois_init: ois_drv_entry not configured:module:0x78d78f0550,entry:0x0,ois_ops:0x0
07-18 19:42:21.179   601 28689 I sns_drv_u: 2958, sensor_set_mode_msg: mode = 0, is_fast_switch 0
07-18 19:42:21.179   601 28689 I sns_drv_u: 2975, sensor_set_mode_msg: is_async: yes, phyid: 1
07-18 19:42:21.179   601 28689 I Isharkl_s5k5e8yx: 396, s5k5e8yx_drv_access_val: sensor s5k5e8yx: param_ptr->type=29
07-18 19:42:21.179   601 28689 I sns_drv_u: 4516, sensor_otp_module_init: otp driver is not configured
07-18 19:42:21.179   601 28689 I sns_drv_u: 6964, sensor_drv_open: otp_drv_entry not configured:mod:0x78d78f0550,otp_drv:0x0
07-18 19:42:21.179   601 28689 I sns_drv_u: 3752, sensor_set_raw_infor: vendor id 0
07-18 19:42:21.179   601 28689 I Isharkl_s5k5e8yx: 396, s5k5e8yx_drv_access_val: sensor s5k5e8yx: param_ptr->type=16
07-18 19:42:21.179   601 28689 I sns_drv_u: 2167, sensor_set_export_Info: E
07-18 19:42:21.179   601 28689 I sns_drv_u: 2388, sensor_set_export_Info: af_drv_entry not configured:module:0x78d78f0550,af_dev:0x0
07-18 19:42:21.179   601 28689 I sns_drv_u: 2388, sensor_set_export_Info: af_drv_entry not configured:module:0x78d78f0550,af_dev:0x0
07-18 19:42:21.179   601 28689 I sns_drv_u: 2388, sensor_set_export_Info: af_drv_entry not configured:module:0x78d78f0550,af_dev:0x0
07-18 19:42:21.179   601 28689 I sns_drv_u: 2388, sensor_set_export_Info: af_drv_entry not configured:module:0x78d78f0550,af_dev:0x0
07-18 19:42:21.179   601 28689 I sns_drv_u: 2388, sensor_set_export_Info: af_drv_entry not configured:module:0x78d78f0550,af_dev:0x0
07-18 19:42:21.179   601 28689 I sns_drv_u: 2388, sensor_set_export_Info: af_drv_entry not configured:module:0x78d78f0550,af_dev:0x0
07-18 19:42:21.179   601 28689 I sns_drv_u: 2388, sensor_set_export_Info: af_drv_entry not configured:module:0x78d78f0550,af_dev:0x0
07-18 19:42:21.179   601 28689 I sns_drv_u: 2388, sensor_set_export_Info: af_drv_entry not configured:module:0x78d78f0550,af_dev:0x0
07-18 19:42:21.179   601 28689 I sns_drv_u: 2388, sensor_set_export_Info: af_drv_entry not configured:module:0x78d78f0550,af_dev:0x0
07-18 19:42:21.179   601 28689 I sns_drv_u: 2425, sensor_set_export_Info: X
07-18 19:42:21.179   601 28689 I sns_drv_u: 3414, sensor_stream_off: E
07-18 19:42:21.179   601 28690 I sns_drv_u: 2624, sensor_ctrl_thread_proc: evt 526338
07-18 19:42:21.179   601 28689 I sns_drv_u: 3441, sensor_stream_off: X
07-18 19:42:21.179   601 28689 I sns_drv_u: 6976, sensor_drv_open: open success
07-18 19:42:21.179   601 28689 D android.hardware.camera.provider@2.4-service_64: Scheduler normal policy and value 0 set successfully
07-18 19:42:21.179   601 28689 I cmr_sensor: 1047, cmr_sns_thread_proc: CMR_SENSOR_EVT_OPEN, Done
07-18 19:42:21.179   601 28690 I sns_drv_u: 3083, sensor_set_mode: mode = 0, is_fast_switch = 0, fast_switch_mode support 0
07-18 19:42:21.179   601 28690 I hw_sensor: 420, hw_sensor_set_mclk: mclk 24, ret 0 
07-18 19:42:21.179   601 28690 I hw_sensor: 1093, hw_Sensor_SendRegTabToSensor: E:burst_mode 0, sensor_id 1
07-18 19:42:21.179   601 28689 I Isharkl_s5k5e8yx: 396, s5k5e8yx_drv_access_val: sensor s5k5e8yx: param_ptr->type=10
07-18 19:42:21.179   601 28689 I sns_ic_drv: 294, sensor_ic_print_static_info: s5k5e8yx_mipi_raw: f_num: 0
07-18 19:42:21.179   601 28689 I sns_ic_drv: 295, sensor_ic_print_static_info: s5k5e8yx_mipi_raw: max_fps: 30
07-18 19:42:21.179   601 28689 I sns_ic_drv: 296, sensor_ic_print_static_info: s5k5e8yx_mipi_raw: max_adgain: 4096
07-18 19:42:21.179   601 28689 I sns_ic_drv: 297, sensor_ic_print_static_info: s5k5e8yx_mipi_raw: ois_supported: 0
07-18 19:42:21.179 28501 28662 D SyncCaptureSessionImpl: [androidx.camera.camera2.internal.SynchronizedCaptureSessionImpl@67aa03f] start openCaptureSession
07-18 19:42:21.179   601 28689 I sns_ic_drv: 298, sensor_ic_print_static_info: s5k5e8yx_mipi_raw: pdaf_supported: 0
07-18 19:42:21.179   601 28689 I sns_ic_drv: 300, sensor_ic_print_static_info: s5k5e8yx_mipi_raw: exp_valid_frame_num: 1
07-18 19:42:21.179   601 28689 I sns_ic_drv: 301, sensor_ic_print_static_info: s5k5e8yx_mipi_raw: clam_level: 64
07-18 19:42:21.179   601 28689 I sns_ic_drv: 303, sensor_ic_print_static_info: s5k5e8yx_mipi_raw: adgain_valid_frame_num: 1
07-18 19:42:21.179   601 28689 I sns_ic_drv: 304, sensor_ic_print_static_info: s5k5e8yx_mipi_raw: sensor name is: s5k5e8yx_mipi_raw
07-18 19:42:21.179   601 28689 I sns_ic_drv: 306, sensor_ic_print_static_info: s5k5e8yx_mipi_raw: sensor version info is: s5k5e8yx_v1
07-18 19:42:21.179   601 28689 I sns_ic_drv: 307, sensor_ic_print_static_info: s5k5e8yx_mipi_raw: up2hori: 0
07-18 19:42:21.179   601 28689 I sns_ic_drv: 308, sensor_ic_print_static_info: s5k5e8yx_mipi_raw: hori2down: 0
07-18 19:42:21.179   601 28685 I cmr_sensor: 513, cmr_sensor_get_info: E 0xb400007aa8eb9550
07-18 19:42:21.179   601 28685 I cmr_sensor: 525, cmr_sensor_get_info: X
07-18 19:42:21.179   601 28685 I cmr_oem : 1490, camera_sensor_init: camera_id=1, sensor_info.name=s5k5e8yx_mipi_raw, version=s5k5e8yx_v1
07-18 19:42:21.180   601 28685 I cmr_oem : 1513, camera_sensor_init: X,ret=0
07-18 19:42:21.180 28501 28662 D DeferrableSurface: use count+1, useCount=2 androidx.camera.core.SurfaceRequest$2@ee4c19b
07-18 19:42:21.180 28501 28662 D DeferrableSurface: New surface in use[total_surfaces=3, used_surfaces=2](androidx.camera.core.impl.ImmediateSurface@f30d9b2}
07-18 19:42:21.180 28501 28662 D DeferrableSurface: use count+1, useCount=1 androidx.camera.core.impl.ImmediateSurface@f30d9b2
07-18 19:42:21.182   601 28685 I cmr_grab: 224, cmr_grab_init: dcam_fd=0xe
07-18 19:42:21.182   813   813 W cameraserver: createSurfaceFromGbp: Camera 1 with consumer usage flag: 2304: Forcing asynchronous mode forstream
07-18 19:42:21.184   601 28685 I cmr_grab: 274, cmr_grab_init: get dcam res w 0 h 0 sn id 1
07-18 19:42:21.185   601 28685 I cmr_oem : 2610, camera_res_init: init thread created
07-18 19:42:21.185   601 28685 I cmr_oem : 2618, camera_res_init: async msg sent
07-18 19:42:21.185   813   813 W cameraserver: createSurfaceFromGbp: Camera 1: Overriding format 0x4 to IMPLEMENTATION_DEFINED
07-18 19:42:21.185   601 28685 I cmr_oem : 1769, camera_jpeg_init_async: init jpeg async
07-18 19:42:21.185   601 28685 I cmr_oem : 1779, camera_jpeg_init_async: send message to jpeg async init thread
07-18 19:42:21.185   601 28708 I cmr_jpeg: 70, cmr_jpeg_init:  open lib: libjpeg_hw_sprd.so
07-18 19:42:21.185   601 28685 I OEMCam  : 50, camera_init: camera handle 0xb400007aa8eb94d0
07-18 19:42:21.185   601 28685 I OEMCam  : 211, camera_lls_enable: 0
07-18 19:42:21.185   601 28685 I OEMCam  : 224, camera_set_lls_shot_mode: 0
07-18 19:42:21.185   601 28685 I OEMCam  : 193, camera_get_camera_type: done 0 cam_type 1
07-18 19:42:21.185   601 28685 I cmr_sensor: 513, cmr_sensor_get_info: E 0xb400007b48e76800
07-18 19:42:21.185   601 28685 I cmr_sensor: 525, cmr_sensor_get_info: X
07-18 19:42:21.185   601 28708 I jpeg_codec: L 1055, jpeg_init: jpeg_init IN
07-18 19:42:21.185   601 28708 D jpeg_codec: L 1063, jpeg_init:  jcontext 0xb400007b98ea9410
07-18 19:42:21.186   601 28685 I cmr_grab: 452, cmr_grab_set_security: security mode:0, work_mode =0
07-18 19:42:21.186   601 28709 E cmr_focus: 348, af_thread_proc: ops is null
07-18 19:42:21.186   601 28708 E jpeg_codec: L 1090, jpeg_init: fw_decode_buf_size 20480 ,fw_decode_buf 0x58e9c8d0 
07-18 19:42:21.186   601 28708 D JPG     : L 95, jpg_msg_queue_create: queue_handle 0xb400007a08e6e430
07-18 19:42:21.186   601 28708 D JPG     : L 250, jpg_msg_post: queue_handle 0xb400007a08e6e430, msg type 0xffffff num 0 cnt 40
07-18 19:42:21.186   601 28708 I JPG     : L 283, jpg_msg_post: jpg_msg_post msg_cur 0xb400007ab8e75c20
07-18 19:42:21.187   601 28710 I JPG     : L 139, jpg_msg_get: jpg_msg_get msg_cur 0xb400007ab8e75c20
07-18 19:42:21.187   601 28710 D JPG     : L 151, jpg_msg_get: queue_handle 0xb400007a08e6e430, msg type 0xffffff num 0 cnt 40
07-18 19:42:21.187   601 28710 I JPG     : L 364, jpg_common_routine: before sem_post msg_cur 0xb400007ab8e75c20
07-18 19:42:21.187   601 28710 I JPG     : L 368, jpg_common_routine: sem_post msg_cur->sem 0xb400007ab8e75c40
07-18 19:42:21.187   601 28710 I JPG     : L 371, jpg_common_routine: after sem_post msg_cur 0xb400007ab8e75c20
07-18 19:42:21.187   601 28707 I cmr_oem : 2568, camera_init_thread_proc: cb thread inited
07-18 19:42:21.187   601 28708 I JPG     : L 288, jpg_msg_post: sem_wait msg_cur 0xb400007ab8e75c20 msg_cur->sem 0xb400007ab8e75c40
07-18 19:42:21.187   601 28708 D jpeg_codec: L 1101, jpeg_init:  jpeg handle 0xb400007b98ea9410
07-18 19:42:21.187   601 28690 I hw_sensor: 1113, hw_Sensor_SendRegTabToSensor: X:reg_count 39, sensor_id 1
07-18 19:42:21.187   601 28708 I JPG_CODEC: L 301, JPEGCODEC_Open:JPEGENC jpg0_addr 0xbf72a000
07-18 19:42:21.187   601 28708 I JPG_CODEC: L 307, JPEGCODEC_Open:jpeg dev fd 17, reg addr 0x0x7bbf72a000
07-18 19:42:21.187   601 28708 D JPG     : L 482, jpg_sem_init: jpg_sem_init
07-18 19:42:21.187   601 28708 D JPG_OEM : L 242, sprd_jpeg_init:  jpeg handle 0xb400007b98ea9410
07-18 19:42:21.187   601 28708 D JPG_OEM : L 257, sprd_jpeg_init: done 0
07-18 19:42:21.187   601 28708 I cmr_oem : 1740, camera_jpeg_init_async_message_handler: jpeg async init ready
07-18 19:42:21.189   601 28685 I isp_u_dev: 42, isp_dev_open: fd 14 handle 0xb4000079e8ed3b40
07-18 19:42:21.189   601 28685 I isp_dev_access: 671, isp_dev_access_init: done 0
07-18 19:42:21.189   601 28685 I isp_alg_fw: 24364, isp_alg_fw_init: C1 E
07-18 19:42:21.190   601 28685 I isp_u_dev: 42, isp_dev_open: fd 14 handle 0xb4000079e8ee02f0
07-18 19:42:21.190   601 28685 I pmg_gather: 1199, pmg_init: X
07-18 19:42:21.190   601 28712 D android.hardware.camera.provider@2.4-service_64: setCamUclampMin:min:128,0,thread:28712
07-18 19:42:21.190   601 28712 D android.hardware.camera.provider@2.4-service_64: setCamPriority:min:89,0,thread:28712,thread_name:pmg_thread
07-18 19:42:21.190   601 28685 I isp_alg_fw: 24518, isp_alg_fw_init: C1 is_master 1 is_multi_mode 0 dual_video_mode 0 4in1 0 alsc_ver 0 tof 0 pd 0
07-18 19:42:21.190   601 28685 I isp_alg_fw: 23427, ispalg_get_flash_cali_data: read null : /mnt/vendor/productinfo/camera_flash_calibration_id_1
07-18 19:42:21.190   601 28685 I DMABUFHEAPS: Using DMA-BUF heap named: system
07-18 19:42:21.191   601 28685 I DMABUFHEAPS: Using DMA-BUF heap named: system
07-18 19:42:21.191   601 28685 I DMABUFHEAPS: Using DMA-BUF heap named: system
07-18 19:42:21.191   601 28685 I DMABUFHEAPS: Using DMA-BUF heap named: system
07-18 19:42:21.191   601 28685 I DMABUFHEAPS: Using DMA-BUF heap named: system
07-18 19:42:21.191   601 28685 I DMABUFHEAPS: Using DMA-BUF heap named: system
07-18 19:42:21.191   601 28685 I DMABUFHEAPS: Using DMA-BUF heap named: system
07-18 19:42:21.191   601 28685 I DMABUFHEAPS: Using DMA-BUF heap named: system
07-18 19:42:21.191   601 28685 I DMABUFHEAPS: Using DMA-BUF heap named: system
07-18 19:42:21.191   601 28685 I DMABUFHEAPS: Using DMA-BUF heap named: system
07-18 19:42:21.191   601 28685 I DMABUFHEAPS: Using DMA-BUF heap named: system
07-18 19:42:21.191   601 28685 I DMABUFHEAPS: Using DMA-BUF heap named: system
07-18 19:42:21.191   601 28685 I DMABUFHEAPS: Using DMA-BUF heap named: system
07-18 19:42:21.191   601 28685 I DMABUFHEAPS: Using DMA-BUF heap named: system
07-18 19:42:21.191   601 28685 I DMABUFHEAPS: Using DMA-BUF heap named: system
07-18 19:42:21.191   601 28685 I DMABUFHEAPS: Using DMA-BUF heap named: system
07-18 19:42:21.191   601 28685 I DMABUFHEAPS: Using DMA-BUF heap named: system
07-18 19:42:21.191   601 28685 I DMABUFHEAPS: Using DMA-BUF heap named: system
07-18 19:42:21.192   601 28685 I DMABUFHEAPS: Using DMA-BUF heap named: system
07-18 19:42:21.192   601 28685 I DMABUFHEAPS: Using DMA-BUF heap named: system
07-18 19:42:21.192   601 28685 I DMABUFHEAPS: Using DMA-BUF heap named: system
07-18 19:42:21.192   601 28685 I DMABUFHEAPS: Using DMA-BUF heap named: system
07-18 19:42:21.192   601 28685 I DMABUFHEAPS: Using DMA-BUF heap named: system
07-18 19:42:21.192   601 28685 I DMABUFHEAPS: Using DMA-BUF heap named: system
07-18 19:42:21.192   601 28685 I DMABUFHEAPS: Using DMA-BUF heap named: system
07-18 19:42:21.192   601 28685 I DMABUFHEAPS: Using DMA-BUF heap named: system
07-18 19:42:21.192   601 28685 I DMABUFHEAPS: Using DMA-BUF heap named: system
07-18 19:42:21.192   601 28685 I DMABUFHEAPS: Using DMA-BUF heap named: system
07-18 19:42:21.192   601 28685 I DMABUFHEAPS: Using DMA-BUF heap named: system
07-18 19:42:21.192   601 28685 I DMABUFHEAPS: Using DMA-BUF heap named: system
07-18 19:42:21.192   601 28685 I isp_alg_fw: 24589, isp_alg_fw_init: C1 done alg enable 1 init status 0 ret 0
07-18 19:42:21.192   601 28685 I isp_mw  : 79, pss_init: done 0
07-18 19:42:21.192   601 28714 I isp_alg_fw: 21723, get_prop_ctrl: is_raw_cap 0, tool_eb 0, dump_lsc 0, dump_aem 0 debug_pm 0,dump_pdaf 0debug_ae 0 debug_awb 0 debug_af 0 debug_lsc 0 debug_time 0 debug_xtm 0 debug_afl 0 smart_bypass 0
07-18 19:42:21.193   813   813 D libcameraservice_ext_hook: ICamera3Device ext 0xb4000072cb845ab0
07-18 19:42:21.193   601 28714 I isp_pm  : 2192, camera_pm_scenario_list_init: PM_LOG: scenario_num=8 param_source 0 4in1 0 debug_pm 0 debug_lsc 0
07-18 19:42:21.194   601 28685 I enhanceHAL: enhance_device_open: open flash device
07-18 19:42:21.194   601 28685 E enhanceHAL: get_panel_name: open /sys/class/display/panel0/name fail:13
07-18 19:42:21.189   601   601 W init-ctrl: type=1400 audit(0.0:22889): avc:  denied  { read } for  name="name" dev="sysfs" ino=57616 scontext=u:r:hal_camera_default:s0 tcontext=u:object_r:sysfs_multipanel:s0 tclass=file permissive=0
07-18 19:42:21.195   601 28685 I DFLHandler: 128, Init: X: ret 0
07-18 19:42:21.195   601 28685 I Cam3PowerPerf: 594, setThreadScheduler: Scheduler 0 policy and value 0 set successfully
07-18 19:42:21.195   601 28685 I Cam3Adapter: 2373, asyncInitCtrl: X
07-18 19:42:21.195   601 28683 I Cam3Adapter: 2418, syncInitCtrlDone: sync init ctrl done.
07-18 19:42:21.195   601 28683 I Cam3Adapter: 2420, syncInitCtrlDone: X
07-18 19:42:21.195   601 28683 I Cam3Adapter: 2424, syncCreateReqAssistDone: E
07-18 19:42:21.195   601 28683 I Cam3Adapter: 2430, syncCreateReqAssistDone: X
07-18 19:42:21.195   601 28683 I Cam3Utils: 2631, LoadTuningFiles: E cam 1
07-18 19:42:21.196   601 28683 I Cam3Utils: 2643, LoadTuningFiles: X cam 1
07-18 19:42:21.196   601 28683 I Cam3HWI : 2089, openAdapter: X
07-18 19:42:21.196   601 28714 I isp_pm  : 2673, camera_pm_init: PM_LOG: done, camera_id 1, pm_handle 0xb4000078bd2989b0, size:219560
07-18 19:42:21.196   601 28714 I isp_pm  : 2674, camera_pm_init: PM_LOG: done, size:219560
07-18 19:42:21.196   601 28714 I ispbr   : 677, isp_br_init: camera_id 1, isp_handle 0xb4000078cb1ce0f0, sensor_role 0
07-18 19:42:21.196   601 28714 I ispbr   : 154, user_cnt_inc: init ispbr_context 0x7908dc72c8
07-18 19:42:21.196   601 28716 I Cam3Utils: 2634, operator(): E thread begin, cam 1
07-18 19:42:21.197   601 28718 W isp_alg_fw: 19686, ispalg_ae_init: warn: get dual flash param, ret 0, num 0
07-18 19:42:21.197   601 28718 W isp_alg_fw: 19702, ispalg_ae_init: warn: get ae sync param ret 0, num 0
07-18 19:42:21.197   601 28718 I isp_alg_fw: 19779, ispalg_ae_init: AE_LOG: cam_id 1, sensor_role 0, is_master 1, is_multi_mode 0, is_dual_video 0
07-18 19:42:21.197   601 28718 I isp_alg_fw: 19833, ispalg_ae_init: AE_LOG: cam_id 1, is_master 1, multi_mode (0 0), sensor_role 0, flashIC_name (null), flashIC_size 6 dual_video 0
07-18 19:42:21.198   601 28717 I xtm_ctrl: 191, xtm_ctrl_create_thread: xtm_ctrl thread rtn 0
07-18 19:42:21.198   601 28718 I ae_ctrl : 452, aectrl_init_adpt: aectrl_init_adpt, major_id:4, minor_id:2
07-18 19:42:21.198   601 28718 I ae_ctrl : 455, aectrl_init_adpt: AE4.X
07-18 19:42:21.198   601 28721 I isp_alg_fw: 20566, ispalg_lsc_init: LSC_LOG:lsc_ptr 0xb400007bbe74b4c0 VERSION = 40000
07-18 19:42:21.198   601 28718 W ae_sprd_adpt: 6391, ae_sprd_init_v4: flash tune param null
07-18 19:42:21.199   601 28721 I lsc_ctrl: 275, _lscctrl_create_thread: lsc_ctrl thread rtn 0
07-18 19:42:21.199   601 28724 W isp_alg_fw: 20244, ispalg_af_init: C1 no pdaf 0 0xb400007ad8ef0cd0
07-18 19:42:21.199   601 28724 E isp_alg_fw: 20356, ispalg_af_init: fail to get aipd init param 
07-18 19:42:21.199   601 28724 I isp_alg_fw: 20518, ispalg_af_init: AF_LOG: otp 0x78d78f1a98, C1 is_master 1, is_multi_mode 0, sensor_role 0, pdaf_type 0, is_multi_mode 0
07-18 19:42:21.199   601 28724 E af_ctrl : 119, af_ctrl_init: cam 1 don't support AF
07-18 19:42:21.199   601 28724 I isp_alg_fw: 20533, ispalg_af_init: C1 af_ver: (null), af_memsize: 0 aft_ver: (null), aft_memsize:0 handle 0x0 isz 0
07-18 19:42:21.199   601 28725 I isp_alg_fw: 19894, ispalg_awb_init: AWB_LOG:ae win (0 0) (16 8) (64 64)
07-18 19:42:21.199   601 28725 I isp_alg_fw: 19904, ispalg_awb_init: AWB_LOG: VERSION = 40200
