--------- beginning of main
07-18 14:14:48.558  1055  1226 D WifiStaIfaceHidlImpl: getCachedScanData is not implemented by HIDL
07-18 14:14:48.568  1055  1226 I HalDevMgr: bestIfaceCreationProposal is null, requestIface=STA, existingIface=[name=wlan0 type=STA]
07-18 14:14:48.600  3916  3916 I adbd    : adbd service requested 'shell,v2:/data/local/tmp/.studio/process-tracker --interval 1000'
07-18 14:14:48.786  3916  3916 I adbd    : adbd service requested 'shell,v2:mkdir -p /data/local/tmp/.studio; chmod 755 /data/local/tmp/.studio; chown shell:shell /data/local/tmp/.studio'
07-18 14:14:48.975  3916  3916 I adbd    : adbd service requested 'shell,v2:getprop'
07-18 14:14:49.187  3916  3916 I adbd    : adbd service requested 'shell,v2,raw:am start -n com.example.controlhorario/.MainActivity'
--------- beginning of system
07-18 14:14:49.472  1055  1659 W ActivityTaskManager: callingPackage for (uid=2000, pid=27812) has no WPC
07-18 14:14:49.474  1055  1659 W OptProp : Cannot read opt property android.window.PROPERTY_COMPAT_ALLOW_ORIENTATION_OVERRIDE
07-18 14:14:49.474  1055  1659 V GrammaticalInflectionUtils: AttributionSource: android.content.AttributionSource@e0ecab99 does not have READ_SYSTEM_GRAMMATICAL_GENDER permission.
07-18 14:14:49.475  1055  1659 W OptProp : Cannot read opt property android.window.PROPERTY_COMPAT_ALLOW_RESIZEABLE_ACTIVITY_OVERRIDES
07-18 14:14:49.475  1055  1659 W OptProp : Cannot read opt property android.window.PROPERTY_COMPAT_ALLOW_MIN_ASPECT_RATIO_OVERRIDE
07-18 14:14:49.476  1055  1659 D BLASTSyncEngine: SyncGroup 14234-Transition-OPEN started
07-18 14:14:49.480  1055  1659 I ActivityTaskManager: START u0 {flg=0x10000000 cmp=com.example.controlhorario/.MainActivity} with LAUNCH_MULTIPLE from uid 2000 pid 27812 (BAL_ALLOW_PERMISSION) result code=START_DELIVERED_TO_TOP
07-18 14:14:49.485  3074  3095 V WindowManagerShell: Transition requested (#14234): android.os.BinderProxy@7e8913 TransitionRequestInfo { type = OPEN, triggerTask = TaskInfo{userId=0 taskId=3195 displayId=0 isRunning=true baseIntent=Intent { flg=0x10000000 cmp=com.example.controlhorario/.MainActivity } baseActivity=ComponentInfo{com.example.controlhorario/com.example.controlhorario.MainActivity} topActivity=ComponentInfo{com.example.controlhorario/com.example.controlhorario.MainActivity} origActivity=null realActivity=ComponentInfo{com.example.controlhorario/com.example.controlhorario.MainActivity} numActivities=1 lastActiveTime=1668301362 supportsMultiWindow=true resizeMode=1 isResizeable=true minWidth=-1 minHeight=-1 defaultMinSize=220 token=WCT{android.window.IWindowContainerToken$Stub$Proxy@b565750} topActivityType=1 pictureInPictureParams=null shouldDockBigOverlays=false launchIntoPipHostTaskId=-1 lastParentTaskIdBeforePip=-1 displayCutoutSafeInsets=null topActivityInfo=ActivityInfo{a3dbd49 com.example.controlhorario.MainActivity} launchCookies=[] positionInParent=Point(0, 0) parentTaskId=-1 isFocused=true isVisible=true isVisibleRequested=true isSleeping=false locusId=null displayAreaFeatureId=1 isTopActivityTransparent=false appCompatTaskInfo=AppCompatTaskInfo { topActivityInSizeCompat=false topActivityEligibleForLetterboxEducation= falseisLetterboxEducationEnabled= false isLetterboxDoubleTapEnabled= false topActivityEligibleForUserAspectRatioButton= false topActivityBoundsLetterboxed= false isFromLetterboxDoubleTap= false topActivityLetterboxVerticalPosition= -1 topActivityLetterboxHorizontalPosition= -1 topActivityLetterboxWidth=576 topActivityLetterboxHeight=1280 isUserFullscreenOverrideEnabled=false isSystemFullscreenOverrideEnabled=false cameraCompatTaskInfo=CameraCompatTaskInfo { cameraCompatControlState=hidden freeformCameraCompatMode=inactive}}}, pipTask = null, remoteTransition = null, displayChange = null, flags = 0, debugId = 14234 }
07-18 14:14:49.493  3074  3095 D WindowManagerShell: onActivityRestartAttempt: ComponentInfo{com.example.controlhorario/com.example.controlhorario.MainActivity}
07-18 14:14:49.494  1055  1080 D BLASTSyncEngine: finishNow mActiveSyncs.remove: 14234
07-18 14:14:49.494  3074  6519 V WindowManagerShell: onTransitionReady(transaction=4531191168217)
07-18 14:14:49.495  1055  1076 V WindowManager: Sent Transition (#14234) createdAt=07-18 14:14:49.476 via request=TransitionRequestInfo { type = OPEN, triggerTask = TaskInfo{userId=0 taskId=3195 displayId=0 isRunning=true baseIntent=Intent { flg=0x10000000 cmp=com.example.controlhorario/.MainActivity } baseActivity=ComponentInfo{com.example.controlhorario/com.example.controlhorario.MainActivity} topActivity=ComponentInfo{com.example.controlhorario/com.example.controlhorario.MainActivity} origActivity=null realActivity=ComponentInfo{com.example.controlhorario/com.example.controlhorario.MainActivity} numActivities=1 lastActiveTime=1668301362 supportsMultiWindow=true resizeMode=1 isResizeable=true minWidth=-1 minHeight=-1 defaultMinSize=220 token=WCT{RemoteToken{d9473b6 Task{c362573 #3195 type=standard A=10275:com.example.controlhorario}}} topActivityType=1 pictureInPictureParams=null shouldDockBigOverlays=false launchIntoPipHostTaskId=-1 lastParentTaskIdBeforePip=-1 displayCutoutSafeInsets=null topActivityInfo=ActivityInfo{83ae8b7 com.example.controlhorario.MainActivity} launchCookies=[] positionInParent=Point(0, 0) parentTaskId=-1 isFocused=true isVisible=true isVisibleRequested=true isSleeping=false locusId=null displayAreaFeatureId=1 isTopActivityTransparent=false appCompatTaskInfo=AppCompatTaskInfo { topActivityInSizeCompat=false topActivityEligibleForLetterboxEducation= falseisLetterboxEducationEnabled= false isLetterboxDoubleTapEnabled= false topActivityEligibleForUserAspectRatioButton= false topActivityBoundsLetterboxed= false isFromLetterboxDoubleTap= false topActivityLetterboxVerticalPosition= -1 topActivityLetterboxHorizontalPosition= -1 topActivityLetterboxWidth=576 topActivityLetterboxHeight=1280 isUserFullscreenOverrideEnabled=false isSystemFullscreenOverrideEnabled=false cameraCompatTaskInfo=CameraCompatTaskInfo { cameraCompatControlState=hidden freeformCameraCompatMode=inactive}}}, pipTask = null, remoteTransition = null, displayChange = null, flags = 0, debugId = 14234 }
07-18 14:14:49.495  1055  1076 V WindowManager:     startWCT=WindowContainerTransaction { changes = {} hops = [] errorCallbackToken=null taskFragmentOrganizer=null }
07-18 14:14:49.496  1055  1076 V WindowManager:     info={id=14234 t=OPEN f=0x0 trk=0 r=[] c=[]}
07-18 14:14:49.498  3074  3095 V WindowManagerShell: onTransitionReady (#14234) android.os.BinderProxy@7e8913: {id=14234 t=OPEN f=0x0 trk=0 r=[] c=[]}
07-18 14:14:49.498  3074  3095 V WindowManagerShell: No transition roots in (#14234) android.os.BinderProxy@7e8913@0 so abort
07-18 14:14:49.499  3074  3095 V WindowManagerShell: Transition animation finished (aborted=true), notifying core (#14234) android.os.BinderProxy@7e8913@0
07-18 14:14:49.500  1055  1154 W UserManagerService: Requested status bar icon for non-badged user 0
07-18 14:14:49.500   611   611 D vendor.sprd.hardware.memtrack-service: get_ion_memtrack_memory:start!
07-18 14:14:49.500  1055  1076 V WindowManager: Finish Transition (#14234): created at 07-18 14:14:49.476 collect-started=0.237ms request-sent=1.857ms started=14.425ms ready=14.404ms sent=17.178ms finished=23.812ms
07-18 14:14:49.501  3074  3095 V WindowManagerShell: Track 0 became idle
07-18 14:14:49.502  3074  3095 V WindowManagerShell: All active transition animations finished
07-18 14:14:49.512   611   611 D vendor.sprd.hardware.memtrack-service: get_ion_memtrack_memory:start!
07-18 14:14:49.524   611   611 D vendor.sprd.hardware.memtrack-service: get_ion_memtrack_memory:start!
07-18 14:14:49.533   611   611 D vendor.sprd.hardware.memtrack-service: get_ion_memtrack_memory:start!
07-18 14:14:49.542   611   611 D vendor.sprd.hardware.memtrack-service: get_ion_memtrack_memory:start!
07-18 14:14:49.562   611   611 D vendor.sprd.hardware.memtrack-service: get_ion_memtrack_memory:start!
07-18 14:14:49.568   611   611 D vendor.sprd.hardware.memtrack-service: get_ion_memtrack_memory:start!
07-18 14:14:49.578   611   611 D vendor.sprd.hardware.memtrack-service: get_ion_memtrack_memory:start!
07-18 14:14:49.685  3916  3916 I adbd    : adbd service requested 'sync:'
07-18 14:14:49.705  3916  3916 I adbd    : adbd service requested 'shell,v2:wm size'
07-18 14:14:49.906  3916  3916 I adbd    : adbd service requested 'shell,v2:export ANDROID_LOG_TAGS=''; exec logcat '-v' 'threadtime''
07-18 14:14:50.240  3916  3916 I adbd    : adbd service requested 'shell,v2:getprop'
07-18 14:14:50.441  3916  3916 I adbd    : adbd service requested 'shell,v2:/data/local/tmp/.studio/process-tracker --interval 1000'
07-18 14:14:50.660  3916  3916 I adbd    : adbd service requested 'shell,v2:mkdir -p /data/local/tmp/.studio; chmod 755 /data/local/tmp/.studio; chown shell:shell /data/local/tmp/.studio'
07-18 14:14:50.801  1055  1222 D ActivityManager: Skip enqueue broadcast because no receiver with Intent { act=com.android.server.action.NETWORK_STATS_UPDATED flg=0x40000010 }
07-18 14:14:51.116  3916  3916 I adbd    : adbd service requested 'sync:'
07-18 14:14:51.116  3916  3916 I adbd    : adbd service requested 'shell,v2:wm size'
07-18 14:14:51.426  3916  3916 I adbd    : adbd service requested 'shell,v2:getprop'
07-18 14:14:51.575  1055  1226 D WifiStaIfaceHidlImpl: getCachedScanData is not implemented by HIDL
07-18 14:14:51.582  1055  1226 I HalDevMgr: bestIfaceCreationProposal is null, requestIface=STA, existingIface=[name=wlan0 type=STA]
07-18 14:14:51.624  3916  3916 I adbd    : adbd service requested 'shell,v2:mkdir -p /data/local/tmp/.studio; chmod 755 /data/local/tmp/.studio; chown shell:shell /data/local/tmp/.studio'
07-18 14:14:51.980  3916  3916 I adbd    : adbd service requested 'shell,v2:/data/local/tmp/.studio/process-tracker --interval 1000'
07-18 14:14:52.166  3916  3916 I adbd    : adbd service requested 'shell,v2:wm size'
07-18 14:14:52.363  3916  3916 I adbd    : adbd service requested 'sync:'
07-18 14:14:52.637  3916  3916 I adbd    : adbd service requested 'shell,v2:mkdir -p /data/local/tmp/.studio; chmod 755 /data/local/tmp/.studio; chown shell:shell /data/local/tmp/.studio'
07-18 14:14:52.833  3916  3916 I adbd    : adbd service requested 'shell,v2:getprop'
07-18 14:14:53.145  3916  3916 I adbd    : adbd service requested 'sync:'
07-18 14:14:53.170  3916  3916 I adbd    : adbd service requested 'shell,v2:/data/local/tmp/.studio/process-tracker --interval 1000'
07-18 14:14:53.374  3916  3916 I adbd    : adbd service requested 'shell,v2:wm size'
07-18 14:14:53.834  3916  3916 I adbd    : adbd service requested 'shell,v2:getprop'
07-18 14:14:54.027  3916  3916 I adbd    : adbd service requested 'shell,v2:mkdir -p /data/local/tmp/.studio; chmod 755 /data/local/tmp/.studio; chown shell:shell /data/local/tmp/.studio'
07-18 14:14:54.232  3916  3916 I adbd    : adbd service requested 'shell,v2:/data/local/tmp/.studio/process-tracker --interval 1000'
07-18 14:14:54.390  1055  1222 D ActivityManager: Skip enqueue broadcast because no receiver with Intent { act=com.android.server.action.NETWORK_STATS_UPDATED flg=0x40000010 }
07-18 14:14:54.589  1055  1226 D WifiStaIfaceHidlImpl: getCachedScanData is not implemented by HIDL
07-18 14:14:54.604  1055  1226 I HalDevMgr: bestIfaceCreationProposal is null, requestIface=STA, existingIface=[name=wlan0 type=STA]
07-18 14:14:54.661  3916  3916 I adbd    : adbd service requested 'sync:'
07-18 14:14:54.743  3916  3916 I adbd    : adbd service requested 'shell,v2:wm size'
07-18 14:14:55.317  3916  3916 I adbd    : adbd service requested 'shell,v2:getprop'
07-18 14:14:55.508  3916  3916 I adbd    : adbd service requested 'shell,v2:mkdir -p /data/local/tmp/.studio; chmod 755 /data/local/tmp/.studio; chown shell:shell /data/local/tmp/.studio'
07-18 14:14:55.826  3916  3916 I adbd    : adbd service requested 'shell,v2:wm size'
07-18 14:14:56.022  3916  3916 I adbd    : adbd service requested 'shell,v2:/data/local/tmp/.studio/process-tracker --interval 1000'
07-18 14:14:56.203  3916  3916 I adbd    : adbd service requested 'sync:'
07-18 14:14:56.557   796   796 I wificond: New channel on frequency: 2447
07-18 14:14:56.572 13089 13089 I wpa_supplicant: wlan0: CTRL-EVENT-CHANNEL-SWITCH freq=2447 ht_enabled=1 ch_offset=0 ch_width=20 MHz cf1=2447 cf2=0
07-18 14:14:56.576 13089 13089 I wpa_supplicant: Notify wlan0 frequency changed to 2447
07-18 14:14:56.584 13089 13089 I wpa_supplicant: Drop frequency changed event
07-18 14:14:56.971  3074  3074 D PhoneStatusBarPolicy: updateBluetooth(), mIsActive:false
07-18 14:14:56.972  3074  3074 D StatusBarIconController: setIconVisibility(), slot:bluetooth, visibility:true, tag:0, holder:StatusBarIconHolder(type=ICON tag=0 visible=true)
07-18 14:14:56.974  3074  3103 I QAWController: Re-creating the QAW client to avoid stale.
07-18 14:14:56.988  3074  3074 D ZenModeController: Added callback class com.android.systemui.qs.tiles.DndTile$3
07-18 14:14:56.990  3074  3074 D WifiSignalController: connected : true, level : 4, isDefault : true, inetCondition : 1, statusLabel : null
07-18 14:14:57.003  3074  3103 D BluetoothTile: handleUpdateState: transientEnabling=false,enabled=true,connected=false,connecting=false,isTransient=false
07-18 14:14:57.028  3074  3103 D BluetoothTile: handleUpdateState: transientEnabling=false,enabled=true,connected=false,connecting=false,isTransient=false
07-18 14:14:57.044  3074  3074 D UnisocSuperPowerUtilImpl: getPowerSaveModeInternal mode=1
07-18 14:14:57.053  3074  3103 D ControlsListingControllerImpl: Subscribing callback, service count: 0
07-18 14:14:57.063  3074  3074 D ZenModeController: Removed callback class com.android.systemui.qs.tiles.DndTile$3
07-18 14:14:57.064  3074  3103 D ControlsListingControllerImpl: Unsubscribing callback
07-18 14:14:57.104 25700 27089 W QAWalletSvc: No wallet cards to return. [CONTEXT service_id=79 ]
07-18 14:14:57.363  3916  3916 I adbd    : adbd service requested 'shell,v2:getprop'
07-18 14:14:57.570  3916  3916 I adbd    : adbd service requested 'shell,v2:mkdir -p /data/local/tmp/.studio; chmod 755 /data/local/tmp/.studio; chown shell:shell /data/local/tmp/.studio'
07-18 14:14:57.610  1055  1226 D WifiStaIfaceHidlImpl: getCachedScanData is not implemented by HIDL
07-18 14:14:57.628  1541  2237 D [N3AM]PhoneStateMonitor: onCapabilitiesChanged network: 644
07-18 14:14:57.627  1055  1271 D NetworkSelfRecovery: doWifiRecovery: start doMtuBlackHoleRecovery
07-18 14:14:57.630  1756  1808 I BugleRcsEngine: handleMessage processing message:[NOTIFY_UPTIME_IGNORE_STATE_CHANGED] with [non-null]:RcsEngineImpl reference [CONTEXT log_prefix="RcsEngineImpl[DUAL_REG]:[9390a1f8-4903]>Handler" thread_id=1890 ]
07-18 14:14:57.630  1756  1804 I BugleRcsEngine: Connected state: [1], networkType: [WIFI] [CONTEXT thread_id=1886 ]
07-18 14:14:57.631  1317  1819 E PhoneInterfaceManager: getCarrierPrivilegeStatusForUid: Invalid subId
07-18 14:14:57.633  1055  1271 D NetworkSelfRecovery: doMtuBlackHoleRecovery: current mtu 1500
07-18 14:14:57.633  1055  1271 D NetworkSelfRecovery: doMtuBlackHoleRecovery: mtu is max, skip
07-18 14:14:57.642  1055  1226 I HalDevMgr: bestIfaceCreationProposal is null, requestIface=STA, existingIface=[name=wlan0 type=STA]
07-18 14:14:57.642  6524  6591 D WM-WorkConstraintsTrack: NetworkRequestConstraintController onCapabilitiesChanged callback
07-18 14:14:57.645 25700 27089 I NearbyMediums: Wifi changed new SSID: "OSINET"
07-18 14:14:57.645  1055  1244 D ConnectivityService: NetReassign [no changes] [c 1] [a 2] [i 2]
07-18 14:14:57.645 25700 27089 I NearbyMediums: WifiLanConnectivityInfo is changed, should notify.
07-18 14:14:57.646  3074  3103 D WifiSignalController: connected : true, level : 4, isDefault : true, inetCondition : 1, statusLabel : null
07-18 14:14:57.651 25700 25729 I NullBinder: NullBinder for android.net.action.RECOMMEND_NETWORKS triggering remote TransactionTooLargeException due to Service without Chimera impl, calling uid: 1000, calling pid: 0
07-18 14:14:57.651 25700 25729 W .gms.persistent: Large reply transaction of 1056768 bytes, interface descriptor , code 1
07-18 14:14:57.669 25700 27903 I NearbyConnections: [ClientProxy] Get listening connection lifecycle listener:78220757
07-18 14:14:57.669 25700 27903 I NearbyConnections: ClientProxy(135400166) reporting onConnectivityInfoChanged([BleConnectivityInfo:<bleMacAddress hash: null, bleGattCharacteristic hash: null, actions hash: null, psm hash: 834, deviceToken hash : 298>, WifiLanConnectivityInfo:<wifiLanPort hash: 729>, <wifiLanIp hash: 1130418>, <BSSID hash: 0>, <actions hash: 0>]) to client
07-18 14:14:57.670 25700 27904 I NearbyMediums: [DeviceCapabilities] Querying usable channels for mode OP_MODE_STA. 5G capability: SUPPORTED, 6G capability: UNSUPPORTED
07-18 14:14:57.677 25700 27904 I NearbyMediums: [DeviceCapabilities] OS returned 5GHz channels for OP_MODE_STA: [5785, 5825, 5765, 5240, 5805, 5260, 5220, 5180, 5300, 5280, 5745, 5320, 5200]
07-18 14:14:57.685 25700 27904 I NearbyMediums: [DeviceCapabilities] OS returned 2.4GHz channels for OP_MODE_STA: [2422, 2412, 2457, 2447, 2437, 2432, 2442, 2417, 2462, 2427, 2452]
07-18 14:14:57.685 25700 27904 I NearbyMediums: [DeviceCapabilities] Querying usable channels for mode OP_MODE_SAP. 5G capability: SUPPORTED, 6G capability: UNSUPPORTED
07-18 14:14:57.691 25700 27904 I NearbyMediums: [DeviceCapabilities] OS returned 5GHz channels for OP_MODE_SAP: [5180, 5765, 5785, 5805, 5745, 5240, 5825, 5200, 5220]
07-18 14:14:57.698 25700 27904 I NearbyMediums: [DeviceCapabilities] OS returned 2.4GHz channels for OP_MODE_SAP: [2432, 2437, 2462, 2447, 2417, 2412, 2422, 2457, 2442, 2427, 2452]
07-18 14:14:57.699 25700 27904 I NearbyMediums: [DeviceCapabilities] Querying usable channels for mode OP_MODE_WIFI_DIRECT_CLI. 5G capability: SUPPORTED, 6G capability: UNSUPPORTED
07-18 14:14:57.711 25700 27904 I NearbyMediums: [DeviceCapabilities] OS returned 5GHz channels for OP_MODE_WIFI_DIRECT_CLI: [5220, 5280, 5825, 5200, 5805, 5785, 5765, 5180, 5300, 5260, 5320, 5745, 5240]
07-18 14:14:57.720 25700 27904 I NearbyMediums: [DeviceCapabilities] OS returned 2.4GHz channels for OP_MODE_WIFI_DIRECT_CLI: [2442, 2417, 2457, 2412, 2432, 2452, 2462, 2427, 2422, 2437, 2447]
07-18 14:14:57.720 25700 27904 I NearbyMediums: [DeviceCapabilities] Refresh cache wifi mode WFD_GC channels [2412..2462, 5180..5320, 5745..5825]
07-18 14:14:57.721 25700 27904 I NearbyMediums: [DeviceCapabilities] Querying usable channels for mode OP_MODE_WIFI_DIRECT_GO. 5G capability: SUPPORTED, 6G capability: UNSUPPORTED
07-18 14:14:57.736 25700 27904 I NearbyMediums: [DeviceCapabilities] OS returned 5GHz channels for OP_MODE_WIFI_DIRECT_GO: [5180, 5220, 5785, 5825, 5765, 5200, 5805, 5745, 5240]
07-18 14:14:57.742 25700 27904 I NearbyMediums: [DeviceCapabilities] OS returned 2.4GHz channels for OP_MODE_WIFI_DIRECT_GO: [2412, 2437, 2427, 2457, 2422, 2442, 2447, 2462, 2417, 2452, 2432]
07-18 14:14:57.743 25700 27904 I NearbyMediums: [DeviceCapabilities] Refresh cache wifi mode WFD_GO channels [2412..2462, 5180..5240, 5745..5825]
07-18 14:14:57.743 25700 27904 I NearbyMediums: [DeviceCapabilities] Querying usable channels for mode OP_MODE_WIFI_AWARE. 5G capability: SUPPORTED, 6G capability: UNSUPPORTED
07-18 14:14:57.750 25700 27904 I NearbyMediums: [DeviceCapabilities] OS returned 5GHz channels for OP_MODE_WIFI_AWARE: [5745, 5320, 5300, 5825, 5280, 5220, 5785, 5180, 5260, 5765, 5240, 5805, 5200]
07-18 14:14:57.776 25700 27904 I NearbyMediums: [DeviceCapabilities] OS returned 2.4GHz channels for OP_MODE_WIFI_AWARE: [2452, 2412, 2422, 2417, 2432, 2457, 2442, 2427, 2437, 2462, 2447]
07-18 14:14:57.779 25700 27904 I NearbyMediums: [DeviceCapabilities] Refresh cache wifi mode AWARE channels [2412..2462, 5180..5320, 5745..5825]
07-18 14:14:57.779 25700 27904 I NearbyMediums: [DeviceCapabilities] Querying usable channels for mode OP_MODE_TDLS. 5G capability: SUPPORTED, 6G capability: UNSUPPORTED
07-18 14:14:57.787 25700 27904 I NearbyMediums: [DeviceCapabilities] OS returned 5GHz channels for OP_MODE_TDLS: [5200, 5805, 5280, 5825, 5745, 5220, 5180, 5300, 5785, 5260, 5765, 5240, 5320]
07-18 14:14:57.794 25700 27904 I NearbyMediums: [DeviceCapabilities] OS returned 2.4GHz channels for OP_MODE_TDLS: [2457, 2452, 2427, 2447, 2432, 2437, 2462, 2442, 2422, 2412, 2417]
07-18 14:14:57.989  3916  3916 I adbd    : adbd service requested 'sync:'
07-18 14:14:58.140 25700 27904 I NearbySharing: Network state changed: NetworkState(isRestricted=false, isOnline=true, isCongested=false, isMetered=true, isWifiConnected=true)
07-18 14:14:58.175  3916  3916 I adbd    : adbd service requested 'shell,v2:/data/local/tmp/.studio/process-tracker --interval 1000'
07-18 14:14:58.362  3916  3916 I adbd    : adbd service requested 'shell,v2:wm size'
07-18 14:14:58.695 25700 25700 D BoundBrokerSvc: onRebind: Intent { act=com.google.android.gms.libs.gmscorelogger.service.START dat=chimera-action:/... cmp=com.google.android.gms/.chimera.PersistentDirectBootAwareApiService }
07-18 14:14:58.756  3916  3916 I adbd    : adbd service requested 'shell,v2:mkdir -p /data/local/tmp/.studio; chmod 755 /data/local/tmp/.studio; chown shell:shell /data/local/tmp/.studio'
07-18 14:14:59.838  1055  1222 D ActivityManager: Skip enqueue broadcast because no receiver with Intent { act=com.android.server.action.NETWORK_STATS_UPDATED flg=0x40000010 }
07-18 14:14:59.854  3916  3916 I adbd    : adbd service requested 'sync:'
07-18 14:14:59.999  1055  1180 D AlarmManager: waitForAlarm result:8currentTime=1784398499999, elapsedRealtime=1668844029
07-18 14:15:00.000  1055  1180 V AlarmManager: Received TIME_TICK alarm; rescheduling
07-18 14:15:00.001  1055  1180 V AlarmManager: set(null) : type=3 listener=com.android.server.alarm.AlarmManagerService$2@2ed1d28 listenerTag=TIME_TICK workSource=null callingPackage=android callingUid=1000 triggerAtTime=1668904029 win=0 tElapsed=1668904029 maxElapsed=1668904029 interval=0 flags=0x9
07-18 14:15:00.001  1055  1055 V BroadcastQueue: Enqueuing BroadcastRecord{d3bf8e8 android.intent.action.TIME_TICK/u-1} ordered=false from uid 1000 pid 1055 for 3 receivers
07-18 14:15:00.001  1055  1180 D AlarmManagerService: set alarm to kernel: 1668853097000000, type=2
07-18 14:15:00.003  1055  1180 D AlarmManagerService: set alarm to kernel: 1668846162000000, type=3
07-18 14:15:00.006  1055  1180 D AlarmManager: sending alarm.type = 3, action = null, alarm = Alarm{3cfdb01 type 3 origWhen 1668844029 whenElapsed 1668844029 android}, cn = null, operation = null, listener=com.android.server.alarm.AlarmManagerService$2@2ed1d28, listenerTag=TIME_TICK, workSource=null
07-18 14:15:00.006  1055  1180 D AlarmManagerService: set alarm to kernel: 1668853097000000, type=2
07-18 14:15:00.006  1055  1180 D AlarmManagerService: set alarm to kernel: 1668846162000000, type=3
07-18 14:15:00.649  1055  1226 D WifiStaIfaceHidlImpl: getCachedScanData is not implemented by HIDL
07-18 14:15:00.658  1055  1271 D NetworkSelfRecovery: doWifiRecovery: start doMtuBlackHoleRecovery
07-18 14:15:00.659  1055  1226 I HalDevMgr: bestIfaceCreationProposal is null, requestIface=STA, existingIface=[name=wlan0 type=STA]
07-18 14:15:00.661  1541  2237 D [N3AM]PhoneStateMonitor: onCapabilitiesChanged network: 644
07-18 14:15:00.663  1055  1271 D NetworkSelfRecovery: doMtuBlackHoleRecovery: current mtu 1500
07-18 14:15:00.663  1055  1271 D NetworkSelfRecovery: doMtuBlackHoleRecovery: mtu is max, skip
07-18 14:15:00.665  1756  1808 I BugleRcsEngine: handleMessage processing message:[NOTIFY_UPTIME_IGNORE_STATE_CHANGED] with [non-null]:RcsEngineImpl reference [CONTEXT log_prefix="RcsEngineImpl[DUAL_REG]:[9390a1f8-4903]>Handler" thread_id=1890 ]
07-18 14:15:00.666  1317  1767 E PhoneInterfaceManager: getCarrierPrivilegeStatusForUid: Invalid subId
07-18 14:15:00.667  1756  1804 I BugleRcsEngine: Connected state: [1], networkType: [WIFI] [CONTEXT thread_id=1886 ]
07-18 14:15:00.671  6524  6591 D WM-WorkConstraintsTrack: NetworkRequestConstraintController onCapabilitiesChanged callback
07-18 14:15:00.673  3074  3103 D WifiSignalController: connected : true, level : 4, isDefault : true, inetCondition : 1, statusLabel : null
07-18 14:15:00.677 25700 25710 I NullBinder: NullBinder for android.net.action.RECOMMEND_NETWORKS triggering remote TransactionTooLargeException due to Service without Chimera impl, calling uid: 1000, calling pid: 0
07-18 14:15:00.677 25700 25710 W .gms.persistent: Large reply transaction of 1056768 bytes, interface descriptor , code 1
07-18 14:15:00.677 25700 27904 I NearbyMediums: Wifi changed new SSID: "OSINET"
07-18 14:15:00.677 25700 27904 I NearbyMediums: WifiLanConnectivityInfo is not changed, skip notify.
07-18 14:15:00.678  1055  1244 D ConnectivityService: NetReassign [no changes] [c 0] [a 2] [i 3]
07-18 14:15:00.770  3916  3916 I adbd    : adbd service requested 'shell,v2:/data/local/tmp/.studio/process-tracker --interval 1000'
07-18 14:15:01.167 25700 27904 I NearbySharing: Network state changed: NetworkState(isRestricted=false, isOnline=true, isCongested=false, isMetered=true, isWifiConnected=true)
07-18 14:15:01.345  3916  3916 I adbd    : adbd service requested 'shell,v2:getprop'
07-18 14:15:02.133  1055  1180 D AlarmManager: waitForAlarm result:8currentTime=1784398502132, elapsedRealtime=1668846162
07-18 14:15:02.146  1055  1180 D AlarmManager: sending alarm.type = 3, action = null, alarm = Alarm{d72318a type 3 origWhen 1668846162 whenElapsed 1668846162 com.google.android.gms}, cn = null, operation = null, listener=android.app.IAlarmListener$Stub$Proxy@f412a0c, listenerTag=NLPShim:inferred_location_delivery, workSource=WorkSource{1001 com.unisoc.phone}
07-18 14:15:02.146  1055  1180 D AlarmManagerService: set alarm to kernel: 1668853097000000, type=2
07-18 14:15:02.147  1055  1659 V AlarmManager: set(null) : type=3 listener=android.app.IAlarmListener$Stub$Proxy@6d36c18 listenerTag=NLPShim:inferred_location_delivery workSource=WorkSource{1001 com.unisoc.phone} callingPackage=com.google.android.gms callingUid=10131 triggerAtTime=1669026172 win=0 tElapsed=1669026172 maxElapsed=1669026172 interval=0 flags=0x1
07-18 14:15:02.147  1055  1659 D AlarmManagerService: set alarm to kernel: 1668853097000000, type=2
07-18 14:15:02.150  1055  1659 I LocationManagerService: incoming location: locationResult [[Location[network 19****** , -68******  hAcc=100.0 et=+19d7h34m6s172ms]]]
07-18 14:15:02.151  1055  1659 I LocationManagerService: incoming location: locationResult [[Location[network 19****** , -68******  hAcc=100.0 et=+19d7h34m6s172ms]]]
07-18 14:15:02.157  1055  1076 D LocationManagerService: network provider location send to 1000/android[GnssService]/31A8D6DE
07-18 14:15:02.157  1055  1659 D LocationManagerService: passive provider location send to 10131/com.google.android.gms[fused_location_provider]/670A8A8F
07-18 14:15:02.157  1055  1659 D LocationManagerService: passive provider location send to 10131/com.google.android.gms[network_location_provider]/0024F942
07-18 14:15:02.158   630   630 D GnssAidl: injectLocation
07-18 14:15:02.159   630   630 D GPS_HAL : gps_injectLocation enter
07-18 14:15:02.159   630   630 D GNSSMGT : gnssmgt_injectLocation: enter
07-18 14:15:02.159   630   630 D GNSSMGT : gps_inject_location: enter
07-18 14:15:02.818  3916  3916 I adbd    : adbd service requested 'shell,v2:wm size'
07-18 14:15:03.667  1055  1226 D WifiStaIfaceHidlImpl: getCachedScanData is not implemented by HIDL
07-18 14:15:03.674  1541  2237 D [N3AM]PhoneStateMonitor: onCapabilitiesChanged network: 644
07-18 14:15:03.676  1055  1271 D NetworkSelfRecovery: doWifiRecovery: start doMtuBlackHoleRecovery
07-18 14:15:03.680  1055  1271 D NetworkSelfRecovery: doMtuBlackHoleRecovery: current mtu 1500
07-18 14:15:03.681  1055  1271 D NetworkSelfRecovery: doMtuBlackHoleRecovery: mtu is max, skip
07-18 14:15:03.683  1055  1226 I HalDevMgr: bestIfaceCreationProposal is null, requestIface=STA, existingIface=[name=wlan0 type=STA]
07-18 14:15:03.684  6524  6591 D WM-WorkConstraintsTrack: NetworkRequestConstraintController onCapabilitiesChanged callback
07-18 14:15:03.686  3074  3103 D WifiSignalController: connected : true, level : 4, isDefault : true, inetCondition : 1, statusLabel : null
07-18 14:15:03.688  1756  1808 I BugleRcsEngine: handleMessage processing message:[NOTIFY_UPTIME_IGNORE_STATE_CHANGED] with [non-null]:RcsEngineImpl reference [CONTEXT log_prefix="RcsEngineImpl[DUAL_REG]:[9390a1f8-4903]>Handler" thread_id=1890 ]
07-18 14:15:03.689  1317  1767 E PhoneInterfaceManager: getCarrierPrivilegeStatusForUid: Invalid subId
07-18 14:15:03.690  1756  1804 I BugleRcsEngine: Connected state: [1], networkType: [WIFI] [CONTEXT thread_id=1886 ]
07-18 14:15:03.690 25700 27903 I NearbyMediums: Wifi changed new SSID: "OSINET"
07-18 14:15:03.690 25700 27903 I NearbyMediums: WifiLanConnectivityInfo is not changed, skip notify.
07-18 14:15:03.691  1055  1244 D ConnectivityService: NetReassign [no changes] [c 0] [a 3] [i 2]
07-18 14:15:03.692 25700 25720 I NullBinder: NullBinder for android.net.action.RECOMMEND_NETWORKS triggering remote TransactionTooLargeException due to Service without Chimera impl, calling uid: 1000, calling pid: 0
07-18 14:15:03.692 25700 25720 W .gms.persistent: Large reply transaction of 1056768 bytes, interface descriptor , code 1
07-18 14:15:03.853  3916  3916 I adbd    : adbd service requested 'shell,v2:mkdir -p /data/local/tmp/.studio; chmod 755 /data/local/tmp/.studio; chown shell:shell /data/local/tmp/.studio'
07-18 14:15:04.041  3916  3916 I adbd    : adbd service requested 'shell,v2:/data/local/tmp/.studio/process-tracker --interval 1000'
07-18 14:15:04.189 25700 27903 I NearbySharing: Network state changed: NetworkState(isRestricted=false, isOnline=true, isCongested=false, isMetered=true, isWifiConnected=true)
07-18 14:15:04.228  3916  3916 I adbd    : adbd service requested 'shell,v2:getprop'
07-18 14:15:05.840  3916  3916 I adbd    : adbd service requested 'sync:'
07-18 14:15:05.841  3916  3916 I adbd    : adbd service requested 'shell,v2:wm size'
07-18 14:15:06.008   596   596 D bt_vendor: op for BT_VND_OP_LPM_WAKE_SET_STATE
07-18 14:15:06.032 11679 11731 I bluetooth: system/gd/hci/le_address_manager.cc:659 OnCommandComplete: Received command complete with op_code LE_SET_RANDOM_ADDRESS(0x2005)
07-18 14:15:06.032 11679 11731 I bluetooth: system/gd/hci/le_address_manager.cc:680 OnCommandComplete: update random address : xx:xx:xx:xx:c0:16
07-18 14:15:06.032 11679 11731 I bluetooth: system/gd/hci/le_address_manager.cc:347 resume_registered_clients: Resuming registered clients
07-18 14:15:06.260  3916  3916 I adbd    : adbd service requested 'shell,v2:mkdir -p /data/local/tmp/.studio; chmod 755 /data/local/tmp/.studio; chown shell:shell /data/local/tmp/.studio'
07-18 14:15:06.555  3916  3916 I adbd    : adbd service requested 'shell,v2:getprop'
07-18 14:15:06.694  1055  1226 D WifiStaIfaceHidlImpl: getCachedScanData is not implemented by HIDL
07-18 14:15:06.702  1055  1226 I HalDevMgr: bestIfaceCreationProposal is null, requestIface=STA, existingIface=[name=wlan0 type=STA]
07-18 14:15:06.766  3916  3916 I adbd    : adbd service requested 'sync:'
07-18 14:15:07.089  3916  3916 I adbd    : adbd service requested 'shell,v2:wm size'
07-18 14:15:07.392  3916  3916 I adbd    : adbd service requested 'shell,v2:/data/local/tmp/.studio/process-tracker --interval 1000'
07-18 14:15:07.513  1055  1222 D ActivityManager: Skip enqueue broadcast because no receiver with Intent { act=com.android.server.action.NETWORK_STATS_UPDATED flg=0x40000010 }
07-18 14:15:07.514   596 11741 D bt_vendor: op for BT_VND_OP_EVENT_CALLBACK
07-18 14:15:07.514   596 11741 D bt_vnd_ssp: sprd_vse_cback: 0x0a
07-18 14:15:07.515 11679 11731 W bluetooth: system/gd/hci/hci_layer.cc:499 on_vs_event: Unhandled vendor specific event of type Unknown VseSubeventCode(0x0a)
07-18 14:15:07.582  3916  3916 I adbd    : adbd service requested 'shell,v2:/data/local/tmp/.studio/process-tracker --interval 1000'
07-18 14:15:07.794  3916  3916 I adbd    : adbd service requested 'shell,v2:getprop'
07-18 14:15:07.984  3916  3916 I adbd    : adbd service requested 'shell,v2:mkdir -p /data/local/tmp/.studio; chmod 755 /data/local/tmp/.studio; chown shell:shell /data/local/tmp/.studio'
07-18 14:15:08.457  3916  3916 I adbd    : adbd service requested 'sync:'
07-18 14:15:08.457  3916  3916 I adbd    : adbd service requested 'shell,v2:wm size'
07-18 14:15:08.863  3916  3916 I adbd    : adbd service requested 'shell,v2:mkdir -p /data/local/tmp/.studio; chmod 755 /data/local/tmp/.studio; chown shell:shell /data/local/tmp/.studio'
07-18 14:15:09.063  3916  3916 I adbd    : adbd service requested 'shell,v2:getprop'
07-18 14:15:09.067  1055  1180 D AlarmManager: waitForAlarm result:4currentTime=1784398509067, elapsedRealtime=1668853097
07-18 14:15:09.070  1055  1180 D AlarmManager: sending alarm.type = 2, action = null, alarm = Alarm{bd9fc90 type 2 origWhen 1668853097 whenElapsed 1668853097 com.google.android.gms}, cn = null, operation = null, listener=android.app.IAlarmListener$Stub$Proxy@16f057, listenerTag=NetworkLocationScanner, workSource=WorkSource{10131 com.google.android.gms}
07-18 14:15:09.071  1055  1180 D AlarmManagerService: set alarm to kernel: 1669026073000000, type=2
07-18 14:15:09.071  1055  1180 D AlarmManagerService: set alarm to kernel: 1668904029000000, type=3
07-18 14:15:09.078 25700 25921 W Settings: Setting airplane_mode_on has moved from android.provider.Settings.System to android.provider.Settings.Global, returning read-only value.
07-18 14:15:09.084 25700 27922 W SystemServiceRegistry: No service published for: wifirtt
07-18 14:15:09.096  1055  1241 V AlarmManager: set(null) : type=2 listener=android.app.AlarmManager$ListenerWrapper@fed79af listenerTag=WificondScannerImpl Scan Timeout workSource=null callingPackage=android callingUid=1000 triggerAtTime=1668868125 win=11250 tElapsed=1668868125 maxElapsed=1668879375 interval=0 flags=0x8
07-18 14:15:09.103  1055  1241 D AlarmManagerService: set alarm to kernel: 1668879375000000, type=2
07-18 14:15:09.593  3916  3916 I adbd    : adbd service requested 'sync:'
07-18 14:15:09.707  1055  1226 D WifiStaIfaceHidlImpl: getCachedScanData is not implemented by HIDL
07-18 14:15:09.744  1055  1226 I HalDevMgr: bestIfaceCreationProposal is null, requestIface=STA, existingIface=[name=wlan0 type=STA]
07-18 14:15:09.811  3916  3916 I adbd    : adbd service requested 'shell,v2:wm size'
07-18 14:15:10.376  1055  1082 E UnisocWatchdog: UnisocWatchdogImpl sendMessage:0
07-18 14:15:10.376  1055  1155 E UnisocWatchdog: UNISOCWATCHDOG_MESSAGE_TIMER30 trigger
07-18 14:15:10.515   596 11741 D bt_vendor: op for BT_VND_OP_LPM_WAKE_SET_STATE
07-18 14:15:10.923  3916  3916 I adbd    : adbd service requested 'shell,v2:getprop'
07-18 14:15:11.093  1055  1154 D WifiNl80211Manager: Scan result ready event
07-18 14:15:11.093  1055  1154 D WifiNative: Scan result ready event
07-18 14:15:11.094  1055  1241 D AlarmManagerService: set alarm to kernel: 1669026073000000, type=2
07-18 14:15:11.094  1055  1241 D AlarmManagerService: set alarm to kernel: 1668904029000000, type=3
07-18 14:15:11.096 25700 25710 I WifiScanner: onFullResults
07-18 14:15:11.096 25700 25720 I WifiScanner: onFullResults
07-18 14:15:11.100  1055  1226 D WifiStaIfaceHidlImpl: getCachedScanData is not implemented by HIDL
07-18 14:15:11.101  1055  1154 V AlarmManager: set(null) : type=2 listener=android.app.IAlarmListener$Stub$Proxy@2cedf43 listenerTag=NetworkLocationScanner workSource=WorkSource{10131 com.google.android.gms} callingPackage=com.google.android.gms callingUid=10131 triggerAtTime=1668975127 win=0 tElapsed=1668975127 maxElapsed=1668975127 interval=0 flags=0x21
07-18 14:15:11.101  1055  1154 D AlarmManagerService: set alarm to kernel: 1668975127000000, type=2
07-18 14:15:11.101  1055  1154 D AlarmManagerService: set alarm to kernel: 1668904029000000, type=3
07-18 14:15:11.105  1055  1226 I HalDevMgr: bestIfaceCreationProposal is null, requestIface=STA, existingIface=[name=wlan0 type=STA]
07-18 14:15:11.144  3916  3916 I adbd    : adbd service requested 'shell,v2:mkdir -p /data/local/tmp/.studio; chmod 755 /data/local/tmp/.studio; chown shell:shell /data/local/tmp/.studio'
07-18 14:15:11.575  3916  3916 I adbd    : adbd service requested 'shell,v2:/data/local/tmp/.studio/process-tracker --interval 1000'
07-18 14:15:11.781  3916  3916 I adbd    : adbd service requested 'shell,v2:/data/local/tmp/.studio/process-tracker --interval 1000'
07-18 14:15:11.984  3916  3916 I adbd    : adbd service requested 'shell,v2:wm size'
07-18 14:15:12.208  3916  3916 I adbd    : adbd service requested 'sync:'
07-18 14:15:12.406  3916  3916 I adbd    : adbd service requested 'shell,v2:mkdir -p /data/local/tmp/.studio; chmod 755 /data/local/tmp/.studio; chown shell:shell /data/local/tmp/.studio'
07-18 14:15:12.598  3916  3916 I adbd    : adbd service requested 'shell,v2:getprop'
07-18 14:15:12.751  1055  1226 D WifiStaIfaceHidlImpl: getCachedScanData is not implemented by HIDL
07-18 14:15:12.791  1055  1271 D NetworkSelfRecovery: doWifiRecovery: start doMtuBlackHoleRecovery
07-18 14:15:12.794  1756  1804 I BugleRcsEngine: Connected state: [1], networkType: [WIFI] [CONTEXT thread_id=1886 ]
07-18 14:15:12.795  1756  1808 I BugleRcsEngine: handleMessage processing message:[NOTIFY_UPTIME_IGNORE_STATE_CHANGED] with [non-null]:RcsEngineImpl reference [CONTEXT log_prefix="RcsEngineImpl[DUAL_REG]:[9390a1f8-4903]>Handler" thread_id=1890 ]
07-18 14:15:12.796  1317  2012 E PhoneInterfaceManager: getCarrierPrivilegeStatusForUid: Invalid subId
07-18 14:15:12.796  1541  2237 D [N3AM]PhoneStateMonitor: onCapabilitiesChanged network: 644
07-18 14:15:12.798  1055  1271 D NetworkSelfRecovery: doMtuBlackHoleRecovery: current mtu 1500
07-18 14:15:12.798  1055  1271 D NetworkSelfRecovery: doMtuBlackHoleRecovery: mtu is max, skip
07-18 14:15:12.801  1055  1226 I HalDevMgr: bestIfaceCreationProposal is null, requestIface=STA, existingIface=[name=wlan0 type=STA]
07-18 14:15:12.805  6524  6591 D WM-WorkConstraintsTrack: NetworkRequestConstraintController onCapabilitiesChanged callback
07-18 14:15:12.807  3074  3103 D WifiSignalController: connected : true, level : 4, isDefault : true, inetCondition : 1, statusLabel : null
07-18 14:15:12.816 25700 25729 I NullBinder: NullBinder for android.net.action.RECOMMEND_NETWORKS triggering remote TransactionTooLargeException due to Service without Chimera impl, calling uid: 1000, calling pid: 0
07-18 14:15:12.816 25700 25729 W .gms.persistent: Large reply transaction of 1056768 bytes, interface descriptor , code 1
07-18 14:15:12.817  1055  1244 D ConnectivityService: NetReassign [no changes] [c 1] [a 7] [i 3]
07-18 14:15:12.823 25700 27904 I NearbyMediums: Wifi changed new SSID: "OSINET"
07-18 14:15:12.823 25700 27904 I NearbyMediums: WifiLanConnectivityInfo is not changed, skip notify.
07-18 14:15:13.091  3916  3916 I adbd    : adbd service requested 'sync:'
07-18 14:15:13.309 25700 27904 I NearbySharing: Network state changed: NetworkState(isRestricted=false, isOnline=true, isCongested=false, isMetered=true, isWifiConnected=true)
07-18 14:15:13.377  1055  1222 D ActivityManager: Skip enqueue broadcast because no receiver with Intent { act=com.android.server.action.NETWORK_STATS_UPDATED flg=0x40000010 }
07-18 14:15:13.445  3916  3916 I adbd    : adbd service requested 'shell,v2:wm size'
07-18 14:15:13.737  3916  3916 I adbd    : adbd service requested 'shell,v2:mkdir -p /data/local/tmp/.studio; chmod 755 /data/local/tmp/.studio; chown shell:shell /data/local/tmp/.studio'
07-18 14:15:13.955  3916  3916 I adbd    : adbd service requested 'shell,v2:getprop'
07-18 14:15:14.147  3916  3916 I adbd    : adbd service requested 'shell,v2:/data/local/tmp/.studio/process-tracker --interval 1000'
07-18 14:15:14.346  3916  3916 I adbd    : adbd service requested 'shell,v2:/data/local/tmp/.studio/process-tracker --interval 1000'
07-18 14:15:14.748  3916  3916 I adbd    : adbd service requested 'sync:'
07-18 14:15:14.928  3916  3916 I adbd    : adbd service requested 'shell,v2:wm size'
07-18 14:15:15.324  3916  3916 I adbd    : adbd service requested 'shell,v2:mkdir -p /data/local/tmp/.studio; chmod 755 /data/local/tmp/.studio; chown shell:shell /data/local/tmp/.studio'
07-18 14:15:15.539  3916  3916 I adbd    : adbd service requested 'shell,v2:getprop'
07-18 14:15:15.832  1055  1226 D WifiStaIfaceHidlImpl: getCachedScanData is not implemented by HIDL
07-18 14:15:15.840  1055  1226 I HalDevMgr: bestIfaceCreationProposal is null, requestIface=STA, existingIface=[name=wlan0 type=STA]
07-18 14:15:15.880  3916  3916 I adbd    : adbd service requested 'shell,v2:/data/local/tmp/.studio/process-tracker --interval 1000'
07-18 14:15:16.064  3916  3916 I adbd    : adbd service requested 'sync:'
07-18 14:15:16.065  3916  3916 I adbd    : adbd service requested 'shell,v2:wm size'
07-18 14:15:16.601  3916  3916 I adbd    : adbd service requested 'shell,v2:mkdir -p /data/local/tmp/.studio; chmod 755 /data/local/tmp/.studio; chown shell:shell /data/local/tmp/.studio'
07-18 14:15:16.794  3916  3916 I adbd    : adbd service requested 'shell,v2:getprop'
07-18 14:15:17.223  3916  3916 I adbd    : adbd service requested 'shell,v2:/data/local/tmp/.studio/process-tracker --interval 1000'
07-18 14:15:17.397  1055  1222 D ActivityManager: Skip enqueue broadcast because no receiver with Intent { act=com.android.server.action.NETWORK_STATS_UPDATED flg=0x40000010 }
07-18 14:15:17.420  3916  3916 I adbd    : adbd service requested 'sync:'
07-18 14:15:17.421  3916  3916 I adbd    : adbd service requested 'shell,v2:wm size'
07-18 14:15:17.829  3916  3916 I adbd    : adbd service requested 'shell,v2:mkdir -p /data/local/tmp/.studio; chmod 755 /data/local/tmp/.studio; chown shell:shell /data/local/tmp/.studio'
07-18 14:15:18.055  3916  3916 I adbd    : adbd service requested 'shell,v2:getprop'
07-18 14:15:18.649  3916  3916 I adbd    : adbd service requested 'shell,v2:wm size'
07-18 14:15:18.845  3916  3916 I adbd    : adbd service requested 'sync:'
07-18 14:15:18.846  1055  1226 D WifiStaIfaceHidlImpl: getCachedScanData is not implemented by HIDL
07-18 14:15:18.853  1541  2237 D [N3AM]PhoneStateMonitor: onCapabilitiesChanged network: 644
07-18 14:15:18.855  1055  1271 D NetworkSelfRecovery: doWifiRecovery: start doMtuBlackHoleRecovery
07-18 14:15:18.883  3916  3916 I adbd    : adbd service requested 'shell,v2:/data/local/tmp/.studio/process-tracker --interval 1000'
07-18 14:15:18.900  1055  1226 I HalDevMgr: bestIfaceCreationProposal is null, requestIface=STA, existingIface=[name=wlan0 type=STA]
07-18 14:15:18.905  1055  1271 D NetworkSelfRecovery: doMtuBlackHoleRecovery: current mtu 1500
07-18 14:15:18.905  1055  1271 D NetworkSelfRecovery: doMtuBlackHoleRecovery: mtu is max, skip
07-18 14:15:18.911  1756  1808 I BugleRcsEngine: handleMessage processing message:[NOTIFY_UPTIME_IGNORE_STATE_CHANGED] with [non-null]:RcsEngineImpl reference [CONTEXT log_prefix="RcsEngineImpl[DUAL_REG]:[9390a1f8-4903]>Handler" thread_id=1890 ]
07-18 14:15:18.912  1756  1804 I BugleRcsEngine: Connected state: [1], networkType: [WIFI] [CONTEXT thread_id=1886 ]
07-18 14:15:18.918  6524  6591 D WM-WorkConstraintsTrack: NetworkRequestConstraintController onCapabilitiesChanged callback
07-18 14:15:18.936  1317  1331 E PhoneInterfaceManager: getCarrierPrivilegeStatusForUid: Invalid subId
07-18 14:15:18.957 25700 25710 I NullBinder: NullBinder for android.net.action.RECOMMEND_NETWORKS triggering remote TransactionTooLargeException due to Service without Chimera impl, calling uid: 1000, calling pid: 0
07-18 14:15:18.958 25700 25710 W .gms.persistent: Large reply transaction of 1056768 bytes, interface descriptor , code 1
07-18 14:15:18.960  3074  3103 D WifiSignalController: connected : true, level : 4, isDefault : true, inetCondition : 1, statusLabel : null
07-18 14:15:18.967  1055  1244 D ConnectivityService: NetReassign [no changes] [c 0] [a 3] [i 4]
07-18 14:15:18.968 25700 27903 I NearbyMediums: Wifi changed new SSID: "OSINET"
07-18 14:15:18.968 25700 27903 I NearbyMediums: WifiLanConnectivityInfo is not changed, skip notify.
07-18 14:15:19.300  3916  3916 I adbd    : adbd service requested 'shell,v2:getprop'
07-18 14:15:19.467 25700 27903 I NearbySharing: Network state changed: NetworkState(isRestricted=false, isOnline=true, isCongested=false, isMetered=true, isWifiConnected=true)
07-18 14:15:19.507  3916  3916 I adbd    : adbd service requested 'shell,v2:mkdir -p /data/local/tmp/.studio; chmod 755 /data/local/tmp/.studio; chown shell:shell /data/local/tmp/.studio'
07-18 14:15:20.064  3916  3916 I adbd    : adbd service requested 'sync:'
07-18 14:15:20.064  3916  3916 I adbd    : adbd service requested 'shell,v2:/data/local/tmp/.studio/process-tracker --interval 1000'
07-18 14:15:20.285  3916  3916 I adbd    : adbd service requested 'shell,v2:wm size'
07-18 14:15:20.713  3916  3916 I adbd    : adbd service requested 'shell,v2:getprop'
07-18 14:15:20.909  3916  3916 I adbd    : adbd service requested 'shell,v2:mkdir -p /data/local/tmp/.studio; chmod 755 /data/local/tmp/.studio; chown shell:shell /data/local/tmp/.studio'
07-18 14:15:21.359  3916  3916 I adbd    : adbd service requested 'shell,v2:/data/local/tmp/.studio/process-tracker --interval 1000'
07-18 14:15:21.585  3916  3916 I adbd    : adbd service requested 'sync:'
07-18 14:15:21.585  3916  3916 I adbd    : adbd service requested 'shell,v2:wm size'
07-18 14:15:21.619  1055  1222 D ActivityManager: Skip enqueue broadcast because no receiver with Intent { act=com.android.server.action.NETWORK_STATS_UPDATED flg=0x40000010 }
07-18 14:15:21.914  1055  1226 D WifiStaIfaceHidlImpl: getCachedScanData is not implemented by HIDL
07-18 14:15:21.923  1055  1226 I HalDevMgr: bestIfaceCreationProposal is null, requestIface=STA, existingIface=[name=wlan0 type=STA]
07-18 14:15:22.016  3916  3916 I adbd    : adbd service requested 'shell,v2:getprop'
07-18 14:15:22.207  3916  3916 I adbd    : adbd service requested 'shell,v2:mkdir -p /data/local/tmp/.studio; chmod 755 /data/local/tmp/.studio; chown shell:shell /data/local/tmp/.studio'
07-18 14:15:22.449  3916  3916 I adbd    : adbd service requested 'shell,v2:/data/local/tmp/.studio/process-tracker --interval 1000'
07-18 14:15:23.086  3916  3916 I adbd    : adbd service requested 'sync:'
07-18 14:15:23.526  3916  3916 I adbd    : adbd service requested 'shell,v2:wm size'
07-18 14:15:23.999  3916  3916 I adbd    : adbd service requested 'shell,v2:getprop'
07-18 14:15:24.192  3916  3916 I adbd    : adbd service requested 'shell,v2:mkdir -p /data/local/tmp/.studio; chmod 755 /data/local/tmp/.studio; chown shell:shell /data/local/tmp/.studio'
07-18 14:15:24.382  3916  3916 I adbd    : adbd service requested 'shell,v2:/data/local/tmp/.studio/process-tracker --interval 1000'
07-18 14:15:24.788  3916  3916 I adbd    : adbd service requested 'sync:'
07-18 14:15:24.930  1055  1226 D WifiStaIfaceHidlImpl: getCachedScanData is not implemented by HIDL
07-18 14:15:24.942  1055  1226 I HalDevMgr: bestIfaceCreationProposal is null, requestIface=STA, existingIface=[name=wlan0 type=STA]
07-18 14:15:25.010  3916  3916 I adbd    : adbd service requested 'shell,v2:wm size'
07-18 14:15:25.623  3916  3916 I adbd    : adbd service requested 'shell,v2:getprop'
07-18 14:15:25.837  3916  3916 I adbd    : adbd service requested 'shell,v2:mkdir -p /data/local/tmp/.studio; chmod 755 /data/local/tmp/.studio; chown shell:shell /data/local/tmp/.studio'
07-18 14:15:25.948  1055  1222 D ActivityManager: Skip enqueue broadcast because no receiver with Intent { act=com.android.server.action.NETWORK_STATS_UPDATED flg=0x40000010 }
07-18 14:15:26.289  3916  3916 I adbd    : adbd service requested 'shell,v2:/data/local/tmp/.studio/process-tracker --interval 1000'
07-18 14:15:26.501  3916  3916 I adbd    : adbd service requested 'shell,v2:wm size'
07-18 14:15:26.713  3916  3916 I adbd    : adbd service requested 'sync:'
07-18 14:15:27.146  3916  3916 I adbd    : adbd service requested 'shell,v2:getprop'
07-18 14:15:27.364  3916  3916 I adbd    : adbd service requested 'shell,v2:mkdir -p /data/local/tmp/.studio; chmod 755 /data/local/tmp/.studio; chown shell:shell /data/local/tmp/.studio'
07-18 14:15:27.709  3916  3916 I adbd    : adbd service requested 'shell,v2:wm size'
07-18 14:15:27.913  3916  3916 I adbd    : adbd service requested 'shell,v2:/data/local/tmp/.studio/process-tracker --interval 1000'
07-18 14:15:27.962  1055  1226 D WifiStaIfaceHidlImpl: getCachedScanData is not implemented by HIDL
07-18 14:15:28.035  1055  1226 I HalDevMgr: bestIfaceCreationProposal is null, requestIface=STA, existingIface=[name=wlan0 type=STA]
07-18 14:15:28.263  3916  3916 I adbd    : adbd service requested 'sync:'
07-18 14:15:28.277  3916  3916 I adbd    : adbd service requested 'shell,v2:getprop'
07-18 14:15:28.477  3916  3916 I adbd    : adbd service requested 'shell,v2:mkdir -p /data/local/tmp/.studio; chmod 755 /data/local/tmp/.studio; chown shell:shell /data/local/tmp/.studio'
07-18 14:15:28.926  3916  3916 I adbd    : adbd service requested 'sync:'
07-18 14:15:28.992  3916  3916 I adbd    : adbd service requested 'shell,v2:wm size'
07-18 14:15:29.396  3916  3916 I adbd    : adbd service requested 'shell,v2:/data/local/tmp/.studio/process-tracker --interval 1000'
07-18 14:15:29.586  3916  3916 I adbd    : adbd service requested 'shell,v2:mkdir -p /data/local/tmp/.studio; chmod 755 /data/local/tmp/.studio; chown shell:shell /data/local/tmp/.studio'
07-18 14:15:29.787  3916  3916 I adbd    : adbd service requested 'shell,v2:getprop'
07-18 14:15:30.185  3916  3916 I adbd    : adbd service requested 'sync:'
07-18 14:15:30.187  3916  3916 I adbd    : adbd service requested 'shell,v2:/data/local/tmp/.studio/process-tracker --interval 1000'
