07-18 12:28:33.526 32521 32521 D SubscriptionRepository: getSelectableSubscriptionInfoList: [[SubscriptionInfo: id=1 iccId=890102405[****] simSlotIndex=0 portIndex=0 isEmbedded=false carrierId=1467 displayName=CLARO carrierName=CLARO isOpportunistic=false groupUuid=null groupOwner= isGroupDisabled=false displayNameSource=SIM_SPN iconTint=-4716942 number= dataRoaming=0 mcc=370 mnc=02 ehplmns=[] hplmns=[37002, 37002] cardString=890102405[****] cardId=0 nativeAccessRules=null carrierConfigAccessRules=[cert: 2333F4065B9F054363CA63D1866CC168F45D641645B31131B14E173B9C922D15 pkg: co.sitic.pp access: 0, cert: 14D54C64599A3E9A3B766239B160DE3935093E0A pkg: co.sitic.pp access: 0, cert: F54CAC11D5AF77A5F10C21D536AD5D1C40B00D63A92CAB917AA84DC714D622D8 pkg: co.sitic.pp access: 0] countryIso=do profileClass=-1 mType=LOCAL_SIM areUiccApplicationsEnabled=true usageSetting=DEFAULT isOnlyNonTerrestrialNetwork=false serviceCapabilities=[1, 2, 3] transferStatus=0]]
07-18 12:28:33.527 32521 32521 D SubscriptionRepository: getSelectableSubscriptionInfoList: [[SubscriptionInfo: id=1 iccId=890102405[****] simSlotIndex=0 portIndex=0 isEmbedded=false carrierId=1467 displayName=CLARO carrierName=CLARO isOpportunistic=false groupUuid=null groupOwner= isGroupDisabled=false displayNameSource=SIM_SPN iconTint=-4716942 number= dataRoaming=0 mcc=370 mnc=02 ehplmns=[] hplmns=[37002, 37002] cardString=890102405[****] cardId=0 nativeAccessRules=null carrierConfigAccessRules=[cert: 2333F4065B9F054363CA63D1866CC168F45D641645B31131B14E173B9C922D15 pkg: co.sitic.pp access: 0, cert: 14D54C64599A3E9A3B766239B160DE3935093E0A pkg: co.sitic.pp access: 0, cert: F54CAC11D5AF77A5F10C21D536AD5D1C40B00D63A92CAB917AA84DC714D622D8 pkg: co.sitic.pp access: 0] countryIso=do profileClass=-1 mType=LOCAL_SIM areUiccApplicationsEnabled=true usageSetting=DEFAULT isOnlyNonTerrestrialNetwork=false serviceCapabilities=[1, 2, 3] transferStatus=0]]
07-18 12:28:33.527 32521 32521 D SubscriptionUtil: remove cached display name : 1
07-18 12:28:33.529 32521 32521 D SubscriptionRepository: getSelectableSubscriptionInfoList: [[SubscriptionInfo: id=1 iccId=890102405[****] simSlotIndex=0 portIndex=0 isEmbedded=false carrierId=1467 displayName=CLARO carrierName=CLARO isOpportunistic=false groupUuid=null groupOwner= isGroupDisabled=false displayNameSource=SIM_SPN iconTint=-4716942 number= dataRoaming=0 mcc=370 mnc=02 ehplmns=[] hplmns=[37002, 37002] cardString=890102405[****] cardId=0 nativeAccessRules=null carrierConfigAccessRules=[cert: 2333F4065B9F054363CA63D1866CC168F45D641645B31131B14E173B9C922D15 pkg: co.sitic.pp access: 0, cert: 14D54C64599A3E9A3B766239B160DE3935093E0A pkg: co.sitic.pp access: 0, cert: F54CAC11D5AF77A5F10C21D536AD5D1C40B00D63A92CAB917AA84DC714D622D8 pkg: co.sitic.pp access: 0] countryIso=do profileClass=-1 mType=LOCAL_SIM areUiccApplicationsEnabled=true usageSetting=DEFAULT isOnlyNonTerrestrialNetwork=false serviceCapabilities=[1, 2, 3] transferStatus=0]]
07-18 12:28:33.529 32521 32521 D SubscriptionUtil: remove cached display name : 1
07-18 12:28:33.557 32521 32521 D SubscriptionRepository: getSelectableSubscriptionInfoList: [[SubscriptionInfo: id=1 iccId=890102405[****] simSlotIndex=0 portIndex=0 isEmbedded=false carrierId=1467 displayName=CLARO carrierName=CLARO isOpportunistic=false groupUuid=null groupOwner= isGroupDisabled=false displayNameSource=SIM_SPN iconTint=-4716942 number= dataRoaming=0 mcc=370 mnc=02 ehplmns=[] hplmns=[37002, 37002] cardString=890102405[****] cardId=0 nativeAccessRules=null carrierConfigAccessRules=[cert: 2333F4065B9F054363CA63D1866CC168F45D641645B31131B14E173B9C922D15 pkg: co.sitic.pp access: 0, cert: 14D54C64599A3E9A3B766239B160DE3935093E0A pkg: co.sitic.pp access: 0, cert: F54CAC11D5AF77A5F10C21D536AD5D1C40B00D63A92CAB917AA84DC714D622D8 pkg: co.sitic.pp access: 0] countryIso=do profileClass=-1 mType=LOCAL_SIM areUiccApplicationsEnabled=true usageSetting=DEFAULT isOnlyNonTerrestrialNetwork=false serviceCapabilities=[1, 2, 3] transferStatus=0]]
07-18 12:28:33.558 32521 32521 D SubscriptionRepository: getSelectableSubscriptionInfoList: [[SubscriptionInfo: id=1 iccId=890102405[****] simSlotIndex=0 portIndex=0 isEmbedded=false carrierId=1467 displayName=CLARO carrierName=CLARO isOpportunistic=false groupUuid=null groupOwner= isGroupDisabled=false displayNameSource=SIM_SPN iconTint=-4716942 number= dataRoaming=0 mcc=370 mnc=02 ehplmns=[] hplmns=[37002, 37002] cardString=890102405[****] cardId=0 nativeAccessRules=null carrierConfigAccessRules=[cert: 2333F4065B9F054363CA63D1866CC168F45D641645B31131B14E173B9C922D15 pkg: co.sitic.pp access: 0, cert: 14D54C64599A3E9A3B766239B160DE3935093E0A pkg: co.sitic.pp access: 0, cert: F54CAC11D5AF77A5F10C21D536AD5D1C40B00D63A92CAB917AA84DC714D622D8 pkg: co.sitic.pp access: 0] countryIso=do profileClass=-1 mType=LOCAL_SIM areUiccApplicationsEnabled=true usageSetting=DEFAULT isOnlyNonTerrestrialNetwork=false serviceCapabilities=[1, 2, 3] transferStatus=0]]
07-18 12:28:33.558 32521 32521 D SubscriptionUtil: remove cached display name : 1
07-18 12:28:33.560 32521 32521 D SubscriptionRepository: getSelectableSubscriptionInfoList: [[SubscriptionInfo: id=1 iccId=890102405[****] simSlotIndex=0 portIndex=0 isEmbedded=false carrierId=1467 displayName=CLARO carrierName=CLARO isOpportunistic=false groupUuid=null groupOwner= isGroupDisabled=false displayNameSource=SIM_SPN iconTint=-4716942 number= dataRoaming=0 mcc=370 mnc=02 ehplmns=[] hplmns=[37002, 37002] cardString=890102405[****] cardId=0 nativeAccessRules=null carrierConfigAccessRules=[cert: 2333F4065B9F054363CA63D1866CC168F45D641645B31131B14E173B9C922D15 pkg: co.sitic.pp access: 0, cert: 14D54C64599A3E9A3B766239B160DE3935093E0A pkg: co.sitic.pp access: 0, cert: F54CAC11D5AF77A5F10C21D536AD5D1C40B00D63A92CAB917AA84DC714D622D8 pkg: co.sitic.pp access: 0] countryIso=do profileClass=-1 mType=LOCAL_SIM areUiccApplicationsEnabled=true usageSetting=DEFAULT isOnlyNonTerrestrialNetwork=false serviceCapabilities=[1, 2, 3] transferStatus=0]]
07-18 12:28:33.560 32521 32521 D SubscriptionUtil: remove cached display name : 1
07-18 12:28:33.584 32521 32521 D SubscriptionRepository: getSelectableSubscriptionInfoList: [[SubscriptionInfo: id=1 iccId=890102405[****] simSlotIndex=0 portIndex=0 isEmbedded=false carrierId=1467 displayName=CLARO carrierName=CLARO isOpportunistic=false groupUuid=null groupOwner= isGroupDisabled=false displayNameSource=SIM_SPN iconTint=-4716942 number= dataRoaming=0 mcc=370 mnc=02 ehplmns=[] hplmns=[37002, 37002] cardString=890102405[****] cardId=0 nativeAccessRules=null carrierConfigAccessRules=[cert: 2333F4065B9F054363CA63D1866CC168F45D641645B31131B14E173B9C922D15 pkg: co.sitic.pp access: 0, cert: 14D54C64599A3E9A3B766239B160DE3935093E0A pkg: co.sitic.pp access: 0, cert: F54CAC11D5AF77A5F10C21D536AD5D1C40B00D63A92CAB917AA84DC714D622D8 pkg: co.sitic.pp access: 0] countryIso=do profileClass=-1 mType=LOCAL_SIM areUiccApplicationsEnabled=true usageSetting=DEFAULT isOnlyNonTerrestrialNetwork=false serviceCapabilities=[1, 2, 3] transferStatus=0]]
07-18 12:28:33.585 32521 32521 D SubscriptionRepository: getSelectableSubscriptionInfoList: [[SubscriptionInfo: id=1 iccId=890102405[****] simSlotIndex=0 portIndex=0 isEmbedded=false carrierId=1467 displayName=CLARO carrierName=CLARO isOpportunistic=false groupUuid=null groupOwner= isGroupDisabled=false displayNameSource=SIM_SPN iconTint=-4716942 number= dataRoaming=0 mcc=370 mnc=02 ehplmns=[] hplmns=[37002, 37002] cardString=890102405[****] cardId=0 nativeAccessRules=null carrierConfigAccessRules=[cert: 2333F4065B9F054363CA63D1866CC168F45D641645B31131B14E173B9C922D15 pkg: co.sitic.pp access: 0, cert: 14D54C64599A3E9A3B766239B160DE3935093E0A pkg: co.sitic.pp access: 0, cert: F54CAC11D5AF77A5F10C21D536AD5D1C40B00D63A92CAB917AA84DC714D622D8 pkg: co.sitic.pp access: 0] countryIso=do profileClass=-1 mType=LOCAL_SIM areUiccApplicationsEnabled=true usageSetting=DEFAULT isOnlyNonTerrestrialNetwork=false serviceCapabilities=[1, 2, 3] transferStatus=0]]
07-18 12:28:33.585 32521 32521 D SubscriptionUtil: remove cached display name : 1
07-18 12:28:33.586 32521 32521 D SubscriptionRepository: getSelectableSubscriptionInfoList: [[SubscriptionInfo: id=1 iccId=890102405[****] simSlotIndex=0 portIndex=0 isEmbedded=false carrierId=1467 displayName=CLARO carrierName=CLARO isOpportunistic=false groupUuid=null groupOwner= isGroupDisabled=false displayNameSource=SIM_SPN iconTint=-4716942 number= dataRoaming=0 mcc=370 mnc=02 ehplmns=[] hplmns=[37002, 37002] cardString=890102405[****] cardId=0 nativeAccessRules=null carrierConfigAccessRules=[cert: 2333F4065B9F054363CA63D1866CC168F45D641645B31131B14E173B9C922D15 pkg: co.sitic.pp access: 0, cert: 14D54C64599A3E9A3B766239B160DE3935093E0A pkg: co.sitic.pp access: 0, cert: F54CAC11D5AF77A5F10C21D536AD5D1C40B00D63A92CAB917AA84DC714D622D8 pkg: co.sitic.pp access: 0] countryIso=do profileClass=-1 mType=LOCAL_SIM areUiccApplicationsEnabled=true usageSetting=DEFAULT isOnlyNonTerrestrialNetwork=false serviceCapabilities=[1, 2, 3] transferStatus=0]]
07-18 12:28:33.586 32521 32521 D SubscriptionUtil: remove cached display name : 1
07-18 12:28:33.605  3916  3916 I adbd    : adbd service requested 'shell,v2:wm size'
07-18 12:28:33.736 25700  7563 I NearbySharing: Network state changed: NetworkState(isRestricted=false, isOnline=true, isCongested=false, isMetered=false, isWifiConnected=true)
07-18 12:28:33.813  3916  3916 I adbd    : adbd service requested 'shell,v2:mkdir -p /data/local/tmp/.studio; chmod 755 /data/local/tmp/.studio; chown shell:shell /data/local/tmp/.studio'
07-18 12:28:33.837  3916  3916 I adbd    : adbd service requested 'shell:logcat -v long -v epoch'
07-18 12:28:33.874 31538 31538 D FINGERPRINT_RETRY: attemptId=46 state=RETRY_STARTED waitingFingerLift=false fingerLiftDetected=true retryScheduled=false verificationJobActive=false retryJobActive=true cancelReason=null
07-18 12:28:33.882  3916  3916 I adbd    : adbd service requested 'shell,v2:getprop'
07-18 12:28:33.897 31538 31538 I FINGERPRINT_UI_TRACE: screen=EmployeePunchScreen button=AUTO_VERIFY employeeId=2 action=CLICK managerClass=com.example.controlhorario.fingerprint.external.TwoConnectFingerprintManager methodRequested=verifyFingerprint timestamp=1784392113897
07-18 12:28:33.901 31538 31538 D FINGERPRINT_VERIFY: attemptId=47 employeeId=2 stage=START usbConnected=true usbPermission=true readerOpened=false
07-18 12:28:33.919  3916  3916 I adbd    : adbd service requested 'shell,v2:/data/local/tmp/.studio/process-tracker --interval 1000'
07-18 12:28:33.928 31538 31538 D FINGERPRINT_TEMPLATE_TRACE: stage=D_AFTER_ROOM_READ employeeId=2 size=512 sha256=79bfaaa838f954afd4b1a876bff7a27f9fa62e91a612ebfa950233a8284f9ede nonZeroBytes=198
07-18 12:28:33.929 31538 31538 D FINGERPRINT_DB: employeeId=2 rowsFound=1 selectedRecordId=12 selectedUpdatedAt=2026-07-18 12:23:16 selectedSha256=79bfaaa838f954afd4b1a876bff7a27f9fa62e91a612ebfa950233a8284f9ede
07-18 12:28:33.929 31538 31538 D FINGERPRINT_VERIFY: employeeId=2 storedEmployeeId=2 biometricType=2CONNECT_USB biometricRecordId=12 updatedAt=2026-07-18 12:23:16 base64LengthRead=684 decodedBytes=512 storedSizeColumn=512
07-18 12:28:34.041 31538 31585 D SDK_INIT: operation=OpenDevice result=-1 readerHash=112993363 objetoUsbReaderHash=112993363 thread=DefaultDispatcher-worker-2
07-18 12:28:34.045 31538 31538 I FINGERPRINT_METHOD_ENTRY: method=verifyFingerprint employeeId=2 managerInstance=91647614 thread=main readerConnected=true timestamp=1784392114044
07-18 12:28:34.049 31538 31538 D FINGERPRINT_VERIFY: attemptId=47 employeeId=2 usbConnected=true usbPermission=true readerOpened=false imageResult=null featureGenerationResult=null fpUpCharResult=null sdkReportedCapturedSize=0 initMatchResult=false initMatchInvoked=true capturedSize=0 capturedNonZeroBytes=0 base64LengthRead=684 storedSize=512 storedNonZeroBytes=198 matchTemplateExecuted=false result=CaptureError score=null threshold=100 decision=CAPTURE_FAILED failure=CaptureFailed uiMessage=No se pudo leer la huella. Coloque el dedo nuevamente.
07-18 12:28:34.050 31538 31538 D FINGERPRINT_RETRY: attemptId=47 state=READY_TO_RETRY waitingFingerLift=false fingerLiftDetected=null retryScheduled=true verificationJobActive=false retryJobActive=false cancelReason=null
07-18 12:28:34.294  3916  3916 I adbd    : adbd service requested 'sync:'
07-18 12:28:34.295  3916  3916 W adbd    : timeout expired while reading data after flushing socket, closing
07-18 12:28:34.526  1055  4363 D ActivityManager: Skip enqueue broadcast because no receiver with Intent { act=android.intent.action.SIG_STR flg=0x10 (has extras) }
07-18 12:28:34.530 32521 32521 D SubscriptionRepository: getSelectableSubscriptionInfoList: [[SubscriptionInfo: id=1 iccId=890102405[****] simSlotIndex=0 portIndex=0 isEmbedded=false carrierId=1467 displayName=CLARO carrierName=CLARO isOpportunistic=false groupUuid=null groupOwner= isGroupDisabled=false displayNameSource=SIM_SPN iconTint=-4716942 number= dataRoaming=0 mcc=370 mnc=02 ehplmns=[] hplmns=[37002, 37002] cardString=890102405[****] cardId=0 nativeAccessRules=null carrierConfigAccessRules=[cert: 2333F4065B9F054363CA63D1866CC168F45D641645B31131B14E173B9C922D15 pkg: co.sitic.pp access: 0, cert: 14D54C64599A3E9A3B766239B160DE3935093E0A pkg: co.sitic.pp access: 0, cert: F54CAC11D5AF77A5F10C21D536AD5D1C40B00D63A92CAB917AA84DC714D622D8 pkg: co.sitic.pp access: 0] countryIso=do profileClass=-1 mType=LOCAL_SIM areUiccApplicationsEnabled=true usageSetting=DEFAULT isOnlyNonTerrestrialNetwork=false serviceCapabilities=[1, 2, 3] transferStatus=0]]
07-18 12:28:34.531 22839 22839 D UniResolvedNetworkType: sub 1: dataNetType Override 1
07-18 12:28:34.532 32521 32521 D SubscriptionRepository: getSelectableSubscriptionInfoList: [[SubscriptionInfo: id=1 iccId=890102405[****] simSlotIndex=0 portIndex=0 isEmbedded=false carrierId=1467 displayName=CLARO carrierName=CLARO isOpportunistic=false groupUuid=null groupOwner= isGroupDisabled=false displayNameSource=SIM_SPN iconTint=-4716942 number= dataRoaming=0 mcc=370 mnc=02 ehplmns=[] hplmns=[37002, 37002] cardString=890102405[****] cardId=0 nativeAccessRules=null carrierConfigAccessRules=[cert: 2333F4065B9F054363CA63D1866CC168F45D641645B31131B14E173B9C922D15 pkg: co.sitic.pp access: 0, cert: 14D54C64599A3E9A3B766239B160DE3935093E0A pkg: co.sitic.pp access: 0, cert: F54CAC11D5AF77A5F10C21D536AD5D1C40B00D63A92CAB917AA84DC714D622D8 pkg: co.sitic.pp access: 0] countryIso=do profileClass=-1 mType=LOCAL_SIM areUiccApplicationsEnabled=true usageSetting=DEFAULT isOnlyNonTerrestrialNetwork=false serviceCapabilities=[1, 2, 3] transferStatus=0]]
07-18 12:28:34.532 32521 32521 D SubscriptionUtil: remove cached display name : 1
07-18 12:28:34.533 32521 32521 D SubscriptionRepository: getSelectableSubscriptionInfoList: [[SubscriptionInfo: id=1 iccId=890102405[****] simSlotIndex=0 portIndex=0 isEmbedded=false carrierId=1467 displayName=CLARO carrierName=CLARO isOpportunistic=false groupUuid=null groupOwner= isGroupDisabled=false displayNameSource=SIM_SPN iconTint=-4716942 number= dataRoaming=0 mcc=370 mnc=02 ehplmns=[] hplmns=[37002, 37002] cardString=890102405[****] cardId=0 nativeAccessRules=null carrierConfigAccessRules=[cert: 2333F4065B9F054363CA63D1866CC168F45D641645B31131B14E173B9C922D15 pkg: co.sitic.pp access: 0, cert: 14D54C64599A3E9A3B766239B160DE3935093E0A pkg: co.sitic.pp access: 0, cert: F54CAC11D5AF77A5F10C21D536AD5D1C40B00D63A92CAB917AA84DC714D622D8 pkg: co.sitic.pp access: 0] countryIso=do profileClass=-1 mType=LOCAL_SIM areUiccApplicationsEnabled=true usageSetting=DEFAULT isOnlyNonTerrestrialNetwork=false serviceCapabilities=[1, 2, 3] transferStatus=0]]
07-18 12:28:34.534 32521 32521 D SubscriptionUtil: remove cached display name : 1
07-18 12:28:34.551 31538 31538 D FINGERPRINT_RETRY: attemptId=47 state=RETRY_STARTED waitingFingerLift=false fingerLiftDetected=true retryScheduled=false verificationJobActive=false retryJobActive=true cancelReason=null
07-18 12:28:34.561 32521 32521 D SubscriptionRepository: getSelectableSubscriptionInfoList: [[SubscriptionInfo: id=1 iccId=890102405[****] simSlotIndex=0 portIndex=0 isEmbedded=false carrierId=1467 displayName=CLARO carrierName=CLARO isOpportunistic=false groupUuid=null groupOwner= isGroupDisabled=false displayNameSource=SIM_SPN iconTint=-4716942 number= dataRoaming=0 mcc=370 mnc=02 ehplmns=[] hplmns=[37002, 37002] cardString=890102405[****] cardId=0 nativeAccessRules=null carrierConfigAccessRules=[cert: 2333F4065B9F054363CA63D1866CC168F45D641645B31131B14E173B9C922D15 pkg: co.sitic.pp access: 0, cert: 14D54C64599A3E9A3B766239B160DE3935093E0A pkg: co.sitic.pp access: 0, cert: F54CAC11D5AF77A5F10C21D536AD5D1C40B00D63A92CAB917AA84DC714D622D8 pkg: co.sitic.pp access: 0] countryIso=do profileClass=-1 mType=LOCAL_SIM areUiccApplicationsEnabled=true usageSetting=DEFAULT isOnlyNonTerrestrialNetwork=false serviceCapabilities=[1, 2, 3] transferStatus=0]]
07-18 12:28:34.563 32521 32521 D SubscriptionRepository: getSelectableSubscriptionInfoList: [[SubscriptionInfo: id=1 iccId=890102405[****] simSlotIndex=0 portIndex=0 isEmbedded=false carrierId=1467 displayName=CLARO carrierName=CLARO isOpportunistic=false groupUuid=null groupOwner= isGroupDisabled=false displayNameSource=SIM_SPN iconTint=-4716942 number= dataRoaming=0 mcc=370 mnc=02 ehplmns=[] hplmns=[37002, 37002] cardString=890102405[****] cardId=0 nativeAccessRules=null carrierConfigAccessRules=[cert: 2333F4065B9F054363CA63D1866CC168F45D641645B31131B14E173B9C922D15 pkg: co.sitic.pp access: 0, cert: 14D54C64599A3E9A3B766239B160DE3935093E0A pkg: co.sitic.pp access: 0, cert: F54CAC11D5AF77A5F10C21D536AD5D1C40B00D63A92CAB917AA84DC714D622D8 pkg: co.sitic.pp access: 0] countryIso=do profileClass=-1 mType=LOCAL_SIM areUiccApplicationsEnabled=true usageSetting=DEFAULT isOnlyNonTerrestrialNetwork=false serviceCapabilities=[1, 2, 3] transferStatus=0]]
07-18 12:28:34.563 32521 32521 D SubscriptionUtil: remove cached display name : 1
07-18 12:28:34.564 32521 32521 D SubscriptionRepository: getSelectableSubscriptionInfoList: [[SubscriptionInfo: id=1 iccId=890102405[****] simSlotIndex=0 portIndex=0 isEmbedded=false carrierId=1467 displayName=CLARO carrierName=CLARO isOpportunistic=false groupUuid=null groupOwner= isGroupDisabled=false displayNameSource=SIM_SPN iconTint=-4716942 number= dataRoaming=0 mcc=370 mnc=02 ehplmns=[] hplmns=[37002, 37002] cardString=890102405[****] cardId=0 nativeAccessRules=null carrierConfigAccessRules=[cert: 2333F4065B9F054363CA63D1866CC168F45D641645B31131B14E173B9C922D15 pkg: co.sitic.pp access: 0, cert: 14D54C64599A3E9A3B766239B160DE3935093E0A pkg: co.sitic.pp access: 0, cert: F54CAC11D5AF77A5F10C21D536AD5D1C40B00D63A92CAB917AA84DC714D622D8 pkg: co.sitic.pp access: 0] countryIso=do profileClass=-1 mType=LOCAL_SIM areUiccApplicationsEnabled=true usageSetting=DEFAULT isOnlyNonTerrestrialNetwork=false serviceCapabilities=[1, 2, 3] transferStatus=0]]
07-18 12:28:34.564 32521 32521 D SubscriptionUtil: remove cached display name : 1
07-18 12:28:34.588 31538 31538 I FINGERPRINT_UI_TRACE: screen=EmployeePunchScreen button=AUTO_VERIFY employeeId=2 action=CLICK managerClass=com.example.controlhorario.fingerprint.external.TwoConnectFingerprintManager methodRequested=verifyFingerprint timestamp=1784392114588
07-18 12:28:34.594 31538 31538 D FINGERPRINT_VERIFY: attemptId=48 employeeId=2 stage=START usbConnected=true usbPermission=true readerOpened=false
07-18 12:28:34.600 31538 31538 D FINGERPRINT_TEMPLATE_TRACE: stage=D_AFTER_ROOM_READ employeeId=2 size=512 sha256=79bfaaa838f954afd4b1a876bff7a27f9fa62e91a612ebfa950233a8284f9ede nonZeroBytes=198
07-18 12:28:34.600 31538 31538 D FINGERPRINT_DB: employeeId=2 rowsFound=1 selectedRecordId=12 selectedUpdatedAt=2026-07-18 12:23:16 selectedSha256=79bfaaa838f954afd4b1a876bff7a27f9fa62e91a612ebfa950233a8284f9ede
07-18 12:28:34.600 31538 31538 D FINGERPRINT_VERIFY: employeeId=2 storedEmployeeId=2 biometricType=2CONNECT_USB biometricRecordId=12 updatedAt=2026-07-18 12:23:16 base64LengthRead=684 decodedBytes=512 storedSizeColumn=512
07-18 12:28:34.606 32521 32521 D SubscriptionRepository: getSelectableSubscriptionInfoList: [[SubscriptionInfo: id=1 iccId=890102405[****] simSlotIndex=0 portIndex=0 isEmbedded=false carrierId=1467 displayName=CLARO carrierName=CLARO isOpportunistic=false groupUuid=null groupOwner= isGroupDisabled=false displayNameSource=SIM_SPN iconTint=-4716942 number= dataRoaming=0 mcc=370 mnc=02 ehplmns=[] hplmns=[37002, 37002] cardString=890102405[****] cardId=0 nativeAccessRules=null carrierConfigAccessRules=[cert: 2333F4065B9F054363CA63D1866CC168F45D641645B31131B14E173B9C922D15 pkg: co.sitic.pp access: 0, cert: 14D54C64599A3E9A3B766239B160DE3935093E0A pkg: co.sitic.pp access: 0, cert: F54CAC11D5AF77A5F10C21D536AD5D1C40B00D63A92CAB917AA84DC714D622D8 pkg: co.sitic.pp access: 0] countryIso=do profileClass=-1 mType=LOCAL_SIM areUiccApplicationsEnabled=true usageSetting=DEFAULT isOnlyNonTerrestrialNetwork=false serviceCapabilities=[1, 2, 3] transferStatus=0]]
07-18 12:28:34.607 32521 32521 D SubscriptionRepository: getSelectableSubscriptionInfoList: [[SubscriptionInfo: id=1 iccId=890102405[****] simSlotIndex=0 portIndex=0 isEmbedded=false carrierId=1467 displayName=CLARO carrierName=CLARO isOpportunistic=false groupUuid=null groupOwner= isGroupDisabled=false displayNameSource=SIM_SPN iconTint=-4716942 number= dataRoaming=0 mcc=370 mnc=02 ehplmns=[] hplmns=[37002, 37002] cardString=890102405[****] cardId=0 nativeAccessRules=null carrierConfigAccessRules=[cert: 2333F4065B9F054363CA63D1866CC168F45D641645B31131B14E173B9C922D15 pkg: co.sitic.pp access: 0, cert: 14D54C64599A3E9A3B766239B160DE3935093E0A pkg: co.sitic.pp access: 0, cert: F54CAC11D5AF77A5F10C21D536AD5D1C40B00D63A92CAB917AA84DC714D622D8 pkg: co.sitic.pp access: 0] countryIso=do profileClass=-1 mType=LOCAL_SIM areUiccApplicationsEnabled=true usageSetting=DEFAULT isOnlyNonTerrestrialNetwork=false serviceCapabilities=[1, 2, 3] transferStatus=0]]
07-18 12:28:34.607 32521 32521 D SubscriptionUtil: remove cached display name : 1
07-18 12:28:34.609 32521 32521 D SubscriptionRepository: getSelectableSubscriptionInfoList: [[SubscriptionInfo: id=1 iccId=890102405[****] simSlotIndex=0 portIndex=0 isEmbedded=false carrierId=1467 displayName=CLARO carrierName=CLARO isOpportunistic=false groupUuid=null groupOwner= isGroupDisabled=false displayNameSource=SIM_SPN iconTint=-4716942 number= dataRoaming=0 mcc=370 mnc=02 ehplmns=[] hplmns=[37002, 37002] cardString=890102405[****] cardId=0 nativeAccessRules=null carrierConfigAccessRules=[cert: 2333F4065B9F054363CA63D1866CC168F45D641645B31131B14E173B9C922D15 pkg: co.sitic.pp access: 0, cert: 14D54C64599A3E9A3B766239B160DE3935093E0A pkg: co.sitic.pp access: 0, cert: F54CAC11D5AF77A5F10C21D536AD5D1C40B00D63A92CAB917AA84DC714D622D8 pkg: co.sitic.pp access: 0] countryIso=do profileClass=-1 mType=LOCAL_SIM areUiccApplicationsEnabled=true usageSetting=DEFAULT isOnlyNonTerrestrialNetwork=false serviceCapabilities=[1, 2, 3] transferStatus=0]]
07-18 12:28:34.609 32521 32521 D SubscriptionUtil: remove cached display name : 1
07-18 12:28:34.712 31538 31585 D SDK_INIT: operation=OpenDevice result=-1 readerHash=112993363 objetoUsbReaderHash=112993363 thread=DefaultDispatcher-worker-2
07-18 12:28:34.716 31538 31538 I FINGERPRINT_METHOD_ENTRY: method=verifyFingerprint employeeId=2 managerInstance=91647614 thread=main readerConnected=true timestamp=1784392114716
07-18 12:28:34.721 31538 31538 D FINGERPRINT_VERIFY: attemptId=48 employeeId=2 usbConnected=true usbPermission=true readerOpened=false imageResult=null featureGenerationResult=null fpUpCharResult=null sdkReportedCapturedSize=0 initMatchResult=false initMatchInvoked=true capturedSize=0 capturedNonZeroBytes=0 base64LengthRead=684 storedSize=512 storedNonZeroBytes=198 matchTemplateExecuted=false result=CaptureError score=null threshold=100 decision=CAPTURE_FAILED failure=CaptureFailed uiMessage=No se pudo leer la huella. Coloque el dedo nuevamente.
07-18 12:28:34.722 31538 31538 D FINGERPRINT_RETRY: attemptId=48 state=READY_TO_RETRY waitingFingerLift=false fingerLiftDetected=null retryScheduled=true verificationJobActive=false retryJobActive=false cancelReason=null
07-18 12:28:34.865  3916  3916 I adbd    : adbd service requested 'shell,v2:wm size'
07-18 12:28:34.881  1055  1222 D ActivityManager: Skip enqueue broadcast because no receiver with Intent { act=com.android.server.action.NETWORK_STATS_UPDATED flg=0x40000010 }
07-18 12:28:35.055  3916  3916 I adbd    : adbd service requested 'shell,v2:mkdir -p /data/local/tmp/.studio; chmod 755 /data/local/tmp/.studio; chown shell:shell /data/local/tmp/.studio'
07-18 12:28:35.078  3916  3916 I adbd    : adbd service requested 'shell,v2:/data/local/tmp/.studio/process-tracker --interval 1000'
07-18 12:28:35.102  3916  3916 I adbd    : adbd service requested 'shell,v2:getprop'
07-18 12:28:35.224 31538 31538 D FINGERPRINT_RETRY: attemptId=48 state=RETRY_STARTED waitingFingerLift=false fingerLiftDetected=true retryScheduled=false verificationJobActive=false retryJobActive=true cancelReason=null
07-18 12:28:35.241 31538 31538 I FINGERPRINT_UI_TRACE: screen=EmployeePunchScreen button=AUTO_VERIFY employeeId=2 action=CLICK managerClass=com.example.controlhorario.fingerprint.external.TwoConnectFingerprintManager methodRequested=verifyFingerprint timestamp=1784392115241
07-18 12:28:35.245 31538 31538 D FINGERPRINT_VERIFY: attemptId=49 employeeId=2 stage=START usbConnected=true usbPermission=true readerOpened=false
07-18 12:28:35.250 31538 31538 D FINGERPRINT_TEMPLATE_TRACE: stage=D_AFTER_ROOM_READ employeeId=2 size=512 sha256=79bfaaa838f954afd4b1a876bff7a27f9fa62e91a612ebfa950233a8284f9ede nonZeroBytes=198
07-18 12:28:35.250 31538 31538 D FINGERPRINT_DB: employeeId=2 rowsFound=1 selectedRecordId=12 selectedUpdatedAt=2026-07-18 12:23:16 selectedSha256=79bfaaa838f954afd4b1a876bff7a27f9fa62e91a612ebfa950233a8284f9ede
07-18 12:28:35.250 31538 31538 D FINGERPRINT_VERIFY: employeeId=2 storedEmployeeId=2 biometricType=2CONNECT_USB biometricRecordId=12 updatedAt=2026-07-18 12:23:16 base64LengthRead=684 decodedBytes=512 storedSizeColumn=512
07-18 12:28:35.353  3916  3916 I adbd    : adbd service requested 'sync:'
07-18 12:28:35.364 31538 31585 D SDK_INIT: operation=OpenDevice result=-1 readerHash=112993363 objetoUsbReaderHash=112993363 thread=DefaultDispatcher-worker-2
07-18 12:28:35.367 31538 31538 I FINGERPRINT_METHOD_ENTRY: method=verifyFingerprint employeeId=2 managerInstance=91647614 thread=main readerConnected=true timestamp=1784392115367
07-18 12:28:35.373 31538 31538 D FINGERPRINT_VERIFY: attemptId=49 employeeId=2 usbConnected=true usbPermission=true readerOpened=false imageResult=null featureGenerationResult=null fpUpCharResult=null sdkReportedCapturedSize=0 initMatchResult=false initMatchInvoked=true capturedSize=0 capturedNonZeroBytes=0 base64LengthRead=684 storedSize=512 storedNonZeroBytes=198 matchTemplateExecuted=false result=CaptureError score=null threshold=100 decision=CAPTURE_FAILED failure=CaptureFailed uiMessage=No se pudo leer la huella. Coloque el dedo nuevamente.
07-18 12:28:35.373 31538 31538 D FINGERPRINT_RETRY: attemptId=49 state=READY_TO_RETRY waitingFingerLift=false fingerLiftDetected=null retryScheduled=true verificationJobActive=false retryJobActive=false cancelReason=null
07-18 12:28:35.389  3916  3916 I adbd    : adbd service requested 'shell,v2:wm size'
07-18 12:28:35.483  3916  3916 I adbd    : adbd service requested 'shell,v2:/data/local/tmp/.studio/process-tracker --interval 1000'
07-18 12:28:35.523  3916  3916 I adbd    : adbd service requested 'shell,v2:mkdir -p /data/local/tmp/.studio; chmod 755 /data/local/tmp/.studio; chown shell:shell /data/local/tmp/.studio'
07-18 12:28:35.543  3916  3916 I adbd    : adbd service requested 'shell:logcat -v long -v epoch'
07-18 12:28:35.563  3916  3916 I adbd    : adbd service requested 'shell,v2:getprop'
07-18 12:28:35.876 31538 31538 D FINGERPRINT_RETRY: attemptId=49 state=RETRY_STARTED waitingFingerLift=false fingerLiftDetected=true retryScheduled=false verificationJobActive=false retryJobActive=true cancelReason=null
07-18 12:28:35.888 31538 31538 I FINGERPRINT_UI_TRACE: screen=EmployeePunchScreen button=AUTO_VERIFY employeeId=2 action=CLICK managerClass=com.example.controlhorario.fingerprint.external.TwoConnectFingerprintManager methodRequested=verifyFingerprint timestamp=1784392115888
07-18 12:28:35.891 31538 31538 D FINGERPRINT_VERIFY: attemptId=50 employeeId=2 stage=START usbConnected=true usbPermission=true readerOpened=false
07-18 12:28:35.911 31538 31538 D FINGERPRINT_TEMPLATE_TRACE: stage=D_AFTER_ROOM_READ employeeId=2 size=512 sha256=79bfaaa838f954afd4b1a876bff7a27f9fa62e91a612ebfa950233a8284f9ede nonZeroBytes=198
07-18 12:28:35.911 31538 31538 D FINGERPRINT_DB: employeeId=2 rowsFound=1 selectedRecordId=12 selectedUpdatedAt=2026-07-18 12:23:16 selectedSha256=79bfaaa838f954afd4b1a876bff7a27f9fa62e91a612ebfa950233a8284f9ede
07-18 12:28:35.911 31538 31538 D FINGERPRINT_VERIFY: employeeId=2 storedEmployeeId=2 biometricType=2CONNECT_USB biometricRecordId=12 updatedAt=2026-07-18 12:23:16 base64LengthRead=684 decodedBytes=512 storedSizeColumn=512
07-18 12:28:35.967  3916  3916 I adbd    : adbd service requested 'sync:'
07-18 12:28:36.023 31538 31585 D SDK_INIT: operation=OpenDevice result=-1 readerHash=112993363 objetoUsbReaderHash=112993363 thread=DefaultDispatcher-worker-2
07-18 12:28:36.027 31538 31538 I FINGERPRINT_METHOD_ENTRY: method=verifyFingerprint employeeId=2 managerInstance=91647614 thread=main readerConnected=true timestamp=1784392116027
07-18 12:28:36.034 31538 31538 D FINGERPRINT_VERIFY: attemptId=50 employeeId=2 usbConnected=true usbPermission=true readerOpened=false imageResult=null featureGenerationResult=null fpUpCharResult=null sdkReportedCapturedSize=0 initMatchResult=false initMatchInvoked=true capturedSize=0 capturedNonZeroBytes=0 base64LengthRead=684 storedSize=512 storedNonZeroBytes=198 matchTemplateExecuted=false result=CaptureError score=null threshold=100 decision=CAPTURE_FAILED failure=CaptureFailed uiMessage=No se pudo leer la huella. Coloque el dedo nuevamente.
07-18 12:28:36.034 31538 31538 D FINGERPRINT_RETRY: attemptId=50 state=READY_TO_RETRY waitingFingerLift=false fingerLiftDetected=null retryScheduled=true verificationJobActive=false retryJobActive=false cancelReason=null
07-18 12:28:36.061  3916  3916 I adbd    : adbd service requested 'shell,v2:wm size'
07-18 12:28:36.235  1055  1226 D WifiStaIfaceHidlImpl: getCachedScanData is not implemented by HIDL
07-18 12:28:36.236  3916  3916 W adbd    : timeout expired while reading data after flushing socket, closing
07-18 12:28:36.245  1055  1226 I HalDevMgr: bestIfaceCreationProposal is null, requestIface=STA, existingIface=[name=wlan0 type=STA]
07-18 12:28:36.263  3916  3916 I adbd    : adbd service requested 'shell,v2:mkdir -p /data/local/tmp/.studio; chmod 755 /data/local/tmp/.studio; chown shell:shell /data/local/tmp/.studio'
07-18 12:28:36.295  3916  3916 I adbd    : adbd service requested 'shell,v2:/data/local/tmp/.studio/process-tracker --interval 1000'
07-18 12:28:36.347  3916  3916 I adbd    : adbd service requested 'shell,v2:getprop'
07-18 12:28:36.419  3916  3916 I adbd    : adbd service requested 'sync:'
07-18 12:28:36.489  3916  3916 I adbd    : adbd service requested 'shell,v2:wm size'
07-18 12:28:36.527  1055  4363 D ActivityManager: Skip enqueue broadcast because no receiver with Intent { act=android.intent.action.SIG_STR flg=0x10 (has extras) }
07-18 12:28:36.531 22839 22839 D UniResolvedNetworkType: sub 1: dataNetType Override 1
07-18 12:28:36.532 32521 32521 D SubscriptionRepository: getSelectableSubscriptionInfoList: [[SubscriptionInfo: id=1 iccId=890102405[****] simSlotIndex=0 portIndex=0 isEmbedded=false carrierId=1467 displayName=CLARO carrierName=CLARO isOpportunistic=false groupUuid=null groupOwner= isGroupDisabled=false displayNameSource=SIM_SPN iconTint=-4716942 number= dataRoaming=0 mcc=370 mnc=02 ehplmns=[] hplmns=[37002, 37002] cardString=890102405[****] cardId=0 nativeAccessRules=null carrierConfigAccessRules=[cert: 2333F4065B9F054363CA63D1866CC168F45D641645B31131B14E173B9C922D15 pkg: co.sitic.pp access: 0, cert: 14D54C64599A3E9A3B766239B160DE3935093E0A pkg: co.sitic.pp access: 0, cert: F54CAC11D5AF77A5F10C21D536AD5D1C40B00D63A92CAB917AA84DC714D622D8 pkg: co.sitic.pp access: 0] countryIso=do profileClass=-1 mType=LOCAL_SIM areUiccApplicationsEnabled=true usageSetting=DEFAULT isOnlyNonTerrestrialNetwork=false serviceCapabilities=[1, 2, 3] transferStatus=0]]
07-18 12:28:36.533 32521 32521 D SubscriptionRepository: getSelectableSubscriptionInfoList: [[SubscriptionInfo: id=1 iccId=890102405[****] simSlotIndex=0 portIndex=0 isEmbedded=false carrierId=1467 displayName=CLARO carrierName=CLARO isOpportunistic=false groupUuid=null groupOwner= isGroupDisabled=false displayNameSource=SIM_SPN iconTint=-4716942 number= dataRoaming=0 mcc=370 mnc=02 ehplmns=[] hplmns=[37002, 37002] cardString=890102405[****] cardId=0 nativeAccessRules=null carrierConfigAccessRules=[cert: 2333F4065B9F054363CA63D1866CC168F45D641645B31131B14E173B9C922D15 pkg: co.sitic.pp access: 0, cert: 14D54C64599A3E9A3B766239B160DE3935093E0A pkg: co.sitic.pp access: 0, cert: F54CAC11D5AF77A5F10C21D536AD5D1C40B00D63A92CAB917AA84DC714D622D8 pkg: co.sitic.pp access: 0] countryIso=do profileClass=-1 mType=LOCAL_SIM areUiccApplicationsEnabled=true usageSetting=DEFAULT isOnlyNonTerrestrialNetwork=false serviceCapabilities=[1, 2, 3] transferStatus=0]]
07-18 12:28:36.534 32521 32521 D SubscriptionUtil: remove cached display name : 1
07-18 12:28:36.535 32521 32521 D SubscriptionRepository: getSelectableSubscriptionInfoList: [[SubscriptionInfo: id=1 iccId=890102405[****] simSlotIndex=0 portIndex=0 isEmbedded=false carrierId=1467 displayName=CLARO carrierName=CLARO isOpportunistic=false groupUuid=null groupOwner= isGroupDisabled=false displayNameSource=SIM_SPN iconTint=-4716942 number= dataRoaming=0 mcc=370 mnc=02 ehplmns=[] hplmns=[37002, 37002] cardString=890102405[****] cardId=0 nativeAccessRules=null carrierConfigAccessRules=[cert: 2333F4065B9F054363CA63D1866CC168F45D641645B31131B14E173B9C922D15 pkg: co.sitic.pp access: 0, cert: 14D54C64599A3E9A3B766239B160DE3935093E0A pkg: co.sitic.pp access: 0, cert: F54CAC11D5AF77A5F10C21D536AD5D1C40B00D63A92CAB917AA84DC714D622D8 pkg: co.sitic.pp access: 0] countryIso=do profileClass=-1 mType=LOCAL_SIM areUiccApplicationsEnabled=true usageSetting=DEFAULT isOnlyNonTerrestrialNetwork=false serviceCapabilities=[1, 2, 3] transferStatus=0]]
07-18 12:28:36.535 32521 32521 D SubscriptionUtil: remove cached display name : 1
07-18 12:28:36.536 31538 31538 D FINGERPRINT_RETRY: attemptId=50 state=RETRY_STARTED waitingFingerLift=false fingerLiftDetected=true retryScheduled=false verificationJobActive=false retryJobActive=true cancelReason=null
07-18 12:28:36.554 31538 31538 I FINGERPRINT_UI_TRACE: screen=EmployeePunchScreen button=AUTO_VERIFY employeeId=2 action=CLICK managerClass=com.example.controlhorario.fingerprint.external.TwoConnectFingerprintManager methodRequested=verifyFingerprint timestamp=1784392116554
07-18 12:28:36.558 31538 31538 D FINGERPRINT_VERIFY: attemptId=51 employeeId=2 stage=START usbConnected=true usbPermission=true readerOpened=false
07-18 12:28:36.560 32521 32521 D SubscriptionRepository: getSelectableSubscriptionInfoList: [[SubscriptionInfo: id=1 iccId=890102405[****] simSlotIndex=0 portIndex=0 isEmbedded=false carrierId=1467 displayName=CLARO carrierName=CLARO isOpportunistic=false groupUuid=null groupOwner= isGroupDisabled=false displayNameSource=SIM_SPN iconTint=-4716942 number= dataRoaming=0 mcc=370 mnc=02 ehplmns=[] hplmns=[37002, 37002] cardString=890102405[****] cardId=0 nativeAccessRules=null carrierConfigAccessRules=[cert: 2333F4065B9F054363CA63D1866CC168F45D641645B31131B14E173B9C922D15 pkg: co.sitic.pp access: 0, cert: 14D54C64599A3E9A3B766239B160DE3935093E0A pkg: co.sitic.pp access: 0, cert: F54CAC11D5AF77A5F10C21D536AD5D1C40B00D63A92CAB917AA84DC714D622D8 pkg: co.sitic.pp access: 0] countryIso=do profileClass=-1 mType=LOCAL_SIM areUiccApplicationsEnabled=true usageSetting=DEFAULT isOnlyNonTerrestrialNetwork=false serviceCapabilities=[1, 2, 3] transferStatus=0]]
07-18 12:28:36.562 32521 32521 D SubscriptionRepository: getSelectableSubscriptionInfoList: [[SubscriptionInfo: id=1 iccId=890102405[****] simSlotIndex=0 portIndex=0 isEmbedded=false carrierId=1467 displayName=CLARO carrierName=CLARO isOpportunistic=false groupUuid=null groupOwner= isGroupDisabled=false displayNameSource=SIM_SPN iconTint=-4716942 number= dataRoaming=0 mcc=370 mnc=02 ehplmns=[] hplmns=[37002, 37002] cardString=890102405[****] cardId=0 nativeAccessRules=null carrierConfigAccessRules=[cert: 2333F4065B9F054363CA63D1866CC168F45D641645B31131B14E173B9C922D15 pkg: co.sitic.pp access: 0, cert: 14D54C64599A3E9A3B766239B160DE3935093E0A pkg: co.sitic.pp access: 0, cert: F54CAC11D5AF77A5F10C21D536AD5D1C40B00D63A92CAB917AA84DC714D622D8 pkg: co.sitic.pp access: 0] countryIso=do profileClass=-1 mType=LOCAL_SIM areUiccApplicationsEnabled=true usageSetting=DEFAULT isOnlyNonTerrestrialNetwork=false serviceCapabilities=[1, 2, 3] transferStatus=0]]
07-18 12:28:36.562 32521 32521 D SubscriptionUtil: remove cached display name : 1
07-18 12:28:36.563 32521 32521 D SubscriptionRepository: getSelectableSubscriptionInfoList: [[SubscriptionInfo: id=1 iccId=890102405[****] simSlotIndex=0 portIndex=0 isEmbedded=false carrierId=1467 displayName=CLARO carrierName=CLARO isOpportunistic=false groupUuid=null groupOwner= isGroupDisabled=false displayNameSource=SIM_SPN iconTint=-4716942 number= dataRoaming=0 mcc=370 mnc=02 ehplmns=[] hplmns=[37002, 37002] cardString=890102405[****] cardId=0 nativeAccessRules=null carrierConfigAccessRules=[cert: 2333F4065B9F054363CA63D1866CC168F45D641645B31131B14E173B9C922D15 pkg: co.sitic.pp access: 0, cert: 14D54C64599A3E9A3B766239B160DE3935093E0A pkg: co.sitic.pp access: 0, cert: F54CAC11D5AF77A5F10C21D536AD5D1C40B00D63A92CAB917AA84DC714D622D8 pkg: co.sitic.pp access: 0] countryIso=do profileClass=-1 mType=LOCAL_SIM areUiccApplicationsEnabled=true usageSetting=DEFAULT isOnlyNonTerrestrialNetwork=false serviceCapabilities=[1, 2, 3] transferStatus=0]]
07-18 12:28:36.563 32521 32521 D SubscriptionUtil: remove cached display name : 1
07-18 12:28:36.575 31538 31538 D FINGERPRINT_TEMPLATE_TRACE: stage=D_AFTER_ROOM_READ employeeId=2 size=512 sha256=79bfaaa838f954afd4b1a876bff7a27f9fa62e91a612ebfa950233a8284f9ede nonZeroBytes=198
07-18 12:28:36.575 31538 31538 D FINGERPRINT_DB: employeeId=2 rowsFound=1 selectedRecordId=12 selectedUpdatedAt=2026-07-18 12:23:16 selectedSha256=79bfaaa838f954afd4b1a876bff7a27f9fa62e91a612ebfa950233a8284f9ede
07-18 12:28:36.575 31538 31538 D FINGERPRINT_VERIFY: employeeId=2 storedEmployeeId=2 biometricType=2CONNECT_USB biometricRecordId=12 updatedAt=2026-07-18 12:23:16 base64LengthRead=684 decodedBytes=512 storedSizeColumn=512
07-18 12:28:36.588 32521 32521 D SubscriptionRepository: getSelectableSubscriptionInfoList: [[SubscriptionInfo: id=1 iccId=890102405[****] simSlotIndex=0 portIndex=0 isEmbedded=false carrierId=1467 displayName=CLARO carrierName=CLARO isOpportunistic=false groupUuid=null groupOwner= isGroupDisabled=false displayNameSource=SIM_SPN iconTint=-4716942 number= dataRoaming=0 mcc=370 mnc=02 ehplmns=[] hplmns=[37002, 37002] cardString=890102405[****] cardId=0 nativeAccessRules=null carrierConfigAccessRules=[cert: 2333F4065B9F054363CA63D1866CC168F45D641645B31131B14E173B9C922D15 pkg: co.sitic.pp access: 0, cert: 14D54C64599A3E9A3B766239B160DE3935093E0A pkg: co.sitic.pp access: 0, cert: F54CAC11D5AF77A5F10C21D536AD5D1C40B00D63A92CAB917AA84DC714D622D8 pkg: co.sitic.pp access: 0] countryIso=do profileClass=-1 mType=LOCAL_SIM areUiccApplicationsEnabled=true usageSetting=DEFAULT isOnlyNonTerrestrialNetwork=false serviceCapabilities=[1, 2, 3] transferStatus=0]]
07-18 12:28:36.589 32521 32521 D SubscriptionRepository: getSelectableSubscriptionInfoList: [[SubscriptionInfo: id=1 iccId=890102405[****] simSlotIndex=0 portIndex=0 isEmbedded=false carrierId=1467 displayName=CLARO carrierName=CLARO isOpportunistic=false groupUuid=null groupOwner= isGroupDisabled=false displayNameSource=SIM_SPN iconTint=-4716942 number= dataRoaming=0 mcc=370 mnc=02 ehplmns=[] hplmns=[37002, 37002] cardString=890102405[****] cardId=0 nativeAccessRules=null carrierConfigAccessRules=[cert: 2333F4065B9F054363CA63D1866CC168F45D641645B31131B14E173B9C922D15 pkg: co.sitic.pp access: 0, cert: 14D54C64599A3E9A3B766239B160DE3935093E0A pkg: co.sitic.pp access: 0, cert: F54CAC11D5AF77A5F10C21D536AD5D1C40B00D63A92CAB917AA84DC714D622D8 pkg: co.sitic.pp access: 0] countryIso=do profileClass=-1 mType=LOCAL_SIM areUiccApplicationsEnabled=true usageSetting=DEFAULT isOnlyNonTerrestrialNetwork=false serviceCapabilities=[1, 2, 3] transferStatus=0]]
07-18 12:28:36.589 32521 32521 D SubscriptionUtil: remove cached display name : 1
07-18 12:28:36.591 32521 32521 D SubscriptionRepository: getSelectableSubscriptionInfoList: [[SubscriptionInfo: id=1 iccId=890102405[****] simSlotIndex=0 portIndex=0 isEmbedded=false carrierId=1467 displayName=CLARO carrierName=CLARO isOpportunistic=false groupUuid=null groupOwner= isGroupDisabled=false displayNameSource=SIM_SPN iconTint=-4716942 number= dataRoaming=0 mcc=370 mnc=02 ehplmns=[] hplmns=[37002, 37002] cardString=890102405[****] cardId=0 nativeAccessRules=null carrierConfigAccessRules=[cert: 2333F4065B9F054363CA63D1866CC168F45D641645B31131B14E173B9C922D15 pkg: co.sitic.pp access: 0, cert: 14D54C64599A3E9A3B766239B160DE3935093E0A pkg: co.sitic.pp access: 0, cert: F54CAC11D5AF77A5F10C21D536AD5D1C40B00D63A92CAB917AA84DC714D622D8 pkg: co.sitic.pp access: 0] countryIso=do profileClass=-1 mType=LOCAL_SIM areUiccApplicationsEnabled=true usageSetting=DEFAULT isOnlyNonTerrestrialNetwork=false serviceCapabilities=[1, 2, 3] transferStatus=0]]
07-18 12:28:36.591 32521 32521 D SubscriptionUtil: remove cached display name : 1
07-18 12:28:36.644  3916  3916 I adbd    : adbd service requested 'shell,v2:mkdir -p /data/local/tmp/.studio; chmod 755 /data/local/tmp/.studio; chown shell:shell /data/local/tmp/.studio'
07-18 12:28:36.668  3916  3916 I adbd    : adbd service requested 'shell,v2:/data/local/tmp/.studio/process-tracker --interval 1000'
07-18 12:28:36.689  3916  3916 I adbd    : adbd service requested 'shell:logcat -v long -v epoch'
07-18 12:28:36.788  3916  3916 I adbd    : adbd service requested 'shell,v2:getprop'
07-18 12:28:36.811  3916  3916 I adbd    : adbd service requested 'sync:'
07-18 12:28:36.969 31538 31585 D SDK_INIT: operation=OpenDevice result=-1 readerHash=112993363 objetoUsbReaderHash=112993363 thread=DefaultDispatcher-worker-2
07-18 12:28:36.973 31538 31538 I FINGERPRINT_METHOD_ENTRY: method=verifyFingerprint employeeId=2 managerInstance=91647614 thread=main readerConnected=true timestamp=1784392116972
07-18 12:28:36.980 31538 31538 D FINGERPRINT_VERIFY: attemptId=51 employeeId=2 usbConnected=true usbPermission=true readerOpened=false imageResult=null featureGenerationResult=null fpUpCharResult=null sdkReportedCapturedSize=0 initMatchResult=false initMatchInvoked=true capturedSize=0 capturedNonZeroBytes=0 base64LengthRead=684 storedSize=512 storedNonZeroBytes=198 matchTemplateExecuted=false result=CaptureError score=null threshold=100 decision=CAPTURE_FAILED failure=CaptureFailed uiMessage=No se pudo leer la huella. Coloque el dedo nuevamente.
07-18 12:28:36.980 31538 31538 D FINGERPRINT_RETRY: attemptId=51 state=READY_TO_RETRY waitingFingerLift=false fingerLiftDetected=null retryScheduled=true verificationJobActive=false retryJobActive=false cancelReason=null
07-18 12:28:37.178  3916  3916 I adbd    : adbd service requested 'shell,v2:wm size'
07-18 12:28:37.240  3916  3916 I adbd    : adbd service requested 'shell,v2:/data/local/tmp/.studio/process-tracker --interval 1000'
07-18 12:28:37.259  3916  3916 W adbd    : timeout expired while reading data after flushing socket, closing
07-18 12:28:37.304  3916  3916 I adbd    : adbd service requested 'shell,v2:mkdir -p /data/local/tmp/.studio; chmod 755 /data/local/tmp/.studio; chown shell:shell /data/local/tmp/.studio'
07-18 12:28:37.342  3916  3916 I adbd    : adbd service requested 'shell,v2:getprop'
07-18 12:28:37.392  3916  3916 I adbd    : adbd service requested 'shell,v2:/data/local/tmp/.studio/process-tracker --interval 1000'
07-18 12:28:37.426  1055  1222 D ActivityManager: Skip enqueue broadcast because no receiver with Intent { act=com.android.server.action.NETWORK_STATS_UPDATED flg=0x40000010 }
07-18 12:28:37.470  3916  3916 I adbd    : adbd service requested 'sync:'
07-18 12:28:37.471  3916  3916 I adbd    : adbd service requested 'shell,v2:wm size'
07-18 12:28:37.482 31538 31538 D FINGERPRINT_RETRY: attemptId=51 state=RETRY_STARTED waitingFingerLift=false fingerLiftDetected=true retryScheduled=false verificationJobActive=false retryJobActive=true cancelReason=null
07-18 12:28:37.499 31538 31538 I FINGERPRINT_UI_TRACE: screen=EmployeePunchScreen button=AUTO_VERIFY employeeId=2 action=CLICK managerClass=com.example.controlhorario.fingerprint.external.TwoConnectFingerprintManager methodRequested=verifyFingerprint timestamp=1784392117499
07-18 12:28:37.503 31538 31538 D FINGERPRINT_VERIFY: attemptId=52 employeeId=2 stage=START usbConnected=true usbPermission=true readerOpened=false
07-18 12:28:37.508 31538 31538 D FINGERPRINT_TEMPLATE_TRACE: stage=D_AFTER_ROOM_READ employeeId=2 size=512 sha256=79bfaaa838f954afd4b1a876bff7a27f9fa62e91a612ebfa950233a8284f9ede nonZeroBytes=198
07-18 12:28:37.508 31538 31538 D FINGERPRINT_DB: employeeId=2 rowsFound=1 selectedRecordId=12 selectedUpdatedAt=2026-07-18 12:23:16 selectedSha256=79bfaaa838f954afd4b1a876bff7a27f9fa62e91a612ebfa950233a8284f9ede
07-18 12:28:37.508 31538 31538 D FINGERPRINT_VERIFY: employeeId=2 storedEmployeeId=2 biometricType=2CONNECT_USB biometricRecordId=12 updatedAt=2026-07-18 12:23:16 base64LengthRead=684 decodedBytes=512 storedSizeColumn=512
07-18 12:28:37.579  3916  3916 I adbd    : adbd service requested 'shell,v2:mkdir -p /data/local/tmp/.studio; chmod 755 /data/local/tmp/.studio; chown shell:shell /data/local/tmp/.studio'
07-18 12:28:37.602  3916  3916 I adbd    : adbd service requested 'shell,v2:getprop'
07-18 12:28:37.619 31538 31585 D SDK_INIT: operation=OpenDevice result=-1 readerHash=112993363 objetoUsbReaderHash=112993363 thread=DefaultDispatcher-worker-2
07-18 12:28:37.621  3916  3916 I adbd    : adbd service requested 'shell:logcat -v long -v epoch'
07-18 12:28:37.622 31538 31538 I FINGERPRINT_METHOD_ENTRY: method=verifyFingerprint employeeId=2 managerInstance=91647614 thread=main readerConnected=true timestamp=1784392117622
07-18 12:28:37.629 31538 31538 D FINGERPRINT_VERIFY: attemptId=52 employeeId=2 usbConnected=true usbPermission=true readerOpened=false imageResult=null featureGenerationResult=null fpUpCharResult=null sdkReportedCapturedSize=0 initMatchResult=false initMatchInvoked=true capturedSize=0 capturedNonZeroBytes=0 base64LengthRead=684 storedSize=512 storedNonZeroBytes=198 matchTemplateExecuted=false result=CaptureError score=null threshold=100 decision=CAPTURE_FAILED failure=CaptureFailed uiMessage=No se pudo leer la huella. Coloque el dedo nuevamente.
07-18 12:28:37.629 31538 31538 D FINGERPRINT_RETRY: attemptId=52 state=READY_TO_RETRY waitingFingerLift=false fingerLiftDetected=null retryScheduled=true verificationJobActive=false retryJobActive=false cancelReason=null
07-18 12:28:37.776  3916  3916 I adbd    : adbd service requested 'shell,v2:wm size'
07-18 12:28:37.805  3916  3916 I adbd    : adbd service requested 'sync:'
07-18 12:28:37.950  3916  3916 I adbd    : adbd service requested 'shell,v2:getprop'
07-18 12:28:37.975  3916  3916 I adbd    : adbd service requested 'shell,v2:mkdir -p /data/local/tmp/.studio; chmod 755 /data/local/tmp/.studio; chown shell:shell /data/local/tmp/.studio'
07-18 12:28:38.018  3916  3916 I adbd    : adbd service requested 'shell,v2:/data/local/tmp/.studio/process-tracker --interval 1000'
07-18 12:28:38.123  3916  3916 I adbd    : adbd service requested 'sync:'
07-18 12:28:38.131 31538 31538 D FINGERPRINT_RETRY: attemptId=52 state=RETRY_STARTED waitingFingerLift=false fingerLiftDetected=true retryScheduled=false verificationJobActive=false retryJobActive=true cancelReason=null
07-18 12:28:38.147 31538 31538 I FINGERPRINT_UI_TRACE: screen=EmployeePunchScreen button=AUTO_VERIFY employeeId=2 action=CLICK managerClass=com.example.controlhorario.fingerprint.external.TwoConnectFingerprintManager methodRequested=verifyFingerprint timestamp=1784392118147
07-18 12:28:38.151 31538 31538 D FINGERPRINT_VERIFY: attemptId=53 employeeId=2 stage=START usbConnected=true usbPermission=true readerOpened=false
07-18 12:28:38.167 31538 31538 D FINGERPRINT_TEMPLATE_TRACE: stage=D_AFTER_ROOM_READ employeeId=2 size=512 sha256=79bfaaa838f954afd4b1a876bff7a27f9fa62e91a612ebfa950233a8284f9ede nonZeroBytes=198
07-18 12:28:38.167 31538 31538 D FINGERPRINT_DB: employeeId=2 rowsFound=1 selectedRecordId=12 selectedUpdatedAt=2026-07-18 12:23:16 selectedSha256=79bfaaa838f954afd4b1a876bff7a27f9fa62e91a612ebfa950233a8284f9ede
07-18 12:28:38.167 31538 31538 D FINGERPRINT_VERIFY: employeeId=2 storedEmployeeId=2 biometricType=2CONNECT_USB biometricRecordId=12 updatedAt=2026-07-18 12:23:16 base64LengthRead=684 decodedBytes=512 storedSizeColumn=512
07-18 12:28:38.225  3916  3916 I adbd    : adbd service requested 'shell,v2:wm size'
07-18 12:28:38.278 31538 31585 D SDK_INIT: operation=OpenDevice result=-1 readerHash=112993363 objetoUsbReaderHash=112993363 thread=DefaultDispatcher-worker-2
07-18 12:28:38.282 31538 31538 I FINGERPRINT_METHOD_ENTRY: method=verifyFingerprint employeeId=2 managerInstance=91647614 thread=main readerConnected=true timestamp=1784392118282
