07-18 12:29:06.167 22839 22839 D ZenModeController: Added callback class com.android.systemui.qs.tiles.DndTile$3
07-18 12:29:06.168 22839 22839 D WifiSignalController: connected : true, level : 4, isDefault : true, inetCondition : 1, statusLabel : null
07-18 12:29:06.181 22839 22839 D ZenModeController: Removed callback class com.android.systemui.qs.tiles.DndTile$3
07-18 12:29:06.188 22839 22906 D ControlsListingControllerImpl: Subscribing callback, service count: 0
07-18 12:29:06.191  1055  1222 D ActivityManager: Skip enqueue broadcast because no receiver with Intent { act=com.android.server.action.NETWORK_STATS_UPDATED flg=0x40000010 }
07-18 12:29:06.192 22839 22906 D ControlsListingControllerImpl: Unsubscribing callback
07-18 12:29:06.219  3916  3916 I adbd    : adbd service requested 'sync:'
07-18 12:29:06.272  3916  3916 I adbd    : adbd service requested 'shell,v2:wm size'
07-18 12:29:06.336  3916  3916 I adbd    : adbd service requested 'shell,v2:/data/local/tmp/.studio/process-tracker --interval 1000'
07-18 12:29:06.380  3916  3916 I adbd    : adbd service requested 'shell,v2:mkdir -p /data/local/tmp/.studio; chmod 755 /data/local/tmp/.studio; chown shell:shell /data/local/tmp/.studio'
07-18 12:29:06.405  3916  3916 I adbd    : adbd service requested 'shell,v2:getprop'
07-18 12:29:06.433  1055  1226 D WifiStaIfaceHidlImpl: getCachedScanData is not implemented by HIDL
07-18 12:29:06.438 29843 29843 W JobService: onNetworkChanged() not implemented in androidx.work.impl.background.systemjob.SystemJobService. Must override in a subclass.
07-18 12:29:06.439  1541  2237 D [N3AM]PhoneStateMonitor: onCapabilitiesChanged network: 643
07-18 12:29:06.441  1055  1271 D NetworkSelfRecovery: doWifiRecovery: start doMtuBlackHoleRecovery
07-18 12:29:06.441  1756  1808 I BugleRcsEngine: handleMessage processing message:[NOTIFY_UPTIME_IGNORE_STATE_CHANGED] with [non-null]:RcsEngineImpl reference [CONTEXT log_prefix="RcsEngineImpl[DUAL_REG]:[9390a1f8-4903]>Handler" thread_id=1890 ]
07-18 12:29:06.442  1756  1804 I BugleRcsEngine: Connected state: [1], networkType: [WIFI] [CONTEXT thread_id=1886 ]
07-18 12:29:06.444 12607 12655 D WM-WorkConstraintsTrack: NetworkRequestConstraintController onCapabilitiesChanged callback
07-18 12:29:06.446 29843 29939 D WM-NetworkStateTracker: Network capabilities changed: [ Transports: WIFI Capabilities: NOT_METERED&INTERNET&NOT_RESTRICTED&TRUSTED&NOT_VPN&VALIDATED&NOT_ROAMING&FOREGROUND&NOT_CONGESTED&NOT_SUSPENDED&NOT_VCN_MANAGED&NOT_BANDWIDTH_CONSTRAINED LinkUpBandwidth>=12051Kbps LinkDnBandwidth>=16829Kbps TransportInfo: <SSID: <unknown ssid>, BSSID: 02:00:00:00:00:00, MAC: 02:00:00:00:00:00, IP: /192.168.1.171, Security type: 2, Supplicant state: COMPLETED, Wi-Fi standard: 11n, RSSI: -62, Link speed: 39Mbps, Tx Link speed: 39Mbps, Max Supported Tx Link speed: 72Mbps, Calculated Tx : 24Mbps, Rx Link speed: 39Mbps, Max Supported Rx Link speed: 72Mbps, Calculated Rx : 35Mbps, Frequency: 2412MHz, Net ID: -1, Metered hint: false, score: 100, isUsable: true, CarrierMerged: false, SubscriptionId: -1, IsPrimary: -1, Trusted: true, Restricted: false, Ephemeral: false, OEM paid: false, OEM private: false, OSU AP: false, FQDN: <none>, Provider friendly name: <none>, Requesting package name: <none><none>MLO Information: , Is TID-To-Link negotiation supported by the AP: false, AP MLD Address: <none>, AP MLO Link Id: <none>, AP MLO Affiliated links: <none>, Vendor Data: <none>> SignalStrength: -62 UnderlyingNetworks: Null]
07-18 12:29:06.451 22839 22906 D WifiSignalController: connected : true, level : 4, isDefault : true, inetCondition : 1, statusLabel : null
07-18 12:29:06.454  1055  1271 D NetworkSelfRecovery: doMtuBlackHoleRecovery: current mtu 1500
07-18 12:29:06.454  1055  1271 D NetworkSelfRecovery: doMtuBlackHoleRecovery: mtu is max, skip
07-18 12:29:06.459  1055  1226 I HalDevMgr: bestIfaceCreationProposal is null, requestIface=STA, existingIface=[name=wlan0 type=STA]
07-18 12:29:06.459 25700 25731 I NullBinder: NullBinder for android.net.action.RECOMMEND_NETWORKS triggering remote TransactionTooLargeException due to Service without Chimera impl, calling uid: 1000, calling pid: 0
07-18 12:29:06.459  1055  1244 D ConnectivityService: NetReassign [no changes] [c 1] [a 2] [i 1]
07-18 12:29:06.459 25700 25731 W .gms.persistent: Large reply transaction of 1056768 bytes, interface descriptor , code 1
07-18 12:29:06.460 25700  8570 I NearbyMediums: Wifi changed new SSID: "ANEUDY 2"
07-18 12:29:06.460 25700  8570 I NearbyMediums: WifiLanConnectivityInfo is not changed, skip notify.
07-18 12:29:06.465  1055  2943 D ActivityManager: Skip enqueue broadcast because no receiver with Intent { act=android.intent.action.SIG_STR flg=0x10 (has extras) }
07-18 12:29:06.467 22839 22839 D UniResolvedNetworkType: sub 1: dataNetType Override 1
07-18 12:29:06.468 32521 32521 D SubscriptionRepository: getSelectableSubscriptionInfoList: [[SubscriptionInfo: id=1 iccId=890102405[****] simSlotIndex=0 portIndex=0 isEmbedded=false carrierId=1467 displayName=CLARO carrierName=CLARO isOpportunistic=false groupUuid=null groupOwner= isGroupDisabled=false displayNameSource=SIM_SPN iconTint=-4716942 number= dataRoaming=0 mcc=370 mnc=02 ehplmns=[] hplmns=[37002, 37002] cardString=890102405[****] cardId=0 nativeAccessRules=null carrierConfigAccessRules=[cert: 2333F4065B9F054363CA63D1866CC168F45D641645B31131B14E173B9C922D15 pkg: co.sitic.pp access: 0, cert: 14D54C64599A3E9A3B766239B160DE3935093E0A pkg: co.sitic.pp access: 0, cert: F54CAC11D5AF77A5F10C21D536AD5D1C40B00D63A92CAB917AA84DC714D622D8 pkg: co.sitic.pp access: 0] countryIso=do profileClass=-1 mType=LOCAL_SIM areUiccApplicationsEnabled=true usageSetting=DEFAULT isOnlyNonTerrestrialNetwork=false serviceCapabilities=[1, 2, 3] transferStatus=0]]
07-18 12:29:06.469 32521 32521 D SubscriptionRepository: getSelectableSubscriptionInfoList: [[SubscriptionInfo: id=1 iccId=890102405[****] simSlotIndex=0 portIndex=0 isEmbedded=false carrierId=1467 displayName=CLARO carrierName=CLARO isOpportunistic=false groupUuid=null groupOwner= isGroupDisabled=false displayNameSource=SIM_SPN iconTint=-4716942 number= dataRoaming=0 mcc=370 mnc=02 ehplmns=[] hplmns=[37002, 37002] cardString=890102405[****] cardId=0 nativeAccessRules=null carrierConfigAccessRules=[cert: 2333F4065B9F054363CA63D1866CC168F45D641645B31131B14E173B9C922D15 pkg: co.sitic.pp access: 0, cert: 14D54C64599A3E9A3B766239B160DE3935093E0A pkg: co.sitic.pp access: 0, cert: F54CAC11D5AF77A5F10C21D536AD5D1C40B00D63A92CAB917AA84DC714D622D8 pkg: co.sitic.pp access: 0] countryIso=do profileClass=-1 mType=LOCAL_SIM areUiccApplicationsEnabled=true usageSetting=DEFAULT isOnlyNonTerrestrialNetwork=false serviceCapabilities=[1, 2, 3] transferStatus=0]]
07-18 12:29:06.470 32521 32521 D SubscriptionUtil: remove cached display name : 1
07-18 12:29:06.471 32521 32521 D SubscriptionRepository: getSelectableSubscriptionInfoList: [[SubscriptionInfo: id=1 iccId=890102405[****] simSlotIndex=0 portIndex=0 isEmbedded=false carrierId=1467 displayName=CLARO carrierName=CLARO isOpportunistic=false groupUuid=null groupOwner= isGroupDisabled=false displayNameSource=SIM_SPN iconTint=-4716942 number= dataRoaming=0 mcc=370 mnc=02 ehplmns=[] hplmns=[37002, 37002] cardString=890102405[****] cardId=0 nativeAccessRules=null carrierConfigAccessRules=[cert: 2333F4065B9F054363CA63D1866CC168F45D641645B31131B14E173B9C922D15 pkg: co.sitic.pp access: 0, cert: 14D54C64599A3E9A3B766239B160DE3935093E0A pkg: co.sitic.pp access: 0, cert: F54CAC11D5AF77A5F10C21D536AD5D1C40B00D63A92CAB917AA84DC714D622D8 pkg: co.sitic.pp access: 0] countryIso=do profileClass=-1 mType=LOCAL_SIM areUiccApplicationsEnabled=true usageSetting=DEFAULT isOnlyNonTerrestrialNetwork=false serviceCapabilities=[1, 2, 3] transferStatus=0]]
07-18 12:29:06.471 32521 32521 D SubscriptionUtil: remove cached display name : 1
07-18 12:29:06.493 32521 32521 D SubscriptionRepository: getSelectableSubscriptionInfoList: [[SubscriptionInfo: id=1 iccId=890102405[****] simSlotIndex=0 portIndex=0 isEmbedded=false carrierId=1467 displayName=CLARO carrierName=CLARO isOpportunistic=false groupUuid=null groupOwner= isGroupDisabled=false displayNameSource=SIM_SPN iconTint=-4716942 number= dataRoaming=0 mcc=370 mnc=02 ehplmns=[] hplmns=[37002, 37002] cardString=890102405[****] cardId=0 nativeAccessRules=null carrierConfigAccessRules=[cert: 2333F4065B9F054363CA63D1866CC168F45D641645B31131B14E173B9C922D15 pkg: co.sitic.pp access: 0, cert: 14D54C64599A3E9A3B766239B160DE3935093E0A pkg: co.sitic.pp access: 0, cert: F54CAC11D5AF77A5F10C21D536AD5D1C40B00D63A92CAB917AA84DC714D622D8 pkg: co.sitic.pp access: 0] countryIso=do profileClass=-1 mType=LOCAL_SIM areUiccApplicationsEnabled=true usageSetting=DEFAULT isOnlyNonTerrestrialNetwork=false serviceCapabilities=[1, 2, 3] transferStatus=0]]
07-18 12:29:06.494 32521 32521 D SubscriptionRepository: getSelectableSubscriptionInfoList: [[SubscriptionInfo: id=1 iccId=890102405[****] simSlotIndex=0 portIndex=0 isEmbedded=false carrierId=1467 displayName=CLARO carrierName=CLARO isOpportunistic=false groupUuid=null groupOwner= isGroupDisabled=false displayNameSource=SIM_SPN iconTint=-4716942 number= dataRoaming=0 mcc=370 mnc=02 ehplmns=[] hplmns=[37002, 37002] cardString=890102405[****] cardId=0 nativeAccessRules=null carrierConfigAccessRules=[cert: 2333F4065B9F054363CA63D1866CC168F45D641645B31131B14E173B9C922D15 pkg: co.sitic.pp access: 0, cert: 14D54C64599A3E9A3B766239B160DE3935093E0A pkg: co.sitic.pp access: 0, cert: F54CAC11D5AF77A5F10C21D536AD5D1C40B00D63A92CAB917AA84DC714D622D8 pkg: co.sitic.pp access: 0] countryIso=do profileClass=-1 mType=LOCAL_SIM areUiccApplicationsEnabled=true usageSetting=DEFAULT isOnlyNonTerrestrialNetwork=false serviceCapabilities=[1, 2, 3] transferStatus=0]]
07-18 12:29:06.494 32521 32521 D SubscriptionUtil: remove cached display name : 1
07-18 12:29:06.495 32521 32521 D SubscriptionRepository: getSelectableSubscriptionInfoList: [[SubscriptionInfo: id=1 iccId=890102405[****] simSlotIndex=0 portIndex=0 isEmbedded=false carrierId=1467 displayName=CLARO carrierName=CLARO isOpportunistic=false groupUuid=null groupOwner= isGroupDisabled=false displayNameSource=SIM_SPN iconTint=-4716942 number= dataRoaming=0 mcc=370 mnc=02 ehplmns=[] hplmns=[37002, 37002] cardString=890102405[****] cardId=0 nativeAccessRules=null carrierConfigAccessRules=[cert: 2333F4065B9F054363CA63D1866CC168F45D641645B31131B14E173B9C922D15 pkg: co.sitic.pp access: 0, cert: 14D54C64599A3E9A3B766239B160DE3935093E0A pkg: co.sitic.pp access: 0, cert: F54CAC11D5AF77A5F10C21D536AD5D1C40B00D63A92CAB917AA84DC714D622D8 pkg: co.sitic.pp access: 0] countryIso=do profileClass=-1 mType=LOCAL_SIM areUiccApplicationsEnabled=true usageSetting=DEFAULT isOnlyNonTerrestrialNetwork=false serviceCapabilities=[1, 2, 3] transferStatus=0]]
07-18 12:29:06.495 32521 32521 D SubscriptionUtil: remove cached display name : 1
07-18 12:29:06.517 32521 32521 D SubscriptionRepository: getSelectableSubscriptionInfoList: [[SubscriptionInfo: id=1 iccId=890102405[****] simSlotIndex=0 portIndex=0 isEmbedded=false carrierId=1467 displayName=CLARO carrierName=CLARO isOpportunistic=false groupUuid=null groupOwner= isGroupDisabled=false displayNameSource=SIM_SPN iconTint=-4716942 number= dataRoaming=0 mcc=370 mnc=02 ehplmns=[] hplmns=[37002, 37002] cardString=890102405[****] cardId=0 nativeAccessRules=null carrierConfigAccessRules=[cert: 2333F4065B9F054363CA63D1866CC168F45D641645B31131B14E173B9C922D15 pkg: co.sitic.pp access: 0, cert: 14D54C64599A3E9A3B766239B160DE3935093E0A pkg: co.sitic.pp access: 0, cert: F54CAC11D5AF77A5F10C21D536AD5D1C40B00D63A92CAB917AA84DC714D622D8 pkg: co.sitic.pp access: 0] countryIso=do profileClass=-1 mType=LOCAL_SIM areUiccApplicationsEnabled=true usageSetting=DEFAULT isOnlyNonTerrestrialNetwork=false serviceCapabilities=[1, 2, 3] transferStatus=0]]
07-18 12:29:06.518 32521 32521 D SubscriptionRepository: getSelectableSubscriptionInfoList: [[SubscriptionInfo: id=1 iccId=890102405[****] simSlotIndex=0 portIndex=0 isEmbedded=false carrierId=1467 displayName=CLARO carrierName=CLARO isOpportunistic=false groupUuid=null groupOwner= isGroupDisabled=false displayNameSource=SIM_SPN iconTint=-4716942 number= dataRoaming=0 mcc=370 mnc=02 ehplmns=[] hplmns=[37002, 37002] cardString=890102405[****] cardId=0 nativeAccessRules=null carrierConfigAccessRules=[cert: 2333F4065B9F054363CA63D1866CC168F45D641645B31131B14E173B9C922D15 pkg: co.sitic.pp access: 0, cert: 14D54C64599A3E9A3B766239B160DE3935093E0A pkg: co.sitic.pp access: 0, cert: F54CAC11D5AF77A5F10C21D536AD5D1C40B00D63A92CAB917AA84DC714D622D8 pkg: co.sitic.pp access: 0] countryIso=do profileClass=-1 mType=LOCAL_SIM areUiccApplicationsEnabled=true usageSetting=DEFAULT isOnlyNonTerrestrialNetwork=false serviceCapabilities=[1, 2, 3] transferStatus=0]]
07-18 12:29:06.518 32521 32521 D SubscriptionUtil: remove cached display name : 1
07-18 12:29:06.519 32521 32521 D SubscriptionRepository: getSelectableSubscriptionInfoList: [[SubscriptionInfo: id=1 iccId=890102405[****] simSlotIndex=0 portIndex=0 isEmbedded=false carrierId=1467 displayName=CLARO carrierName=CLARO isOpportunistic=false groupUuid=null groupOwner= isGroupDisabled=false displayNameSource=SIM_SPN iconTint=-4716942 number= dataRoaming=0 mcc=370 mnc=02 ehplmns=[] hplmns=[37002, 37002] cardString=890102405[****] cardId=0 nativeAccessRules=null carrierConfigAccessRules=[cert: 2333F4065B9F054363CA63D1866CC168F45D641645B31131B14E173B9C922D15 pkg: co.sitic.pp access: 0, cert: 14D54C64599A3E9A3B766239B160DE3935093E0A pkg: co.sitic.pp access: 0, cert: F54CAC11D5AF77A5F10C21D536AD5D1C40B00D63A92CAB917AA84DC714D622D8 pkg: co.sitic.pp access: 0] countryIso=do profileClass=-1 mType=LOCAL_SIM areUiccApplicationsEnabled=true usageSetting=DEFAULT isOnlyNonTerrestrialNetwork=false serviceCapabilities=[1, 2, 3] transferStatus=0]]
07-18 12:29:06.519 32521 32521 D SubscriptionUtil: remove cached display name : 1
07-18 12:29:06.591  3916  3916 I adbd    : adbd service requested 'sync:'
07-18 12:29:06.609  3916  3916 I adbd    : adbd service requested 'shell,v2:wm size'
07-18 12:29:06.615 31538 31538 D FINGERPRINT_RETRY: attemptId=92 state=RETRY_STARTED waitingFingerLift=false fingerLiftDetected=true retryScheduled=false verificationJobActive=false retryJobActive=true cancelReason=null
07-18 12:29:06.630 31538 31538 I FINGERPRINT_UI_TRACE: screen=EmployeePunchScreen button=AUTO_VERIFY employeeId=2 action=CLICK managerClass=com.example.controlhorario.fingerprint.external.TwoConnectFingerprintManager methodRequested=verifyFingerprint timestamp=1784392146630
07-18 12:29:06.634 31538 31538 D FINGERPRINT_VERIFY: attemptId=93 employeeId=2 stage=START usbConnected=true usbPermission=true readerOpened=false
07-18 12:29:06.639 31538 31538 D FINGERPRINT_TEMPLATE_TRACE: stage=D_AFTER_ROOM_READ employeeId=2 size=512 sha256=79bfaaa838f954afd4b1a876bff7a27f9fa62e91a612ebfa950233a8284f9ede nonZeroBytes=198
07-18 12:29:06.639 31538 31538 D FINGERPRINT_DB: employeeId=2 rowsFound=1 selectedRecordId=12 selectedUpdatedAt=2026-07-18 12:23:16 selectedSha256=79bfaaa838f954afd4b1a876bff7a27f9fa62e91a612ebfa950233a8284f9ede
07-18 12:29:06.639 31538 31538 D FINGERPRINT_VERIFY: employeeId=2 storedEmployeeId=2 biometricType=2CONNECT_USB biometricRecordId=12 updatedAt=2026-07-18 12:23:16 base64LengthRead=684 decodedBytes=512 storedSizeColumn=512
07-18 12:29:06.749  3916  3916 I adbd    : adbd service requested 'shell,v2:/data/local/tmp/.studio/process-tracker --interval 1000'
07-18 12:29:06.750 31538 31585 D SDK_INIT: operation=OpenDevice result=-1 readerHash=112993363 objetoUsbReaderHash=112993363 thread=DefaultDispatcher-worker-2
07-18 12:29:06.753 31538 31538 I FINGERPRINT_METHOD_ENTRY: method=verifyFingerprint employeeId=2 managerInstance=91647614 thread=main readerConnected=true timestamp=1784392146753
07-18 12:29:06.759 31538 31538 D FINGERPRINT_VERIFY: attemptId=93 employeeId=2 usbConnected=true usbPermission=true readerOpened=false imageResult=null featureGenerationResult=null fpUpCharResult=null sdkReportedCapturedSize=0 initMatchResult=false initMatchInvoked=true capturedSize=0 capturedNonZeroBytes=0 base64LengthRead=684 storedSize=512 storedNonZeroBytes=198 matchTemplateExecuted=false result=CaptureError score=null threshold=100 decision=CAPTURE_FAILED failure=CaptureFailed uiMessage=No se pudo leer la huella. Coloque el dedo nuevamente.
07-18 12:29:06.759 31538 31538 D FINGERPRINT_RETRY: attemptId=93 state=READY_TO_RETRY waitingFingerLift=false fingerLiftDetected=null retryScheduled=true verificationJobActive=false retryJobActive=false cancelReason=null
07-18 12:29:06.782  3916  3916 I adbd    : adbd service requested 'shell,v2:mkdir -p /data/local/tmp/.studio; chmod 755 /data/local/tmp/.studio; chown shell:shell /data/local/tmp/.studio'
07-18 12:29:06.805  3916  3916 I adbd    : adbd service requested 'shell,v2:getprop'
07-18 12:29:06.960 25700  8570 I NearbySharing: Network state changed: NetworkState(isRestricted=false, isOnline=true, isCongested=false, isMetered=false, isWifiConnected=true)
07-18 12:29:06.969  3916  3916 I adbd    : adbd service requested 'shell,v2:wm size'
07-18 12:29:07.002  3916  3916 I adbd    : adbd service requested 'sync:'
07-18 12:29:07.127  3916  3916 I adbd    : adbd service requested 'shell,v2:/data/local/tmp/.studio/process-tracker --interval 1000'
07-18 12:29:07.158  3916  3916 I adbd    : adbd service requested 'shell,v2:mkdir -p /data/local/tmp/.studio; chmod 755 /data/local/tmp/.studio; chown shell:shell /data/local/tmp/.studio'
07-18 12:29:07.201  3916  3916 I adbd    : adbd service requested 'shell,v2:getprop'
07-18 12:29:07.261 31538 31538 D FINGERPRINT_RETRY: attemptId=93 state=RETRY_STARTED waitingFingerLift=false fingerLiftDetected=true retryScheduled=false verificationJobActive=false retryJobActive=true cancelReason=null
07-18 12:29:07.278 31538 31538 I FINGERPRINT_UI_TRACE: screen=EmployeePunchScreen button=AUTO_VERIFY employeeId=2 action=CLICK managerClass=com.example.controlhorario.fingerprint.external.TwoConnectFingerprintManager methodRequested=verifyFingerprint timestamp=1784392147278
07-18 12:29:07.282 31538 31538 D FINGERPRINT_VERIFY: attemptId=94 employeeId=2 stage=START usbConnected=true usbPermission=true readerOpened=false
07-18 12:29:07.299 31538 31538 D FINGERPRINT_TEMPLATE_TRACE: stage=D_AFTER_ROOM_READ employeeId=2 size=512 sha256=79bfaaa838f954afd4b1a876bff7a27f9fa62e91a612ebfa950233a8284f9ede nonZeroBytes=198
07-18 12:29:07.299 31538 31538 D FINGERPRINT_DB: employeeId=2 rowsFound=1 selectedRecordId=12 selectedUpdatedAt=2026-07-18 12:23:16 selectedSha256=79bfaaa838f954afd4b1a876bff7a27f9fa62e91a612ebfa950233a8284f9ede
07-18 12:29:07.299 31538 31538 D FINGERPRINT_VERIFY: employeeId=2 storedEmployeeId=2 biometricType=2CONNECT_USB biometricRecordId=12 updatedAt=2026-07-18 12:23:16 base64LengthRead=684 decodedBytes=512 storedSizeColumn=512
07-18 12:29:07.402  3916  3916 I adbd    : adbd service requested 'sync:'
07-18 12:29:07.413 31538 31585 D SDK_INIT: operation=OpenDevice result=-1 readerHash=112993363 objetoUsbReaderHash=112993363 thread=DefaultDispatcher-worker-2
07-18 12:29:07.417 31538 31538 I FINGERPRINT_METHOD_ENTRY: method=verifyFingerprint employeeId=2 managerInstance=91647614 thread=main readerConnected=true timestamp=1784392147417
07-18 12:29:07.424 31538 31538 D FINGERPRINT_VERIFY: attemptId=94 employeeId=2 usbConnected=true usbPermission=true readerOpened=false imageResult=null featureGenerationResult=null fpUpCharResult=null sdkReportedCapturedSize=0 initMatchResult=false initMatchInvoked=true capturedSize=0 capturedNonZeroBytes=0 base64LengthRead=684 storedSize=512 storedNonZeroBytes=198 matchTemplateExecuted=false result=CaptureError score=null threshold=100 decision=CAPTURE_FAILED failure=CaptureFailed uiMessage=No se pudo leer la huella. Coloque el dedo nuevamente.
07-18 12:29:07.424 31538 31538 D FINGERPRINT_RETRY: attemptId=94 state=READY_TO_RETRY waitingFingerLift=false fingerLiftDetected=null retryScheduled=true verificationJobActive=false retryJobActive=false cancelReason=null
07-18 12:29:07.424  3916  3916 I adbd    : adbd service requested 'shell,v2:wm size'
07-18 12:29:07.547  3916  3916 I adbd    : adbd service requested 'shell,v2:mkdir -p /data/local/tmp/.studio; chmod 755 /data/local/tmp/.studio; chown shell:shell /data/local/tmp/.studio'
07-18 12:29:07.560   609   609 D enhanceHAL: sunlightRead: current ambient = 592
07-18 12:29:07.575  3916  3916 I adbd    : adbd service requested 'shell,v2:/data/local/tmp/.studio/process-tracker --interval 1000'
07-18 12:29:07.599  3916  3916 I adbd    : adbd service requested 'shell,v2:getprop'
07-18 12:29:07.845  3916  3916 I adbd    : adbd service requested 'sync:'
07-18 12:29:07.846  3916  3916 I adbd    : adbd service requested 'shell,v2:wm size'
07-18 12:29:07.881   609   609 D enhanceHAL: sunlightRead: current ambient = 584
07-18 12:29:07.926 31538 31538 D FINGERPRINT_RETRY: attemptId=94 state=RETRY_STARTED waitingFingerLift=false fingerLiftDetected=true retryScheduled=false verificationJobActive=false retryJobActive=true cancelReason=null
07-18 12:29:07.942 31538 31538 I FINGERPRINT_UI_TRACE: screen=EmployeePunchScreen button=AUTO_VERIFY employeeId=2 action=CLICK managerClass=com.example.controlhorario.fingerprint.external.TwoConnectFingerprintManager methodRequested=verifyFingerprint timestamp=1784392147942
07-18 12:29:07.946 31538 31538 D FINGERPRINT_VERIFY: attemptId=95 employeeId=2 stage=START usbConnected=true usbPermission=true readerOpened=false
07-18 12:29:07.963 31538 31538 D FINGERPRINT_TEMPLATE_TRACE: stage=D_AFTER_ROOM_READ employeeId=2 size=512 sha256=79bfaaa838f954afd4b1a876bff7a27f9fa62e91a612ebfa950233a8284f9ede nonZeroBytes=198
07-18 12:29:07.963 31538 31538 D FINGERPRINT_DB: employeeId=2 rowsFound=1 selectedRecordId=12 selectedUpdatedAt=2026-07-18 12:23:16 selectedSha256=79bfaaa838f954afd4b1a876bff7a27f9fa62e91a612ebfa950233a8284f9ede
07-18 12:29:07.963 31538 31538 D FINGERPRINT_VERIFY: employeeId=2 storedEmployeeId=2 biometricType=2CONNECT_USB biometricRecordId=12 updatedAt=2026-07-18 12:23:16 base64LengthRead=684 decodedBytes=512 storedSizeColumn=512
07-18 12:29:07.978  3916  3916 I adbd    : adbd service requested 'shell,v2:/data/local/tmp/.studio/process-tracker --interval 1000'
07-18 12:29:08.041   609   609 D enhanceHAL: sunlightRead: current ambient = 558
07-18 12:29:08.074 31538 31585 D SDK_INIT: operation=OpenDevice result=-1 readerHash=112993363 objetoUsbReaderHash=112993363 thread=DefaultDispatcher-worker-2
07-18 12:29:08.078 31538 31538 I FINGERPRINT_METHOD_ENTRY: method=verifyFingerprint employeeId=2 managerInstance=91647614 thread=main readerConnected=true timestamp=1784392148078
07-18 12:29:08.084 31538 31538 D FINGERPRINT_VERIFY: attemptId=95 employeeId=2 usbConnected=true usbPermission=true readerOpened=false imageResult=null featureGenerationResult=null fpUpCharResult=null sdkReportedCapturedSize=0 initMatchResult=false initMatchInvoked=true capturedSize=0 capturedNonZeroBytes=0 base64LengthRead=684 storedSize=512 storedNonZeroBytes=198 matchTemplateExecuted=false result=CaptureError score=null threshold=100 decision=CAPTURE_FAILED failure=CaptureFailed uiMessage=No se pudo leer la huella. Coloque el dedo nuevamente.
07-18 12:29:08.084  3916  3916 I adbd    : adbd service requested 'shell,v2:mkdir -p /data/local/tmp/.studio; chmod 755 /data/local/tmp/.studio; chown shell:shell /data/local/tmp/.studio'
07-18 12:29:08.084 31538 31538 D FINGERPRINT_RETRY: attemptId=95 state=READY_TO_RETRY waitingFingerLift=false fingerLiftDetected=null retryScheduled=true verificationJobActive=false retryJobActive=false cancelReason=null
07-18 12:29:08.168  3916  3916 I adbd    : adbd service requested 'shell,v2:getprop'
07-18 12:29:08.201   609   609 D enhanceHAL: sunlightRead: current ambient = 594
07-18 12:29:08.250  1055  1190 I InputReader: processEventsLocked: type=1 Count=6 code=330 value=1 deviceId=4 when=1103454600956000
07-18 12:29:08.250  1055  1190 D InputReader: dispatchTouches action DOWN now(ns): 1103454601276973
07-18 12:29:08.287  1055  1222 D ActivityManager: Skip enqueue broadcast because no receiver with Intent { act=com.android.server.action.NETWORK_STATS_UPDATED flg=0x40000010 }
07-18 12:29:08.309  1055  1190 I InputReader: processEventsLocked: type=3 Count=2 code=54 value=15 deviceId=4 when=1103454659758000
07-18 12:29:08.310  1055  1190 D InputReader: dispatchTouches action MOVE now(ns): 1103454661155089
07-18 12:29:08.317  1055  1190 I InputReader: processEventsLocked: type=3 Count=3 code=53 value=94 deviceId=4 when=1103454667644000
07-18 12:29:08.317 22839 22839 D aistudio-PicArtController: Scroll view to positionX : 0
07-18 12:29:08.317 22839 22839 I aistudio-PicArtController: width:576, isPortrait:true, widthPixels:576, heightPixels:1280
07-18 12:29:08.318  1055  1190 D InputReader: dispatchTouches action MOVE now(ns): 1103454668550512
07-18 12:29:08.325  1055  1190 I InputReader: processEventsLocked: type=3 Count=3 code=53 value=90 deviceId=4 when=1103454676247000
07-18 12:29:08.326  1055  1190 D InputReader: dispatchTouches action MOVE now(ns): 1103454676629935
07-18 12:29:08.334  1055  1190 I InputReader: processEventsLocked: type=3 Count=3 code=53 value=85 deviceId=4 when=1103454684696000
07-18 12:29:08.334 22839 22839 D aistudio-PicArtController: Scroll view to positionX : 0
07-18 12:29:08.334  1055  1190 D InputReader: dispatchTouches action MOVE now(ns): 1103454685053204
07-18 12:29:08.334 22839 22839 I aistudio-PicArtController: width:576, isPortrait:true, widthPixels:576, heightPixels:1280
07-18 12:29:08.336  3916  3916 I adbd    : adbd service requested 'sync:'
07-18 12:29:08.342  1055  1190 I InputReader: processEventsLocked: type=3 Count=3 code=53 value=80 deviceId=4 when=1103454692609000
07-18 12:29:08.342  1055  1190 D InputReader: dispatchTouches action MOVE now(ns): 1103454693212166
07-18 12:29:08.350 22839 22839 D aistudio-PicArtController: Scroll view to positionX : 0
07-18 12:29:08.350 22839 22839 I aistudio-PicArtController: width:576, isPortrait:true, widthPixels:576, heightPixels:1280
07-18 12:29:08.351  1055  1190 I InputReader: processEventsLocked: type=3 Count=3 code=53 value=75 deviceId=4 when=1103454701374000
07-18 12:29:08.351  1055  1190 D InputReader: dispatchTouches action MOVE now(ns): 1103454701701473
07-18 12:29:08.355  1055  1153 D CoreBackPreview: Window{67328fc u0 NotificationShade}, [type=2040, isChildWindow=false]*noSurface: Setting back callback OnBackInvokedCallbackInfo{mCallback=android.window.IOnBackInvokedCallback$Stub$Proxy@1c65826, mPriority=0, mIsAnimationCallback=false}
07-18 12:29:08.355 22839 22839 D HeadsUpAppearanceController: shouldBeVisible(), canShow:true, mHeadsUpManager.hasPinnedHeadsUp():false
07-18 12:29:08.355 22839 22839 D HeadsUpAppearanceController: shouldBeVisible(), canShow:true, mHeadsUpManager.hasPinnedHeadsUp():false
07-18 12:29:08.355 22839 22839 D CollapsedStatusBarFragment: shouldHideStatusBar() is false
07-18 12:29:08.355 22839 22839 D HeadsUpAppearanceController: shouldBeVisible(), canShow:true, mHeadsUpManager.hasPinnedHeadsUp():false
07-18 12:29:08.356 22839 22839 D NotificationPanelView: notifyExpanedEvent: started!
07-18 12:29:08.358 22839 22906 D BluetoothTile: handleUpdateState: transientEnabling=false,enabled=true,connected=false,connecting=false,isTransient=false
07-18 12:29:08.358   629   629 D PowerHAL: Enter getSceneIdByName: sceneName:POWER_HINT_VENDOR_INTERACTION_LAUNCH
07-18 12:29:08.358   629   629 E PowerHAL: get_scene_id: PowerHAL is not inited
07-18 12:29:08.359   629   629 W vendor.unisoc.hardware.power-service: AIBinder_linkToDeath is being called with a non-null cookie and no onUnlink callback set. This might not be intended. AIBinder_DeathRecipient_setOnUnlinked should be called first.
07-18 12:29:08.359   629   629 E PowerHAL: sprd_power_hint: power hint is not inited
07-18 12:29:08.359  1055  1190 I InputReader: processEventsLocked: type=3 Count=3 code=53 value=69 deviceId=4 when=1103454709526000
07-18 12:29:08.359  1055  1190 D InputReader: dispatchTouches action MOVE now(ns): 1103454709943589
07-18 12:29:08.359 22839 22839 D HeadsUpAppearanceController: shouldBeVisible(), canShow:false, mHeadsUpManager.hasPinnedHeadsUp():false
07-18 12:29:08.361   609   609 D enhanceHAL: sunlightRead: current ambient = 635
07-18 12:29:08.361 22839 22839 D NotificationPanelView: call setPanelExpanded(), isExpanded is true
07-18 12:29:08.361 22839 22839 D NavBarView: call Unisoc setPanelExpanded(), expaned is true
07-18 12:29:08.363 22839  9103 W RingtonePlayer: STOP command without a player
07-18 12:29:08.366  1055  1190 I InputReader: processEventsLocked: type=3 Count=3 code=53 value=65 deviceId=4 when=1103454717140000
07-18 12:29:08.366  1055  1096 D PowerHALManager: powerhalmanager setviptaskbypid!!!
07-18 12:29:08.366   629   629 D PowerHAL: set_viptask:tag=UFwAppResCtl,type=ui,pid=22839,level=1,buf=22839 1
07-18 12:29:08.367  1055  1096 D PowerHALManager: powerhalmanager setviptaskbypid!!!
07-18 12:29:08.367   629   629 D PowerHAL: set_viptask:tag=UFwAppResCtl,type=ui,pid=22956,level=1,buf=22956 1
07-18 12:29:08.367  1055  1190 D InputReader: dispatchTouches action MOVE now(ns): 1103454717840896
07-18 12:29:08.367  1055  1096 D PowerHALManager: powerhalmanager setviptaskbypid!!!
07-18 12:29:08.367   629   629 D PowerHAL: set_viptask:tag=UFwAppResCtl,type=ui,pid=22839,level=1,buf=22839 1
07-18 12:29:08.367  1055  1096 D PowerHALManager: powerhalmanager setviptaskbypid!!!
07-18 12:29:08.367   629   629 D PowerHAL: set_viptask:tag=UFwAppResCtl,type=ui,pid=22956,level=1,buf=22956 1
07-18 12:29:08.367  1055  1096 D PowerHALManager: powerhalmanager setviptaskbypid!!!
07-18 12:29:08.367   629   629 D PowerHAL: set_viptask:tag=UFwAppResCtl,type=ui,pid=22839,level=1,buf=22839 1
07-18 12:29:08.367  1055  1096 D PowerHALManager: powerhalmanager setviptaskbypid!!!
07-18 12:29:08.368   629   629 D PowerHAL: set_viptask:tag=UFwAppResCtl,type=ui,pid=22956,level=1,buf=22956 1
07-18 12:29:08.368  1055  1096 D PowerHALManager: powerhalmanager setviptaskbypid!!!
07-18 12:29:08.368   629   629 D PowerHAL: set_viptask:tag=UFwAppResCtl,type=ui,pid=22839,level=1,buf=22839 1
07-18 12:29:08.368  1055  1096 D PowerHALManager: powerhalmanager setviptaskbypid!!!
07-18 12:29:08.368   629   629 D PowerHAL: set_viptask:tag=UFwAppResCtl,type=ui,pid=22956,level=1,buf=22956 1
07-18 12:29:08.368 22839 22839 D UniMobileIconBinder-1: activityInOutIcon refresh. id = 0
07-18 12:29:08.368 22839 22839 D UniMobileIconBinder-1: mobileImsId=0 subId=1
07-18 12:29:08.369 22839 22839 D UniMobileIconBinder-1: activityInOutIcon refresh. id = 0
07-18 12:29:08.369 22839 22839 D UniMobileIconBinder-1: mobileImsId=0 subId=1
07-18 12:29:08.370 22839 22839 D UniMobileIconBinder-1: activityInOutIcon refresh. id = 0
07-18 12:29:08.370 22839 22839 D UniMobileIconBinder-1: mobileImsId=0 subId=1
07-18 12:29:08.375  1055  1190 I InputReader: processEventsLocked: type=3 Count=3 code=53 value=61 deviceId=4 when=1103454725861000
07-18 12:29:08.376  1055  1190 D InputReader: dispatchTouches action MOVE now(ns): 1103454727035666
07-18 12:29:08.380   601   641 I mali_gralloc: allocate: id=259000533c8, halFormat=RGBA8888, maliFormat=RGBA8888, afbc=SPLIT, usage=GPU_RW|HWC, size=576x1280(2995200), stride=576, name=VRI[NotificationShade]#220(BLAST Consumer)220, costTime=0ms488us923
07-18 12:29:08.380 22839  9104 D mali_gralloc: register: id=259000533c8, handle=0xb40000762422f150, importpid=22839
07-18 12:29:08.382   601   641 I mali_gralloc: allocate: id=259000533c9, halFormat=RGBA8888, maliFormat=RGBA8888, afbc=SPLIT, usage=GPU_RW|HWC, size=576x1280(2995200), stride=576, name=VRI[NotificationShade]#220(BLAST Consumer)220, costTime=1ms228us615
07-18 12:29:08.383 22839  9104 D mali_gralloc: register: id=259000533c9, handle=0xb400007624236890, importpid=22839
07-18 12:29:08.383  1055  1190 I InputReader: processEventsLocked: type=3 Count=4 code=57 value=-1 deviceId=4 when=1103454734110000
07-18 12:29:08.384   657   657 I SurfaceFlinger: updating visibility visibleForInput:1, Snapshot{TraversalPath{.id = 207603}NotificationShade#207603 isVisible=1 {hidden by parent or layer flag} changes=Created | Geometry | Metadata | AffectsChildren | FrameRate | VisibleRegion layerStack=0 geomLayerBounds={-5760,-12800,12800,5760} geomLayerTransform={tx=0,ty=0}}
07-18 12:29:08.384   601   641 I mali_gralloc: allocate: id=259000533ca, halFormat=RGBA8888, maliFormat=RGBA8888, afbc=SPLIT, usage=GPU_RW|HWC, size=576x1280(2995200), stride=576, name=VRI[NotificationShade]#220(BLAST Consumer)220, costTime=0ms805us577
07-18 12:29:08.384  1055  1190 D InputReader: dispatchTouches action UP now(ns): 1103454734849242
07-18 12:29:08.384   657   657 I SurfaceFlinger: updating visibility visibleForInput:0, Snapshot{TraversalPath{.id = 207603}NotificationShade#207603 isVisible=0 {hidden by parent or layer flag} changes=Created | Geometry | Metadata | Visibility | AffectsChildren | FrameRate | VisibleRegion layerStack=0 geomLayerBounds={-5760,-12800,12800,5760} geomLayerTransform={tx=0,ty=0}}
07-18 12:29:08.384 22839  9104 D mali_gralloc: register: id=259000533ca, handle=0xb400007624306cd0, importpid=22839
07-18 12:29:08.390  1055  1571 D PowerHALManager: config:cluster0_freq_max
07-18 12:29:08.390  1055  1571 D PowerHALManager: config:max
07-18 12:29:08.390  1055  1571 D PowerHALManager: config:background_cpu_shares
07-18 12:29:08.390  1055  1571 D PowerHALManager: config:512
07-18 12:29:08.390  1055  1571 D PowerHALManager: config:cluster0_freq_min
07-18 12:29:08.390  1055  1571 D PowerHALManager: config:max
07-18 12:29:08.390  1055  1571 D PowerHALManager: config:foreground_cpu_shares
07-18 12:29:08.390  1055  1571 D PowerHALManager: config:5120
07-18 12:29:08.390  1055  1571 D PowerHALManager: config:foreground_boost
07-18 12:29:08.390  1055  1571 D PowerHALManager: config:5120
07-18 12:29:08.391   629   629 E PowerHAL: add_new_dynamic_scene: get power mode fail name:normal!!!
07-18 12:29:08.391   629   629 E PowerHAL: reg_scene: add dynamic scene fail!!!!
07-18 12:29:08.391  1055  1571 E PowerHALManager: register PowerHint scene faile!!!
07-18 12:29:08.391  1055  1571 D PowerHALManager: mSceneId is 0, dynamic scene please call the registration function first!!
07-18 12:29:08.393   657   692 D mali_gralloc: register: id=259000533ca, handle=0xb4000070db9a0cd0, importpid=657
07-18 12:29:08.393   657   699 D mali_gralloc: unregister: id=259000533c5, handle=0xb4000070db99e570, base=0x0, importpid=657, clone_count=0
07-18 12:29:08.395 22839 22839 D aistudio-PicArtController: Scroll view to positionX : 0
07-18 12:29:08.395 22839 22839 I aistudio-PicArtController: width:576, isPortrait:true, widthPixels:576, heightPixels:1280
07-18 12:29:08.396 22839 22839 D HeadsUpAppearanceController: shouldBeVisible(), canShow:false, mHeadsUpManager.hasPinnedHeadsUp():false
07-18 12:29:08.396 22839 22839 D HeadsUpAppearanceController: shouldBeVisible(), canShow:false, mHeadsUpManager.hasPinnedHeadsUp():false
07-18 12:29:08.396 22839 22839 D CollapsedStatusBarFragment: shouldHideStatusBar() is true
07-18 12:29:08.396 22839 22839 D HeadsUpAppearanceController: shouldBeVisible(), canShow:false, mHeadsUpManager.hasPinnedHeadsUp():false
07-18 12:29:08.397 22839 22839 D aistudio-PicArtController: interceptTouchEvent ACTION_UP or ACTION_CANCEL
07-18 12:29:08.398 22839 22839 W Looper  : Slow delivery took 14847ms main h=android.os.Handler c=com.android.systemui.statusbar.notification.logging.NotificationLogger$1@a790b80 m=0
07-18 12:29:08.399 22839 22906 D BluetoothTile: handleUpdateState: transientEnabling=false,enabled=true,connected=false,connecting=false,isTransient=false
07-18 12:29:08.408   657   692 D mali_gralloc: register: id=259000533c9, handle=0xb4000070db9a5dd0, importpid=657
07-18 12:29:08.410 22839 22839 D PhoneStatusBarPolicy: updateBluetooth(), mIsActive:false
07-18 12:29:08.410 22839 22839 D StatusBarIconController: setIconVisibility(), slot:bluetooth, visibility:true, tag:0, holder:StatusBarIconHolder(type=ICON tag=0 visible=true)
07-18 12:29:08.410 22839 22839 W Looper  : Drained
07-18 12:29:08.411  1055  1396 D UFwDisplayJamMonitorImpl: Switch focus to Window{67328fc u0 NotificationShade}, [type=2040, isChildWindow=false]-[Surface(name=*Title#207603)/@0x3491a14, shown=false, windowType=2040] on APP(ActivityRecord{765c907 u0 com.example.controlhorario/.MainActivity t3177 d0}) from Window{a8629f6 u0 com.example.controlhorario/com.example.controlhorario.MainActivity}, [type=1, isChildWindow=false]-[Surface(name=*Title#207594)/@0xe6c56e7, shown=false, windowType=1], newWindowHandle = 67328fc NotificationShade, frame=[Rect(0, 0 - 0, 0)], touchableRegion=SkRegion((0,0,576,1280)), scaleFactor=1.0, transform=null, windowToken=android.os.BinderProxy@c76e393, displayId=0, isClone=false, contentSize=0x0, alpha=0.0, canOccludePresentation=false, changed=false mGlobalScale=1.0 mCompatScale=1.0 mInvGlobalScale=1.0
07-18 12:29:08.412 22839 22906 D BluetoothTile: handleUpdateState: transientEnabling=false,enabled=true,connected=false,connecting=false,isTransient=false
07-18 12:29:08.413 25700  8570 W QAWalletSvc: No wallet cards to return. [CONTEXT service_id=79 ]
07-18 12:29:08.414   657   657 I SurfaceFlinger: updating visibility visibleForInput:1, Snapshot{TraversalPath{.id = 207605}Surface(name=8359b94 StatusBar#201331)/@0xd17ee32 - animation-leash of insets_animation#207605 isVisible=1 {nothing to draw} changes=Created | Metadata | FrameRate layerStack=0 geomLayerBounds={-5760,-12800,12800,5760} geomLayerTransform={tx=0,ty=0}}
07-18 12:29:08.414   657   657 I SurfaceFlinger: updating visibility visibleForInput:1, Snapshot{TraversalPath{.id = 207603}NotificationShade#207603 isVisible=0 { buffer=98092758075308 frame=2 color{< 0, 0, 0, 1 >}} changes=Content | Input | Visibility | AffectsChildren | FrameRate | VisibleRegion | Buffer layerStack=0 geomLayerBounds={0,0,1280,576} geomLayerTransform={tx=0,ty=0}} input{(NOT_FOCUSABLE | WATCH_OUTSIDE_TOUCH) touchableRegion={0,0,1280,576}}
07-18 12:29:08.414   657   657 I SurfaceFlinger: updating visibility visibleForInput:1, Snapshot{TraversalPath{.id = 207604}Surface(name=27421c2 NavigationBar0#201327)/@0x290a310 - animation-leash of insets_animation#207604 isVisible=1 {nothing to draw} changes=Created | Metadata | FrameRate layerStack=0 geomLayerBounds={-5760,-12800,12800,5760} geomLayerTransform={tx=0,ty=0}}
07-18 12:29:08.414   657   657 I SurfaceFlinger: updating visibility visibleForInput:1, Snapshot{TraversalPath{.id = 207606}Surface(name=27421c2 NavigationBar0#201327)/@0x290a310 - animation-leash of insets_animation#207606 isVisible=1 {nothing to draw} changes=Created | Metadata | FrameRate layerStack=0 geomLayerBounds={-5760,-12800,12800,5760} geomLayerTransform={tx=0,ty=0}}
07-18 12:29:08.414   657   657 I SurfaceFlinger: updating visibility visibleForInput:0, Snapshot{TraversalPath{.id = 207605}Surface(name=8359b94 StatusBar#201331)/@0xd17ee32 - animation-leash of insets_animation#207605 isVisible=0 {nothing to draw} changes=Created | Metadata | Visibility | FrameRate layerStack=0 geomLayerBounds={-5760,-12800,12800,5760} geomLayerTransform={tx=0,ty=0}}
07-18 12:29:08.415   657   657 I SurfaceFlinger: updating visibility visibleForInput:0, Snapshot{TraversalPath{.id = 207604}Surface(name=27421c2 NavigationBar0#201327)/@0x290a310 - animation-leash of insets_animation#207604 isVisible=0 {nothing to draw} changes=Created | Metadata | Visibility | FrameRate layerStack=0 geomLayerBounds={-5760,-12800,12800,5760} geomLayerTransform={tx=0,ty=0}}
07-18 12:29:08.415   657   657 I SurfaceFlinger: updating visibility visibleForInput:0, Snapshot{TraversalPath{.id = 207606}Surface(name=27421c2 NavigationBar0#201327)/@0x290a310 - animation-leash of insets_animation#207606 isVisible=0 {nothing to draw} changes=Created | Metadata | Visibility | FrameRate layerStack=0 geomLayerBounds={-5760,-12800,12800,5760} geomLayerTransform={tx=0,ty=0}}
07-18 12:29:08.417   602   602 D SPRDHWComposer: HWC Range:1, HWC_Transfer:4
07-18 12:29:08.417   602   602 D mali_gralloc: register: id=259000533c9, handle=0xb40000748e7b76d0, importpid=602
07-18 12:29:08.423  1055  1396 D SystemServerTiming: getUserSwitchability-0
07-18 12:29:08.423  1055  2943 D SystemServerTiming: getUserSwitchability-0
07-18 12:29:08.423  1055  2943 D SystemServerTiming: TM.isInCall
07-18 12:29:08.423  1055  1396 D SystemServerTiming: TM.isInCall
07-18 12:29:08.424  1055  1396 D SystemServerTiming: hasUserRestriction-DISALLOW_USER_SWITCH
07-18 12:29:08.424  1055  2943 D SystemServerTiming: hasUserRestriction-DISALLOW_USER_SWITCH
07-18 12:29:08.424  1055  2943 D SystemServerTiming: getInt-ALLOW_USER_SWITCHING_WHEN_SYSTEM_USER_LOCKED
07-18 12:29:08.424  1055  1396 D SystemServerTiming: getInt-ALLOW_USER_SWITCHING_WHEN_SYSTEM_USER_LOCKED
07-18 12:29:08.424  1055  2943 D SystemServerTiming: isUserUnlocked-USER_SYSTEM
07-18 12:29:08.424  1055  1396 D SystemServerTiming: isUserUnlocked-USER_SYSTEM
07-18 12:29:08.428   657   690 D mali_gralloc: register: id=259000533c8, handle=0xb4000070db998390, importpid=657
07-18 12:29:08.429 22839 22839 D BiometricsRepositoryImpl: currentUser authFlags changed, new value: AuthenticationFlags(userId=0, flag=0)
07-18 12:29:08.429 22839 22839 D BiometricsRepositoryImpl: currentUser authFlags changed, new value: AuthenticationFlags(userId=0, flag=0)
07-18 12:29:08.429 22839 22839 D BiometricsRepositoryImpl: currentUser authFlags changed, new value: AuthenticationFlags(userId=0, flag=0)
07-18 12:29:08.430 22839 22839 D BiometricsRepositoryImpl: currentUser authFlags changed, new value: AuthenticationFlags(userId=0, flag=0)
07-18 12:29:08.435 22839 22839 D BiometricsRepositoryImpl: currentUser authFlags changed, new value: AuthenticationFlags(userId=0, flag=0)
07-18 12:29:08.435 22839 22839 D BiometricsRepositoryImpl: currentUser authFlags changed, new value: AuthenticationFlags(userId=0, flag=0)
07-18 12:29:08.436 22839 22906 D ControlsListingControllerImpl: Subscribing callback, service count: 0
07-18 12:29:08.438 22839 22906 D ControlsListingControllerImpl: Subscribing callback, service count: 0
07-18 12:29:08.438 22839 22906 D ControlsListingControllerImpl: Subscribing callback, service count: 0
07-18 12:29:08.450   602   602 D mali_gralloc: register: id=259000533c8, handle=0xb40000748e7b5630, importpid=602
07-18 12:29:08.465   602   602 D mali_gralloc: register: id=259000533ca, handle=0xb40000748e7b4d30, importpid=602
07-18 12:29:08.468  1055  1396 D ActivityManager: Skip enqueue broadcast because no receiver with Intent { act=android.intent.action.SIG_STR flg=0x10 (has extras) }
07-18 12:29:08.474 32521 32521 D SubscriptionRepository: getSelectableSubscriptionInfoList: [[SubscriptionInfo: id=1 iccId=890102405[****] simSlotIndex=0 portIndex=0 isEmbedded=false carrierId=1467 displayName=CLARO carrierName=CLARO isOpportunistic=false groupUuid=null groupOwner= isGroupDisabled=false displayNameSource=SIM_SPN iconTint=-4716942 number= dataRoaming=0 mcc=370 mnc=02 ehplmns=[] hplmns=[37002, 37002] cardString=890102405[****] cardId=0 nativeAccessRules=null carrierConfigAccessRules=[cert: 2333F4065B9F054363CA63D1866CC168F45D641645B31131B14E173B9C922D15 pkg: co.sitic.pp access: 0, cert: 14D54C64599A3E9A3B766239B160DE3935093E0A pkg: co.sitic.pp access: 0, cert: F54CAC11D5AF77A5F10C21D536AD5D1C40B00D63A92CAB917AA84DC714D622D8 pkg: co.sitic.pp access: 0] countryIso=do profileClass=-1 mType=LOCAL_SIM areUiccApplicationsEnabled=true usageSetting=DEFAULT isOnlyNonTerrestrialNetwork=false serviceCapabilities=[1, 2, 3] transferStatus=0]]
07-18 12:29:08.476 32521 32521 D SubscriptionRepository: getSelectableSubscriptionInfoList: [[SubscriptionInfo: id=1 iccId=890102405[****] simSlotIndex=0 portIndex=0 isEmbedded=false carrierId=1467 displayName=CLARO carrierName=CLARO isOpportunistic=false groupUuid=null groupOwner= isGroupDisabled=false displayNameSource=SIM_SPN iconTint=-4716942 number= dataRoaming=0 mcc=370 mnc=02 ehplmns=[] hplmns=[37002, 37002] cardString=890102405[****] cardId=0 nativeAccessRules=null carrierConfigAccessRules=[cert: 2333F4065B9F054363CA63D1866CC168F45D641645B31131B14E173B9C922D15 pkg: co.sitic.pp access: 0, cert: 14D54C64599A3E9A3B766239B160DE3935093E0A pkg: co.sitic.pp access: 0, cert: F54CAC11D5AF77A5F10C21D536AD5D1C40B00D63A92CAB917AA84DC714D622D8 pkg: co.sitic.pp access: 0] countryIso=do profileClass=-1 mType=LOCAL_SIM areUiccApplicationsEnabled=true usageSetting=DEFAULT isOnlyNonTerrestrialNetwork=false serviceCapabilities=[1, 2, 3] transferStatus=0]]
07-18 12:29:08.476 25700  8570 W QAWalletSvc: No wallet cards to return. [CONTEXT service_id=79 ]
07-18 12:29:08.476 25700  9105 W QAWalletSvc: No wallet cards to return. [CONTEXT service_id=79 ]
07-18 12:29:08.476 32521 32521 D SubscriptionUtil: remove cached display name : 1
07-18 12:29:08.476 25700  8572 W QAWalletSvc: No wallet cards to return. [CONTEXT service_id=79 ]
07-18 12:29:08.476 22839 22906 E QuickAccessWalletKeyguardQuickAffordanceConfig: Wallet card retrieval error, message: "No se pudo cargar tu información de pago."
07-18 12:29:08.477 22839 22906 E QuickAccessWalletKeyguardQuickAffordanceConfig: Wallet card retrieval error, message: "No se pudo cargar tu información de pago."
07-18 12:29:08.477 22839 22906 E QuickAccessWalletKeyguardQuickAffordanceConfig: Wallet card retrieval error, message: "No se pudo cargar tu información de pago."
07-18 12:29:08.477 32521 32521 D SubscriptionRepository: getSelectableSubscriptionInfoList: [[SubscriptionInfo: id=1 iccId=890102405[****] simSlotIndex=0 portIndex=0 isEmbedded=false carrierId=1467 displayName=CLARO carrierName=CLARO isOpportunistic=false groupUuid=null groupOwner= isGroupDisabled=false displayNameSource=SIM_SPN iconTint=-4716942 number= dataRoaming=0 mcc=370 mnc=02 ehplmns=[] hplmns=[37002, 37002] cardString=890102405[****] cardId=0 nativeAccessRules=null carrierConfigAccessRules=[cert: 2333F4065B9F054363CA63D1866CC168F45D641645B31131B14E173B9C922D15 pkg: co.sitic.pp access: 0, cert: 14D54C64599A3E9A3B766239B160DE3935093E0A pkg: co.sitic.pp access: 0, cert: F54CAC11D5AF77A5F10C21D536AD5D1C40B00D63A92CAB917AA84DC714D622D8 pkg: co.sitic.pp access: 0] countryIso=do profileClass=-1 mType=LOCAL_SIM areUiccApplicationsEnabled=true usageSetting=DEFAULT isOnlyNonTerrestrialNetwork=false serviceCapabilities=[1, 2, 3] transferStatus=0]]
07-18 12:29:08.477 32521 32521 D SubscriptionUtil: remove cached display name : 1
07-18 12:29:08.479 22839 22839 D UniResolvedNetworkType: sub 1: dataNetType Override 1
07-18 12:29:08.481   602   602 D mali_gralloc: unregister: id=25900053260, handle=0xb40000748e7a6d50, base=0x0, importpid=602, clone_count=0
07-18 12:29:08.481   602   602 D mali_gralloc: unregister: id=25900053291, handle=0xb40000748e7bb810, base=0x0, importpid=602, clone_count=0
07-18 12:29:08.481   602   602 D mali_gralloc: unregister: id=25900053263, handle=0xb40000748e7b92f0, base=0x0, importpid=602, clone_count=0
07-18 12:29:08.482   602   602 D mali_gralloc: unregister: id=259000533c1, handle=0xb40000748e7b6a70, base=0x0, importpid=602, clone_count=0
07-18 12:29:08.500 32521 32521 D SubscriptionRepository: getSelectableSubscriptionInfoList: [[SubscriptionInfo: id=1 iccId=890102405[****] simSlotIndex=0 portIndex=0 isEmbedded=false carrierId=1467 displayName=CLARO carrierName=CLARO isOpportunistic=false groupUuid=null groupOwner= isGroupDisabled=false displayNameSource=SIM_SPN iconTint=-4716942 number= dataRoaming=0 mcc=370 mnc=02 ehplmns=[] hplmns=[37002, 37002] cardString=890102405[****] cardId=0 nativeAccessRules=null carrierConfigAccessRules=[cert: 2333F4065B9F054363CA63D1866CC168F45D641645B31131B14E173B9C922D15 pkg: co.sitic.pp access: 0, cert: 14D54C64599A3E9A3B766239B160DE3935093E0A pkg: co.sitic.pp access: 0, cert: F54CAC11D5AF77A5F10C21D536AD5D1C40B00D63A92CAB917AA84DC714D622D8 pkg: co.sitic.pp access: 0] countryIso=do profileClass=-1 mType=LOCAL_SIM areUiccApplicationsEnabled=true usageSetting=DEFAULT isOnlyNonTerrestrialNetwork=false serviceCapabilities=[1, 2, 3] transferStatus=0]]
07-18 12:29:08.501 32521 32521 D SubscriptionRepository: getSelectableSubscriptionInfoList: [[SubscriptionInfo: id=1 iccId=890102405[****] simSlotIndex=0 portIndex=0 isEmbedded=false carrierId=1467 displayName=CLARO carrierName=CLARO isOpportunistic=false groupUuid=null groupOwner= isGroupDisabled=false displayNameSource=SIM_SPN iconTint=-4716942 number= dataRoaming=0 mcc=370 mnc=02 ehplmns=[] hplmns=[37002, 37002] cardString=890102405[****] cardId=0 nativeAccessRules=null carrierConfigAccessRules=[cert: 2333F4065B9F054363CA63D1866CC168F45D641645B31131B14E173B9C922D15 pkg: co.sitic.pp access: 0, cert: 14D54C64599A3E9A3B766239B160DE3935093E0A pkg: co.sitic.pp access: 0, cert: F54CAC11D5AF77A5F10C21D536AD5D1C40B00D63A92CAB917AA84DC714D622D8 pkg: co.sitic.pp access: 0] countryIso=do profileClass=-1 mType=LOCAL_SIM areUiccApplicationsEnabled=true usageSetting=DEFAULT isOnlyNonTerrestrialNetwork=false serviceCapabilities=[1, 2, 3] transferStatus=0]]
07-18 12:29:08.502 32521 32521 D SubscriptionUtil: remove cached display name : 1
