07-18 14:05:43.817  3916  3916 I adbd    : adbd service requested 'shell,v2:getprop'
07-18 14:05:43.894 17875 17881 I BpBinder: onLastStrongRef automatically unlinking death recipients: 
07-18 14:05:43.926 17875 17882 W System  : A resource failed to call close. 
07-18 14:05:43.927 17875 17882 W fb4a.d8f: AsyncDrawable with url https://lookaside.facebook.com/ras/v2/?id=AQACHbcaDXk4&cfg=d$1.5x wasn't hidden before it was GC'd. Please call setVisible(false, ___ ) in View.onDetachedFromWindow()
07-18 14:05:43.932  1055  1222 D ActivityManager: Skip enqueue broadcast because no receiver with Intent { act=com.android.server.action.NETWORK_STATS_UPDATED flg=0x40000010 }
07-18 14:05:43.936  1055  1399 D ActivityManager: Skip enqueue broadcast because no receiver with Intent { act=X.3JD.NETWORKING_ACTIVE flg=0x10 (has extras) }
07-18 14:05:43.950   609   609 D enhanceHAL: sunlightRead: current ambient = 2080
07-18 14:05:44.047  3916  3916 I adbd    : adbd service requested 'sync:'
07-18 14:05:44.084  1055  1190 I InputReader: processEventsLocked: type=1 Count=6 code=330 value=1 deviceId=4 when=1108419826399000
07-18 14:05:44.084  1055  1190 D InputReader: dispatchTouches action DOWN now(ns): 1108419826773345
07-18 14:05:44.088 23614 23614 E wfh     : right onTouchEvent forceTouchable :false
07-18 14:05:44.089 23614 23614 D b/318590728: onInterceptTouchEvent: MotionEvent { action=ACTION_DOWN, actionButton=0, id[0]=0, x[0]=298.0, y[0]=832.0, toolType[0]=TOOL_TYPE_FINGER, buttonState=0, classification=NONE, metaState=0, flags=0x0, edgeFlags=0x0, pointerCount=1, historySize=0, eventTime=1108419826, downTime=1108419826, deviceId=4, source=0x1002, displayId=0, eventId=629535023 }
07-18 14:05:44.121  3916  3916 I adbd    : adbd service requested 'shell,v2:wm size'
07-18 14:05:44.135  1055  1190 I InputReader: processEventsLocked: type=3 Count=4 code=57 value=-1 deviceId=4 when=1108419877061000
07-18 14:05:44.135  1055  1190 D InputReader: dispatchTouches action UP now(ns): 1108419877728383
07-18 14:05:44.160  1055  4378 W ActivityTaskManager: callingPackage for (uid=-1, pid=-1) has no WPC
07-18 14:05:44.160  1055  4378 D BLASTSyncEngine: SyncGroup 14229-Transition-TO_FRONT started
07-18 14:05:44.168 23614 23614 D TaskView: launchAsStaticTile - startActivityFromRecents: [3195]
07-18 14:05:44.168 23614 23614 D b/310064698: [3195] - onClick - callbackList: com.android.launcher3.util.RunnableList@811b5ff
07-18 14:05:44.169 23614 23614 D StatsLog: LAUNCHER_TASK_LAUNCH_TAP
07-18 14:05:44.169  3074  3095 V WindowManagerShell: Transition requested (#14229): android.os.BinderProxy@88320df TransitionRequestInfo { type = TO_FRONT, triggerTask = TaskInfo{userId=0 taskId=3195 displayId=0 isRunning=true baseIntent=Intent { flg=0x10000000 cmp=com.example.controlhorario/.MainActivity } baseActivity=ComponentInfo{com.example.controlhorario/com.example.controlhorario.MainActivity} topActivity=ComponentInfo{com.example.controlhorario/com.example.controlhorario.MainActivity} origActivity=null realActivity=ComponentInfo{com.example.controlhorario/com.example.controlhorario.MainActivity} numActivities=1 lastActiveTime=1668284791 supportsMultiWindow=true resizeMode=1 isResizeable=true minWidth=-1 minHeight=-1 defaultMinSize=220 token=WCT{android.window.IWindowContainerToken$Stub$Proxy@f53212c} topActivityType=1 pictureInPictureParams=null shouldDockBigOverlays=false launchIntoPipHostTaskId=-1 lastParentTaskIdBeforePip=-1 displayCutoutSafeInsets=Rect(0, 36 - 0, 0) topActivityInfo=ActivityInfo{e88b7f5 com.example.controlhorario.MainActivity} launchCookies=[] positionInParent=Point(0, 0) parentTaskId=-1 isFocused=false isVisible=false isVisibleRequested=false isSleeping=false locusId=null displayAreaFeatureId=1 isTopActivityTransparent=false appCompatTaskInfo=AppCompatTaskInfo { topActivityInSizeCompat=false topActivityEligibleForLetterboxEducation= falseisLetterboxEducationEnabled= false isLetterboxDoubleTapEnabled= false topActivityEligibleForUserAspectRatioButton= false topActivityBoundsLetterboxed= false isFromLetterboxDoubleTap= false topActivityLetterboxVerticalPosition= -1 topActivityLetterboxHorizontalPosition= -1 topActivityLetterboxWidth=576 topActivityLetterboxHeight=1280 isUserFullscreenOverrideEnabled=false isSystemFullscreenOverrideEnabled=false cameraCompatTaskInfo=CameraCompatTaskInfo { cameraCompatControlState=hidden freeformCameraCompatMode=inactive}}}, pipTask = null, remoteTransition = RemoteTransition { remoteTransition = android.window.IRemoteTransition$Stub$Proxy@4c1298a, appThread = android.app.IApplicationThread$Stub$Proxy@ba2ebfb, debugName = QuickstepLaunch }, displayChange = null, flags = 0, debugId = 14229 }
07-18 14:05:44.170  3074  3095 V WindowManagerShell: RemoteTransition directly requested for (#14229) android.os.BinderProxy@88320df: RemoteTransition { remoteTransition = android.window.IRemoteTransition$Stub$Proxy@4c1298a, appThread = android.app.IApplicationThread$Stub$Proxy@ba2ebfb, debugName = QuickstepLaunch }
07-18 14:05:44.170  3074  6347 D mali_gralloc: register: id=25900053bf4, handle=0xb40000762417c7d0, importpid=3074
07-18 14:05:44.171 23614  5342 D SessionLifecycleClient: Sending lifecycle 2 to service
07-18 14:05:44.172 23614 23614 W SplitSelectStateCtor: Missing session instanceIds
07-18 14:05:44.172 23614  5481 D SessionLifecycleService: Activity backgrounding at 1108419913
07-18 14:05:44.172 23614 23614 D StatsLog: LAUNCHER_SPLIT_SELECTION_EXIT_INTERRUPTED
07-18 14:05:44.175  1055  1399 D WindowManager: setFocusedApp mFocusedApp = ActivityRecord{7fd1256 u0 com.example.controlhorario/.MainActivity t3195 d0}displayId = 0Callers = com.android.server.wm.ActivityTaskManagerService.setLastResumedActivityUncheckLocked:5100 com.android.server.wm.ActivityTaskSupervisor.updateTopResumedActivityIfNeeded:2341 com.android.server.wm.TaskFragment.setResumedActivity:617 com.android.server.wm.TaskFragment.onActivityStateChanged:970 com.android.server.wm.ActivityRecord.setState:6230 com.android.server.wm.TaskFragment.resumeTopActivity:1583 
07-18 14:05:44.175  1055  1399 D InputDispatcher: setFocusedApplication displayId=0 ActivityRecord{7fd1256 u0 com.example.controlhorario/.MainActivity t3195 d0}
07-18 14:05:44.181   657   657 I BpBinder: onLastStrongRef automatically unlinking death recipients: 
07-18 14:05:44.186 17216 17216 W WindowOnBackDispatcher: OnBackInvokedCallback is not enabled for the application.
07-18 14:05:44.186 17216 17216 W WindowOnBackDispatcher: Set 'android:enableOnBackInvokedCallback="true"' in the application manifest.
07-18 14:05:44.192  3074  3095 D WindowManagerShell: onActivityRestartAttempt: ComponentInfo{com.example.controlhorario/com.example.controlhorario.MainActivity}
07-18 14:05:44.192  3074  3095 D WindowManagerShell: setLauncherKeepClearAreaHeight: visible=false, height=186
07-18 14:05:44.197   657   657 I SurfaceFlinger: updating visibility visibleForInput:1, Snapshot{TraversalPath{.id = 208993}127bdca SnapshotStartingWindow for taskId=3195#208993 isVisible=1 {hidden by parent or layer flag} changes=Created | Metadata | FrameRate layerStack=0 geomLayerBounds={-5760,-13973.2,11626.8,5760} geomLayerTransform={tx=0,ty=1173.16}}
07-18 14:05:44.198   657   657 I SurfaceFlinger: updating visibility visibleForInput:0, Snapshot{TraversalPath{.id = 208993}127bdca SnapshotStartingWindow for taskId=3195#208993 isVisible=0 {hidden by parent or layer flag} changes=Created | Metadata | Visibility | FrameRate layerStack=0 geomLayerBounds={-5760,-13973.2,11626.8,5760} geomLayerTransform={tx=0,ty=1173.16}}
07-18 14:05:44.201  3916  3916 I adbd    : adbd service requested 'shell,v2:/data/local/tmp/.studio/process-tracker --interval 1000'
07-18 14:05:44.211  1055  1524 D SSense.GalleryAppSceneRecognizer: GalleryAppScene for uid:10253 pkg name:com.DDU.launcher sceneId:0 changed:false mCurrentFlingAppName:null
07-18 14:05:44.211  1055  1524 D SSense.GalleryAppSceneRecognizer: GalleryAppScene for uid:10275 pkg name:com.example.controlhorario sceneId:0 changed:false mCurrentFlingAppName:null
07-18 14:05:44.214   657   657 I SurfaceFlinger: updating visibility visibleForInput:1, Snapshot{TraversalPath{.id = 208994}SnapshotStartingWindow for taskId=3195#208994 isVisible=1 {hidden by parent or layer flag} changes=Created | Hierarchy | Input | Metadata | AffectsChildren | FrameRate layerStack=0 geomLayerBounds={-5760,-13973.2,11626.8,5760} geomLayerTransform={tx=0,ty=1173.16}}
07-18 14:05:44.214   657   657 I SurfaceFlinger: updating visibility visibleForInput:0, Snapshot{TraversalPath{.id = 208994}SnapshotStartingWindow for taskId=3195#208994 isVisible=0 {hidden by parent or layer flag} changes=Created | Hierarchy | Input | Metadata | Visibility | AffectsChildren | FrameRate layerStack=0 geomLayerBounds={-5760,-13973.2,11626.8,5760} geomLayerTransform={tx=0,ty=1173.16}}
07-18 14:05:44.220  3074  3100 V SnapshotDrawerUtils: Drawing snapshot surface sizeMismatch=false
07-18 14:05:44.220   657   690 D mali_gralloc: register: id=25900053bf4, handle=0xb4000070db98f150, importpid=657
07-18 14:05:44.221   657   699 D mali_gralloc: unregister: id=25900053bec, handle=0xb4000070db99f9b0, base=0x0, importpid=657, clone_count=0
07-18 14:05:44.221 17875 17985 W fb4a.3Ak: FeedUnit is not GraphQLStory so can't extract actors.FeedUnitType:FriendRequestsFeedUnit
07-18 14:05:44.222  3074  3100 D mali_gralloc: unregister: id=25900053bf4, handle=0xb40000762417c7d0, base=0x0, importpid=3074, clone_count=0
07-18 14:05:44.226 17875 18010 W fb4a.CSRStoryCollectionWorker: defer debug: addNetworkStoriesToPool looks like re-delivery, storiesAdded=1 previousPoolSize=1 newPoolSize=1 stateMachineState=INITIAL
07-18 14:05:44.230  1055  1080 D BLASTSyncEngine: finishNow mActiveSyncs.remove: 14229
07-18 14:05:44.230   657   657 I SurfaceFlinger: updating visibility visibleForInput:1, Snapshot{TraversalPath{.id = 208995}Transition Root: Task=3195#208995 isVisible=1 {hidden by parent or layer flag} changes=Created | Metadata | FrameRate layerStack=0 geomLayerBounds={-5760,-12800,12800,5760} geomLayerTransform={tx=0,ty=0}}
07-18 14:05:44.231   657   657 I SurfaceFlinger: updating visibility visibleForInput:0, Snapshot{TraversalPath{.id = 208995}Transition Root: Task=3195#208995 isVisible=0 {hidden by parent or layer flag} changes=Created | Metadata | Visibility | FrameRate layerStack=0 geomLayerBounds={-5760,-12800,12800,5760} geomLayerTransform={tx=0,ty=0}}
07-18 14:05:44.231  3074  3197 V WindowManagerShell: onTransitionReady(transaction=4531191168072)
07-18 14:05:44.233  1055  1076 V WindowManager: Sent Transition (#14229) createdAt=07-18 14:05:44.160 via request=TransitionRequestInfo { type = TO_FRONT, triggerTask = TaskInfo{userId=0 taskId=3195 displayId=0 isRunning=true baseIntent=Intent { flg=0x10000000 cmp=com.example.controlhorario/.MainActivity } baseActivity=ComponentInfo{com.example.controlhorario/com.example.controlhorario.MainActivity} topActivity=ComponentInfo{com.example.controlhorario/com.example.controlhorario.MainActivity} origActivity=null realActivity=ComponentInfo{com.example.controlhorario/com.example.controlhorario.MainActivity} numActivities=1 lastActiveTime=1668284791 supportsMultiWindow=true resizeMode=1 isResizeable=true minWidth=-1 minHeight=-1 defaultMinSize=220 token=WCT{RemoteToken{d9473b6 Task{c362573 #3195 type=standard A=10275:com.example.controlhorario}}} topActivityType=1 pictureInPictureParams=null shouldDockBigOverlays=false launchIntoPipHostTaskId=-1 lastParentTaskIdBeforePip=-1 displayCutoutSafeInsets=Rect(0, 36 - 0, 0) topActivityInfo=ActivityInfo{83ae8b7 com.example.controlhorario.MainActivity} launchCookies=[] positionInParent=Point(0, 0) parentTaskId=-1 isFocused=false isVisible=false isVisibleRequested=false isSleeping=false locusId=null displayAreaFeatureId=1 isTopActivityTransparent=false appCompatTaskInfo=AppCompatTaskInfo { topActivityInSizeCompat=false topActivityEligibleForLetterboxEducation= falseisLetterboxEducationEnabled= false isLetterboxDoubleTapEnabled= false topActivityEligibleForUserAspectRatioButton= false topActivityBoundsLetterboxed= false isFromLetterboxDoubleTap= false topActivityLetterboxVerticalPosition= -1 topActivityLetterboxHorizontalPosition= -1 topActivityLetterboxWidth=576 topActivityLetterboxHeight=1280 isUserFullscreenOverrideEnabled=false isSystemFullscreenOverrideEnabled=false cameraCompatTaskInfo=CameraCompatTaskInfo { cameraCompatControlState=hidden freeformCameraCompatMode=inactive}}}, pipTask = null, remoteTransition = RemoteTransition { remoteTransition = android.window.IRemoteTransition$Stub$Proxy@5ae7b0f, appThread = android.app.IApplicationThread$Stub$Proxy@163279c, debugName = QuickstepLaunch }, displayChange = null, flags = 0, debugId = 14229 }
07-18 14:05:44.233  1055  1076 V WindowManager:     startWCT=WindowContainerTransaction { changes = {} hops = [] errorCallbackToken=null taskFragmentOrganizer=null }
07-18 14:05:44.233  1055  1076 V WindowManager:     info={id=14229 t=TO_FRONT f=0x0 trk=0 r=[0@Point(0, 0)] c=[
07-18 14:05:44.233  1055  1076 V WindowManager:         {WCT{RemoteToken{d9473b6 Task{c362573 #3195 type=standard A=10275:com.example.controlhorario}}} m=TO_FRONT f=MOVE_TO_TOP leash=Surface(name=Task=3195#208972)/@0xc4ffde2 sb=Rect(0, 0 - 576, 1280) eb=Rect(0, 0 - 576, 1280) d=0 taskParent=-1},
07-18 14:05:44.233  1055  1076 V WindowManager:         {WCT{RemoteToken{d1b948e Task{13a4421 #2979 type=home}}} m=TO_BACK f=SHOW_WALLPAPER leash=Surface(name=Task=2979#208174)/@0x4725461 sb=Rect(0, 0 - 576, 1280) eb=Rect(0, 0 - 576, 1280) d=0 taskParent=-1}
07-18 14:05:44.233  1055  1076 V WindowManager:     ]}
07-18 14:05:44.234  3074  3095 V WindowManagerShell: onTransitionReady (#14229) android.os.BinderProxy@88320df: {id=14229 t=TO_FRONT f=0x0 trk=0 r=[0@Point(0, 0)] c=[{WCT{android.window.IWindowContainerToken$Stub$Proxy@224eaa9} m=TO_FRONT f=MOVE_TO_TOP leash=Surface(name=Task=3195#208972)/@0xf555fe2 sb=Rect(0, 0 - 576, 1280) eb=Rect(0, 0 - 576, 1280) d=0 taskParent=-1},{WCT{android.window.IWindowContainerToken$Stub$Proxy@ed982e} m=TO_BACK f=SHOW_WALLPAPER leash=Surface(name=Task=2979#208174)/@0x55cdf73 sb=Rect(0, 0 - 576, 1280) eb=Rect(0, 0 - 576, 1280) d=0 taskParent=-1}]}
07-18 14:05:44.234  3074  3095 V WindowManagerShell: Playing animation for (#14229) android.os.BinderProxy@88320df@0
07-18 14:05:44.234  3074  3095 V WindowManagerShell:  try firstHandler com.android.wm.shell.transition.DefaultMixedHandler@7cd5bf6
07-18 14:05:44.241  1055  1068 W UserManagerService: Requested status bar icon for non-badged user 0
07-18 14:05:44.245   629   629 D PowerHAL: Enter getSceneIdByName: sceneName:com.example.controlhorario
07-18 14:05:44.245   629   629 E PowerHAL: get_scene_id: PowerHAL is not inited
07-18 14:05:44.245   629   629 D PowerHAL: Enter getSceneIdByName: sceneName:PACKAGE
07-18 14:05:44.245   629   629 E PowerHAL: get_scene_id: PowerHAL is not inited
07-18 14:05:44.247   657   657 I SurfaceFlinger: updating visibility visibleForInput:1, Snapshot{TraversalPath{.id = 208996}Surface(name=b0c0c2c StatusBar#208200)/@0x6f78c8a - animation-leash of insets_animation#208996 isVisible=1 {nothing to draw} changes=Created | Hierarchy | Geometry | Z | Metadata | AffectsChildren | FrameRate | VisibleRegion layerStack=0 geomLayerBounds={-5760,-12800,12800,5760} geomLayerTransform={tx=0,ty=0}}
07-18 14:05:44.247   657   657 I SurfaceFlinger: updating visibility visibleForInput:1, Snapshot{TraversalPath{.id = 208997}Surface(name=bfde507 NavigationBar0#208196)/@0x7333c5d - animation-leash of insets_animation#208997 isVisible=1 {nothing to draw} changes=Created | Hierarchy | Geometry | Z | Metadata | AffectsChildren | FrameRate | VisibleRegion layerStack=0 geomLayerBounds={-5760,-14008,11592,5760} geomLayerTransform={tx=0,ty=1208}}
07-18 14:05:44.248   657   657 I SurfaceFlinger: updating visibility visibleForInput:0, Snapshot{TraversalPath{.id = 208996}Surface(name=b0c0c2c StatusBar#208200)/@0x6f78c8a - animation-leash of insets_animation#208996 isVisible=0 {nothing to draw} changes=Created | Hierarchy | Geometry | Z | Metadata | Visibility | AffectsChildren | FrameRate | VisibleRegion layerStack=0 geomLayerBounds={-5760,-12800,12800,5760} geomLayerTransform={tx=0,ty=0}}
07-18 14:05:44.248   657   657 I SurfaceFlinger: updating visibility visibleForInput:0, Snapshot{TraversalPath{.id = 208997}Surface(name=bfde507 NavigationBar0#208196)/@0x7333c5d - animation-leash of insets_animation#208997 isVisible=0 {nothing to draw} changes=Created | Hierarchy | Geometry | Z | Metadata | Visibility | AffectsChildren | FrameRate | VisibleRegion layerStack=0 geomLayerBounds={-5760,-14008,11592,5760} geomLayerTransform={tx=0,ty=1208}}
07-18 14:05:44.255  1055  1399 D UFwDisplayJamMonitorImpl: Switch focus to Window{bcd3071 u0 com.example.controlhorario/com.example.controlhorario.MainActivity}, [type=1, isChildWindow=false]-[Surface(name=*Title#208998)/@0x28ae721, shown=false, windowType=1] on APP(ActivityRecord{7fd1256 u0 com.example.controlhorario/.MainActivity t3195 d0}) from null, newWindowHandle = bcd3071 com.example.controlhorario/com.example.controlhorario.MainActivity, frame=[Rect(0, 0 - 0, 0)], touchableRegion=SkRegion(), scaleFactor=1.0, transform=null, windowToken=android.os.BinderProxy@f8c7e18, displayId=0, isClone=false, contentSize=0x0, alpha=0.0, canOccludePresentation=false, changed=true mGlobalScale=1.0 mCompatScale=1.0 mInvGlobalScale=1.0
07-18 14:05:44.255  3074  3095 V WindowManagerShell: Mixed transition for opening an intent with a remote transition and PIP #14229
07-18 14:05:44.258  3074  3095 V WindowManagerShell:  Delegate animation for (#14229) to RemoteTransition { remoteTransition = android.window.IRemoteTransition$Stub$Proxy@4c1298a, appThread = android.app.IApplicationThread$Stub$Proxy@ba2ebfb, debugName = QuickstepLaunch }
07-18 14:05:44.261  3074  3095 V WindowManagerShell:  animated by firstHandler
07-18 14:05:44.261   601 17157 I mali_gralloc: allocate: id=25900053bf5, halFormat=RGBA8888, maliFormat=RGBA8888, afbc=SPLIT, usage=GPU_RW|HWC, size=576x1280(2995200), stride=576, name=VRI[MainActivity]#1(BLAST Consumer)1, costTime=0ms465us654
07-18 14:05:44.262 17216 18128 D mali_gralloc: register: id=25900053bf5, handle=0xb40000762418ac30, importpid=17216
07-18 14:05:44.264   657   657 I SurfaceFlinger: updating visibility visibleForInput:1, Snapshot{TraversalPath{.id = 208998}com.example.controlhorario/com.example.controlhorario.MainActivity#208998 isVisible=1 {hidden by parent or layer flag} changes=Created | Geometry | Metadata | Visibility | AffectsChildren | FrameRate | VisibleRegion layerStack=0 geomLayerBounds={-5760,-13973.2,11626.8,5760} geomLayerTransform={tx=0,ty=1173.16}}
07-18 14:05:44.264   657   657 I SurfaceFlinger: updating visibility visibleForInput:0, Snapshot{TraversalPath{.id = 208998}com.example.controlhorario/com.example.controlhorario.MainActivity#208998 isVisible=0 {hidden by parent or layer flag} changes=Created | Geometry | Metadata | Visibility | AffectsChildren | FrameRate | VisibleRegion layerStack=0 geomLayerBounds={-5760,-13973.2,11626.8,5760} geomLayerTransform={tx=0,ty=1173.16}}
07-18 14:05:44.266   601 17157 I mali_gralloc: allocate: id=25900053bf6, halFormat=RGBA8888, maliFormat=RGBA8888, afbc=SPLIT, usage=GPU_RW|HWC, size=576x1280(2995200), stride=576, name=VRI[MainActivity]#1(BLAST Consumer)1, costTime=3ms581us192
07-18 14:05:44.267 17216 18128 D mali_gralloc: register: id=25900053bf6, handle=0xb40000762418ee90, importpid=17216
07-18 14:05:44.267   601 17157 I mali_gralloc: allocate: id=25900053bf7, halFormat=RGBA8888, maliFormat=RGBA8888, afbc=SPLIT, usage=GPU_RW|HWC, size=576x1280(2995200), stride=576, name=VRI[MainActivity]#1(BLAST Consumer)1, costTime=0ms443us577
07-18 14:05:44.268 17216 18128 D mali_gralloc: register: id=25900053bf7, handle=0xb400007624191ef0, importpid=17216
07-18 14:05:44.273 11204 11204 I cbbm    : onPause
07-18 14:05:44.275 11204 11204 W drck    : measuring already stopped.
07-18 14:05:44.280   657   657 I SurfaceFlinger: updating visibility visibleForInput:1, Snapshot{TraversalPath{.id = 209000}Surface(name=Task=2979#208174)/@0x727ba85_transition-leash#209000 isVisible=1 {nothing to draw} changes=Created | Hierarchy | Z | Parent | Metadata | Visibility | AffectsChildren | FrameRate | VisibleRegion layerStack=0 geomLayerBounds={-5760,-12800,12800,5760} geomLayerTransform={tx=0,ty=0}}
07-18 14:05:44.281   657   657 I SurfaceFlinger: updating visibility visibleForInput:1, Snapshot{TraversalPath{.id = 208999}Surface(name=Task=3195#208972)/@0x4ef3ac9_transition-leash#208999 isVisible=1 {alpha = 0 and no blur} changes=Created | Hierarchy | Content | Input | Z | Parent | Metadata | Visibility | AffectsChildren | FrameRate | VisibleRegion layerStack=0 geomLayerBounds={-5760,-12800,12800,5760} geomLayerTransform={tx=0,ty=0}}
07-18 14:05:44.281   657   657 I SurfaceFlinger: updating visibility visibleForInput:1, Snapshot{TraversalPath{.id = 208979}74ad471 ActivityRecordInputSink com.example.controlhorario/.MainActivity#208979 isVisible=0 {alpha = 0 and no blur} changes=Hierarchy | Geometry | Input | Metadata | Visibility | AffectsChildren | FrameRate layerStack=0 geomLayerBounds={0,0,1280,576} geomLayerTransform={tx=0,ty=0}} input{(NO_INPUT_CHANNEL | NOT_FOCUSABLE | NOT_TOUCHABLE) replaceTouchableRegionWithCrop touchableRegion={0,0,0,0}}
07-18 14:05:44.281  1055  1226 D WifiStaIfaceHidlImpl: getCachedScanData is not implemented by HIDL
07-18 14:05:44.281   657   657 I SurfaceFlinger: updating visibility visibleForInput:0, Snapshot{TraversalPath{.id = 209000}Surface(name=Task=2979#208174)/@0x727ba85_transition-leash#209000 isVisible=0 {nothing to draw} changes=Created | Hierarchy | Z | Parent | Metadata | Visibility | AffectsChildren | FrameRate | VisibleRegion layerStack=0 geomLayerBounds={-5760,-12800,12800,5760} geomLayerTransform={tx=0,ty=0}}
07-18 14:05:44.281   657   657 I SurfaceFlinger: updating visibility visibleForInput:0, Snapshot{TraversalPath{.id = 208999}Surface(name=Task=3195#208972)/@0x4ef3ac9_transition-leash#208999 isVisible=0 {alpha = 0 and no blur} changes=Created | Hierarchy | Content | Input | Z | Parent | Metadata | Visibility | AffectsChildren | FrameRate | VisibleRegion layerStack=0 geomLayerBounds={-5760,-12800,12800,5760} geomLayerTransform={tx=0,ty=0}}
07-18 14:05:44.284 23614 23614 E Launcher: launcher onClick desktopTasksVisible:false,mInOverviewState:true
07-18 14:05:44.284 23614 23614 E Launcher: launcher onClick desktopTasksVisible:false,mInOverviewState:true
07-18 14:05:44.284 23614 23614 D b/311077782: LauncherAnimationRunner.setAnimation
07-18 14:05:44.288 23614 23643 E TAG     : GroupedRecentTaskInfo: android.os.Parcel@7b2dafb
07-18 14:05:44.288 23614 23643 E TAG     : GroupedRecentTaskInfo: android.os.Parcel@7b2dafb
07-18 14:05:44.288 23614 23643 E TAG     : GroupedRecentTaskInfo: android.os.Parcel@7b2dafb
07-18 14:05:44.290  3074  3095 V WindowManagerShell: Transition animation finished (aborted=false), notifying core (#14229) android.os.BinderProxy@88320df@0
07-18 14:05:44.291   657   927 D mali_gralloc: register: id=25900053bf7, handle=0xb4000070db977990, importpid=657
07-18 14:05:44.292  1055  1226 I HalDevMgr: bestIfaceCreationProposal is null, requestIface=STA, existingIface=[name=wlan0 type=STA]
07-18 14:05:44.293  1055  1076 V WindowManager: Finish Transition (#14229): created at 07-18 14:05:44.160 collect-started=0.171ms request-sent=6.465ms started=30.273ms ready=30.245ms sent=68.558ms finished=132.007ms
07-18 14:05:44.295 11204 11204 D VRI[GoogleDiscoverWindow]: visibilityChanged oldVisibility=true newVisibility=false
07-18 14:05:44.295  3074  3095 V WindowManagerShell: Track 0 became idle
07-18 14:05:44.295  3074  3095 V WindowManagerShell: All active transition animations finished
07-18 14:05:44.296  1055  1080 D ActivityManager: remove com.example.controlhorario from ColdStartingAppList
07-18 14:05:44.297   657   657 I SurfaceFlinger: updating visibility visibleForInput:0, Snapshot{TraversalPath{.id = 191725}17522a5 ActivityRecordInputSink com.DDU.launcher/com.freeme.launcher.FreemeLauncher#191725 isVisible=0 {hidden by parent or layer flag} changes=Hierarchy | Visibility | AffectsChildren | FrameRate layerStack=0 geomLayerBounds={-5760,-12800,12800,5760} geomLayerTransform={tx=0,ty=0}} input{(NO_INPUT_CHANNEL | NOT_FOCUSABLE | NOT_TOUCHABLE) replaceTouchableRegionWithCrop touchableRegion={0,0,0,0}}
07-18 14:05:44.297   657   657 I SurfaceFlinger: updating visibility visibleForInput:0, Snapshot{TraversalPath{.id = 208988}com.DDU.launcher/com.freeme.launcher.FreemeLauncher#208988 isVisible=1 {hidden by parent or layer flag} changes=Hierarchy | Visibility | AffectsChildren | FrameRate layerStack=0 geomLayerBounds={0,0,1280,576} geomLayerTransform={tx=0,ty=0}} input{(NO_INPUT_CHANNEL | NOT_FOCUSABLE | NOT_TOUCHABLE | PREVENT_SPLITTING | DUPLICATE_TOUCH_TO_WALLPAPER | PAUSE_DISPATCHING) touchableRegion={0,0,0,0}}
07-18 14:05:44.297   657   657 I SurfaceFlinger: updating visibility visibleForInput:1, Snapshot{TraversalPath{.id = 208994}SnapshotStartingWindow for taskId=3195#208994 isVisible=0 { buffer=2821793722130 frame=100 color{< 0, 0, 0, 1 >}} changes=Hierarchy | Geometry | AffectsChildren | FrameRate layerStack=0 geomLayerBounds={0,0,1280,576} geomLayerTransform={tx=0,ty=0}} input{(NO_INPUT_CHANNEL | NOT_FOCUSABLE | NOT_TOUCHABLE | PREVENT_SPLITTING) touchableRegion={0,0,0,0}}
07-18 14:05:44.300  1055  1399 W UserManagerService: Requested status bar icon for non-badged user 0
07-18 14:05:44.300   602   602 D mali_gralloc: unregister: id=25900053bf2, handle=0xb40000748e7b6950, base=0x0, importpid=602, clone_count=0
07-18 14:05:44.300   602   602 D mali_gralloc: unregister: id=25900053bf1, handle=0xb40000748e7b77f0, base=0x0, importpid=602, clone_count=0
07-18 14:05:44.300   602   602 D mali_gralloc: unregister: id=25900053bf3, handle=0xb40000748e7b6290, base=0x0, importpid=602, clone_count=0
07-18 14:05:44.301   602   602 D SPRDHWComposer: HWC Range:1, HWC_Transfer:4
07-18 14:05:44.301   602   602 D mali_gralloc: register: id=25900053bf4, handle=0xb40000748e7b6290, importpid=602
07-18 14:05:44.301  1055  1068 W UserManagerService: Requested status bar icon for non-badged user 0
07-18 14:05:44.302 11204 11237 D mali_gralloc: unregister: id=25900053bf0, handle=0xb4000076241d0290, base=0x0, importpid=11204, clone_count=0
07-18 14:05:44.303 11204 11237 D mali_gralloc: unregister: id=25900053bef, handle=0xb4000076241bb7d0, base=0x0, importpid=11204, clone_count=0
07-18 14:05:44.304  1055  1524 D SSense.GalleryAppSceneRecognizer: GalleryAppScene for uid:10275 pkg name:com.example.controlhorario sceneId:0 changed:false mCurrentFlingAppName:null
07-18 14:05:44.305 23614 23614 D b/310064698: [3195] - onClick - launchCompleted
07-18 14:05:44.305 23614 23614 D VRI[FreemeLauncher]: visibilityChanged oldVisibility=true newVisibility=false
07-18 14:05:44.305  1055  1076 D AppOps  : evalModeInternal: uid = 10253, code = 1, uidState = 500, uidCapability = 56, opCapability = 1
07-18 14:05:44.309 23614 23614 D BaseDepthController: setSurface:
07-18 14:05:44.309 23614 23614 D BaseDepthController: 	mWaitingOnSurfaceValidity: false
07-18 14:05:44.309 23614 23614 D BaseDepthController: 	mSurface: null
07-18 14:05:44.310  1055  1100 D AppOps  : evalModeInternal: uid = 10253, code = 1, uidState = 500, uidCapability = 56, opCapability = 1
07-18 14:05:44.311 23614 23614 D StateManager: goToState - fromState: Overview, toState: Normal, partial trace:
07-18 14:05:44.311 23614 23614 D StateManager: 	at com.android.launcher3.statemanager.StateManager.moveToRestState(SourceFile:4)
07-18 14:05:44.311 23614 23614 D StateManager: 	at com.android.launcher3.statemanager.StateManager.moveToRestState(SourceFile:1)
07-18 14:05:44.311 23614 23614 D StateManager: 	at com.android.launcher3.statemanager.StatefulActivity.onStop(SourceFile:33)
07-18 14:05:44.311 23614 23614 D StateManager: java.lang.Throwable
07-18 14:05:44.311 23614 23614 D StateManager: 	at com.android.launcher3.statemanager.StateManager.goToState(SourceFile:8)
07-18 14:05:44.311 23614 23614 D StateManager: 	at com.android.launcher3.statemanager.StateManager.goToState(SourceFile:3)
07-18 14:05:44.311 23614 23614 D StateManager: 	at com.android.launcher3.statemanager.StateManager.moveToRestState(SourceFile:4)
07-18 14:05:44.311 23614 23614 D StateManager: 	at com.android.launcher3.statemanager.StateManager.moveToRestState(SourceFile:1)
07-18 14:05:44.311 23614 23614 D StateManager: 	at com.android.launcher3.statemanager.StatefulActivity.onStop(SourceFile:33)
07-18 14:05:44.311 23614 23614 D StateManager: 	at com.android.launcher3.Launcher.onStop(SourceFile:0)
07-18 14:05:44.311 23614 23614 D StateManager: 	at com.freeme.launcher.FreemeLauncher.onStop(SourceFile:0)
07-18 14:05:44.311 23614 23614 D StateManager: 	at android.app.Instrumentation.callActivityOnStop(Instrumentation.java:1742)
07-18 14:05:44.311 23614 23614 D StateManager: 	at android.app.Activity.performStop(Activity.java:9333)
07-18 14:05:44.311 23614 23614 D StateManager: 	at android.app.ActivityThread.callActivityOnStop(ActivityThread.java:5807)
07-18 14:05:44.311 23614 23614 D StateManager: 	at android.app.ActivityThread.performStopActivityInner(ActivityThread.java:5787)
07-18 14:05:44.311 23614 23614 D StateManager: 	at android.app.ActivityThread.handleStopActivity(ActivityThread.java:5851)
07-18 14:05:44.311 23614 23614 D StateManager: 	at android.app.servertransaction.StopActivityItem.execute(StopActivityItem.java:40)
07-18 14:05:44.311 23614 23614 D StateManager: 	at android.app.servertransaction.ActivityTransactionItem.execute(ActivityTransactionItem.java:60)
07-18 14:05:44.311 23614 23614 D StateManager: 	at android.app.servertransaction.TransactionExecutor.executeLifecycleItem(TransactionExecutor.java:225)
07-18 14:05:44.311 23614 23614 D StateManager: 	at android.app.servertransaction.TransactionExecutor.executeTransactionItems(TransactionExecutor.java:107)
07-18 14:05:44.311 23614 23614 D StateManager: 	at android.app.servertransaction.TransactionExecutor.execute(TransactionExecutor.java:81)
07-18 14:05:44.311 23614 23614 D StateManager: 	at android.app.ActivityThread$H.handleMessage(ActivityThread.java:2695)
07-18 14:05:44.311 23614 23614 D StateManager: 	at android.os.Handler.dispatchMessage(Handler.java:107)
07-18 14:05:44.311 23614 23614 D StateManager: 	at android.os.Looper.loopOnce(Looper.java:232)
07-18 14:05:44.311 23614 23614 D StateManager: 	at android.os.Looper.loop(Looper.java:317)
07-18 14:05:44.311 23614 23614 D StateManager: 	at android.app.ActivityThread.main(ActivityThread.java:8842)
07-18 14:05:44.311 23614 23614 D StateManager: 	at java.lang.reflect.Method.invoke(Native Method)
07-18 14:05:44.311 23614 23614 D StateManager: 	at com.android.internal.os.RuntimeInit$MethodAndArgsCaller.run(RuntimeInit.java:681)
07-18 14:05:44.311 23614 23614 D StateManager: 	at com.android.internal.os.ZygoteInit.main(ZygoteInit.java:902)
07-18 14:05:44.312 23614 23614 E wfh     : gotostate:Normal
07-18 14:05:44.312 23614 23614 D StateManager: onStateTransitionStart - state: Normal
07-18 14:05:44.312 23614 23614 D RecentsView: updateTaskStackListenerState: false
07-18 14:05:44.312 23614 23614 E Launcher: launcher onClick desktopTasksVisible:false,mInOverviewState:true
07-18 14:05:44.312 23614 23614 E Launcher: launcher onClick desktopTasksVisible:false,mInOverviewState:false
07-18 14:05:44.312 23614 23614 W DesktopVisController: setOverviewStateEnabled: android15 qpr1 add
07-18 14:05:44.314 23614 23614 D StateManager: onStateTransitionEnd - state: Normal
07-18 14:05:44.314   657   657 I SurfaceFlinger: updating visibility visibleForInput:1, Snapshot{TraversalPath{.id = 208998}com.example.controlhorario/com.example.controlhorario.MainActivity#208998 isVisible=0 { buffer=73942156967941 frame=1 color{< 0, 0, 0, 1 >}} changes=Input | Visibility | AffectsChildren | FrameRate | VisibleRegion layerStack=0 geomLayerBounds={0,0,1280,576} geomLayerTransform={tx=0,ty=0}} input{(0x0) touchCropId=208972 touchableRegion={0,0,1280,576}}
07-18 14:05:44.314 23614 23614 D RecentsView: reset - mEnableDrawingLiveTile: false, mRecentsAnimationController: null
07-18 14:05:44.314 11204 11204 D mali_gralloc: unregister: id=25900053bee, handle=0xb4000076241c6cf0, base=0x0, importpid=11204, clone_count=0
07-18 14:05:44.315 23614 23614 E overview: setViewEnabled clear all btn enable
07-18 14:05:44.315 25700 17889 I FusedLocation: (REDACTED) stationary throttling engaged @%s
07-18 14:05:44.315  1055  1068 D AlarmManagerService: set alarm to kernel: 1668354315000000, type=2
07-18 14:05:44.315  1055  1068 D AlarmManagerService: set alarm to kernel: 1668292656000000, type=3
07-18 14:05:44.315  1055  4378 D ActivityManager: Skip enqueue broadcast because no receiver with Intent { act=com.freeme.motion.change.notification flg=0x10 (has extras) }
07-18 14:05:44.316   602   602 D mali_gralloc: unregister: id=259000535f1, handle=0xb40000748e7b52d0, base=0x0, importpid=602, clone_count=0
07-18 14:05:44.317   602   602 D SPRDHWComposer: HWC Range:1, HWC_Transfer:4
07-18 14:05:44.317   602   602 D mali_gralloc: register: id=25900053bf7, handle=0xb40000748e7b52d0, importpid=602
07-18 14:05:44.317  1055  4378 V AlarmManager: set(null) : type=3 listener=android.app.IAlarmListener$Stub$Proxy@467431b listenerTag=FusedLocation:throttling_delivery workSource=WorkSource{10131 com.google.android.gms} callingPackage=com.google.android.gms callingUid=10131 triggerAtTime=1668884892 win=0 tElapsed=1668884892 maxElapsed=1668884892 interval=0 flags=0x21
07-18 14:05:44.318  1055  4378 D AlarmManagerService: set alarm to kernel: 1668354315000000, type=2
07-18 14:05:44.318  1055  4378 D AlarmManagerService: set alarm to kernel: 1668292656000000, type=3
07-18 14:05:44.318  1055  1068 V AlarmManager: set(PendingIntent{84bfcb8: PendingIntentRecord{acc177f com.google.android.gms/com.google.android.gms.scheduler broadcastIntent}}) : type=3 listener=null listenerTag=null workSource=WorkSource{10131 com.google.android.gms} callingPackage=com.google.android.gms callingUid=10131 triggerAtTime=1668290326 win=0 tElapsed=1668293347 maxElapsed=1668293347 interval=0 flags=0x0
07-18 14:05:44.318  1055  1068 D AlarmManagerService: set alarm to kernel: 1668354315000000, type=2
07-18 14:05:44.319  1055  1068 D AlarmManagerService: set alarm to kernel: 1668292656000000, type=3
07-18 14:05:44.319  1055  1068 D AlarmManagerService: set alarm to kernel: 1668354315000000, type=2
07-18 14:05:44.319  1055  1068 D AlarmManagerService: set alarm to kernel: 1668292656000000, type=3
07-18 14:05:44.323 23614 23614 D StatsLog: LAUNCHER_ONSTOP
07-18 14:05:44.323 23614 23614 D DirectBoot: UserLockState mIsUserUnlocked:true
07-18 14:05:44.323 23614 23614 D DirectBoot: UserLockState mIsUserUnlocked:true
07-18 14:05:44.323 23614 23614 D DirectBoot: aaa_widget stopListening mIsUserUnlocked:true
07-18 14:05:44.324 11204 11204 I cbbm    : onStop
07-18 14:05:44.325  1055  1196 I ImeTracker: com.example.controlhorario:645883f0: onRequestHide at ORIGIN_SERVER reason HIDE_UNSPECIFIED_WINDOW fromUser false
07-18 14:05:44.325  1055  1196 I ImeTracker: com.example.controlhorario:645883f0: onCancelled at PHASE_SERVER_SHOULD_HIDE
07-18 14:05:44.327 24923 24923 I GoogleInputMethodService: GoogleInputMethodService.onFinishInput():2276 
07-18 14:05:44.328 23614 23653 D mali_gralloc: unregister: id=25900053bf2, handle=0xb4000076241ccdb0, base=0x0, importpid=23614, clone_count=0
07-18 14:05:44.328 23614 23653 D mali_gralloc: unregister: id=25900053bf3, handle=0xb4000076241810f0, base=0x0, importpid=23614, clone_count=0
07-18 14:05:44.328 23614 23653 D mali_gralloc: unregister: id=25900053bf1, handle=0xb4000076241de270, base=0x0, importpid=23614, clone_count=0
07-18 14:05:44.329 24923 24923 I GoogleInputMethodService: GoogleInputMethodService.onStartInput():1460 onStartInput(EditorInfo{EditorInfo{packageName=com.example.controlhorario, inputType=0, inputTypeString=NULL, enableLearning=false, autoCorrection=false, autoComplete=false, imeOptions=0, privateImeOptions=null, actionName=UNSPECIFIED, actionLabel=null, initialSelStart=-1, initialSelEnd=-1, initialCapsMode=0, label=null, fieldId=0, fieldName=null, extras=null, hintText=null, hintLocales=[]}}, false)
07-18 14:05:44.329   657   699 D mali_gralloc: unregister: id=25900053bf2, handle=0xb4000070db993710, base=0x0, importpid=657, clone_count=0
07-18 14:05:44.329 24923 24923 I LatinIMEBase: LatinIMEBase.updateInputViewCoverNavigation():317 Update input view padding, isNavbarOverInputWindow=false, bottom inset=72
07-18 14:05:44.329 24923 18130 I Module  : DeviceLockedStatusModuleProvider$Module.updateDeviceLockedStatusInternal():129 repeatCheckTimes = 0, locked = false
07-18 14:05:44.330   657   657 I SurfaceFlinger: updating visibility visibleForInput:0, Snapshot{TraversalPath{.id = 208202}com.android.systemui.wallpapers.ImageWallpaper#208202 isVisible=0 {hidden by parent or layer flag} changes=Visibility | AffectsChildren | FrameRate | VisibleRegion layerStack=0 geomLayerBounds={-7200,-16000,16000,7200} geomLayerTransform={tx=0,ty=0}} input{(NOT_FOCUSABLE | NOT_TOUCHABLE | PREVENT_SPLITTING | IS_WALLPAPER) touchableRegion={0,0,1280,576}}
07-18 14:05:44.330   657   657 I SurfaceFlinger: updating visibility visibleForInput:1, Snapshot{TraversalPath{.id = 209001}Surface(name=728d61f InputMethod#144530)/@0x2088f35 - animation-leash of insets_animation#209001 isVisible=1 {hidden by parent or layer flag} changes=Created | Metadata | FrameRate layerStack=0 geomLayerBounds={-5760,-12800,12800,5760} geomLayerTransform={tx=0,ty=0}}
07-18 14:05:44.330   657   657 I SurfaceFlinger: updating visibility visibleForInput:0, Snapshot{TraversalPath{.id = 208203}Wallpaper BBQ wrapper#208203 isVisible=0 {hidden by parent or layer flag} changes=Visibility | AffectsChildren | FrameRate layerStack=0 geomLayerBounds={0,0,1600,720} geomLayerTransform={tx=0,ty=0}}
07-18 14:05:44.331   657   657 I SurfaceFlinger: updating visibility visibleForInput:0, Snapshot{TraversalPath{.id = 209001}Surface(name=728d61f InputMethod#144530)/@0x2088f35 - animation-leash of insets_animation#209001 isVisible=0 {hidden by parent or layer flag} changes=Created | Metadata | Visibility | FrameRate layerStack=0 geomLayerBounds={-5760,-12800,12800,5760} geomLayerTransform={tx=0,ty=0}}
07-18 14:05:44.331 24923 18131 I Module  : DeviceLockedStatusModuleProvider$Module.updateDeviceLockedStatusInternal():129 repeatCheckTimes = 1, locked = false
07-18 14:05:44.331  1055  1399 W PackageConfigPersister: App-specific configuration not found for packageName: com.example.controlhorario and userId: 0
07-18 14:05:44.339 23614 23614 D OverviewActionsView: updateForGroupedTask() called with: isGroupedTask = [false], canSaveAppPair = [false]
07-18 14:05:44.339 23614 23614 D OverviewActionsView: updateActionButtonsVisibility() called: showSingleTaskActions = [true], showGroupActions = [false]
07-18 14:05:44.339 23614 23614 E overview: setViewEnabled clear all btn enable
07-18 14:05:44.347   611   611 D vendor.sprd.hardware.memtrack-service: get_ion_memtrack_memory:start!
07-18 14:05:44.364   657   699 D mali_gralloc: unregister: id=25900053bf3, handle=0xb4000070db99e0f0, base=0x0, importpid=657, clone_count=0
07-18 14:05:44.365   657   699 D mali_gralloc: unregister: id=25900053bf1, handle=0xb4000070db99ff50, base=0x0, importpid=657, clone_count=0
07-18 14:05:44.430   657   657 I SurfaceFlinger: updating visibility visibleForInput:1, Snapshot{TraversalPath{.id = 209002}Surface(name=127bdca SnapshotStartingWindow for taskId=3195#208993)/@0xdfb8b3b - animation-leash of window_animation#209002 isVisible=1 {nothing to draw} changes=Created | Hierarchy | Geometry | Z | Metadata | AffectsChildren | FrameRate | VisibleRegion | Animation layerStack=0 geomLayerBounds={-5760,-12800,12800,5760} geomLayerTransform={tx=0,ty=0}}
07-18 14:05:44.431   657   657 I SurfaceFlinger: updating visibility visibleForInput:0, Snapshot{TraversalPath{.id = 209002}Surface(name=127bdca SnapshotStartingWindow for taskId=3195#208993)/@0xdfb8b3b - animation-leash of window_animation#209002 isVisible=0 {nothing to draw} changes=Created | Hierarchy | Geometry | Z | Metadata | Visibility | AffectsChildren | FrameRate | VisibleRegion | Animation layerStack=0 geomLayerBounds={-5760,-12800,12800,5760} geomLayerTransform={tx=0,ty=0}}
07-18 14:05:44.431   609   609 D enhanceHAL: sunlightRead: current ambient = 2045
07-18 14:05:44.438  3916  3916 I adbd    : adbd service requested 'shell,v2:mkdir -p /data/local/tmp/.studio; chmod 755 /data/local/tmp/.studio; chown shell:shell /data/local/tmp/.studio'
07-18 14:05:44.495  3916  3916 I adbd    : adbd service requested 'shell,v2:getprop'
07-18 14:05:44.502  1055  1524 D SSense.GalleryAppSceneRecognizer: GalleryAppScene for uid:10275 pkg name:com.example.controlhorario sceneId:0 changed:false mCurrentFlingAppName:null
07-18 14:05:44.514   657   657 I SurfaceFlinger: updating visibility visibleForInput:0, Snapshot{TraversalPath{.id = 208994}SnapshotStartingWindow for taskId=3195#208994 isVisible=0 {layer not reachable from root} changes=Hierarchy | Parent | RelativeParent | Visibility | AffectsChildren | VisibleRegion layerStack=0 geomLayerBounds={0,0,1280,576} geomLayerTransform={tx=0,ty=0}}
07-18 14:05:44.515   602   602 D mali_gralloc: unregister: id=25900053bf4, handle=0xb40000748e7b6290, base=0x0, importpid=602, clone_count=0
07-18 14:05:44.547   657   699 D mali_gralloc: unregister: id=25900053bee, handle=0xb4000070db9a8530, base=0x0, importpid=657, clone_count=0
07-18 14:05:44.590   609   609 D enhanceHAL: sunlightRead: current ambient = 2061
07-18 14:05:44.634  3916  3916 I adbd    : adbd service requested 'shell,v2:/data/local/tmp/.studio/process-tracker --interval 1000'
07-18 14:05:44.701  3916  3916 I adbd    : adbd service requested 'sync:'
07-18 14:05:44.702  3916  3916 I adbd    : adbd service requested 'shell,v2:wm size'
07-18 14:05:44.750   609   609 D enhanceHAL: sunlightRead: current ambient = 2098
07-18 14:05:44.803 30378 17253 W FA-SVC  : Gms url request failed, app: com.zhiliaoapp.musically, GOOGLE_ANALYTICS, m1.kt: Exception in CronetUrlRequest: net::ERR_CONNECTION_REFUSED, ErrorCode=7, InternalErrorCode=-102, Retryable=false
07-18 14:05:44.804 30378 17218 W FA-SVC  : Network upload failed. Will retry later. code, error: 0, m1.kt: Exception in CronetUrlRequest: net::ERR_CONNECTION_REFUSED, ErrorCode=7, InternalErrorCode=-102, Retryable=false
07-18 14:05:44.908  3916  3916 I adbd    : adbd service requested 'shell,v2:getprop'
07-18 14:05:44.911   609   609 D enhanceHAL: sunlightRead: current ambient = 2134
07-18 14:05:44.987  3916  3916 I adbd    : adbd service requested 'shell,v2:mkdir -p /data/local/tmp/.studio; chmod 755 /data/local/tmp/.studio; chown shell:shell /data/local/tmp/.studio'
07-18 14:05:45.014  1055  1190 I InputReader: processEventsLocked: type=1 Count=6 code=330 value=1 deviceId=4 when=1108420755742000
07-18 14:05:45.014  1055  1190 D InputReader: dispatchTouches action DOWN now(ns): 1108420756226883
07-18 14:05:45.018  1055  4378 D rmyzx   : interceptKeyBeforeQueueing 1
07-18 14:05:45.018  1055  4378 D Robin   :  FmService  keycode  ==  3
07-18 14:05:45.022   645   645 D vendor.sprd.hardware.vibrator-service: Vibra::perform
07-18 14:05:45.023   629   629 E PowerHAL: sprd_power_hint: power hint is not inited
07-18 14:05:45.026   645   645 D vendor.sprd.hardware.vibrator-service: vibra_on 65
07-18 14:05:45.071   609   609 D enhanceHAL: sunlightRead: current ambient = 2481
07-18 14:05:45.092  1055  1190 I InputReader: processEventsLocked: type=21 Count=9 code=0 value=1 deviceId=3 when=697345363000
07-18 14:05:45.092   645   645 D vendor.sprd.hardware.vibrator-service: vibra_off
07-18 14:05:45.106  1055  1190 I InputReader: processEventsLocked: type=3 Count=4 code=57 value=-1 deviceId=4 when=1108420847724000
07-18 14:05:45.106  1055  1190 D InputReader: dispatchTouches action UP now(ns): 1108420847976152
07-18 14:05:45.108  1055  1068 D rmyzx   : interceptKeyBeforeQueueing 1
07-18 14:05:45.108  1055  1068 D Robin   :  FmService  keycode  ==  3
07-18 14:05:45.111  1055  1077 V BroadcastQueue: Enqueuing BroadcastRecord{9b290b android.intent.action.CLOSE_SYSTEM_DIALOGS/u-1} ordered=false from uid 1000 pid -1 for 11 receivers
07-18 14:05:45.116  1055  1190 I InputReader: processEventsLocked: type=1 Count=7 code=330 value=1 deviceId=4 when=1108420856337000
07-18 14:05:45.116  1055  1077 W ActivityTaskManager: callingPackage for (uid=-1, pid=0) has no WPC
07-18 14:05:45.116  1055  1077 W ActivityStartInterceptor: Starting home with component specified, uid=0
07-18 14:05:45.116  1055  1077 W OptProp : Cannot read opt property android.window.PROPERTY_COMPAT_ALLOW_ORIENTATION_OVERRIDE
07-18 14:05:45.116  1055  1190 D InputReader: dispatchTouches action DOWN now(ns): 1108420858542306
07-18 14:05:45.116  1055  1077 W OptProp : Cannot read opt property android.window.PROPERTY_COMPAT_ALLOW_RESIZEABLE_ACTIVITY_OVERRIDES
07-18 14:05:45.117  1055  1077 W OptProp : Cannot read opt property android.window.PROPERTY_COMPAT_ALLOW_MIN_ASPECT_RATIO_OVERRIDE
07-18 14:05:45.117  1055  1077 V GrammaticalInflectionUtils: AttributionSource: android.content.AttributionSource@bb620def does not have READ_SYSTEM_GRAMMATICAL_GENDER permission.
07-18 14:05:45.118  1055  1077 D BLASTSyncEngine: SyncGroup 14230-Transition-OPEN started
07-18 14:05:45.119  3916  3916 I adbd    : adbd service requested 'shell,v2:wm size'
07-18 14:05:45.119  3074  3074 I vol.VolumeDialogImpl: mDialog.dismiss() reason: volume_controller from: com.android.systemui.volume.VolumeDialogImpl$7.onDismissRequested:3
07-18 14:05:45.123 11204 11204 D VRI[GoogleDiscoverWindow]: visibilityChanged oldVisibility=false newVisibility=true
07-18 14:05:45.123  1055  1077 D WindowManager: setFocusedApp mFocusedApp = ActivityRecord{c367a u0 com.DDU.launcher/com.freeme.launcher.FreemeLauncher t2980 d0}displayId = 0Callers = com.android.server.wm.ActivityTaskManagerService.setLastResumedActivityUncheckLocked:5100 com.android.server.wm.ActivityTaskSupervisor.updateTopResumedActivityIfNeeded:2341 com.android.server.wm.TaskFragment.setResumedActivity:617 com.android.server.wm.TaskFragment.onActivityStateChanged:970 com.android.server.wm.ActivityRecord.setState:6230 com.android.server.wm.TaskFragment.resumeTopActivity:1583 
07-18 14:05:45.123  1055  1077 D InputDispatcher: setFocusedApplication displayId=0 ActivityRecord{c367a u0 com.DDU.launcher/com.freeme.launcher.FreemeLauncher t2980 d0}
07-18 14:05:45.126  3074  3095 V WindowManagerShell: Transition requested (#14230): android.os.BinderProxy@4e9cbf4 TransitionRequestInfo { type = OPEN, triggerTask = TaskInfo{userId=0 taskId=2980 displayId=0 isRunning=true baseIntent=Intent { act=android.intent.action.MAIN cat=[android.intent.category.HOME] flg=0x10000000 pkg=com.DDU.launcher cmp=com.DDU.launcher/com.freeme.launcher.FreemeLauncher } baseActivity=ComponentInfo{com.DDU.launcher/com.freeme.launcher.FreemeLauncher} topActivity=ComponentInfo{com.DDU.launcher/com.freeme.launcher.FreemeLauncher} origActivity=null realActivity=ComponentInfo{com.DDU.launcher/com.freeme.launcher.FreemeLauncher} numActivities=1 lastActiveTime=1668289153 supportsMultiWindow=true resizeMode=2 isResizeable=true minWidth=-1 minHeight=-1 defaultMinSize=220 token=WCT{android.window.IWindowContainerToken$Stub$Proxy@6685f1d} topActivityType=2 pictureInPictureParams=null shouldDockBigOverlays=false launchIntoPipHostTaskId=-1 lastParentTaskIdBeforePip=-1 displayCutoutSafeInsets=null topActivityInfo=ActivityInfo{4d98592 com.freeme.launcher.FreemeLauncher} launchCookies=[] positionInParent=Point(0, 0) parentTaskId=-1 isFocused=true isVisible=false isVisibleRequested=true isSleeping=false locusId=LocusId[17_chars] displayAreaFeatureId=1 isTopActivityTransparent=false appCompatTaskInfo=AppCompatTaskInfo { topActivityInSizeCompat=false topActivityEligibleForLetterboxEducation= falseisLetterboxEducationEnabled= false isLetterboxDoubleTapEnabled= false topActivityEligibleForUserAspectRatioButton= false topActivityBoundsLetterboxed= false isFromLetterboxDoubleTap= false topActivityLetterboxVerticalPosition= -1 topActivityLetterboxHorizontalPosition= -1 topActivityLetterboxWidth=576 topActivityLetterboxHeight=1280 isUserFullscreenOverrideEnabled=false isSystemFullscreenOverrideEnabled=false cameraCompatTaskInfo=CameraCompatTaskInfo { cameraCompatControlState=hidden freeformCameraCompatMode=inactive}}}, pipTask = null, remoteTransition = null, displayChange = null, flags = 0, debugId = 14230 }
07-18 14:05:45.126  1055  1077 I ActivityTaskManager: START u0 {act=android.intent.action.MAIN cat=[android.intent.category.HOME] flg=0x10000100 cmp=com.DDU.launcher/com.freeme.launcher.FreemeLauncher (has extras)} with LAUNCH_SINGLE_TASK from uid 0 pid 0 (BAL_ALLOW_ALLOWLISTED_UID) result code=START_TASK_TO_FRONT
07-18 14:05:45.131  1055  1190 I InputReader: processEventsLocked: type=3 Count=2 code=53 value=122 deviceId=4 when=1108420872465000
07-18 14:05:45.131  1055  1190 D InputReader: dispatchTouches action MOVE now(ns): 1108420873476844
07-18 14:05:45.141  1055  1190 I InputReader: processEventsLocked: type=3 Count=3 code=53 value=131 deviceId=4 when=1108420880838000
07-18 14:05:45.142  1055  1190 D InputReader: dispatchTouches action MOVE now(ns): 1108420884782921
07-18 14:05:45.144   657   657 I BpBinder: onLastStrongRef automatically unlinking death recipients: 
07-18 14:05:45.149  1055  1190 I InputReader: processEventsLocked: type=3 Count=3 code=53 value=145 deviceId=4 when=1108420889238000
07-18 14:05:45.150  1055  1068 I InputDispatcher: Touched window was removed: bcd3071 com.example.controlhorario/com.example.controlhorario.MainActivity in display %0
07-18 14:05:45.154  1055  1190 D InputReader: dispatchTouches action MOVE now(ns): 1108420896335421
