07-18 14:05:41.449 17875 17928 W fb4a.AppInitScheduler|Run: Running ReliabilityExperiments, order=119, priorityHint=NORMAL 
07-18 14:05:41.459  1055  2321 D ActivityManager: getHistoricalProcessExitReasons pkg: com.facebook.katana, pid:  2600, userId: 0, callingPid: 17875, callingUid: 10228
07-18 14:05:41.464  1055  2321 D ActivityManager: getHistoricalProcessExitReasons pkg: com.facebook.katana, pid:  2600, userId: 0, callingPid: 17875, callingUid: 10228
07-18 14:05:41.465 17875 17929 D CACHE_HINTS: MADVISE_RAND file 0x755caf3000 3293183 /data/data/com.facebook.katana/app_restricks/layouts.bin
07-18 14:05:41.464 17875 17875 W AppInit1: type=1400 audit(0.0:961055): avc:  granted  { execute } for  path="/data/data/com.facebook.katana/lib-compressed/libthird-party_rust_vendor_cpufeatures_0.3.so" dev="dm-57" ino=236922 scontext=u:r:untrusted_app:s0:c228,c256,c512,c768 tcontext=u:object_r:app_data_file:s0:c228,c256,c512,c768 tclass=file app=com.facebook.katana
07-18 14:05:41.468  1055  2321 D ActivityManager: getHistoricalProcessExitReasons pkg: com.facebook.katana, pid:  2600, userId: 0, callingPid: 17875, callingUid: 10228
07-18 14:05:41.476  1055  2321 D ConnectivityService: requestNetwork for uid/pid:10228/17875 activeRequest: null callbackRequest: 77211 [NetworkRequest [ REQUEST id=77212, [ Capabilities: INTERNET&NOT_RESTRICTED&TRUSTED&NOT_VCN_MANAGED&NOT_BANDWIDTH_CONSTRAINED Uid: 10228 RequestorUid: 10228 RequestorPkg: com.facebook.katana UnderlyingNetworks: Null] ]] callback flags: 0 order: 2147483647 isUidTracked: false declaredMethods: AVAIL|LOST|NC
07-18 14:05:41.478 17875 17928 W fb4a.AppInitScheduler|Run:   Finished ReliabilityExperiments in 29ms
07-18 14:05:41.478 17875 17928 W fb4a.AppInitScheduler|Run: Running ReliabilityUserPerceptibleScopeToQPL, order=120, priorityHint=NORMAL 
07-18 14:05:41.478 17875 17928 W fb4a.AppInitScheduler|Run:   Finished ReliabilityUserPerceptibleScopeToQPL in 0ms
07-18 14:05:41.478 17875 17928 W fb4a.AppInitScheduler|Run: Running SetupDynaBuilds, order=123, priorityHint=NORMAL 
07-18 14:05:41.478 17875 17928 W fb4a.AppInitScheduler|Run:   Finished SetupDynaBuilds in 0ms
07-18 14:05:41.478 17875 17928 W fb4a.AppInitScheduler|Run: Running TabBadgeFetchAppInit, order=124, priorityHint=NORMAL 
07-18 14:05:41.478 17875 17928 W fb4a.AppInitScheduler|Run:   Finished TabBadgeFetchAppInit in 0ms
07-18 14:05:41.478 17875 17928 W fb4a.AppInitScheduler|Run: Running WarmFacebookEmojiFont, order=125, priorityHint=NORMAL 
07-18 14:05:41.478 17875 17928 W fb4a.AppInitScheduler|Run:   Finished WarmFacebookEmojiFont in 0ms
07-18 14:05:41.478 17875 17928 W fb4a.AppInitScheduler|Run: Running WhitehatOverlayInitializer, order=126, priorityHint=NORMAL 
07-18 14:05:41.479 17875 17928 W fb4a.AppInitScheduler|Run:   Finished WhitehatOverlayInitializer in 0ms
07-18 14:05:41.479 17875 17928 W fb4a.AppInitScheduler|Run: RUN AppInit 357:PreloadFeedDataLoader for start destination 6
07-18 14:05:41.479 17875 17928 W fb4a.AppInitScheduler|Run: Running PreloadFeedDataLoader, order=127, priorityHint=LOW 
07-18 14:05:41.479  1055  1226 D WifiNetworkFactory: got request NetworkRequest [ REQUEST id=77212, [ Capabilities: INTERNET&NOT_RESTRICTED&TRUSTED&NOT_VCN_MANAGED&NOT_BANDWIDTH_CONSTRAINED Uid: 10228 RequestorUid: 10228 RequestorPkg: com.facebook.katana UnderlyingNetworks: Null] ]
07-18 14:05:41.480  1055  1226 D UntrustedWifiNetworkFactory: got request NetworkRequest [ REQUEST id=77212, [ Capabilities: INTERNET&NOT_RESTRICTED&TRUSTED&NOT_VCN_MANAGED&NOT_BANDWIDTH_CONSTRAINED Uid: 10228 RequestorUid: 10228 RequestorPkg: com.facebook.katana UnderlyingNetworks: Null] ]
07-18 14:05:41.480  1055  1226 D OemPaidWifiNetworkFactory: got request NetworkRequest [ REQUEST id=77212, [ Capabilities: INTERNET&NOT_RESTRICTED&TRUSTED&NOT_VCN_MANAGED&NOT_BANDWIDTH_CONSTRAINED Uid: 10228 RequestorUid: 10228 RequestorPkg: com.facebook.katana UnderlyingNetworks: Null] ]
07-18 14:05:41.480  1055  1226 D MultiInternetWifiNetworkFactory: got request NetworkRequest [ REQUEST id=77212, [ Capabilities: INTERNET&NOT_RESTRICTED&TRUSTED&NOT_VCN_MANAGED&NOT_BANDWIDTH_CONSTRAINED Uid: 10228 RequestorUid: 10228 RequestorPkg: com.facebook.katana UnderlyingNetworks: Null] ]
07-18 14:05:41.480  1055  1244 D ConnectivityService: NetReassign [77212 : null → 644] [c 1] [a 1] [i 2]
07-18 14:05:41.481 17875 17914 D nativeloader: Load /data/data/com.facebook.katana/lib-compressed/libthird-party_rust_vendor_cpufeatures_0.3.so using class loader ns clns-7 (caller=/data/app/~~Yt3EIBTsCzZPrZGiHo7ufA==/com.facebook.katana-C07GfQngRx3GMvi1_oe9TA==/base.apk): ok
07-18 14:05:41.481 17875 17916 W fb4a.AppInitScheduler|Run:   Finished InitLacrimaLaterInit in 200ms
07-18 14:05:41.481 17875 17916 W fb4a.AppInitScheduler|Run: RUN AppInit 359:PreloadFeedFullCacheLoad for start destination 6
07-18 14:05:41.481 17875 17916 W fb4a.AppInitScheduler|Run: Running PreloadFeedFullCacheLoad, order=128, priorityHint=LOW 
07-18 14:05:41.488  3916  3916 I adbd    : adbd service requested 'sync:'
07-18 14:05:41.491 17875 17917 W fb4a.AppInitScheduler|Run:   Finished EagerInitFBTigon in 181ms
07-18 14:05:41.491 17875 17927 W fb4a.lacrima: FixedLengthFiles.init() called twice.
07-18 14:05:41.491 17875 17927 W fb4a.lacrima: FixedLengthFiles.init() called twice.
07-18 14:05:41.491 17875 17917 W fb4a.AppInitScheduler|Schedule:   Executing 181:GraphServiceEagerInit
07-18 14:05:41.491 17875 17917 W fb4a.AppInitScheduler|Schedule:   Executing 466:ZeroLibraryInitializer
07-18 14:05:41.491 17875 17917 W fb4a.AppInitScheduler|Schedule:   Executing 230:InitTrafficNTS
07-18 14:05:41.491 17875 17917 W fb4a.AppInitScheduler|Run: Running GraphServiceEagerInit [*], order=53, priorityHint=CRITICAL_PATH 
07-18 14:05:41.491 17875 17917 W fb4a.AppInitScheduler|Schedule:   Executing async work for GraphServiceEagerInit: InjectTigonServiceHolder
07-18 14:05:41.491 17875 17917 W fb4a.AppInitScheduler|Schedule:   Executing async work for GraphServiceEagerInit: InjectGraphQLConsistencyJNI
07-18 14:05:41.496 17875 17875 W AppInit1: type=1400 audit(0.0:961056): avc:  granted  { execute } for  path="/data/data/com.facebook.katana/lib-compressed/libthird-party_rust_vendor_cpufeatures_0.2.so" dev="dm-57" ino=236049 scontext=u:r:untrusted_app:s0:c228,c256,c512,c768 tcontext=u:object_r:app_data_file:s0:c228,c256,c512,c768 tclass=file app=com.facebook.katana
07-18 14:05:41.512 17875 17914 D nativeloader: Load /data/data/com.facebook.katana/lib-compressed/libthird-party_rust_vendor_cpufeatures_0.2.so using class loader ns clns-7 (caller=/data/app/~~Yt3EIBTsCzZPrZGiHo7ufA==/com.facebook.katana-C07GfQngRx3GMvi1_oe9TA==/base.apk): ok
07-18 14:05:41.515  3916  3916 I adbd    : adbd service requested 'shell,v2:wm size'
07-18 14:05:41.519 17875 17914 D nativeloader: Load /data/data/com.facebook.katana/lib-compressed/libfb_jpegturbo.so using class loader ns clns-7 (caller=/data/app/~~Yt3EIBTsCzZPrZGiHo7ufA==/com.facebook.katana-C07GfQngRx3GMvi1_oe9TA==/base.apk): ok
07-18 14:05:41.522 17875 17917 W facebook.katana: JNI RegisterNativeMethods: attempt to register 0 native methods for com.facebook.pando.PandoDataJNI
07-18 14:05:41.523  1055  2321 D ActivityManager: Skip enqueue broadcast because no receiver with Intent { act=com.facebook.profilo.MAIN_PROCESS_STARTED_V5 flg=0x10 (has extras) }
07-18 14:05:41.540 17875 17918 E MprotectOptimization: Failed to make 0x756d119000 (204800 bytes) executable for 756d119000-756d14c000 r--p 02a3c000 fe:39 243217                         /data/app/~~Yt3EIBTsCzZPrZGiHo7ufA==/com.facebook.katana-C07GfQngRx3GMvi1_oe9TA==/oat/arm64/base.odex
07-18 14:05:41.540 17875 17918 W MlockOptimization: mlock2 0x756187c000 74647552 failed for 756187c000-756a6dd000 rw-p 00000000 fe:39 250983                         /data/app/~~Yt3EIBTsCzZPrZGiHo7ufA==/com.facebook.katana-C07GfQngRx3GMvi1_oe9TA==/oat/arm64/base.vdex, falling back to mlock
07-18 14:05:41.540 17875 17918 E MlockOptimization: mlock 0x756187c000 74647552 failed for 756187c000-756a6dd000 rw-p 00000000 fe:39 250983                         /data/app/~~Yt3EIBTsCzZPrZGiHo7ufA==/com.facebook.katana-C07GfQngRx3GMvi1_oe9TA==/oat/arm64/base.vdex
07-18 14:05:41.540 17875 17918 W OptimizationRunner: Optimization plan executed but processed 0 bytes
07-18 14:05:41.540 17875 17918 W ExperimentConfigurator: onAppInit completed: 1 configs executed
07-18 14:05:41.542 17875 17921 E libEGL  : call to OpenGL ES API with no current context (logged once per thread)
07-18 14:05:41.542 17875 17921 E libEGL  : call to OpenGL ES API with no current context (logged once per thread)
07-18 14:05:41.542 17875 17921 E libEGL  : call to OpenGL ES API with no current context (logged once per thread)
07-18 14:05:41.544 17875 17931 W fb4a.AppInitScheduler|Run:   Finished ProfiloBridgeFactoryImpl in 100ms
07-18 14:05:41.544 17875 17931 W fb4a.AppInitScheduler|Run: Running ZeroLibraryInitializer, order=98, priorityHint=NORMAL 
07-18 14:05:41.559 17875 17921 E libEGL  : call to OpenGL ES API with no current context (logged once per thread)
07-18 14:05:41.564 17875 17929 W fb4a.AppInitScheduler|Run:   Finished DownloadedFbResources in 155ms
07-18 14:05:41.564 17875 17929 W fb4a.AppInitScheduler|Run: Running InitTrafficNTS, order=102, priorityHint=NORMAL 
07-18 14:05:41.566 17875 17929 W facebook.katana: JNI RegisterNativeMethods: attempt to register 0 native methods for com.facebook.traffic.nts.providers.startup_signals.StartupSignalsProviderAppLayerUpcallsImpl
07-18 14:05:41.566 17875 17929 W facebook.katana: JNI RegisterNativeMethods: attempt to register 0 native methods for com.facebook.traffic.nts.providers.background.BackgroundV2TaskSchedulerCommonImpl
07-18 14:05:41.568 17875 17929 W facebook.katana: JNI RegisterNativeMethods: attempt to register 0 native methods for com.facebook.traffic.nts.providers.http.HttpProviderAppLayerUpcallsImpl
07-18 14:05:41.574  3916  3916 I adbd    : adbd service requested 'shell,v2:/data/local/tmp/.studio/process-tracker --interval 1000'
07-18 14:05:41.579  1055  1222 D ActivityManager: Skip enqueue broadcast because no receiver with Intent { act=com.android.server.action.NETWORK_STATS_UPDATED flg=0x40000010 }
07-18 14:05:41.588 17875 17917 W fb4a.AppInitScheduler|Run:   Finished GraphServiceEagerInit in 97ms
07-18 14:05:41.588 17875 17932 W fb4a.AppInitScheduler|Run: RUN AppInit 141:EarlyInitStoriesTrayForActivity for start destination 6
07-18 14:05:41.589 17875 17917 W fb4a.AppInitScheduler|Schedule:   Executing 219:InitPushabilityCheck
07-18 14:05:41.589 17875 17917 W fb4a.AppInitScheduler|Schedule:   Executing 374:PreloadReelsCsrForReelsTabStarts
07-18 14:05:41.589 17875 17932 W fb4a.AppInitScheduler|Run: Running EarlyInitStoriesTrayForActivity, order=130, priorityHint=LOW 
07-18 14:05:41.589 17875 17917 W fb4a.AppInitScheduler|Run: Running InitPushabilityCheck, order=97, priorityHint=NORMAL 
07-18 14:05:41.589 17875 17932 W fb4a.AppInitScheduler|Run:   Finished EarlyInitStoriesTrayForActivity in 1ms
07-18 14:05:41.589 17875 17932 W fb4a.AppInitScheduler|Run: SKIP AppInit 374:PreloadReelsCsrForReelsTabStarts for start destination 6
07-18 14:05:41.589 17875 17932 W fb4a.AppInitScheduler|Run:   Finished PreloadReelsCsrForReelsTabStarts in 0ms
07-18 14:05:41.589 17875 17932 W fb4a.AppInitScheduler|Run: Running FriendlyFeedPrefetch, order=131, priorityHint=LOW 
07-18 14:05:41.589 17875 17932 W fb4a.AppInitScheduler|Run:   Finished FriendlyFeedPrefetch in 0ms
07-18 14:05:41.589 17875 17932 W fb4a.AppInitScheduler|Run: Running FriendlyFeedPrefetchOnFirstForegroundWarmStart, order=132, priorityHint=LOW 
07-18 14:05:41.589 17875 17932 W fb4a.AppInitScheduler|Run:   Finished FriendlyFeedPrefetchOnFirstForegroundWarmStart in 0ms
07-18 14:05:41.589 17875 17932 W fb4a.AppInitScheduler|Run: Running InitPeriodicThreadBooster, order=134, priorityHint=LOW 
07-18 14:05:41.589 17875 17932 W fb4a.AppInitScheduler|Run:   Finished InitPeriodicThreadBooster in 0ms
07-18 14:05:41.589 17875 17932 W fb4a.AppInitScheduler|Run: RUN AppInit 233:KeepWarm for start destination 6
07-18 14:05:41.589 17875 17932 W fb4a.AppInitScheduler|Run: Running KeepWarm, order=135, priorityHint=LOW 
07-18 14:05:41.589 17875 17917 W fb4a.AppInitScheduler|Run:   Finished InitPushabilityCheck in 1ms
07-18 14:05:41.589 17875 17917 W fb4a.AppInitScheduler|Run: Running LongtailVoltronAppInit, order=136, priorityHint=LOW 
07-18 14:05:41.590 17875 17917 W fb4a.HalfnosisInitializer: Halfnosis is not enabled!
07-18 14:05:41.590 17875 17917 W fb4a.LongtailVoltronAppInit: HalfnosisInitializer: fail
07-18 14:05:41.590 17875 17917 W fb4a.AppInitScheduler|Run:   Finished LongtailVoltronAppInit in 0ms
07-18 14:05:41.590 17875 17917 W fb4a.AppInitScheduler|Run: RUN AppInit 265:MetaCasper for start destination 6
07-18 14:05:41.590 17875 17917 W fb4a.AppInitScheduler|Run: Running MetaCasper, order=137, priorityHint=LOW 
07-18 14:05:41.590 17875 17917 W fb4a.AppInitScheduler|Schedule:   Executing async work for MetaCasper: MetaCasperInit
07-18 14:05:41.590 17875 17917 W fb4a.AppInitScheduler|Run:   Finished MetaCasper in 0ms
07-18 14:05:41.596 17875 17929 W facebook.katana: JNI RegisterNativeMethods: attempt to register 0 native methods for com.facebook.traffic.nts.providers.radiosignal.RadioSignalProviderAppLayerUpcallsImpl
07-18 14:05:41.603  1055  1153 V BroadcastQueue: Enqueuing BroadcastRecord{bf236d2 android.intent.action.BATTERY_CHANGED/u-1} ordered=false from uid -1 pid -1 for 1 receivers
07-18 14:05:41.607 17875 17932 W fb4a.AppInitScheduler|Run:   Finished KeepWarm in 18ms
07-18 14:05:41.607 17875 17932 W fb4a.AppInitScheduler|Run: Running MobileConfigAdminIdLaterInit, order=138, priorityHint=LOW 
07-18 14:05:41.607 17875 17932 W fb4a.AppInitScheduler|Run:   Finished MobileConfigAdminIdLaterInit in 0ms
07-18 14:05:41.607 17875 17932 W fb4a.AppInitScheduler|Run: Running MobileConfigLaterInit, order=139, priorityHint=LOW 
07-18 14:05:41.607 17875 17932 W fb4a.AppInitScheduler|Run:   Finished MobileConfigLaterInit in 0ms
07-18 14:05:41.607 17875 17932 W fb4a.AppInitScheduler|Run: Running MobileConfigSessionlessLaterInit, order=140, priorityHint=LOW 
07-18 14:05:41.607 17875 17932 W fb4a.AppInitScheduler|Run:   Finished MobileConfigSessionlessLaterInit in 0ms
07-18 14:05:41.607 17875 17932 W fb4a.AppInitScheduler|Run: RUN AppInit 348:PartialScrollOnFirstForegroundWarmStart for start destination 6
07-18 14:05:41.608 17875 17932 W fb4a.AppInitScheduler|Run: Running PartialScrollOnFirstForegroundWarmStart, order=141, priorityHint=LOW 
07-18 14:05:41.608 17875 17932 W fb4a.AppInitScheduler|Run:   Finished PartialScrollOnFirstForegroundWarmStart in 0ms
07-18 14:05:41.608 17875 17932 W fb4a.AppInitScheduler|Run: RUN AppInit 360:PreloadFeedRequest for start destination 6
07-18 14:05:41.608 17875 17932 W fb4a.AppInitScheduler|Run: Running PreloadFeedRequest, order=142, priorityHint=LOW 
07-18 14:05:41.608 17875 17932 W fb4a.AppInitScheduler|Run:   Finished PreloadFeedRequest in 1ms
07-18 14:05:41.608 17875 17932 W fb4a.AppInitScheduler|Schedule:   Executing 351:PrefetchFeedNetwork
07-18 14:05:41.608 17875 17932 W fb4a.AppInitScheduler|Run: RUN AppInit 351:PrefetchFeedNetwork for start destination 6
07-18 14:05:41.608 17875 17932 W fb4a.AppInitScheduler|Run: Running PrefetchFeedNetwork, order=143, priorityHint=LOW 
07-18 14:05:41.608 17875 17932 W fb4a.AppInitScheduler|Run:   Finished PrefetchFeedNetwork in 0ms
07-18 14:05:41.608 17875 17932 W fb4a.AppInitScheduler|Run: RUN AppInit 352:PreloadClashManager for start destination 6
07-18 14:05:41.608 17875 17932 W fb4a.AppInitScheduler|Run: Running PreloadClashManager, order=144, priorityHint=LOW 
07-18 14:05:41.609 17875 17932 W fb4a.AppInitScheduler|Run:   Finished PreloadClashManager in 1ms
07-18 14:05:41.609 17875 17932 W fb4a.AppInitScheduler|Run: RUN AppInit 355:PreloadCreatorsHomeToHUnit for start destination 6
07-18 14:05:41.609 17875 17932 W fb4a.AppInitScheduler|Run: Running PreloadCreatorsHomeToHUnit, order=145, priorityHint=LOW 
07-18 14:05:41.609 17875 17932 W fb4a.AppInitScheduler|Run:   Finished PreloadCreatorsHomeToHUnit in 0ms
07-18 14:05:41.609 17875 17932 W fb4a.AppInitScheduler|Run: RUN AppInit 356:PreloadFeedConfig for start destination 6
07-18 14:05:41.609 17875 17932 W fb4a.AppInitScheduler|Run: Running PreloadFeedConfig, order=146, priorityHint=LOW 
07-18 14:05:41.609 17875 17932 W fb4a.AppInitScheduler|Run:   Finished PreloadFeedConfig in 0ms
07-18 14:05:41.609 17875 17932 W fb4a.AppInitScheduler|Run: RUN AppInit 358:PreloadFeedFetchMetadata for start destination 6
07-18 14:05:41.609 17875 17932 W fb4a.AppInitScheduler|Run: Running PreloadFeedFetchMetadata, order=147, priorityHint=LOW 
07-18 14:05:41.610 17875 17932 W fb4a.AppInitScheduler|Run:   Finished PreloadFeedFetchMetadata in 0ms
07-18 14:05:41.610 17875 17932 W fb4a.AppInitScheduler|Run: Running PreloadFeedRequestForAllStarts, order=148, priorityHint=LOW 
07-18 14:05:41.610 17875 17932 W fb4a.AppInitScheduler|Run:   Finished PreloadFeedRequestForAllStarts in 0ms
07-18 14:05:41.610 17875 17932 W fb4a.AppInitScheduler|Run: RUN AppInit 363:PreloadFreshFeedRanker for start destination 6
07-18 14:05:41.610 17875 17932 W fb4a.AppInitScheduler|Run: Running PreloadFreshFeedRanker, order=149, priorityHint=LOW 
07-18 14:05:41.613 17875 17929 W fb4a.AppInitScheduler|Run:   Finished InitTrafficNTS in 50ms
07-18 14:05:41.613 17875 17929 W fb4a.AppInitScheduler|Run: Running PreloadFriendlyFeedFullCacheLoad, order=150, priorityHint=LOW 
07-18 14:05:41.613 17875 17929 W fb4a.AppInitScheduler|Run:   Finished PreloadFriendlyFeedFullCacheLoad in 0ms
07-18 14:05:41.613 17875 17929 W fb4a.AppInitScheduler|Run: SKIP AppInit 365:PreloadHeroManager for start destination 6
07-18 14:05:41.613 17875 17929 W fb4a.AppInitScheduler|Run:   Finished PreloadHeroManager in 0ms
07-18 14:05:41.613 17875 17929 W fb4a.AppInitScheduler|Run: RUN AppInit 367:PreloadInlineComposerProfileImage for start destination 6
07-18 14:05:41.613 17875 17929 W fb4a.AppInitScheduler|Run: Running PreloadInlineComposerProfileImage, order=152, priorityHint=LOW 
07-18 14:05:41.615 17875 17916 W fb4a.AppInitScheduler|Run:   Finished PreloadFeedFullCacheLoad in 134ms
07-18 14:05:41.615 17875 17916 W fb4a.AppInitScheduler|Run: Running PreloadInlineComposerProfileImageDeferred, order=153, priorityHint=LOW 
07-18 14:05:41.615 17875 17916 W fb4a.AppInitScheduler|Run:   Finished PreloadInlineComposerProfileImageDeferred in 0ms
07-18 14:05:41.615 17875 17916 W fb4a.AppInitScheduler|Run: RUN AppInit 369:PreloadLogDb for start destination 6
07-18 14:05:41.615 17875 17916 W fb4a.AppInitScheduler|Run: Running PreloadLogDb, order=154, priorityHint=LOW 
07-18 14:05:41.615 17875 17916 W fb4a.AppInitScheduler|Run:   Finished PreloadLogDb in 0ms
07-18 14:05:41.615 17875 17916 W fb4a.AppInitScheduler|Run: RUN AppInit 373:PreloadReactions for start destination 6
07-18 14:05:41.615 17875 17916 W fb4a.AppInitScheduler|Run: Running PreloadReactions, order=155, priorityHint=LOW 
07-18 14:05:41.616 17875 17928 W fb4a.AppInitScheduler|Run:   Finished PreloadFeedDataLoader in 137ms
07-18 14:05:41.616 17875 17928 W fb4a.AppInitScheduler|Schedule:   Executing 136:EagerInitFeedDataLoader
07-18 14:05:41.616 17875 17928 W fb4a.AppInitScheduler|Run: RUN AppInit 136:EagerInitFeedDataLoader for start destination 6
07-18 14:05:41.616 17875 17928 W fb4a.AppInitScheduler|Run: Running EagerInitFeedDataLoader, order=129, priorityHint=LOW 
07-18 14:05:41.626 17875 17917 W fb4a.AppInitScheduler|Run: RUN AppInit 379:PreloadStoriesTrayFetchController for start destination 6
07-18 14:05:41.626 17875 17917 W fb4a.AppInitScheduler|Run: Running PreloadStoriesTrayFetchController, order=157, priorityHint=LOW 
07-18 14:05:41.632 17875 17928 W fb4a.AppInitScheduler|Run:   Finished EagerInitFeedDataLoader in 16ms
07-18 14:05:41.632 17875 17928 W fb4a.AppInitScheduler|Schedule:   Executing 378:PreloadStoriesTray
07-18 14:05:41.632 17875 17928 W fb4a.AppInitScheduler|Run: RUN AppInit 378:PreloadStoriesTray for start destination 6
07-18 14:05:41.632 17875 17928 W fb4a.AppInitScheduler|Run: Running PreloadStoriesTray, order=156, priorityHint=LOW 
07-18 14:05:41.633 17875 17928 W fb4a.AppInitScheduler|Run:   Finished PreloadStoriesTray in 0ms
07-18 14:05:41.633 17875 17928 W fb4a.AppInitScheduler|Run: RUN AppInit 380:PreloadStoriesTrayQuery for start destination 6
07-18 14:05:41.633 17875 17928 W fb4a.AppInitScheduler|Run: Running PreloadStoriesTrayQuery, order=158, priorityHint=LOW 
07-18 14:05:41.639 17875 17932 W fb4a.AppInitScheduler|Run:   Finished PreloadFreshFeedRanker in 29ms
07-18 14:05:41.640 17875 17928 W fb4a.AppInitScheduler|Run:   Finished PreloadStoriesTrayQuery in 6ms
07-18 14:05:41.640 17875 17928 W fb4a.AppInitScheduler|Run: Running PreloadTabPreloadablesBackgroundPrefetch, order=160, priorityHint=LOW 
07-18 14:05:41.640 17875 17928 W fb4a.AppInitScheduler|Run:   Finished PreloadTabPreloadablesBackgroundPrefetch in 0ms
07-18 14:05:41.641 17875 17928 W fb4a.AppInitScheduler|Run: SKIP AppInit 384:PreloadVideoPrivateSharing for start destination 6
07-18 14:05:41.641 17875 17928 W fb4a.AppInitScheduler|Run:   Finished PreloadVideoPrivateSharing in 0ms
07-18 14:05:41.641 17875 17928 W fb4a.AppInitScheduler|Run: RUN AppInit 409:ScreenOnFeedPrefetch for start destination 6
07-18 14:05:41.641 17875 17928 W fb4a.AppInitScheduler|Run: Running ScreenOnFeedPrefetch, order=162, priorityHint=LOW 
07-18 14:05:41.641 17875 17928 W fb4a.AppInitScheduler|Run:   Finished ScreenOnFeedPrefetch in 1ms
07-18 14:05:41.641 17875 17928 W fb4a.AppInitScheduler|Run: Running SecondaryDexPreloaderBg, order=163, priorityHint=LOW 
07-18 14:05:41.645 17875 17932 W fb4a.AppInitScheduler|Run: RUN AppInit 381:PreloadStoryAdsInStoriesTray for start destination 6
07-18 14:05:41.645 17875 17932 W fb4a.AppInitScheduler|Run: Running PreloadStoryAdsInStoriesTray, order=159, priorityHint=LOW 
07-18 14:05:41.645 17875 17932 W fb4a.AppInitScheduler|Run:   Finished PreloadStoryAdsInStoriesTray in 6ms
07-18 14:05:41.645 17875 17932 W fb4a.AppInitScheduler|Run: Running SetupBlockingBackgroundComponentReporting, order=164, priorityHint=LOW 
07-18 14:05:41.645 17875 17932 W fb4a.AppInitScheduler|Run:   Finished SetupBlockingBackgroundComponentReporting in 0ms
07-18 14:05:41.645 17875 17932 W fb4a.AppInitScheduler|Run: Running StartupQPLReplayer, order=165, priorityHint=LOW 
07-18 14:05:41.648 17875 17916 W fb4a.AppInitScheduler|Run:   Finished PreloadReactions in 33ms
07-18 14:05:41.648 17875 17916 W fb4a.AppInitScheduler|Run: SKIP AppInit 458:VideoMetaCasper for start destination 6
07-18 14:05:41.648 17875 17916 W fb4a.AppInitScheduler|Run:   Finished VideoMetaCasper in 0ms
07-18 14:05:41.648 17875 17932 W fb4a.AppInitScheduler|Run:   Finished StartupQPLReplayer in 3ms
07-18 14:05:41.648 17875 17932 W fb4a.AppInitScheduler|Schedule:   Executing 426:StartupQPLTransitToMatureStage
07-18 14:05:41.648 17875 17932 W fb4a.AppInitScheduler|Run: Running StartupQPLTransitToMatureStage, order=166, priorityHint=LOW 
07-18 14:05:41.649 17875 17932 W fb4a.AppInitScheduler|Run:   Finished StartupQPLTransitToMatureStage in 0ms
07-18 14:05:41.655 17875 17929 W fb4a.AppInitScheduler|Run:   Finished PreloadInlineComposerProfileImage in 42ms
07-18 14:05:41.662 17875 17917 W fb4a.AppInitScheduler|Run:   Finished PreloadStoriesTrayFetchController in 36ms
07-18 14:05:41.667 17875 17914 D nativeloader: Load /data/data/com.facebook.katana/lib-compressed/libscrollmerged.so using class loader ns clns-7 (caller=/data/app/~~Yt3EIBTsCzZPrZGiHo7ufA==/com.facebook.katana-C07GfQngRx3GMvi1_oe9TA==/base.apk): ok
07-18 14:05:41.682 17875 17914 D nativeloader: Load /data/data/com.facebook.katana/lib-compressed/libxplat_configerator_structs_data_access_policies_upf_ipf_thrift-cpp2-typesAndroid.so using class loader ns clns-7 (caller=/data/app/~~Yt3EIBTsCzZPrZGiHo7ufA==/com.facebook.katana-C07GfQngRx3GMvi1_oe9TA==/base.apk): ok
07-18 14:05:41.684 17875 17914 D nativeloader: Load /data/data/com.facebook.katana/lib-compressed/libfbsocketthreadlocalscope.so using class loader ns clns-7 (caller=/data/app/~~Yt3EIBTsCzZPrZGiHo7ufA==/com.facebook.katana-C07GfQngRx3GMvi1_oe9TA==/base.apk): ok
07-18 14:05:41.698 17875 17914 D nativeloader: Load /data/data/com.facebook.katana/lib-compressed/libffsingletonjnilogger.so using class loader ns clns-7 (caller=/data/app/~~Yt3EIBTsCzZPrZGiHo7ufA==/com.facebook.katana-C07GfQngRx3GMvi1_oe9TA==/base.apk): ok
07-18 14:05:41.705 17875 17940 W fb4a.QuickPerformanceLoggerModule: Provided QPL: 224183502
07-18 14:05:41.705 17875 17915 W fb4a.AppInitScheduler|Run:   Finished AnalyticsLoggerPostInitReplay in 298ms
07-18 14:05:41.707 17875 17914 W fb4a.AppInitScheduler|Run:   Finished PreloadWordmark in 318ms
07-18 14:05:41.707 17875 17914 W fb4a.AppInitScheduler|Schedule:   Executing 459:WaitForUIDependenciesInitializer
07-18 14:05:41.707 17875 17916 W fb4a.AppInitScheduler|Run: Running WaitForUIDependenciesInitializer [*], order=44, priorityHint=CRITICAL_PATH 
07-18 14:05:41.708 17875 17916 W fb4a.AppInitScheduler|Run:   Finished WaitForUIDependenciesInitializer in 0ms
07-18 14:05:41.708 17875 17916 W fb4a.AppInitScheduler|Schedule:   Executing 125:DismissSplashScreens
07-18 14:05:41.708 17875 17916 W fb4a.AppInitScheduler|Schedule:   Executing 167:FixieScheduleIdleWork
07-18 14:05:41.708 17875 17916 W fb4a.AppInitScheduler|Schedule:   Executing 403:ReplayBroadcastReceivedDuringAppInit
07-18 14:05:41.708 17875 17916 W fb4a.AppInitScheduler|Schedule:   Executing 408:ScheduleLowPriWork
07-18 14:05:41.708 17875 17916 W fb4a.AppInitScheduler|Run: Running FixieScheduleIdleWork, order=84, priorityHint=NORMAL 
07-18 14:05:41.708 17875 17932 W fb4a.AppInitScheduler|Run: Running DismissSplashScreens [*], order=45, priorityHint=CRITICAL_PATH 
07-18 14:05:41.708 17875 17932 W fb4a.InitStatus: Providers unblocked (74657459)
07-18 14:05:41.708 17875 17932 W fb4a.InitStatus: Services unblocked (246914160)
07-18 14:05:41.708 17875 17916 W fb4a.AppInitScheduler|Run:   Finished FixieScheduleIdleWork in 0ms
07-18 14:05:41.708 17875 17916 W fb4a.AppInitScheduler|Run: Running ReplayBroadcastReceivedDuringAppInit, order=121, priorityHint=NORMAL 
07-18 14:05:41.708 17875 17932 W fb4a.InitStatus: BroadcastReceivers unblocked (74968041)
07-18 14:05:41.708 17875 17929 W fb4a.AppInitScheduler|Run: Running ScheduleLowPriWork, order=122, priorityHint=NORMAL 
07-18 14:05:41.708 17875 17916 W fb4a.AppInitScheduler|Run:   Finished ReplayBroadcastReceivedDuringAppInit in 0ms
07-18 14:05:41.708 17875 17932 W fb4a.AppInitScheduler|Run:   Finished DismissSplashScreens in 0ms
07-18 14:05:41.708 17875 17932 W fb4a.AppInitScheduler|Schedule:   Executing 275:MqttEarlySyncInitializerAfterAppCreate
07-18 14:05:41.708 17875 17932 W fb4a.AppInitScheduler|Schedule:   Executing 190:InitAppComponentFactoryStartupController
07-18 14:05:41.708 17875 17932 W fb4a.AppInitScheduler|Run: Running MqttEarlySyncInitializerAfterAppCreate, order=107, priorityHint=NORMAL 
07-18 14:05:41.708 17875 17932 W fb4a.AppInitScheduler|Run:   Finished MqttEarlySyncInitializerAfterAppCreate in 0ms
07-18 14:05:41.709 17875 17932 W fb4a.AppInitScheduler|Run: Running InitAppComponentFactoryStartupController, order=133, priorityHint=LOW 
07-18 14:05:41.709 17875 17932 W fb4a.AppInitScheduler|Run:   Finished InitAppComponentFactoryStartupController in 0ms
07-18 14:05:41.709 17875 17929 W fb4a.AppInitScheduler|Run:   Finished ScheduleLowPriWork in 1ms
07-18 14:05:41.750 17875 17930 W fb4a.AppInitScheduler|Run:   Finished PreloadIconsInit in 308ms
07-18 14:05:41.767 17875 17931 W Settings: Setting airplane_mode_on has moved from android.provider.Settings.System to android.provider.Settings.Global, returning read-only value.
07-18 14:05:41.773 17875 17931 W fb4a.HeadersDataCache: [AI] Failed to get optional string for key: useForFOSKey
07-18 14:05:41.773 17875 17931 W fb4a.HeadersDataCache: [AI] Failed to get optional string for key: headwindStorageKey
07-18 14:05:41.779 17875 17931 W fb4a.HeadersDataCache: [AI] Failed to deserialize client header params
07-18 14:05:41.786  1055  2321 D ConnectivityService: requestNetwork for uid/pid:10228/17875 activeRequest: null callbackRequest: 77213 [NetworkRequest [ REQUEST id=77213, [ Transports: CELLULAR Capabilities: INTERNET&NOT_RESTRICTED&TRUSTED&NOT_VPN&NOT_VCN_MANAGED&NOT_BANDWIDTH_CONSTRAINED Uid: 10228 RequestorUid: 10228 RequestorPkg: com.facebook.katana UnderlyingNetworks: Null] ]] callback flags: 0 order: 2147483647 isUidTracked: false declaredMethods: AVAIL|UNAVAIL
07-18 14:05:41.789 17875 17931 W fb4a.AppInitScheduler|Run:   Finished ZeroLibraryInitializer in 245ms
07-18 14:05:41.789 17875 17931 W fb4a.AppInitScheduler|Schedule:   Executing 221:InitReliableMedia
07-18 14:05:41.789 17875 17931 W fb4a.AppInitScheduler|Run: Running InitReliableMedia, order=99, priorityHint=NORMAL 
07-18 14:05:41.791 17875 17931 W fb4a.AppInitScheduler|Run:   Finished InitReliableMedia in 2ms
07-18 14:05:41.796  1055  1244 D ConnectivityService: NetReassign [no changes] [c 1] [a 0] [i 3]
07-18 14:05:41.826  3916  3916 I adbd    : adbd service requested 'shell,v2:mkdir -p /data/local/tmp/.studio; chmod 755 /data/local/tmp/.studio; chown shell:shell /data/local/tmp/.studio'
07-18 14:05:41.844 17875 18027 W facebook.katana: JNI RegisterNativeMethods: attempt to register 0 native methods for com.facebook.msys.mci.EventLoggingData
07-18 14:05:41.859 17875 18027 W soft_error.cpp: [DGWClientConfig] : sgConnectTimeout: value 0 outside valid range [1, 120] <force_oncall:mi_client_infra:force_oncall>
07-18 14:05:41.859 17875 18027 W soft_error.cpp: [DGWClientConfig] : sgPingTimeout: value 0 outside valid range [1, 60] <force_oncall:mi_client_infra:force_oncall>
07-18 14:05:41.859 17875 18027 W soft_error.cpp: [DGWClientConfig] : tunnelConnectTimeout: value 0 outside valid range [1, 120] <force_oncall:mi_client_infra:force_oncall>
07-18 14:05:41.859 17875 18027 W soft_error.cpp: [DGWClientConfig] : tunnelConnectAckTimeout: value 0 outside valid range [1, 120] <force_oncall:mi_client_infra:force_oncall>
07-18 14:05:41.863  1055  2321 D ConnectivityService: requestNetwork for uid/pid:10228/17875 activeRequest: null callbackRequest: 77214 [NetworkRequest [ REQUEST id=77215, [ Capabilities: INTERNET&NOT_RESTRICTED&TRUSTED&NOT_VCN_MANAGED&NOT_BANDWIDTH_CONSTRAINED Uid: 10228 RequestorUid: 10228 RequestorPkg: com.facebook.katana UnderlyingNetworks: Null] ]] callback flags: 0 order: 2147483647 isUidTracked: false declaredMethods: AVAIL|LOST|NC|LP
07-18 14:05:41.866  1055  1226 D WifiNetworkFactory: got request NetworkRequest [ REQUEST id=77215, [ Capabilities: INTERNET&NOT_RESTRICTED&TRUSTED&NOT_VCN_MANAGED&NOT_BANDWIDTH_CONSTRAINED Uid: 10228 RequestorUid: 10228 RequestorPkg: com.facebook.katana UnderlyingNetworks: Null] ]
07-18 14:05:41.867   609   609 D enhanceHAL: sunlightRead: current ambient = 2023
07-18 14:05:41.867  1055  1226 D UntrustedWifiNetworkFactory: got request NetworkRequest [ REQUEST id=77215, [ Capabilities: INTERNET&NOT_RESTRICTED&TRUSTED&NOT_VCN_MANAGED&NOT_BANDWIDTH_CONSTRAINED Uid: 10228 RequestorUid: 10228 RequestorPkg: com.facebook.katana UnderlyingNetworks: Null] ]
07-18 14:05:41.868  1055  1226 D OemPaidWifiNetworkFactory: got request NetworkRequest [ REQUEST id=77215, [ Capabilities: INTERNET&NOT_RESTRICTED&TRUSTED&NOT_VCN_MANAGED&NOT_BANDWIDTH_CONSTRAINED Uid: 10228 RequestorUid: 10228 RequestorPkg: com.facebook.katana UnderlyingNetworks: Null] ]
07-18 14:05:41.868  1055  1226 D MultiInternetWifiNetworkFactory: got request NetworkRequest [ REQUEST id=77215, [ Capabilities: INTERNET&NOT_RESTRICTED&TRUSTED&NOT_VCN_MANAGED&NOT_BANDWIDTH_CONSTRAINED Uid: 10228 RequestorUid: 10228 RequestorPkg: com.facebook.katana UnderlyingNetworks: Null] ]
07-18 14:05:41.869  1055  1244 D ConnectivityService: NetReassign [77215 : null → 644] [c 0] [a 1] [i 5]
07-18 14:05:41.879  3916  3916 I adbd    : adbd service requested 'shell,v2:getprop'
07-18 14:05:41.902  1055  2321 V BroadcastQueue: Enqueuing BroadcastRecord{23253c9 android.media.RINGER_MODE_CHANGED/u-1} ordered=false from uid -1 pid -1 for 1 receivers
07-18 14:05:41.903 25700 25700 D BoundBrokerSvc: onRebind: Intent { act=com.google.android.gms.libs.gmscorelogger.service.START dat=chimera-action:/... cmp=com.google.android.gms/.chimera.PersistentDirectBootAwareApiService }
07-18 14:05:41.915 17875 17999 W fb4a.FeedClarityEligibilityHelper: [AI] Failed to parse sampler config JSON
07-18 14:05:41.915 17875 17999 W fb4a.FeedClarityEligibilityHelper: org.json.JSONException: End of input at character 0 of 
07-18 14:05:41.915 17875 17999 W fb4a.FeedClarityEligibilityHelper: 	at org.json.JSONTokener.syntaxError(JSONTokener.java:469)
07-18 14:05:41.915 17875 17999 W fb4a.FeedClarityEligibilityHelper: 	at org.json.JSONTokener.nextValue(JSONTokener.java:101)
07-18 14:05:41.915 17875 17999 W fb4a.FeedClarityEligibilityHelper: 	at org.json.JSONObject.<init>(JSONObject.java:168)
07-18 14:05:41.915 17875 17999 W fb4a.FeedClarityEligibilityHelper: 	at org.json.JSONObject.<init>(JSONObject.java:185)
07-18 14:05:41.915 17875 17999 W fb4a.FeedClarityEligibilityHelper: 	at X.KlK.A06(:208)
07-18 14:05:41.915 17875 17999 W fb4a.FeedClarityEligibilityHelper: 	at X.17q.A01(:71)
07-18 14:05:41.915 17875 17999 W fb4a.FeedClarityEligibilityHelper: 	at X.3QY.A03(:69)
07-18 14:05:41.915 17875 17999 W fb4a.FeedClarityEligibilityHelper: 	at X.19g.A0i(:4)
07-18 14:05:41.915 17875 17999 W fb4a.FeedClarityEligibilityHelper: 	at X.1kY.A04(:348)
07-18 14:05:41.915 17875 17999 W fb4a.FeedClarityEligibilityHelper: 	at X.1kY.A05(:1020)
07-18 14:05:41.915 17875 17999 W fb4a.FeedClarityEligibilityHelper: 	at X.28k.run(:21)
07-18 14:05:41.915 17875 17999 W fb4a.FeedClarityEligibilityHelper: 	at X.3EL.run(:2)
07-18 14:05:41.915 17875 17999 W fb4a.FeedClarityEligibilityHelper: 	at java.util.concurrent.ThreadPoolExecutor.runWorker(ThreadPoolExecutor.java:1100)
07-18 14:05:41.915 17875 17999 W fb4a.FeedClarityEligibilityHelper: 	at java.util.concurrent.ThreadPoolExecutor$Worker.run(ThreadPoolExecutor.java:624)
07-18 14:05:41.915 17875 17999 W fb4a.FeedClarityEligibilityHelper: 	at X.1Bh.run(:3)
07-18 14:05:41.915 17875 17999 W fb4a.FeedClarityEligibilityHelper: 	at X.1Bm.run(:17)
07-18 14:05:41.915 17875 17999 W fb4a.FeedClarityEligibilityHelper: 	at java.lang.Thread.run(Thread.java:1572)
07-18 14:05:41.951 17875 17928 W fb4a.AppInitScheduler|Run:   Finished SecondaryDexPreloaderBg in 310ms
07-18 14:05:41.951 17875 17928 W fb4a.AppInitScheduler|Schedule: Pending tasks reached zero, maybe shutting down…
07-18 14:05:41.951 17875 17928 W fb4a.AppInitScheduler|Run: All work finished.
07-18 14:05:42.030  3916  3916 I adbd    : adbd service requested 'sync:'
07-18 14:05:42.087 17875 17913 W fb4a.AppInitScheduler|Run: DeadlockMonitor exiting.
07-18 14:05:42.103  3916  3916 I adbd    : adbd service requested 'shell,v2:wm size'
07-18 14:05:42.231  3916  3916 I adbd    : adbd service requested 'shell,v2:/data/local/tmp/.studio/process-tracker --interval 1000'
07-18 14:05:42.296  3916  3916 I adbd    : adbd service requested 'shell,v2:getprop'
07-18 14:05:42.353  3916  3916 I adbd    : adbd service requested 'shell,v2:mkdir -p /data/local/tmp/.studio; chmod 755 /data/local/tmp/.studio; chown shell:shell /data/local/tmp/.studio'
07-18 14:05:42.534  3916  3916 I adbd    : adbd service requested 'sync:'
07-18 14:05:42.540  3916  3916 I adbd    : adbd service requested 'shell,v2:/data/local/tmp/.studio/process-tracker --interval 1000'
07-18 14:05:42.568 17875 17940 W facebook.katana: JNI RegisterNativeMethods: attempt to register 0 native methods for com.facebook.traffic.nts.providers.reachability.ReachabilityV2ProviderAppLayerUpcallsImpl
07-18 14:05:42.572  1055  2321 D ConnectivityService: requestNetwork for uid/pid:10228/17875 activeRequest: null callbackRequest: 77216 [NetworkRequest [ REQUEST id=77217, [ Capabilities: INTERNET&NOT_RESTRICTED&TRUSTED&NOT_VCN_MANAGED&NOT_BANDWIDTH_CONSTRAINED Uid: 10228 RequestorUid: 10228 RequestorPkg: com.facebook.katana UnderlyingNetworks: Null] ]] callback flags: 0 order: 2147483647 isUidTracked: false declaredMethods: AVAIL|LOST|NC|LP
07-18 14:05:42.576  1055  1226 D WifiNetworkFactory: got request NetworkRequest [ REQUEST id=77217, [ Capabilities: INTERNET&NOT_RESTRICTED&TRUSTED&NOT_VCN_MANAGED&NOT_BANDWIDTH_CONSTRAINED Uid: 10228 RequestorUid: 10228 RequestorPkg: com.facebook.katana UnderlyingNetworks: Null] ]
07-18 14:05:42.576  1055  1226 D UntrustedWifiNetworkFactory: got request NetworkRequest [ REQUEST id=77217, [ Capabilities: INTERNET&NOT_RESTRICTED&TRUSTED&NOT_VCN_MANAGED&NOT_BANDWIDTH_CONSTRAINED Uid: 10228 RequestorUid: 10228 RequestorPkg: com.facebook.katana UnderlyingNetworks: Null] ]
07-18 14:05:42.576  1055  1226 D OemPaidWifiNetworkFactory: got request NetworkRequest [ REQUEST id=77217, [ Capabilities: INTERNET&NOT_RESTRICTED&TRUSTED&NOT_VCN_MANAGED&NOT_BANDWIDTH_CONSTRAINED Uid: 10228 RequestorUid: 10228 RequestorPkg: com.facebook.katana UnderlyingNetworks: Null] ]
07-18 14:05:42.576  1055  1226 D MultiInternetWifiNetworkFactory: got request NetworkRequest [ REQUEST id=77217, [ Capabilities: INTERNET&NOT_RESTRICTED&TRUSTED&NOT_VCN_MANAGED&NOT_BANDWIDTH_CONSTRAINED Uid: 10228 RequestorUid: 10228 RequestorPkg: com.facebook.katana UnderlyingNetworks: Null] ]
07-18 14:05:42.576  1055  1244 D ConnectivityService: NetReassign [77217 : null → 644] [c 0] [a 1] [i 2]
07-18 14:05:42.601  3916  3916 I adbd    : adbd service requested 'shell,v2:wm size'
07-18 14:05:42.856  3916  3916 I adbd    : adbd service requested 'shell,v2:mkdir -p /data/local/tmp/.studio; chmod 755 /data/local/tmp/.studio; chown shell:shell /data/local/tmp/.studio'
07-18 14:05:42.931  3916  3916 I adbd    : adbd service requested 'shell,v2:getprop'
07-18 14:05:43.049  3916  3916 I adbd    : adbd service requested 'shell,v2:/data/local/tmp/.studio/process-tracker --interval 1000'
07-18 14:05:43.114  3916  3916 I adbd    : adbd service requested 'sync:'
07-18 14:05:43.159  3916  3916 I adbd    : adbd service requested 'shell,v2:wm size'
07-18 14:05:43.205  1055  1190 I InputReader: processEventsLocked: type=1 Count=6 code=330 value=1 deviceId=4 when=1108418946536000
07-18 14:05:43.205  1055  1190 D InputReader: dispatchTouches action DOWN now(ns): 1108418947406076
07-18 14:05:43.208  1055  1153 D WindowManager: isSupportDynamicNavbar user0, navBarMode = 0, is3buttonModeNavbar = true
07-18 14:05:43.214   645   645 D vendor.sprd.hardware.vibrator-service: Vibra::perform
07-18 14:05:43.214   645   645 D vendor.sprd.hardware.vibrator-service: vibra_on 65
07-18 14:05:43.281   645   645 D vendor.sprd.hardware.vibrator-service: vibra_off
07-18 14:05:43.287  1055  1190 I InputReader: processEventsLocked: type=3 Count=4 code=57 value=-1 deviceId=4 when=1108419029383000
07-18 14:05:43.288  1055  1190 D InputReader: dispatchTouches action UP now(ns): 1108419029875461
07-18 14:05:43.289  3074  3074 D UnisocSuperPowerUtilImpl: getPowerSaveModeInternal mode=1
07-18 14:05:43.290  3074  3074 D NavigationBar: Click Recents Button!
07-18 14:05:43.291 23614 22816 D OverviewCommandHelper: command added: CommandInfo(type=TOGGLE, status=IDLE, createTime=1668287320, animationCallbacks=null)
07-18 14:05:43.291 23614 22816 D OverviewCommandHelper: execute: CommandInfo(type=TOGGLE, status=IDLE, createTime=1668287320, animationCallbacks=null) - queue size: 1
07-18 14:05:43.291 23614 23614 D OverviewCommandHelper: executing command: CommandInfo(type=TOGGLE, status=PROCESSING, createTime=1668287320, animationCallbacks=null)
07-18 14:05:43.292  1055  2321 V BroadcastQueue: Enqueuing BroadcastRecord{c65b94b android.intent.action.CLOSE_SYSTEM_DIALOGS/u-1} ordered=false from uid 1000 pid -1 for 11 receivers
07-18 14:05:43.303  3074  3074 I vol.VolumeDialogImpl: mDialog.dismiss() reason: volume_controller from: com.android.systemui.volume.VolumeDialogImpl$7.onDismissRequested:3
07-18 14:05:43.310 23614 23614 D OverviewCommandHelper: executeCommand: CommandInfo(type=TOGGLE, status=PROCESSING, createTime=1668287320, animationCallbacks=null) - visibleRecentsView: null
07-18 14:05:43.313 23614 23614 D StateManager: goToState - fromState: Normal, toState: Overview, partial trace:
07-18 14:05:43.313 23614 23614 D StateManager: 	at com.android.quickstep.LauncherActivityInterface.switchToRecentsIfVisible(SourceFile:46)
07-18 14:05:43.313 23614 23614 D StateManager: 	at com.android.quickstep.OverviewCommandHelper.executeWhenRecentsIsNotVisible(SourceFile:155)
07-18 14:05:43.313 23614 23614 D StateManager: 	at com.android.quickstep.OverviewCommandHelper.executeCommand(SourceFile:51)
07-18 14:05:43.313 23614 23614 D StateManager: java.lang.Throwable
07-18 14:05:43.313 23614 23614 D StateManager: 	at com.android.launcher3.statemanager.StateManager.goToState(SourceFile:8)
07-18 14:05:43.313 23614 23614 D StateManager: 	at com.android.launcher3.statemanager.StateManager.goToState(SourceFile:4)
07-18 14:05:43.313 23614 23614 D StateManager: 	at com.android.quickstep.LauncherActivityInterface.switchToRecentsIfVisible(SourceFile:46)
07-18 14:05:43.313 23614 23614 D StateManager: 	at com.android.quickstep.OverviewCommandHelper.executeWhenRecentsIsNotVisible(SourceFile:155)
07-18 14:05:43.313 23614 23614 D StateManager: 	at com.android.quickstep.OverviewCommandHelper.executeCommand(SourceFile:51)
07-18 14:05:43.313 23614 23614 D StateManager: 	at com.android.quickstep.OverviewCommandHelper.executeCommandSuspended(SourceFile:18)
07-18 14:05:43.313 23614 23614 D StateManager: 	at com.android.quickstep.OverviewCommandHelper.access$executeCommandSuspended(SourceFile:0)
07-18 14:05:43.313 23614 23614 D StateManager: 	at com.android.quickstep.OverviewCommandHelper$processNextCommand$1$1.invokeSuspend(SourceFile:42)
07-18 14:05:43.313 23614 23614 D StateManager: 	at com.android.quickstep.OverviewCommandHelper$processNextCommand$1$1.invoke(SourceFile:2)
07-18 14:05:43.313 23614 23614 D StateManager: 	at com.android.quickstep.OverviewCommandHelper$processNextCommand$1$1.invoke(SourceFile:1)
07-18 14:05:43.313 23614 23614 D StateManager: 	at kotlinx.coroutines.intrinsics.UndispatchedKt.startUndispatchedOrReturnIgnoreTimeout(SourceFile:7)
07-18 14:05:43.313 23614 23614 D StateManager: 	at kotlinx.coroutines.TimeoutKt.a(SourceFile:23)
07-18 14:05:43.313 23614 23614 D StateManager: 	at kotlinx.coroutines.TimeoutKt.withTimeout(SourceFile:11)
07-18 14:05:43.313 23614 23614 D StateManager: 	at com.android.quickstep.OverviewCommandHelper$processNextCommand$1.invokeSuspend(SourceFile:40)
07-18 14:05:43.313 23614 23614 D StateManager: 	at kotlin.coroutines.jvm.internal.BaseContinuationImpl.resumeWith(SourceFile:10)
07-18 14:05:43.313 23614 23614 D StateManager: 	at kotlinx.coroutines.DispatchedTask.run(SourceFile:128)
07-18 14:05:43.313 23614 23614 D StateManager: 	at android.os.Handler.handleCallback(Handler.java:959)
07-18 14:05:43.313 23614 23614 D StateManager: 	at android.os.Handler.dispatchMessage(Handler.java:100)
07-18 14:05:43.313 23614 23614 D StateManager: 	at android.os.Looper.loopOnce(Looper.java:232)
07-18 14:05:43.313 23614 23614 D StateManager: 	at android.os.Looper.loop(Looper.java:317)
07-18 14:05:43.313 23614 23614 D StateManager: 	at android.app.ActivityThread.main(ActivityThread.java:8842)
07-18 14:05:43.313 23614 23614 D StateManager: 	at java.lang.reflect.Method.invoke(Native Method)
07-18 14:05:43.313 23614 23614 D StateManager: 	at com.android.internal.os.RuntimeInit$MethodAndArgsCaller.run(RuntimeInit.java:681)
07-18 14:05:43.313 23614 23614 D StateManager: 	at com.android.internal.os.ZygoteInit.main(ZygoteInit.java:902)
07-18 14:05:43.313 23614 23614 E wfh     : gotostate:Overview
07-18 14:05:43.315 23614 23614 D OverviewCommandHelper: switching to Overview state - waiting: CommandInfo(type=TOGGLE, status=PROCESSING, createTime=1668287320, animationCallbacks=null)
07-18 14:05:43.315 23614 23614 D OverviewCommandHelper: command executed: CommandInfo(type=TOGGLE, status=PROCESSING, createTime=1668287320, animationCallbacks=null) with result: false
07-18 14:05:43.315 23614 23614 D OverviewCommandHelper: waiting for command callback: CommandInfo(type=TOGGLE, status=PROCESSING, createTime=1668287320, animationCallbacks=null)
07-18 14:05:43.322 23614 23614 D StateManager: onStateTransitionStart - state: Overview
07-18 14:05:43.322 23614 23614 D RecentsView: updateTaskStackListenerState: true
07-18 14:05:43.322 23614 23614 E SystemUiProxy: RecentTasksList getTasks 11 isValidForRequest=false
07-18 14:05:43.322 23614 23614 D RecentsView: reloadIfNeeded - getTasks: 2937
07-18 14:05:43.322 23614 23614 E Launcher: launcher onClick desktopTasksVisible:false,mInOverviewState:false
07-18 14:05:43.322 23614 23614 E Launcher: launcher onClick desktopTasksVisible:false,mInOverviewState:true
07-18 14:05:43.322 23614 23614 W DesktopVisController: setOverviewStateEnabled: android15 qpr1 add
07-18 14:05:43.325 23614 23614 W DesktopVisController: setLauncherViewsVisibility: 
07-18 14:05:43.325 23614 23614 W DesktopVisController: setLauncherViewsVisibility: 
07-18 14:05:43.325 23614 23614 W TAG     : setResumed: android15 qpr1 add:com.android.launcher3.statehandlers.DesktopVisibilityController@d9f2aed
07-18 14:05:43.326 23614 23614 E Launcher: launcher onClick desktopTasksVisible:false,mInOverviewState:true
07-18 14:05:43.326 23614 23614 D OverviewCommandHelper: switching to Overview state - onAnimationStart: CommandInfo(type=TOGGLE, status=PROCESSING, createTime=1668287320, animationCallbacks=null)
07-18 14:05:43.326 23614 23614 D StatsLog: LAUNCHER_OVERVIEW_SHOW_OVERVIEW_FROM_3_BUTTON
07-18 14:05:43.331 23614 23643 E TAG     : GroupedRecentTaskInfo: android.os.Parcel@c43cb36
07-18 14:05:43.332 23614 23643 E TAG     : GroupedRecentTaskInfo: android.os.Parcel@c43cb36
07-18 14:05:43.332 23614 23643 E TAG     : GroupedRecentTaskInfo: android.os.Parcel@c43cb36
07-18 14:05:43.333 23614 23643 E TAG     : GroupedRecentTaskInfo: android.os.Parcel@c43cb36
07-18 14:05:43.337 23614 23614 D RecentsView: applyLoadPlan - taskGroups: [type=SINGLE task1=[id=3191 windowingMode=1 user=0 lastActiveTime=1667852455] null task2=null, type=SINGLE task1=[id=3193 windowingMode=1 user=0 lastActiveTime=1668096533] null task2=null, type=SINGLE task1=[id=3192 windowingMode=1 user=0 lastActiveTime=1668149328] null task2=null, type=SINGLE task1=[id=3195 windowingMode=1 user=0 lastActiveTime=1668284791] null task2=null]
07-18 14:05:43.341  3916  3916 I adbd    : adbd service requested 'shell,v2:mkdir -p /data/local/tmp/.studio; chmod 755 /data/local/tmp/.studio; chown shell:shell /data/local/tmp/.studio'
07-18 14:05:43.343 23614  5436 D mali_gralloc: register: id=25900053bf4, handle=0xb4000076241d3bf0, importpid=23614
07-18 14:05:43.344 23614  5436 D DirectBoot: UserLockState mIsUserUnlocked:true
07-18 14:05:43.345 23614  5436 D ThemeResProvider: readAppIconFromAsset fail : com.example.controlhorario.MainActivity
07-18 14:05:43.346 23614  5436 D DirectBoot: UserLockState mIsUserUnlocked:true
07-18 14:05:43.346 23614  5436 D ThemeResProvider: readAppIconFromAsset fail : com.example.controlhorario
07-18 14:05:43.358 23614 23614 D OverviewActionsView: updateForGroupedTask() called with: isGroupedTask = [false], canSaveAppPair = [false]
07-18 14:05:43.358 23614 23614 D OverviewActionsView: updateActionButtonsVisibility() called: showSingleTaskActions = [true], showGroupActions = [false]
07-18 14:05:43.373 25700 25706 I .gms.persistent: Background young concurrent mark compact GC freed 72MB AllocSpace bytes, 24(852KB) LOS objects, 74% free, 24MB/97MB, paused 653us,7.713ms total 144.322ms
07-18 14:05:43.388 23614  5436 D DirectBoot: UserLockState mIsUserUnlocked:true
07-18 14:05:43.388 23614  5436 D DirectBoot: UserLockState mIsUserUnlocked:true
07-18 14:05:43.401  3916  3916 I adbd    : adbd service requested 'shell,v2:getprop'
07-18 14:05:43.404 23614  5436 D DirectBoot: UserLockState mIsUserUnlocked:true
07-18 14:05:43.404 23614  5436 D ThemeResProvider: readAppIconFromAsset fail : com.android.vending.AssetBrowserActivity
07-18 14:05:43.449 17875 17969 W fb4a.MultiSignalANRDetectorLacrima: Pausing error state checks
07-18 14:05:43.468 23614 23614 D StateManager: onStateTransitionEnd - state: Overview
07-18 14:05:43.469 23614 23614 E overview: setViewEnabled clear all btn enable
07-18 14:05:43.469 23614 23614 E overview: setViewEnabled clear all btn enable
07-18 14:05:43.471  1055  1399 D ActivityManager: Skip enqueue broadcast because no receiver with Intent { act=com.freeme.motion.change.notification flg=0x10 (has extras) }
07-18 14:05:43.476 23614 23614 D OverviewCommandHelper: switching to Overview state - onAnimationEnd: CommandInfo(type=TOGGLE, status=PROCESSING, createTime=1668287320, animationCallbacks=null)
07-18 14:05:43.476 23614 23614 D OverviewCommandHelper: command executed: CommandInfo(type=TOGGLE, status=PROCESSING, createTime=1668287320, animationCallbacks=null) with result: true
07-18 14:05:43.486 23614 23614 D OverviewCommandHelper: command executed successfully! CommandInfo(type=TOGGLE, status=COMPLETED, createTime=1668287320, animationCallbacks=null)
07-18 14:05:43.486 23614 23614 D OverviewCommandHelper: no pending commands to be executed.
07-18 14:05:43.501  1055  1399 D AS.AudioService: Volume controller visible: false
07-18 14:05:43.516  3916  3916 I adbd    : adbd service requested 'sync:'
07-18 14:05:43.587  3916  3916 I adbd    : adbd service requested 'shell,v2:wm size'
07-18 14:05:43.654  3916  3916 I adbd    : adbd service requested 'shell,v2:/data/local/tmp/.studio/process-tracker --interval 1000'
07-18 14:05:43.759  3916  3916 I adbd    : adbd service requested 'shell,v2:mkdir -p /data/local/tmp/.studio; chmod 755 /data/local/tmp/.studio; chown shell:shell /data/local/tmp/.studio'
07-18 14:05:43.806 17875 17880 W facebook.katana: Cleared Reference was only reachable from finalizer (only reported once)
