07-18 12:28:52.420 31538 31538 D FINGERPRINT_DB: employeeId=2 rowsFound=1 selectedRecordId=12 selectedUpdatedAt=2026-07-18 12:23:16 selectedSha256=79bfaaa838f954afd4b1a876bff7a27f9fa62e91a612ebfa950233a8284f9ede
07-18 12:28:52.420 31538 31538 D FINGERPRINT_VERIFY: employeeId=2 storedEmployeeId=2 biometricType=2CONNECT_USB biometricRecordId=12 updatedAt=2026-07-18 12:23:16 base64LengthRead=684 decodedBytes=512 storedSizeColumn=512
07-18 12:28:52.531 31538 31585 D SDK_INIT: operation=OpenDevice result=-1 readerHash=112993363 objetoUsbReaderHash=112993363 thread=DefaultDispatcher-worker-2
07-18 12:28:52.535 31538 31538 I FINGERPRINT_METHOD_ENTRY: method=verifyFingerprint employeeId=2 managerInstance=91647614 thread=main readerConnected=true timestamp=1784392132535
07-18 12:28:52.542 31538 31538 D FINGERPRINT_VERIFY: attemptId=73 employeeId=2 usbConnected=true usbPermission=true readerOpened=false imageResult=null featureGenerationResult=null fpUpCharResult=null sdkReportedCapturedSize=0 initMatchResult=false initMatchInvoked=true capturedSize=0 capturedNonZeroBytes=0 base64LengthRead=684 storedSize=512 storedNonZeroBytes=198 matchTemplateExecuted=false result=CaptureError score=null threshold=100 decision=CAPTURE_FAILED failure=CaptureFailed uiMessage=No se pudo leer la huella. Coloque el dedo nuevamente.
07-18 12:28:52.542 31538 31538 D FINGERPRINT_RETRY: attemptId=73 state=READY_TO_RETRY waitingFingerLift=false fingerLiftDetected=null retryScheduled=true verificationJobActive=false retryJobActive=false cancelReason=null
07-18 12:28:52.560  1055  1524 D SSense.GalleryAppSceneRecognizer: GalleryAppScene for uid:10275 pkg name:com.example.controlhorario sceneId:0 changed:false mCurrentFlingAppName:null
07-18 12:28:52.572   783  8448 D BufferPoolAccessor2.0: bufferpool2 0xebe8dca8 : 0(0 size) total buffers - 0(0 size) used buffers - 16/24 (recycle/alloc) - 8/40 (fetch/transfer)
07-18 12:28:52.573   604  1330 D BufferPoolAccessor2.0: evictor expired: 2, evicted: 0
07-18 12:28:52.573   783  8448 D BufferPoolAccessor2.0: evictor expired: 1, evicted: 1
07-18 12:28:52.587  3916  3916 I adbd    : adbd service requested 'sync:'
07-18 12:28:52.925  1055  1100 D AppOps  : evalModeInternal: uid = 10245, code = 27, uidState = 600, uidCapability = 8, opCapability = 4
07-18 12:28:52.926 23950 31445 I eohs    : (REDACTED) HDM. appOpsListener %s %s
07-18 12:28:52.926 23950 31445 I eohs    : (REDACTED) HDM. Ignoring irrelevant audio permission changes for package %s
07-18 12:28:52.926  1055  1100 D AppOps  : evalModeInternal: uid = 10245, code = 26, uidState = 600, uidCapability = 8, opCapability = 2
07-18 12:28:52.927  1055  1100 D AppOps  : evalModeInternal: uid = 10245, code = 1, uidState = 600, uidCapability = 8, opCapability = 1
07-18 12:28:52.936  3916  3916 W adbd    : timeout expired while reading data after flushing socket, closing
07-18 12:28:53.001 22839 22839 W TouchableRegionManager: onHeadsUpPinnedModeChanged
07-18 12:28:53.002 22839 22839 D HeadsUpAppearanceController: shouldBeVisible(), canShow:true, mHeadsUpManager.hasPinnedHeadsUp():false
07-18 12:28:53.035  3916  3916 I adbd    : adbd service requested 'shell,v2:wm size'
07-18 12:28:53.045 31538 31538 D FINGERPRINT_RETRY: attemptId=73 state=RETRY_STARTED waitingFingerLift=false fingerLiftDetected=true retryScheduled=false verificationJobActive=false retryJobActive=true cancelReason=null
07-18 12:28:53.050 22839 22839 W Looper  : Slow delivery took 4748ms main h=android.os.Handler c=com.android.systemui.statusbar.notification.logging.NotificationLogger$1@a790b80 m=0
07-18 12:28:53.050 22839 22839 W Looper  : Drained
07-18 12:28:53.055 22839 22839 D UnisocSuperPowerUtilImpl: getPowerSaveModeInternal mode=1
07-18 12:28:53.055 22839 22839 D UnisocSuperPowerUtilImpl: getPowerSaveModeInternal mode=1
07-18 12:28:53.055 22839 22839 W WindowOnBackDispatcher: sendCancelIfRunning: isInProgress=false callback=com.android.systemui.back.domain.interactor.BackActionInteractor$callback$2@8a27e9b
07-18 12:28:53.056  1055  1396 D CoreBackPreview: Window{67328fc u0 NotificationShade}, [type=2040, isChildWindow=false]-[Surface(name=*Title#207601)/@0x8c2fcf0, shown=false, windowType=2040]: Setting back callback null
07-18 12:28:53.057 22839 22839 D HeadsUpAppearanceController: shouldBeVisible(), canShow:true, mHeadsUpManager.hasPinnedHeadsUp():false
07-18 12:28:53.057 22839 22839 D HeadsUpAppearanceController: shouldBeVisible(), canShow:true, mHeadsUpManager.hasPinnedHeadsUp():false
07-18 12:28:53.057 22839 22839 D CollapsedStatusBarFragment: shouldHideStatusBar() is false
07-18 12:28:53.060  1055  1096 D PowerHALManager: powerhalmanager setviptaskbypid!!!
07-18 12:28:53.060   629   629 D PowerHAL: set_viptask:tag=UFwAppResCtl,type=ui,pid=22839,level=0,buf=22839 0
07-18 12:28:53.061  1055  1096 D PowerHALManager: powerhalmanager setviptaskbypid!!!
07-18 12:28:53.061   629   629 D PowerHAL: set_viptask:tag=UFwAppResCtl,type=ui,pid=22956,level=0,buf=22956 0
07-18 12:28:53.062 31538 31538 I FINGERPRINT_UI_TRACE: screen=EmployeePunchScreen button=AUTO_VERIFY employeeId=2 action=CLICK managerClass=com.example.controlhorario.fingerprint.external.TwoConnectFingerprintManager methodRequested=verifyFingerprint timestamp=1784392133062
07-18 12:28:53.065 31538 31538 D FINGERPRINT_VERIFY: attemptId=74 employeeId=2 stage=START usbConnected=true usbPermission=true readerOpened=false
07-18 12:28:53.076 22839 22956 D mali_gralloc: unregister: id=259000533c6, handle=0xb4000076243129d0, base=0x0, importpid=22839, clone_count=0
07-18 12:28:53.077 22839 22956 D mali_gralloc: unregister: id=259000533c7, handle=0xb400007624311470, base=0x0, importpid=22839, clone_count=0
07-18 12:28:53.083 22839 22839 D mali_gralloc: unregister: id=259000533c5, handle=0xb400007624312af0, base=0x0, importpid=22839, clone_count=0
07-18 12:28:53.085   657   657 I SurfaceFlinger: updating visibility visibleForInput:0, Snapshot{TraversalPath{.id = 207601}NotificationShade#207601 isVisible=0 {layer not reachable from root} changes=Hierarchy | Parent | RelativeParent | Visibility | AffectsChildren | VisibleRegion layerStack=0 geomLayerBounds={0,0,1280,576} geomLayerTransform={tx=0,ty=0}}
07-18 12:28:53.086   657   657 D mali_gralloc: unregister: id=259000533c6, handle=0xb4000070db99d910, base=0x0, importpid=657, clone_count=0
07-18 12:28:53.087   602   602 D mali_gralloc: unregister: id=259000533c6, handle=0xb40000748e7b4d30, base=0x0, importpid=602, clone_count=0
07-18 12:28:53.087   602   602 D mali_gralloc: unregister: id=259000533c5, handle=0xb40000748e7b5630, base=0x0, importpid=602, clone_count=0
07-18 12:28:53.087   602   602 D mali_gralloc: unregister: id=259000533c7, handle=0xb40000748e7b76d0, base=0x0, importpid=602, clone_count=0
07-18 12:28:53.088 22839 22906 D ControlsListingControllerImpl: Unsubscribing callback
07-18 12:28:53.089 31538 31538 D FINGERPRINT_TEMPLATE_TRACE: stage=D_AFTER_ROOM_READ employeeId=2 size=512 sha256=79bfaaa838f954afd4b1a876bff7a27f9fa62e91a612ebfa950233a8284f9ede nonZeroBytes=198
07-18 12:28:53.089 31538 31538 D FINGERPRINT_DB: employeeId=2 rowsFound=1 selectedRecordId=12 selectedUpdatedAt=2026-07-18 12:23:16 selectedSha256=79bfaaa838f954afd4b1a876bff7a27f9fa62e91a612ebfa950233a8284f9ede
07-18 12:28:53.089 31538 31538 D FINGERPRINT_VERIFY: employeeId=2 storedEmployeeId=2 biometricType=2CONNECT_USB biometricRecordId=12 updatedAt=2026-07-18 12:23:16 base64LengthRead=684 decodedBytes=512 storedSizeColumn=512
07-18 12:28:53.092 22839 22906 D ControlsListingControllerImpl: Unsubscribing callback
07-18 12:28:53.096 22839 22906 D ControlsListingControllerImpl: Unsubscribing callback
07-18 12:28:53.102   657   657 I SurfaceFlinger: updating visibility visibleForInput:1, Snapshot{TraversalPath{.id = 207602}Surface(name=8359b94 StatusBar#201331)/@0xd17ee32 - animation-leash of insets_animation#207602 isVisible=1 {nothing to draw} changes=Created | Metadata | FrameRate layerStack=0 geomLayerBounds={-5760,-12800,12800,5760} geomLayerTransform={tx=0,ty=0}}
07-18 12:28:53.102   657   657 I SurfaceFlinger: updating visibility visibleForInput:0, Snapshot{TraversalPath{.id = 207602}Surface(name=8359b94 StatusBar#201331)/@0xd17ee32 - animation-leash of insets_animation#207602 isVisible=0 {nothing to draw} changes=Created | Metadata | Visibility | FrameRate layerStack=0 geomLayerBounds={-5760,-12800,12800,5760} geomLayerTransform={tx=0,ty=0}}
07-18 12:28:53.120   657   699 D mali_gralloc: unregister: id=259000533c7, handle=0xb4000070db9a5dd0, base=0x0, importpid=657, clone_count=0
07-18 12:28:53.201 31538 31585 D SDK_INIT: operation=OpenDevice result=-1 readerHash=112993363 objetoUsbReaderHash=112993363 thread=DefaultDispatcher-worker-2
07-18 12:28:53.204 31538 31538 I FINGERPRINT_METHOD_ENTRY: method=verifyFingerprint employeeId=2 managerInstance=91647614 thread=main readerConnected=true timestamp=1784392133204
07-18 12:28:53.210 31538 31538 D FINGERPRINT_VERIFY: attemptId=74 employeeId=2 usbConnected=true usbPermission=true readerOpened=false imageResult=null featureGenerationResult=null fpUpCharResult=null sdkReportedCapturedSize=0 initMatchResult=false initMatchInvoked=true capturedSize=0 capturedNonZeroBytes=0 base64LengthRead=684 storedSize=512 storedNonZeroBytes=198 matchTemplateExecuted=false result=CaptureError score=null threshold=100 decision=CAPTURE_FAILED failure=CaptureFailed uiMessage=No se pudo leer la huella. Coloque el dedo nuevamente.
07-18 12:28:53.210 31538 31538 D FINGERPRINT_RETRY: attemptId=74 state=READY_TO_RETRY waitingFingerLift=false fingerLiftDetected=null retryScheduled=true verificationJobActive=false retryJobActive=false cancelReason=null
07-18 12:28:53.468  3916  3916 I adbd    : adbd service requested 'shell,v2:mkdir -p /data/local/tmp/.studio; chmod 755 /data/local/tmp/.studio; chown shell:shell /data/local/tmp/.studio'
07-18 12:28:53.573   604  1330 D BufferPoolAccessor2.0: bufferpool2 0xe59c2548 : 0(0 size) total buffers - 0(0 size) used buffers - 16/21 (recycle/alloc) - 5/21 (fetch/transfer)
07-18 12:28:53.573   783  8448 D BufferPoolAccessor2.0: evictor expired: 2, evicted: 0
07-18 12:28:53.573   604  1330 D BufferPoolAccessor2.0: evictor expired: 1, evicted: 1
07-18 12:28:53.598  3916  3916 I adbd    : adbd service requested 'shell,v2:/data/local/tmp/.studio/process-tracker --interval 1000'
07-18 12:28:53.617  3916  3916 I adbd    : adbd service requested 'shell,v2:getprop'
07-18 12:28:53.683  3916  3916 I adbd    : adbd service requested 'sync:'
07-18 12:28:53.712 31538 31538 D FINGERPRINT_RETRY: attemptId=74 state=RETRY_STARTED waitingFingerLift=false fingerLiftDetected=true retryScheduled=false verificationJobActive=false retryJobActive=true cancelReason=null
07-18 12:28:53.723 31538 31538 I FINGERPRINT_UI_TRACE: screen=EmployeePunchScreen button=AUTO_VERIFY employeeId=2 action=CLICK managerClass=com.example.controlhorario.fingerprint.external.TwoConnectFingerprintManager methodRequested=verifyFingerprint timestamp=1784392133723
07-18 12:28:53.727 31538 31538 D FINGERPRINT_VERIFY: attemptId=75 employeeId=2 stage=START usbConnected=true usbPermission=true readerOpened=false
07-18 12:28:53.734 31538 31538 D FINGERPRINT_TEMPLATE_TRACE: stage=D_AFTER_ROOM_READ employeeId=2 size=512 sha256=79bfaaa838f954afd4b1a876bff7a27f9fa62e91a612ebfa950233a8284f9ede nonZeroBytes=198
07-18 12:28:53.734 31538 31538 D FINGERPRINT_DB: employeeId=2 rowsFound=1 selectedRecordId=12 selectedUpdatedAt=2026-07-18 12:23:16 selectedSha256=79bfaaa838f954afd4b1a876bff7a27f9fa62e91a612ebfa950233a8284f9ede
07-18 12:28:53.734 31538 31538 D FINGERPRINT_VERIFY: employeeId=2 storedEmployeeId=2 biometricType=2CONNECT_USB biometricRecordId=12 updatedAt=2026-07-18 12:23:16 base64LengthRead=684 decodedBytes=512 storedSizeColumn=512
07-18 12:28:53.845 31538 31585 D SDK_INIT: operation=OpenDevice result=-1 readerHash=112993363 objetoUsbReaderHash=112993363 thread=DefaultDispatcher-worker-2
07-18 12:28:53.850 31538 31538 I FINGERPRINT_METHOD_ENTRY: method=verifyFingerprint employeeId=2 managerInstance=91647614 thread=main readerConnected=true timestamp=1784392133850
07-18 12:28:53.856 31538 31538 D FINGERPRINT_VERIFY: attemptId=75 employeeId=2 usbConnected=true usbPermission=true readerOpened=false imageResult=null featureGenerationResult=null fpUpCharResult=null sdkReportedCapturedSize=0 initMatchResult=false initMatchInvoked=true capturedSize=0 capturedNonZeroBytes=0 base64LengthRead=684 storedSize=512 storedNonZeroBytes=198 matchTemplateExecuted=false result=CaptureError score=null threshold=100 decision=CAPTURE_FAILED failure=CaptureFailed uiMessage=No se pudo leer la huella. Coloque el dedo nuevamente.
07-18 12:28:53.856 31538 31538 D FINGERPRINT_RETRY: attemptId=75 state=READY_TO_RETRY waitingFingerLift=false fingerLiftDetected=null retryScheduled=true verificationJobActive=false retryJobActive=false cancelReason=null
07-18 12:28:53.926  3916  3916 I adbd    : adbd service requested 'shell,v2:wm size'
07-18 12:28:54.080  3916  3916 I adbd    : adbd service requested 'shell,v2:mkdir -p /data/local/tmp/.studio; chmod 755 /data/local/tmp/.studio; chown shell:shell /data/local/tmp/.studio'
07-18 12:28:54.106  3916  3916 I adbd    : adbd service requested 'shell:logcat -v long -v epoch'
07-18 12:28:54.131  3916  3916 I adbd    : adbd service requested 'shell,v2:/data/local/tmp/.studio/process-tracker --interval 1000'
07-18 12:28:54.151  3916  3916 I adbd    : adbd service requested 'shell,v2:getprop'
07-18 12:28:54.309  3916  3916 I adbd    : adbd service requested 'sync:'
07-18 12:28:54.342  1055  1226 D WifiStaIfaceHidlImpl: getCachedScanData is not implemented by HIDL
07-18 12:28:54.347  1541  2237 D [N3AM]PhoneStateMonitor: onCapabilitiesChanged network: 643
07-18 12:28:54.348 29843 29843 W JobService: onNetworkChanged() not implemented in androidx.work.impl.background.systemjob.SystemJobService. Must override in a subclass.
07-18 12:28:54.351 12607 12655 D WM-WorkConstraintsTrack: NetworkRequestConstraintController onCapabilitiesChanged callback
07-18 12:28:54.352  1055  1271 D NetworkSelfRecovery: doWifiRecovery: start doMtuBlackHoleRecovery
07-18 12:28:54.352 29843 29939 D WM-NetworkStateTracker: Network capabilities changed: [ Transports: WIFI Capabilities: NOT_METERED&INTERNET&NOT_RESTRICTED&TRUSTED&NOT_VPN&VALIDATED&NOT_ROAMING&FOREGROUND&NOT_CONGESTED&NOT_SUSPENDED&NOT_VCN_MANAGED&NOT_BANDWIDTH_CONSTRAINED LinkUpBandwidth>=12051Kbps LinkDnBandwidth>=16827Kbps TransportInfo: <SSID: <unknown ssid>, BSSID: 02:00:00:00:00:00, MAC: 02:00:00:00:00:00, IP: /192.168.1.171, Security type: 2, Supplicant state: COMPLETED, Wi-Fi standard: 11n, RSSI: -62, Link speed: 57Mbps, Tx Link speed: 57Mbps, Max Supported Tx Link speed: 72Mbps, Calculated Tx : 19Mbps, Rx Link speed: 39Mbps, Max Supported Rx Link speed: 72Mbps, Calculated Rx : 39Mbps, Frequency: 2412MHz, Net ID: -1, Metered hint: false, score: 100, isUsable: true, CarrierMerged: false, SubscriptionId: -1, IsPrimary: -1, Trusted: true, Restricted: false, Ephemeral: false, OEM paid: false, OEM private: false, OSU AP: false, FQDN: <none>, Provider friendly name: <none>, Requesting package name: <none><none>MLO Information: , Is TID-To-Link negotiation supported by the AP: false, AP MLD Address: <none>, AP MLO Link Id: <none>, AP MLO Affiliated links: <none>, Vendor Data: <none>> SignalStrength: -62 UnderlyingNetworks: Null]
07-18 12:28:54.352  1756  1808 I BugleRcsEngine: handleMessage processing message:[NOTIFY_UPTIME_IGNORE_STATE_CHANGED] with [non-null]:RcsEngineImpl reference [CONTEXT log_prefix="RcsEngineImpl[DUAL_REG]:[9390a1f8-4903]>Handler" thread_id=1890 ]
07-18 12:28:54.352  1756  1804 I BugleRcsEngine: Connected state: [1], networkType: [WIFI] [CONTEXT thread_id=1886 ]
07-18 12:28:54.356  1055  1271 D NetworkSelfRecovery: doMtuBlackHoleRecovery: current mtu 1500
07-18 12:28:54.353 22839 22906 D WifiSignalController: connected : true, level : 4, isDefault : true, inetCondition : 1, statusLabel : null
07-18 12:28:54.357  1055  1271 D NetworkSelfRecovery: doMtuBlackHoleRecovery: mtu is max, skip
07-18 12:28:54.358  1055  1226 I HalDevMgr: bestIfaceCreationProposal is null, requestIface=STA, existingIface=[name=wlan0 type=STA]
07-18 12:28:54.358  1055  1244 D ConnectivityService: NetReassign [no changes] [c 1] [a 2] [i 1]
07-18 12:28:54.358 31538 31538 D FINGERPRINT_RETRY: attemptId=75 state=RETRY_STARTED waitingFingerLift=false fingerLiftDetected=true retryScheduled=false verificationJobActive=false retryJobActive=true cancelReason=null
07-18 12:28:54.360 25700 25711 I NullBinder: NullBinder for android.net.action.RECOMMEND_NETWORKS triggering remote TransactionTooLargeException due to Service without Chimera impl, calling uid: 1000, calling pid: 0
07-18 12:28:54.360 25700 25711 W .gms.persistent: Large reply transaction of 1056768 bytes, interface descriptor , code 1
07-18 12:28:54.361 25700  8570 I NearbyMediums: Wifi changed new SSID: "ANEUDY 2"
07-18 12:28:54.362 25700  8570 I NearbyMediums: WifiLanConnectivityInfo is not changed, skip notify.
07-18 12:28:54.371 31538 31538 I FINGERPRINT_UI_TRACE: screen=EmployeePunchScreen button=AUTO_VERIFY employeeId=2 action=CLICK managerClass=com.example.controlhorario.fingerprint.external.TwoConnectFingerprintManager methodRequested=verifyFingerprint timestamp=1784392134371
07-18 12:28:54.374 31538 31538 D FINGERPRINT_VERIFY: attemptId=76 employeeId=2 stage=START usbConnected=true usbPermission=true readerOpened=false
07-18 12:28:54.380 31538 31538 D FINGERPRINT_TEMPLATE_TRACE: stage=D_AFTER_ROOM_READ employeeId=2 size=512 sha256=79bfaaa838f954afd4b1a876bff7a27f9fa62e91a612ebfa950233a8284f9ede nonZeroBytes=198
07-18 12:28:54.380 31538 31538 D FINGERPRINT_DB: employeeId=2 rowsFound=1 selectedRecordId=12 selectedUpdatedAt=2026-07-18 12:23:16 selectedSha256=79bfaaa838f954afd4b1a876bff7a27f9fa62e91a612ebfa950233a8284f9ede
07-18 12:28:54.380 31538 31538 D FINGERPRINT_VERIFY: employeeId=2 storedEmployeeId=2 biometricType=2CONNECT_USB biometricRecordId=12 updatedAt=2026-07-18 12:23:16 base64LengthRead=684 decodedBytes=512 storedSizeColumn=512
07-18 12:28:54.791 31538 31585 D SDK_INIT: operation=OpenDevice result=-1 readerHash=112993363 objetoUsbReaderHash=112993363 thread=DefaultDispatcher-worker-2
07-18 12:28:54.792  3916  3916 W adbd    : timeout expired while reading data after flushing socket, closing
07-18 12:28:54.794 31538 31538 I FINGERPRINT_METHOD_ENTRY: method=verifyFingerprint employeeId=2 managerInstance=91647614 thread=main readerConnected=true timestamp=1784392134794
07-18 12:28:54.802 31538 31538 D FINGERPRINT_VERIFY: attemptId=76 employeeId=2 usbConnected=true usbPermission=true readerOpened=false imageResult=null featureGenerationResult=null fpUpCharResult=null sdkReportedCapturedSize=0 initMatchResult=false initMatchInvoked=true capturedSize=0 capturedNonZeroBytes=0 base64LengthRead=684 storedSize=512 storedNonZeroBytes=198 matchTemplateExecuted=false result=CaptureError score=null threshold=100 decision=CAPTURE_FAILED failure=CaptureFailed uiMessage=No se pudo leer la huella. Coloque el dedo nuevamente.
07-18 12:28:54.802 31538 31538 D FINGERPRINT_RETRY: attemptId=76 state=READY_TO_RETRY waitingFingerLift=false fingerLiftDetected=null retryScheduled=true verificationJobActive=false retryJobActive=false cancelReason=null
07-18 12:28:54.856 25700  8570 I NearbySharing: Network state changed: NetworkState(isRestricted=false, isOnline=true, isCongested=false, isMetered=false, isWifiConnected=true)
07-18 12:28:55.112  1055  1222 D ActivityManager: Skip enqueue broadcast because no receiver with Intent { act=com.android.server.action.NETWORK_STATS_UPDATED flg=0x40000010 }
07-18 12:28:55.304 31538 31538 D FINGERPRINT_RETRY: attemptId=76 state=RETRY_STARTED waitingFingerLift=false fingerLiftDetected=true retryScheduled=false verificationJobActive=false retryJobActive=true cancelReason=null
07-18 12:28:55.319 31538 31538 I FINGERPRINT_UI_TRACE: screen=EmployeePunchScreen button=AUTO_VERIFY employeeId=2 action=CLICK managerClass=com.example.controlhorario.fingerprint.external.TwoConnectFingerprintManager methodRequested=verifyFingerprint timestamp=1784392135319
07-18 12:28:55.323 31538 31538 D FINGERPRINT_VERIFY: attemptId=77 employeeId=2 stage=START usbConnected=true usbPermission=true readerOpened=false
07-18 12:28:55.341 31538 31538 D FINGERPRINT_TEMPLATE_TRACE: stage=D_AFTER_ROOM_READ employeeId=2 size=512 sha256=79bfaaa838f954afd4b1a876bff7a27f9fa62e91a612ebfa950233a8284f9ede nonZeroBytes=198
07-18 12:28:55.341 31538 31538 D FINGERPRINT_DB: employeeId=2 rowsFound=1 selectedRecordId=12 selectedUpdatedAt=2026-07-18 12:23:16 selectedSha256=79bfaaa838f954afd4b1a876bff7a27f9fa62e91a612ebfa950233a8284f9ede
07-18 12:28:55.341 31538 31538 D FINGERPRINT_VERIFY: employeeId=2 storedEmployeeId=2 biometricType=2CONNECT_USB biometricRecordId=12 updatedAt=2026-07-18 12:23:16 base64LengthRead=684 decodedBytes=512 storedSizeColumn=512
07-18 12:28:55.452 31538 31585 D SDK_INIT: operation=OpenDevice result=-1 readerHash=112993363 objetoUsbReaderHash=112993363 thread=DefaultDispatcher-worker-2
07-18 12:28:55.457 31538 31538 I FINGERPRINT_METHOD_ENTRY: method=verifyFingerprint employeeId=2 managerInstance=91647614 thread=main readerConnected=true timestamp=1784392135457
07-18 12:28:55.463 31538 31538 D FINGERPRINT_VERIFY: attemptId=77 employeeId=2 usbConnected=true usbPermission=true readerOpened=false imageResult=null featureGenerationResult=null fpUpCharResult=null sdkReportedCapturedSize=0 initMatchResult=false initMatchInvoked=true capturedSize=0 capturedNonZeroBytes=0 base64LengthRead=684 storedSize=512 storedNonZeroBytes=198 matchTemplateExecuted=false result=CaptureError score=null threshold=100 decision=CAPTURE_FAILED failure=CaptureFailed uiMessage=No se pudo leer la huella. Coloque el dedo nuevamente.
07-18 12:28:55.464 31538 31538 D FINGERPRINT_RETRY: attemptId=77 state=READY_TO_RETRY waitingFingerLift=false fingerLiftDetected=null retryScheduled=true verificationJobActive=false retryJobActive=false cancelReason=null
07-18 12:28:55.531  3916  3916 I adbd    : adbd service requested 'shell,v2:wm size'
07-18 12:28:55.632  3916  3916 I adbd    : adbd service requested 'shell,v2:mkdir -p /data/local/tmp/.studio; chmod 755 /data/local/tmp/.studio; chown shell:shell /data/local/tmp/.studio'
07-18 12:28:55.659  3916  3916 I adbd    : adbd service requested 'shell,v2:/data/local/tmp/.studio/process-tracker --interval 1000'
07-18 12:28:55.684  3916  3916 I adbd    : adbd service requested 'shell,v2:getprop'
07-18 12:28:55.934  3916  3916 I adbd    : adbd service requested 'shell,v2:wm size'
07-18 12:28:55.966  3916  3916 I adbd    : adbd service requested 'sync:'
07-18 12:28:55.967 31538 31538 D FINGERPRINT_RETRY: attemptId=77 state=RETRY_STARTED waitingFingerLift=false fingerLiftDetected=true retryScheduled=false verificationJobActive=false retryJobActive=true cancelReason=null
07-18 12:28:55.982 31538 31538 I FINGERPRINT_UI_TRACE: screen=EmployeePunchScreen button=AUTO_VERIFY employeeId=2 action=CLICK managerClass=com.example.controlhorario.fingerprint.external.TwoConnectFingerprintManager methodRequested=verifyFingerprint timestamp=1784392135982
07-18 12:28:55.986 31538 31538 D FINGERPRINT_VERIFY: attemptId=78 employeeId=2 stage=START usbConnected=true usbPermission=true readerOpened=false
07-18 12:28:55.994 31538 31538 D FINGERPRINT_TEMPLATE_TRACE: stage=D_AFTER_ROOM_READ employeeId=2 size=512 sha256=79bfaaa838f954afd4b1a876bff7a27f9fa62e91a612ebfa950233a8284f9ede nonZeroBytes=198
07-18 12:28:55.994 31538 31538 D FINGERPRINT_DB: employeeId=2 rowsFound=1 selectedRecordId=12 selectedUpdatedAt=2026-07-18 12:23:16 selectedSha256=79bfaaa838f954afd4b1a876bff7a27f9fa62e91a612ebfa950233a8284f9ede
07-18 12:28:55.994 31538 31538 D FINGERPRINT_VERIFY: employeeId=2 storedEmployeeId=2 biometricType=2CONNECT_USB biometricRecordId=12 updatedAt=2026-07-18 12:23:16 base64LengthRead=684 decodedBytes=512 storedSizeColumn=512
07-18 12:28:56.070  3916  3916 I adbd    : adbd service requested 'shell,v2:getprop'
07-18 12:28:56.098  3916  3916 I adbd    : adbd service requested 'shell,v2:mkdir -p /data/local/tmp/.studio; chmod 755 /data/local/tmp/.studio; chown shell:shell /data/local/tmp/.studio'
07-18 12:28:56.107 31538 31585 D SDK_INIT: operation=OpenDevice result=-1 readerHash=112993363 objetoUsbReaderHash=112993363 thread=DefaultDispatcher-worker-2
07-18 12:28:56.110 31538 31538 I FINGERPRINT_METHOD_ENTRY: method=verifyFingerprint employeeId=2 managerInstance=91647614 thread=main readerConnected=true timestamp=1784392136110
07-18 12:28:56.114 31538 31538 D FINGERPRINT_VERIFY: attemptId=78 employeeId=2 usbConnected=true usbPermission=true readerOpened=false imageResult=null featureGenerationResult=null fpUpCharResult=null sdkReportedCapturedSize=0 initMatchResult=false initMatchInvoked=true capturedSize=0 capturedNonZeroBytes=0 base64LengthRead=684 storedSize=512 storedNonZeroBytes=198 matchTemplateExecuted=false result=CaptureError score=null threshold=100 decision=CAPTURE_FAILED failure=CaptureFailed uiMessage=No se pudo leer la huella. Coloque el dedo nuevamente.
07-18 12:28:56.114 31538 31538 D FINGERPRINT_RETRY: attemptId=78 state=READY_TO_RETRY waitingFingerLift=false fingerLiftDetected=null retryScheduled=true verificationJobActive=false retryJobActive=false cancelReason=null
07-18 12:28:56.119  3916  3916 I adbd    : adbd service requested 'shell:logcat -v long -v epoch'
07-18 12:28:56.175  3916  3916 I adbd    : adbd service requested 'shell,v2:/data/local/tmp/.studio/process-tracker --interval 1000'
07-18 12:28:56.234  3916  3916 I adbd    : adbd service requested 'sync:'
07-18 12:28:56.332  3916  3916 I adbd    : adbd service requested 'shell,v2:wm size'
07-18 12:28:56.617 31538 31538 D FINGERPRINT_RETRY: attemptId=78 state=RETRY_STARTED waitingFingerLift=false fingerLiftDetected=true retryScheduled=false verificationJobActive=false retryJobActive=true cancelReason=null
07-18 12:28:56.631 31538 31538 I FINGERPRINT_UI_TRACE: screen=EmployeePunchScreen button=AUTO_VERIFY employeeId=2 action=CLICK managerClass=com.example.controlhorario.fingerprint.external.TwoConnectFingerprintManager methodRequested=verifyFingerprint timestamp=1784392136631
07-18 12:28:56.635 31538 31538 D FINGERPRINT_VERIFY: attemptId=79 employeeId=2 stage=START usbConnected=true usbPermission=true readerOpened=false
07-18 12:28:56.652 31538 31538 D FINGERPRINT_TEMPLATE_TRACE: stage=D_AFTER_ROOM_READ employeeId=2 size=512 sha256=79bfaaa838f954afd4b1a876bff7a27f9fa62e91a612ebfa950233a8284f9ede nonZeroBytes=198
07-18 12:28:56.652 31538 31538 D FINGERPRINT_DB: employeeId=2 rowsFound=1 selectedRecordId=12 selectedUpdatedAt=2026-07-18 12:23:16 selectedSha256=79bfaaa838f954afd4b1a876bff7a27f9fa62e91a612ebfa950233a8284f9ede
07-18 12:28:56.652 31538 31538 D FINGERPRINT_VERIFY: employeeId=2 storedEmployeeId=2 biometricType=2CONNECT_USB biometricRecordId=12 updatedAt=2026-07-18 12:23:16 base64LengthRead=684 decodedBytes=512 storedSizeColumn=512
07-18 12:28:56.658  3916  3916 I adbd    : adbd service requested 'shell,v2:getprop'
07-18 12:28:56.736  3916  3916 I adbd    : adbd service requested 'shell,v2:mkdir -p /data/local/tmp/.studio; chmod 755 /data/local/tmp/.studio; chown shell:shell /data/local/tmp/.studio'
07-18 12:28:56.765  3916  3916 W adbd    : timeout expired while reading data after flushing socket, closing
07-18 12:28:56.767 31538 31585 D SDK_INIT: operation=OpenDevice result=-1 readerHash=112993363 objetoUsbReaderHash=112993363 thread=DefaultDispatcher-worker-2
07-18 12:28:56.770 31538 31538 I FINGERPRINT_METHOD_ENTRY: method=verifyFingerprint employeeId=2 managerInstance=91647614 thread=main readerConnected=true timestamp=1784392136770
07-18 12:28:56.773 31538 31538 D FINGERPRINT_VERIFY: attemptId=79 employeeId=2 usbConnected=true usbPermission=true readerOpened=false imageResult=null featureGenerationResult=null fpUpCharResult=null sdkReportedCapturedSize=0 initMatchResult=false initMatchInvoked=true capturedSize=0 capturedNonZeroBytes=0 base64LengthRead=684 storedSize=512 storedNonZeroBytes=198 matchTemplateExecuted=false result=CaptureError score=null threshold=100 decision=CAPTURE_FAILED failure=CaptureFailed uiMessage=No se pudo leer la huella. Coloque el dedo nuevamente.
07-18 12:28:56.774 31538 31538 D FINGERPRINT_RETRY: attemptId=79 state=READY_TO_RETRY waitingFingerLift=false fingerLiftDetected=null retryScheduled=true verificationJobActive=false retryJobActive=false cancelReason=null
07-18 12:28:56.877  3916  3916 I adbd    : adbd service requested 'shell,v2:wm size'
07-18 12:28:56.906  3916  3916 I adbd    : adbd service requested 'shell,v2:/data/local/tmp/.studio/process-tracker --interval 1000'
07-18 12:28:56.926  3916  3916 I adbd    : adbd service requested 'sync:'
07-18 12:28:56.956  3916  3916 I adbd    : adbd service requested 'shell,v2:/data/local/tmp/.studio/process-tracker --interval 1000'
07-18 12:28:57.052  3916  3916 I adbd    : adbd service requested 'shell,v2:mkdir -p /data/local/tmp/.studio; chmod 755 /data/local/tmp/.studio; chown shell:shell /data/local/tmp/.studio'
07-18 12:28:57.078  3916  3916 I adbd    : adbd service requested 'shell:logcat -v long -v epoch'
07-18 12:28:57.099  3916  3916 I adbd    : adbd service requested 'shell,v2:getprop'
07-18 12:28:57.276 31538 31538 D FINGERPRINT_RETRY: attemptId=79 state=RETRY_STARTED waitingFingerLift=false fingerLiftDetected=true retryScheduled=false verificationJobActive=false retryJobActive=true cancelReason=null
07-18 12:28:57.294 31538 31538 I FINGERPRINT_UI_TRACE: screen=EmployeePunchScreen button=AUTO_VERIFY employeeId=2 action=CLICK managerClass=com.example.controlhorario.fingerprint.external.TwoConnectFingerprintManager methodRequested=verifyFingerprint timestamp=1784392137294
07-18 12:28:57.298 31538 31538 D FINGERPRINT_VERIFY: attemptId=80 employeeId=2 stage=START usbConnected=true usbPermission=true readerOpened=false
07-18 12:28:57.304 31538 31538 D FINGERPRINT_TEMPLATE_TRACE: stage=D_AFTER_ROOM_READ employeeId=2 size=512 sha256=79bfaaa838f954afd4b1a876bff7a27f9fa62e91a612ebfa950233a8284f9ede nonZeroBytes=198
07-18 12:28:57.304 31538 31538 D FINGERPRINT_DB: employeeId=2 rowsFound=1 selectedRecordId=12 selectedUpdatedAt=2026-07-18 12:23:16 selectedSha256=79bfaaa838f954afd4b1a876bff7a27f9fa62e91a612ebfa950233a8284f9ede
07-18 12:28:57.304 31538 31538 D FINGERPRINT_VERIFY: employeeId=2 storedEmployeeId=2 biometricType=2CONNECT_USB biometricRecordId=12 updatedAt=2026-07-18 12:23:16 base64LengthRead=684 decodedBytes=512 storedSizeColumn=512
07-18 12:28:57.307  3916  3916 I adbd    : adbd service requested 'sync:'
07-18 12:28:57.365  1055  1226 D WifiStaIfaceHidlImpl: getCachedScanData is not implemented by HIDL
07-18 12:28:57.372 29843 29843 W JobService: onNetworkChanged() not implemented in androidx.work.impl.background.systemjob.SystemJobService. Must override in a subclass.
07-18 12:28:57.375  1756  1808 I BugleRcsEngine: handleMessage processing message:[NOTIFY_UPTIME_IGNORE_STATE_CHANGED] with [non-null]:RcsEngineImpl reference [CONTEXT log_prefix="RcsEngineImpl[DUAL_REG]:[9390a1f8-4903]>Handler" thread_id=1890 ]
07-18 12:28:57.375 29843 29939 D WM-NetworkStateTracker: Network capabilities changed: [ Transports: WIFI Capabilities: NOT_METERED&INTERNET&NOT_RESTRICTED&TRUSTED&NOT_VPN&VALIDATED&NOT_ROAMING&FOREGROUND&NOT_CONGESTED&NOT_SUSPENDED&NOT_VCN_MANAGED&NOT_BANDWIDTH_CONSTRAINED LinkUpBandwidth>=12051Kbps LinkDnBandwidth>=16828Kbps TransportInfo: <SSID: <unknown ssid>, BSSID: 02:00:00:00:00:00, MAC: 02:00:00:00:00:00, IP: /192.168.1.171, Security type: 2, Supplicant state: COMPLETED, Wi-Fi standard: 11n, RSSI: -63, Link speed: 57Mbps, Tx Link speed: 57Mbps, Max Supported Tx Link speed: 72Mbps, Calculated Tx : 18Mbps, Rx Link speed: 52Mbps, Max Supported Rx Link speed: 72Mbps, Calculated Rx : 26Mbps, Frequency: 2412MHz, Net ID: -1, Metered hint: false, score: 100, isUsable: true, CarrierMerged: false, SubscriptionId: -1, IsPrimary: -1, Trusted: true, Restricted: false, Ephemeral: false, OEM paid: false, OEM private: false, OSU AP: false, FQDN: <none>, Provider friendly name: <none>, Requesting package name: <none><none>MLO Information: , Is TID-To-Link negotiation supported by the AP: false, AP MLD Address: <none>, AP MLO Link Id: <none>, AP MLO Affiliated links: <none>, Vendor Data: <none>> SignalStrength: -63 UnderlyingNetworks: Null]
07-18 12:28:57.375  1055  1271 D NetworkSelfRecovery: doWifiRecovery: start doMtuBlackHoleRecovery
07-18 12:28:57.376  1541  2237 D [N3AM]PhoneStateMonitor: onCapabilitiesChanged network: 643
07-18 12:28:57.376  1756  1804 I BugleRcsEngine: Connected state: [1], networkType: [WIFI] [CONTEXT thread_id=1886 ]
07-18 12:28:57.376 12607 12655 D WM-WorkConstraintsTrack: NetworkRequestConstraintController onCapabilitiesChanged callback
07-18 12:28:57.380  1055  1226 I HalDevMgr: bestIfaceCreationProposal is null, requestIface=STA, existingIface=[name=wlan0 type=STA]
07-18 12:28:57.380  1055  1271 D NetworkSelfRecovery: doMtuBlackHoleRecovery: current mtu 1500
07-18 12:28:57.380  1055  1271 D NetworkSelfRecovery: doMtuBlackHoleRecovery: mtu is max, skip
07-18 12:28:57.382 22839 22906 D WifiSignalController: connected : true, level : 4, isDefault : true, inetCondition : 1, statusLabel : null
07-18 12:28:57.387 25700 25731 I NullBinder: NullBinder for android.net.action.RECOMMEND_NETWORKS triggering remote TransactionTooLargeException due to Service without Chimera impl, calling uid: 1000, calling pid: 0
07-18 12:28:57.387 25700 25731 W .gms.persistent: Large reply transaction of 1056768 bytes, interface descriptor , code 1
07-18 12:28:57.387  1055  1244 D ConnectivityService: NetReassign [no changes] [c 0] [a 2] [i 1]
07-18 12:28:57.388 25700  8570 I NearbyMediums: Wifi changed new SSID: "ANEUDY 2"
07-18 12:28:57.388 25700  8570 I NearbyMediums: WifiLanConnectivityInfo is not changed, skip notify.
07-18 12:28:57.416 31538 31585 D SDK_INIT: operation=OpenDevice result=-1 readerHash=112993363 objetoUsbReaderHash=112993363 thread=DefaultDispatcher-worker-2
07-18 12:28:57.420 31538 31538 I FINGERPRINT_METHOD_ENTRY: method=verifyFingerprint employeeId=2 managerInstance=91647614 thread=main readerConnected=true timestamp=1784392137420
07-18 12:28:57.424 31538 31538 D FINGERPRINT_VERIFY: attemptId=80 employeeId=2 usbConnected=true usbPermission=true readerOpened=false imageResult=null featureGenerationResult=null fpUpCharResult=null sdkReportedCapturedSize=0 initMatchResult=false initMatchInvoked=true capturedSize=0 capturedNonZeroBytes=0 base64LengthRead=684 storedSize=512 storedNonZeroBytes=198 matchTemplateExecuted=false result=CaptureError score=null threshold=100 decision=CAPTURE_FAILED failure=CaptureFailed uiMessage=No se pudo leer la huella. Coloque el dedo nuevamente.
07-18 12:28:57.424 31538 31538 D FINGERPRINT_RETRY: attemptId=80 state=READY_TO_RETRY waitingFingerLift=false fingerLiftDetected=null retryScheduled=true verificationJobActive=false retryJobActive=false cancelReason=null
07-18 12:28:57.543  3916  3916 I adbd    : adbd service requested 'shell,v2:wm size'
07-18 12:28:57.606  1055  1520 V AlarmManager: set(PendingIntent{afbeaa5: PendingIntentRecord{f5f5e7a android broadcastIntent}}) : type=3 listener=null listenerTag=null workSource=null callingPackage=android callingUid=1000 triggerAtTime=1662781635 win=225000 tElapsed=1662781635 maxElapsed=1663006635 interval=0 flags=0x8
07-18 12:28:57.607  1055  1520 D AlarmManagerService: set alarm to kernel: 1662511476000000, type=2
07-18 12:28:57.607  1055  1520 D AlarmManagerService: set alarm to kernel: 1662484030000000, type=3
07-18 12:28:57.608  1055  1520 D AlarmManagerService: set alarm to kernel: 1662511476000000, type=2
07-18 12:28:57.608  1055  1520 D AlarmManagerService: set alarm to kernel: 1662484030000000, type=3
07-18 12:28:57.778  1055  1222 D ActivityManager: Skip enqueue broadcast because no receiver with Intent { act=com.android.server.action.NETWORK_STATS_UPDATED flg=0x40000010 }
07-18 12:28:57.779  3916  3916 W adbd    : timeout expired while reading data after flushing socket, closing
07-18 12:28:57.886 25700  8570 I NearbySharing: Network state changed: NetworkState(isRestricted=false, isOnline=true, isCongested=false, isMetered=false, isWifiConnected=true)
07-18 12:28:57.927 31538 31538 D FINGERPRINT_RETRY: attemptId=80 state=RETRY_STARTED waitingFingerLift=false fingerLiftDetected=true retryScheduled=false verificationJobActive=false retryJobActive=true cancelReason=null
07-18 12:28:57.941 31538 31538 I FINGERPRINT_UI_TRACE: screen=EmployeePunchScreen button=AUTO_VERIFY employeeId=2 action=CLICK managerClass=com.example.controlhorario.fingerprint.external.TwoConnectFingerprintManager methodRequested=verifyFingerprint timestamp=1784392137941
07-18 12:28:57.944 31538 31538 D FINGERPRINT_VERIFY: attemptId=81 employeeId=2 stage=START usbConnected=true usbPermission=true readerOpened=false
07-18 12:28:57.951 31538 31538 D FINGERPRINT_TEMPLATE_TRACE: stage=D_AFTER_ROOM_READ employeeId=2 size=512 sha256=79bfaaa838f954afd4b1a876bff7a27f9fa62e91a612ebfa950233a8284f9ede nonZeroBytes=198
07-18 12:28:57.951 31538 31538 D FINGERPRINT_DB: employeeId=2 rowsFound=1 selectedRecordId=12 selectedUpdatedAt=2026-07-18 12:23:16 selectedSha256=79bfaaa838f954afd4b1a876bff7a27f9fa62e91a612ebfa950233a8284f9ede
07-18 12:28:57.951 31538 31538 D FINGERPRINT_VERIFY: employeeId=2 storedEmployeeId=2 biometricType=2CONNECT_USB biometricRecordId=12 updatedAt=2026-07-18 12:23:16 base64LengthRead=684 decodedBytes=512 storedSizeColumn=512
07-18 12:28:58.227  3916  3916 I adbd    : adbd service requested 'shell,v2:getprop'
07-18 12:28:58.287  3916  3916 I adbd    : adbd service requested 'shell,v2:mkdir -p /data/local/tmp/.studio; chmod 755 /data/local/tmp/.studio; chown shell:shell /data/local/tmp/.studio'
07-18 12:28:58.363 31538 31585 D SDK_INIT: operation=OpenDevice result=-1 readerHash=112993363 objetoUsbReaderHash=112993363 thread=DefaultDispatcher-worker-2
07-18 12:28:58.366 31538 31538 I FINGERPRINT_METHOD_ENTRY: method=verifyFingerprint employeeId=2 managerInstance=91647614 thread=main readerConnected=true timestamp=1784392138366
07-18 12:28:58.372 31538 31538 D FINGERPRINT_VERIFY: attemptId=81 employeeId=2 usbConnected=true usbPermission=true readerOpened=false imageResult=null featureGenerationResult=null fpUpCharResult=null sdkReportedCapturedSize=0 initMatchResult=false initMatchInvoked=true capturedSize=0 capturedNonZeroBytes=0 base64LengthRead=684 storedSize=512 storedNonZeroBytes=198 matchTemplateExecuted=false result=CaptureError score=null threshold=100 decision=CAPTURE_FAILED failure=CaptureFailed uiMessage=No se pudo leer la huella. Coloque el dedo nuevamente.
07-18 12:28:58.372 31538 31538 D FINGERPRINT_RETRY: attemptId=81 state=READY_TO_RETRY waitingFingerLift=false fingerLiftDetected=null retryScheduled=true verificationJobActive=false retryJobActive=false cancelReason=null
07-18 12:28:58.394  3916  3916 I adbd    : adbd service requested 'shell,v2:/data/local/tmp/.studio/process-tracker --interval 1000'
07-18 12:28:58.568  3916  3916 I adbd    : adbd service requested 'sync:'
07-18 12:28:58.579  3916  3916 I adbd    : adbd service requested 'shell,v2:wm size'
07-18 12:28:58.717  3916  3916 I adbd    : adbd service requested 'shell,v2:/data/local/tmp/.studio/process-tracker --interval 1000'
07-18 12:28:58.770  3916  3916 I adbd    : adbd service requested 'shell,v2:mkdir -p /data/local/tmp/.studio; chmod 755 /data/local/tmp/.studio; chown shell:shell /data/local/tmp/.studio'
07-18 12:28:58.800  3916  3916 I adbd    : adbd service requested 'shell:logcat -v long -v epoch'
07-18 12:28:58.822  3916  3916 I adbd    : adbd service requested 'shell,v2:getprop'
07-18 12:28:58.874 31538 31538 D FINGERPRINT_RETRY: attemptId=81 state=RETRY_STARTED waitingFingerLift=false fingerLiftDetected=true retryScheduled=false verificationJobActive=false retryJobActive=true cancelReason=null
07-18 12:28:58.887 31538 31538 I FINGERPRINT_UI_TRACE: screen=EmployeePunchScreen button=AUTO_VERIFY employeeId=2 action=CLICK managerClass=com.example.controlhorario.fingerprint.external.TwoConnectFingerprintManager methodRequested=verifyFingerprint timestamp=1784392138887
07-18 12:28:58.890 31538 31538 D FINGERPRINT_VERIFY: attemptId=82 employeeId=2 stage=START usbConnected=true usbPermission=true readerOpened=false
07-18 12:28:58.898 31538 31538 D FINGERPRINT_TEMPLATE_TRACE: stage=D_AFTER_ROOM_READ employeeId=2 size=512 sha256=79bfaaa838f954afd4b1a876bff7a27f9fa62e91a612ebfa950233a8284f9ede nonZeroBytes=198
07-18 12:28:58.898 31538 31538 D FINGERPRINT_DB: employeeId=2 rowsFound=1 selectedRecordId=12 selectedUpdatedAt=2026-07-18 12:23:16 selectedSha256=79bfaaa838f954afd4b1a876bff7a27f9fa62e91a612ebfa950233a8284f9ede
07-18 12:28:58.898 31538 31538 D FINGERPRINT_VERIFY: employeeId=2 storedEmployeeId=2 biometricType=2CONNECT_USB biometricRecordId=12 updatedAt=2026-07-18 12:23:16 base64LengthRead=684 decodedBytes=512 storedSizeColumn=512
07-18 12:28:59.009  3916  3916 I adbd    : adbd service requested 'sync:'
07-18 12:28:59.011 31538 31585 D SDK_INIT: operation=OpenDevice result=-1 readerHash=112993363 objetoUsbReaderHash=112993363 thread=DefaultDispatcher-worker-2
07-18 12:28:59.015 31538 31538 I FINGERPRINT_METHOD_ENTRY: method=verifyFingerprint employeeId=2 managerInstance=91647614 thread=main readerConnected=true timestamp=1784392139015
07-18 12:28:59.020 31538 31538 D FINGERPRINT_VERIFY: attemptId=82 employeeId=2 usbConnected=true usbPermission=true readerOpened=false imageResult=null featureGenerationResult=null fpUpCharResult=null sdkReportedCapturedSize=0 initMatchResult=false initMatchInvoked=true capturedSize=0 capturedNonZeroBytes=0 base64LengthRead=684 storedSize=512 storedNonZeroBytes=198 matchTemplateExecuted=false result=CaptureError score=null threshold=100 decision=CAPTURE_FAILED failure=CaptureFailed uiMessage=No se pudo leer la huella. Coloque el dedo nuevamente.
07-18 12:28:59.021 31538 31538 D FINGERPRINT_RETRY: attemptId=82 state=READY_TO_RETRY waitingFingerLift=false fingerLiftDetected=null retryScheduled=true verificationJobActive=false retryJobActive=false cancelReason=null
07-18 12:28:59.422  3916  3916 I adbd    : adbd service requested 'shell,v2:wm size'
07-18 12:28:59.455  3916  3916 W adbd    : timeout expired while reading data after flushing socket, closing
07-18 12:28:59.523 31538 31538 D FINGERPRINT_RETRY: attemptId=82 state=RETRY_STARTED waitingFingerLift=false fingerLiftDetected=true retryScheduled=false verificationJobActive=false retryJobActive=true cancelReason=null
07-18 12:28:59.535 31538 31538 I FINGERPRINT_UI_TRACE: screen=EmployeePunchScreen button=AUTO_VERIFY employeeId=2 action=CLICK managerClass=com.example.controlhorario.fingerprint.external.TwoConnectFingerprintManager methodRequested=verifyFingerprint timestamp=1784392139535
07-18 12:28:59.539 31538 31538 D FINGERPRINT_VERIFY: attemptId=83 employeeId=2 stage=START usbConnected=true usbPermission=true readerOpened=false
07-18 12:28:59.546 31538 31538 D FINGERPRINT_TEMPLATE_TRACE: stage=D_AFTER_ROOM_READ employeeId=2 size=512 sha256=79bfaaa838f954afd4b1a876bff7a27f9fa62e91a612ebfa950233a8284f9ede nonZeroBytes=198
07-18 12:28:59.546 31538 31538 D FINGERPRINT_DB: employeeId=2 rowsFound=1 selectedRecordId=12 selectedUpdatedAt=2026-07-18 12:23:16 selectedSha256=79bfaaa838f954afd4b1a876bff7a27f9fa62e91a612ebfa950233a8284f9ede
07-18 12:28:59.546 31538 31538 D FINGERPRINT_VERIFY: employeeId=2 storedEmployeeId=2 biometricType=2CONNECT_USB biometricRecordId=12 updatedAt=2026-07-18 12:23:16 base64LengthRead=684 decodedBytes=512 storedSizeColumn=512
07-18 12:28:59.565  1055  1524 D SSense.GalleryAppSceneRecognizer: GalleryAppScene for uid:10275 pkg name:com.example.controlhorario sceneId:0 changed:false mCurrentFlingAppName:null
07-18 12:28:59.632  3916  3916 I adbd    : adbd service requested 'shell,v2:getprop'
07-18 12:28:59.657 31538 31585 D SDK_INIT: operation=OpenDevice result=-1 readerHash=112993363 objetoUsbReaderHash=112993363 thread=DefaultDispatcher-worker-2
07-18 12:28:59.661 31538 31538 I FINGERPRINT_METHOD_ENTRY: method=verifyFingerprint employeeId=2 managerInstance=91647614 thread=main readerConnected=true timestamp=1784392139661
07-18 12:28:59.662  3916  3916 I adbd    : adbd service requested 'shell,v2:mkdir -p /data/local/tmp/.studio; chmod 755 /data/local/tmp/.studio; chown shell:shell /data/local/tmp/.studio'
07-18 12:28:59.667 31538 31538 D FINGERPRINT_VERIFY: attemptId=83 employeeId=2 usbConnected=true usbPermission=true readerOpened=false imageResult=null featureGenerationResult=null fpUpCharResult=null sdkReportedCapturedSize=0 initMatchResult=false initMatchInvoked=true capturedSize=0 capturedNonZeroBytes=0 base64LengthRead=684 storedSize=512 storedNonZeroBytes=198 matchTemplateExecuted=false result=CaptureError score=null threshold=100 decision=CAPTURE_FAILED failure=CaptureFailed uiMessage=No se pudo leer la huella. Coloque el dedo nuevamente.
07-18 12:28:59.667 31538 31538 D FINGERPRINT_RETRY: attemptId=83 state=READY_TO_RETRY waitingFingerLift=false fingerLiftDetected=null retryScheduled=true verificationJobActive=false retryJobActive=false cancelReason=null
07-18 12:29:00.000  1055  1180 D AlarmManager: waitForAlarm result:8currentTime=1784392140000, elapsedRealtime=1662484030
07-18 12:29:00.001  1055  1180 V AlarmManager: Received TIME_TICK alarm; rescheduling
07-18 12:29:00.001  1055  1180 V AlarmManager: set(null) : type=3 listener=com.android.server.alarm.AlarmManagerService$2@2ed1d28 listenerTag=TIME_TICK workSource=null callingPackage=android callingUid=1000 triggerAtTime=1662544030 win=0 tElapsed=1662544030 maxElapsed=1662544030 interval=0 flags=0x9
07-18 12:29:00.002  1055  1180 D AlarmManagerService: set alarm to kernel: 1662511476000000, type=2
07-18 12:29:00.002  1055  1055 V BroadcastQueue: Enqueuing BroadcastRecord{60f768a android.intent.action.TIME_TICK/u-1} ordered=false from uid 1000 pid 1055 for 3 receivers
07-18 12:29:00.002  1055  1180 D AlarmManagerService: set alarm to kernel: 1662496393000000, type=3
07-18 12:29:00.003  1055  1180 D AlarmManager: sending alarm.type = 3, action = null, alarm = Alarm{36fb4fb type 3 origWhen 1662484030 whenElapsed 1662484030 android}, cn = null, operation = null, listener=com.android.server.alarm.AlarmManagerService$2@2ed1d28, listenerTag=TIME_TICK, workSource=null
07-18 12:29:00.003  1055  1180 D AlarmManagerService: set alarm to kernel: 1662511476000000, type=2
07-18 12:29:00.003  1055  1180 D AlarmManagerService: set alarm to kernel: 1662496393000000, type=3
07-18 12:29:00.141  3916  3916 I adbd    : adbd service requested 'shell,v2:/data/local/tmp/.studio/process-tracker --interval 1000'
07-18 12:29:00.169 31538 31538 D FINGERPRINT_RETRY: attemptId=83 state=RETRY_STARTED waitingFingerLift=false fingerLiftDetected=true retryScheduled=false verificationJobActive=false retryJobActive=true cancelReason=null
07-18 12:29:00.184 31538 31538 I FINGERPRINT_UI_TRACE: screen=EmployeePunchScreen button=AUTO_VERIFY employeeId=2 action=CLICK managerClass=com.example.controlhorario.fingerprint.external.TwoConnectFingerprintManager methodRequested=verifyFingerprint timestamp=1784392140184
07-18 12:29:00.187 31538 31538 D FINGERPRINT_VERIFY: attemptId=84 employeeId=2 stage=START usbConnected=true usbPermission=true readerOpened=false
07-18 12:29:00.190  3916  3916 I adbd    : adbd service requested 'sync:'
07-18 12:29:00.192 31538 31538 D FINGERPRINT_TEMPLATE_TRACE: stage=D_AFTER_ROOM_READ employeeId=2 size=512 sha256=79bfaaa838f954afd4b1a876bff7a27f9fa62e91a612ebfa950233a8284f9ede nonZeroBytes=198
07-18 12:29:00.192 31538 31538 D FINGERPRINT_DB: employeeId=2 rowsFound=1 selectedRecordId=12 selectedUpdatedAt=2026-07-18 12:23:16 selectedSha256=79bfaaa838f954afd4b1a876bff7a27f9fa62e91a612ebfa950233a8284f9ede
07-18 12:29:00.192 31538 31538 D FINGERPRINT_VERIFY: employeeId=2 storedEmployeeId=2 biometricType=2CONNECT_USB biometricRecordId=12 updatedAt=2026-07-18 12:23:16 base64LengthRead=684 decodedBytes=512 storedSizeColumn=512
07-18 12:29:00.308 31538 31585 D SDK_INIT: operation=OpenDevice result=-1 readerHash=112993363 objetoUsbReaderHash=112993363 thread=DefaultDispatcher-worker-2
07-18 12:29:00.312 31538 31538 I FINGERPRINT_METHOD_ENTRY: method=verifyFingerprint employeeId=2 managerInstance=91647614 thread=main readerConnected=true timestamp=1784392140312
07-18 12:29:00.317 31538 31538 D FINGERPRINT_VERIFY: attemptId=84 employeeId=2 usbConnected=true usbPermission=true readerOpened=false imageResult=null featureGenerationResult=null fpUpCharResult=null sdkReportedCapturedSize=0 initMatchResult=false initMatchInvoked=true capturedSize=0 capturedNonZeroBytes=0 base64LengthRead=684 storedSize=512 storedNonZeroBytes=198 matchTemplateExecuted=false result=CaptureError score=null threshold=100 decision=CAPTURE_FAILED failure=CaptureFailed uiMessage=No se pudo leer la huella. Coloque el dedo nuevamente.
07-18 12:29:00.317 31538 31538 D FINGERPRINT_RETRY: attemptId=84 state=READY_TO_RETRY waitingFingerLift=false fingerLiftDetected=null retryScheduled=true verificationJobActive=false retryJobActive=false cancelReason=null
07-18 12:29:00.351  3916  3916 I adbd    : adbd service requested 'shell,v2:wm size'
07-18 12:29:00.389  1055  1226 D WifiStaIfaceHidlImpl: getCachedScanData is not implemented by HIDL
07-18 12:29:00.394 29843 29843 W JobService: onNetworkChanged() not implemented in androidx.work.impl.background.systemjob.SystemJobService. Must override in a subclass.
07-18 12:29:00.395  1541  2237 D [N3AM]PhoneStateMonitor: onCapabilitiesChanged network: 643
07-18 12:29:00.397  1055  1271 D NetworkSelfRecovery: doWifiRecovery: start doMtuBlackHoleRecovery
07-18 12:29:00.398 12607 12655 D WM-WorkConstraintsTrack: NetworkRequestConstraintController onCapabilitiesChanged callback
