--------- beginning of main
07-18 14:05:16.589  3916  3916 I adbd    : adbd service requested 'sync:'
07-18 14:05:16.590  3916  3916 I adbd    : adbd service requested 'shell,v2:/data/local/tmp/.studio/process-tracker --interval 1000'
07-18 14:05:16.712  3916  3916 I adbd    : adbd service requested 'shell,v2:mkdir -p /data/local/tmp/.studio; chmod 755 /data/local/tmp/.studio; chown shell:shell /data/local/tmp/.studio'
07-18 14:05:16.764  3916  3916 I adbd    : adbd service requested 'shell,v2:getprop'
07-18 14:05:16.810  3916  3916 I adbd    : adbd service requested 'shell,v2,raw:am start -n com.example.controlhorario/.MainActivity'
--------- beginning of system
07-18 14:05:16.907  1055  2931 W ActivityTaskManager: callingPackage for (uid=2000, pid=17211) has no WPC
07-18 14:05:16.909  1055  2931 W OptProp : Cannot read opt property android.window.PROPERTY_COMPAT_ALLOW_ORIENTATION_OVERRIDE
07-18 14:05:16.910  1055  2931 V GrammaticalInflectionUtils: AttributionSource: android.content.AttributionSource@e0ecab99 does not have READ_SYSTEM_GRAMMATICAL_GENDER permission.
07-18 14:05:16.910  1055  2931 W OptProp : Cannot read opt property android.window.PROPERTY_COMPAT_ALLOW_RESIZEABLE_ACTIVITY_OVERRIDES
07-18 14:05:16.910  1055  2931 W OptProp : Cannot read opt property android.window.PROPERTY_COMPAT_ALLOW_MIN_ASPECT_RATIO_OVERRIDE
07-18 14:05:16.920  1055  2931 D BLASTSyncEngine: SyncGroup 14226-Transition-OPEN started
07-18 14:05:16.923  1055  1621 D PerformanceDatabaseControl: querymem pkgName = com.example.controlhorario
07-18 14:05:16.923   297   297 I lmkd    : memfree(190MB) is enough and ignore fast kill
07-18 14:05:16.931  1055  2931 I ActivityTaskManager: START u0 {flg=0x10000000 cmp=com.example.controlhorario/.MainActivity} with LAUNCH_MULTIPLE from uid 2000 pid 17211 (BAL_ALLOW_PERMISSION) result code=START_SUCCESS
07-18 14:05:16.933  3074  3095 V WindowManagerShell: Transition requested (#14226): android.os.BinderProxy@ddad849 TransitionRequestInfo { type = OPEN, triggerTask = TaskInfo{userId=0 taskId=3195 displayId=0 isRunning=true baseIntent=Intent { flg=0x10000000 cmp=com.example.controlhorario/.MainActivity } baseActivity=ComponentInfo{com.example.controlhorario/com.example.controlhorario.MainActivity} topActivity=ComponentInfo{com.example.controlhorario/com.example.controlhorario.MainActivity} origActivity=null realActivity=ComponentInfo{com.example.controlhorario/com.example.controlhorario.MainActivity} numActivities=1 lastActiveTime=1668260960 supportsMultiWindow=true resizeMode=1 isResizeable=true minWidth=-1 minHeight=-1 defaultMinSize=220 token=WCT{android.window.IWindowContainerToken$Stub$Proxy@58a854e} topActivityType=1 pictureInPictureParams=null shouldDockBigOverlays=false launchIntoPipHostTaskId=-1 lastParentTaskIdBeforePip=-1 displayCutoutSafeInsets=Rect(0, 36 - 0, 0) topActivityInfo=ActivityInfo{8ecb66f com.example.controlhorario.MainActivity} launchCookies=[] positionInParent=Point(0, 0) parentTaskId=-1 isFocused=false isVisible=false isVisibleRequested=false isSleeping=false locusId=null displayAreaFeatureId=1 isTopActivityTransparent=false appCompatTaskInfo=AppCompatTaskInfo { topActivityInSizeCompat=false topActivityEligibleForLetterboxEducation= falseisLetterboxEducationEnabled= false isLetterboxDoubleTapEnabled= false topActivityEligibleForUserAspectRatioButton= false topActivityBoundsLetterboxed= false isFromLetterboxDoubleTap= false topActivityLetterboxVerticalPosition= -1 topActivityLetterboxHorizontalPosition= -1 topActivityLetterboxWidth=576 topActivityLetterboxHeight=1280 isUserFullscreenOverrideEnabled=false isSystemFullscreenOverrideEnabled=false cameraCompatTaskInfo=CameraCompatTaskInfo { cameraCompatControlState=hidden freeformCameraCompatMode=inactive}}}, pipTask = null, remoteTransition = null, displayChange = null, flags = 0, debugId = 14226 }
07-18 14:05:16.934  1055  1079 V GrammaticalInflectionUtils: AttributionSource: android.content.AttributionSource@e0ecab99 does not have READ_SYSTEM_GRAMMATICAL_GENDER permission.
07-18 14:05:16.935 23614  5340 D SessionLifecycleClient: Sending lifecycle 2 to service
07-18 14:05:16.935 23614  5481 D SessionLifecycleService: Activity backgrounding at 1108392676
07-18 14:05:16.936 23614 23614 W SplitSelectStateCtor: Missing session instanceIds
07-18 14:05:16.936 23614 23614 D StatsLog: LAUNCHER_SPLIT_SELECTION_EXIT_INTERRUPTED
07-18 14:05:16.939   657   657 I SurfaceFlinger: updating visibility visibleForInput:1, Snapshot{TraversalPath{.id = 208972}Task=3195#208972 isVisible=1 {hidden by parent or layer flag} changes=Created | Metadata | AffectsChildren | FrameRate layerStack=0 geomLayerBounds={-5760,-12800,12800,5760} geomLayerTransform={tx=0,ty=0}}
07-18 14:05:16.939   657   657 I SurfaceFlinger: updating visibility visibleForInput:1, Snapshot{TraversalPath{.id = 208973}ActivityRecord{7fd1256 u0 com.example.controlhorario/.MainActivity#208973 isVisible=1 {hidden by parent or layer flag} changes=Created | Metadata | AffectsChildren | FrameRate layerStack=0 geomLayerBounds={-5760,-12800,12800,5760} geomLayerTransform={tx=0,ty=0}}
07-18 14:05:16.939   657   657 I SurfaceFlinger: updating visibility visibleForInput:0, Snapshot{TraversalPath{.id = 208972}Task=3195#208972 isVisible=0 {hidden by parent or layer flag} changes=Created | Metadata | Visibility | AffectsChildren | FrameRate layerStack=0 geomLayerBounds={-5760,-12800,12800,5760} geomLayerTransform={tx=0,ty=0}}
07-18 14:05:16.939   657   657 I SurfaceFlinger: updating visibility visibleForInput:0, Snapshot{TraversalPath{.id = 208973}ActivityRecord{7fd1256 u0 com.example.controlhorario/.MainActivity#208973 isVisible=0 {hidden by parent or layer flag} changes=Created | Metadata | Visibility | AffectsChildren | FrameRate layerStack=0 geomLayerBounds={-5760,-12800,12800,5760} geomLayerTransform={tx=0,ty=0}}
07-18 14:05:16.940   657   657 I BpBinder: onLastStrongRef automatically unlinking death recipients: 
07-18 14:05:16.942  3074  3101 D SplashscreenContentDrawer: exception=Application package com.jzhk.theme.huawei not found
07-18 14:05:16.942  1055  1096 D PowerHALManager: powerhalmanager setviptaskbypid!!!
07-18 14:05:16.942   629   629 D PowerHAL: set_viptask:tag=UFwAppResCtl,type=ui,pid=3074,level=1,buf=3074 1
07-18 14:05:16.943  1055  1096 D PowerHALManager: powerhalmanager setviptaskbypid!!!
07-18 14:05:16.943   629   629 D PowerHAL: set_viptask:tag=UFwAppResCtl,type=ui,pid=3132,level=1,buf=3132 1
07-18 14:05:16.943  1055  1096 D PowerHALManager: powerhalmanager setviptaskbypid!!!
07-18 14:05:16.943   629   629 D PowerHAL: set_viptask:tag=UFwAppResCtl,type=ui,pid=3074,level=1,buf=3074 1
07-18 14:05:16.943  1055  1096 D PowerHALManager: powerhalmanager setviptaskbypid!!!
07-18 14:05:16.943   629   629 D PowerHAL: set_viptask:tag=UFwAppResCtl,type=ui,pid=3132,level=1,buf=3132 1
07-18 14:05:16.943  1055  1096 D PowerHALManager: powerhalmanager setviptaskbypid!!!
07-18 14:05:16.943   629   629 D PowerHAL: set_viptask:tag=UFwAppResCtl,type=ui,pid=3074,level=1,buf=3074 1
07-18 14:05:16.943  1055  1096 D PowerHALManager: powerhalmanager setviptaskbypid!!!
07-18 14:05:16.943   629   629 D PowerHAL: set_viptask:tag=UFwAppResCtl,type=ui,pid=3132,level=1,buf=3132 1
07-18 14:05:16.944  1055  1096 D PowerHALManager: powerhalmanager setviptaskbypid!!!
07-18 14:05:16.944   629   629 D PowerHAL: set_viptask:tag=UFwAppResCtl,type=ui,pid=3074,level=1,buf=3074 1
07-18 14:05:16.944  1055  1096 D PowerHALManager: powerhalmanager setviptaskbypid!!!
07-18 14:05:16.944   629   629 D PowerHAL: set_viptask:tag=UFwAppResCtl,type=ui,pid=3132,level=1,buf=3132 1
07-18 14:05:16.944  3074  3095 D WindowManagerShell: setLauncherKeepClearAreaHeight: visible=false, height=186
07-18 14:05:16.949   583   583 D Zygote  : Forked child process 17216
07-18 14:05:16.950  1055  1089 I ActivityManager: Start proc 17216:com.example.controlhorario/u0a275 for next-top-activity {com.example.controlhorario/com.example.controlhorario.MainActivity}
07-18 14:05:16.962   657   657 I SurfaceFlinger: updating visibility visibleForInput:1, Snapshot{TraversalPath{.id = 208974}bfecfeb Splash Screen com.example.controlhorario#208974 isVisible=1 {hidden by parent or layer flag} changes=Created | Metadata | FrameRate layerStack=0 geomLayerBounds={-5760,-12800,12800,5760} geomLayerTransform={tx=0,ty=0}}
07-18 14:05:16.962   657   657 I SurfaceFlinger: updating visibility visibleForInput:0, Snapshot{TraversalPath{.id = 208974}bfecfeb Splash Screen com.example.controlhorario#208974 isVisible=0 {hidden by parent or layer flag} changes=Created | Metadata | Visibility | FrameRate layerStack=0 geomLayerBounds={-5760,-12800,12800,5760} geomLayerTransform={tx=0,ty=0}}
07-18 14:05:16.964 17216 17216 I .controlhorario: Late-enabling -Xcheck:jni
07-18 14:05:16.968  1055  3955 D CoreBackPreview: Window{bfecfeb u0 Splash Screen com.example.controlhorario}, [type=3, isChildWindow=false]-[Surface(name=*Title#208975)/@0x89cbd06, shown=false, windowType=3]: Setting back callback OnBackInvokedCallbackInfo{mCallback=android.window.IOnBackInvokedCallback$Stub$Proxy@fa739f4, mPriority=0, mIsAnimationCallback=false}
07-18 14:05:16.972  1055  1524 D SSense.GalleryAppSceneRecognizer: GalleryAppScene for uid:10253 pkg name:com.DDU.launcher sceneId:0 changed:false mCurrentFlingAppName:null
07-18 14:05:16.972  1055  1524 D SSense.GalleryAppSceneRecognizer: GalleryAppScene for uid:10275 pkg name:com.example.controlhorario sceneId:0 changed:false mCurrentFlingAppName:null
07-18 14:05:16.973   601 17157 I mali_gralloc: allocate: id=25900053be8, halFormat=RGBA8888, maliFormat=RGBA8888, afbc=SPLIT, usage=GPU_RW|HWC, size=576x1280(2995200), stride=576, name=VRI[controlhorario]#19(BLAST Consumer)19, costTime=0ms481us154
07-18 14:05:16.974  3074 17217 D mali_gralloc: register: id=25900053be8, handle=0xb4000076242522b0, importpid=3074
07-18 14:05:16.975   601 17157 I mali_gralloc: allocate: id=25900053be9, halFormat=RGBA8888, maliFormat=RGBA8888, afbc=SPLIT, usage=GPU_RW|HWC, size=576x1280(2995200), stride=576, name=VRI[controlhorario]#19(BLAST Consumer)19, costTime=0ms416us884
07-18 14:05:16.976  3074 17217 D mali_gralloc: register: id=25900053be9, handle=0xb4000076241e2710, importpid=3074
07-18 14:05:16.977   601 17157 I mali_gralloc: allocate: id=25900053bea, halFormat=RGBA8888, maliFormat=RGBA8888, afbc=SPLIT, usage=GPU_RW|HWC, size=576x1280(2995200), stride=576, name=VRI[controlhorario]#19(BLAST Consumer)19, costTime=0ms428us269
07-18 14:05:16.977  3074 17217 D mali_gralloc: register: id=25900053bea, handle=0xb40000762419fc90, importpid=3074
07-18 14:05:16.978   657   657 I SurfaceFlinger: updating visibility visibleForInput:1, Snapshot{TraversalPath{.id = 208975}Splash Screen com.example.controlhorario#208975 isVisible=1 {hidden by parent or layer flag} changes=Created | Hierarchy | Geometry | Metadata | AffectsChildren | FrameRate | VisibleRegion layerStack=0 geomLayerBounds={-5760,-12800,12800,5760} geomLayerTransform={tx=0,ty=0}}
07-18 14:05:16.979   657   657 I SurfaceFlinger: updating visibility visibleForInput:0, Snapshot{TraversalPath{.id = 208975}Splash Screen com.example.controlhorario#208975 isVisible=0 {hidden by parent or layer flag} changes=Created | Hierarchy | Geometry | Metadata | Visibility | AffectsChildren | FrameRate | VisibleRegion layerStack=0 geomLayerBounds={-5760,-12800,12800,5760} geomLayerTransform={tx=0,ty=0}}
07-18 14:05:16.981   657   692 D mali_gralloc: register: id=25900053be8, handle=0xb4000070db9a5dd0, importpid=657
07-18 14:05:16.981   657   699 D mali_gralloc: unregister: id=25900053bdf, handle=0xb4000070db973190, base=0x0, importpid=657, clone_count=0
07-18 14:05:16.982  1055  4378 D WindowManager: finishDrawingLocked: merge with mWin.mSyncTransaction!!! , mWin=Window{bfecfeb u0 Splash Screen com.example.controlhorario}, [type=3, isChildWindow=false]-[Surface(name=*Title#208975)/@0x89cbd06, shown=false, windowType=3]
07-18 14:05:16.988  1055  1080 D BLASTSyncEngine: finishNow mActiveSyncs.remove: 14226
07-18 14:05:16.989  1055  1076 V WindowManager: Sent Transition (#14226) createdAt=07-18 14:05:16.920 via request=TransitionRequestInfo { type = OPEN, triggerTask = TaskInfo{userId=0 taskId=3195 displayId=0 isRunning=true baseIntent=Intent { flg=0x10000000 cmp=com.example.controlhorario/.MainActivity } baseActivity=ComponentInfo{com.example.controlhorario/com.example.controlhorario.MainActivity} topActivity=ComponentInfo{com.example.controlhorario/com.example.controlhorario.MainActivity} origActivity=null realActivity=ComponentInfo{com.example.controlhorario/com.example.controlhorario.MainActivity} numActivities=1 lastActiveTime=1668260960 supportsMultiWindow=true resizeMode=1 isResizeable=true minWidth=-1 minHeight=-1 defaultMinSize=220 token=WCT{RemoteToken{d9473b6 Task{c362573 #3195 type=standard A=10275:com.example.controlhorario}}} topActivityType=1 pictureInPictureParams=null shouldDockBigOverlays=false launchIntoPipHostTaskId=-1 lastParentTaskIdBeforePip=-1 displayCutoutSafeInsets=Rect(0, 36 - 0, 0) topActivityInfo=ActivityInfo{83ae8b7 com.example.controlhorario.MainActivity} launchCookies=[] positionInParent=Point(0, 0) parentTaskId=-1 isFocused=false isVisible=false isVisibleRequested=false isSleeping=false locusId=null displayAreaFeatureId=1 isTopActivityTransparent=false appCompatTaskInfo=AppCompatTaskInfo { topActivityInSizeCompat=false topActivityEligibleForLetterboxEducation= falseisLetterboxEducationEnabled= false isLetterboxDoubleTapEnabled= false topActivityEligibleForUserAspectRatioButton= false topActivityBoundsLetterboxed= false isFromLetterboxDoubleTap= false topActivityLetterboxVerticalPosition= -1 topActivityLetterboxHorizontalPosition= -1 topActivityLetterboxWidth=576 topActivityLetterboxHeight=1280 isUserFullscreenOverrideEnabled=false isSystemFullscreenOverrideEnabled=false cameraCompatTaskInfo=CameraCompatTaskInfo { cameraCompatControlState=hidden freeformCameraCompatMode=inactive}}}, pipTask = null, remoteTransition = null, displayChange = null, flags = 0, debugId = 14226 }
07-18 14:05:16.989  1055  1076 V WindowManager:     startWCT=WindowContainerTransaction { changes = {} hops = [] errorCallbackToken=null taskFragmentOrganizer=null }
07-18 14:05:16.989  3074  3085 V WindowManagerShell: onTransitionReady(transaction=4531191167991)
07-18 14:05:16.989  1055  1076 V WindowManager:     info={id=14226 t=OPEN f=0x0 trk=0 r=[0@Point(0, 0)] c=[
07-18 14:05:16.989  1055  1076 V WindowManager:         {WCT{RemoteToken{d9473b6 Task{c362573 #3195 type=standard A=10275:com.example.controlhorario}}} m=OPEN f=NONE leash=Surface(name=Task=3195#208972)/@0xc4ffde2 sb=Rect(0, 0 - 576, 1280) eb=Rect(0, 0 - 576, 1280) d=0 taskParent=-1},
07-18 14:05:16.989  1055  1076 V WindowManager:         {WCT{RemoteToken{d1b948e Task{13a4421 #2979 type=home}}} m=TO_BACK f=SHOW_WALLPAPER leash=Surface(name=Task=2979#208174)/@0x4725461 sb=Rect(0, 0 - 576, 1280) eb=Rect(0, 0 - 576, 1280) d=0 taskParent=-1}
07-18 14:05:16.989  1055  1076 V WindowManager:     ]}
07-18 14:05:16.990  3074  3095 V WindowManagerShell: onTransitionReady (#14226) android.os.BinderProxy@ddad849: {id=14226 t=OPEN f=0x0 trk=0 r=[0@Point(0, 0)] c=[{WCT{android.window.IWindowContainerToken$Stub$Proxy@9994e5} m=OPEN f=NONE leash=Surface(name=Task=3195#208972)/@0xf66c2ae sb=Rect(0, 0 - 576, 1280) eb=Rect(0, 0 - 576, 1280) d=0 taskParent=-1},{WCT{android.window.IWindowContainerToken$Stub$Proxy@ae05bba} m=TO_BACK f=SHOW_WALLPAPER leash=Surface(name=Task=2979#208174)/@0xea6184f sb=Rect(0, 0 - 576, 1280) eb=Rect(0, 0 - 576, 1280) d=0 taskParent=-1}]}
07-18 14:05:16.990  3074  3095 V WindowManagerShell: Playing animation for (#14226) android.os.BinderProxy@ddad849@0
07-18 14:05:16.990  3074  3095 V WindowManagerShell:  try handler com.android.wm.shell.transition.DefaultMixedHandler@7cd5bf6
07-18 14:05:16.990  3074  3095 V WindowManagerShell:  try handler com.android.wm.shell.keyguard.KeyguardTransitionHandler@ab94bf7
07-18 14:05:16.990  3074  3095 V WindowManagerShell:  try handler com.android.wm.shell.pip.PipTransition@a967891
07-18 14:05:16.990  3074  3095 V WindowManagerShell:  try handler com.android.wm.shell.activityembedding.ActivityEmbeddingController@bf3b3f6
07-18 14:05:16.990  3074  3095 V WindowManagerShell:  try handler com.android.wm.shell.recents.RecentsTransitionHandler@ddcc3f7
07-18 14:05:16.991  3074  3095 V ShellRecents: RecentsTransitionHandler.startAnimation: no controller found
07-18 14:05:16.991  3074  3095 V WindowManagerShell:  try handler com.android.wm.shell.splitscreen.StageCoordinator@2bee264
07-18 14:05:16.991  3074  3095 V WindowManagerShell:  try handler com.android.wm.shell.transition.RemoteTransitionHandler@1990ccd
07-18 14:05:16.991  3074  3095 V WindowManagerShell: Transition doesn't have explicit remote, search filters for match for {id=14226 t=OPEN f=0x0 trk=0 r=[0@Point(0, 0)] c=[{WCT{android.window.IWindowContainerToken$Stub$Proxy@9994e5} m=OPEN f=NONE leash=Surface(name=Task=3195#208972)/@0xf66c2ae sb=Rect(0, 0 - 576, 1280) eb=Rect(0, 0 - 576, 1280) d=0 taskParent=-1},{WCT{android.window.IWindowContainerToken$Stub$Proxy@ae05bba} m=TO_BACK f=SHOW_WALLPAPER leash=Surface(name=Task=2979#208174)/@0xea6184f sb=Rect(0, 0 - 576, 1280) eb=Rect(0, 0 - 576, 1280) d=0 taskParent=-1}]}
07-18 14:05:16.991  3074  3095 V WindowManagerShell:  Checking filter Pair{{types=[] flags=0x0] notFlags=0x100 checks=[{atype=home independent=true modes=[OPEN,TO_FRONT] flags=NONE mustBeTask=false order=TOP topActivity=ComponentInfo{com.DDU.launcher/com.freeme.launcher.FreemeLauncher} launchCookie=null},{atype=standard independent=true modes=[CLOSE,TO_BACK] flags=NONE mustBeTask=false order=ANY topActivity=null launchCookie=null},{NOT atype=undefined independent=true modes=[] flags=NONE mustBeTask=false order=ANY topActivity=null launchCookie=null}]} RemoteTransition { remoteTransition = android.window.IRemoteTransition$Stub$Proxy@39f1982, appThread = android.app.IApplicationThread$Stub$Proxy@10fa893, debugName = QuickstepLaunchHome }}
07-18 14:05:16.991  3074  3095 V WindowManagerShell:  Delegate animation for (#14226) to null
07-18 14:05:16.991  3074  3095 V WindowManagerShell:  try handler com.android.wm.shell.transition.DefaultTransitionHandler@db9c0d0
07-18 14:05:16.991  3074  3095 V WindowManagerShell: start default transition animation, info = {id=14226 t=OPEN f=0x0 trk=0 r=[0@Point(0, 0)] c=[{WCT{android.window.IWindowContainerToken$Stub$Proxy@9994e5} m=OPEN f=NONE leash=Surface(name=Task=3195#208972)/@0xf66c2ae sb=Rect(0, 0 - 576, 1280) eb=Rect(0, 0 - 576, 1280) d=0 taskParent=-1},{WCT{android.window.IWindowContainerToken$Stub$Proxy@ae05bba} m=TO_BACK f=SHOW_WALLPAPER leash=Surface(name=Task=2979#208174)/@0xea6184f sb=Rect(0, 0 - 576, 1280) eb=Rect(0, 0 - 576, 1280) d=0 taskParent=-1}]}
07-18 14:05:16.992 17216 17216 I .controlhorario: Using generational CollectorTypeCMC GC.
07-18 14:05:16.993  3074  3095 V WindowManagerShell: loadAnimation: anim=android.view.animation.AnimationSet@c399c8 animAttr=0x13 type=OPEN isEntrance=false
07-18 14:05:16.994 30378 17218 D AdvertisingIdClient: AdvertisingIdClient already created.
07-18 14:05:16.994 30378 17218 D AdvertisingIdClient: AdvertisingIdClient is not bounded. Starting to bind it...
07-18 14:05:16.994  3074  3095 V WindowManagerShell: loadAnimation: anim=android.view.animation.AnimationSet@75c8a74 animAttr=0x12 type=OPEN isEntrance=true
07-18 14:05:16.995   657   657 I SurfaceFlinger: updating visibility visibleForInput:1, Snapshot{TraversalPath{.id = 208976}Transition Root: Task=3195#208976 isVisible=1 {hidden by parent or layer flag} changes=Created | Metadata | FrameRate layerStack=0 geomLayerBounds={-5760,-12800,12800,5760} geomLayerTransform={tx=0,ty=0}}
07-18 14:05:16.995   657   657 I SurfaceFlinger: updating visibility visibleForInput:1, Snapshot{TraversalPath{.id = 208977}Surface(name=b0c0c2c StatusBar#208200)/@0x6f78c8a - animation-leash of insets_animation#208977 isVisible=1 {nothing to draw} changes=Created | Metadata | FrameRate layerStack=0 geomLayerBounds={-5760,-12800,12800,5760} geomLayerTransform={tx=0,ty=0}}
07-18 14:05:16.995   657   657 I SurfaceFlinger: updating visibility visibleForInput:1, Snapshot{TraversalPath{.id = 208978}Surface(name=bfde507 NavigationBar0#208196)/@0x7333c5d - animation-leash of insets_animation#208978 isVisible=1 {nothing to draw} changes=Created | Metadata | FrameRate layerStack=0 geomLayerBounds={-5760,-12800,12800,5760} geomLayerTransform={tx=0,ty=0}}
07-18 14:05:16.996   657   657 I SurfaceFlinger: updating visibility visibleForInput:0, Snapshot{TraversalPath{.id = 208976}Transition Root: Task=3195#208976 isVisible=0 {hidden by parent or layer flag} changes=Created | Metadata | Visibility | FrameRate layerStack=0 geomLayerBounds={-5760,-12800,12800,5760} geomLayerTransform={tx=0,ty=0}}
07-18 14:05:16.996   657   657 I SurfaceFlinger: updating visibility visibleForInput:0, Snapshot{TraversalPath{.id = 208977}Surface(name=b0c0c2c StatusBar#208200)/@0x6f78c8a - animation-leash of insets_animation#208977 isVisible=0 {nothing to draw} changes=Created | Metadata | Visibility | FrameRate layerStack=0 geomLayerBounds={-5760,-12800,12800,5760} geomLayerTransform={tx=0,ty=0}}
07-18 14:05:16.996  3074  3095 V WindowManagerShell:  animated by com.android.wm.shell.transition.DefaultTransitionHandler@db9c0d0
07-18 14:05:16.996   657   657 I SurfaceFlinger: updating visibility visibleForInput:0, Snapshot{TraversalPath{.id = 208978}Surface(name=bfde507 NavigationBar0#208196)/@0x7333c5d - animation-leash of insets_animation#208978 isVisible=0 {nothing to draw} changes=Created | Metadata | Visibility | FrameRate layerStack=0 geomLayerBounds={-5760,-12800,12800,5760} geomLayerTransform={tx=0,ty=0}}
07-18 14:05:17.002 30378 17218 D AdvertisingIdClient: AdvertisingIdClient is bounded
07-18 14:05:17.003  1055  2931 W UserManagerService: Requested status bar icon for non-badged user 0
07-18 14:05:17.005  3916  3921 I adbd    : jdwp connection from 17216
07-18 14:05:17.007 30378 17218 I AdvertisingIdClient: shouldSendLog 1667852763
07-18 14:05:17.007 30378 17218 I AdvertisingIdClient: GetInfoInternal elapse 13ms
07-18 14:05:17.012   657   657 I SurfaceFlinger: updating visibility visibleForInput:1, Snapshot{TraversalPath{.id = 208979}74ad471 ActivityRecordInputSink com.example.controlhorario/.MainActivity#208979 isVisible=1 {alpha = 0 and no blur} changes=Created | Hierarchy | Geometry | Input | Z | Metadata | Visibility | AffectsChildren | FrameRate | VisibleRegion layerStack=0 geomLayerBounds={-8352,-18560,18011.4,8105.14} geomLayerTransform={tx=86.4,ty=192}} input{(NO_INPUT_CHANNEL | NOT_FOCUSABLE | NOT_TOUCHABLE) replaceTouchableRegionWithCrop touchableRegion={0,0,0,0}}
07-18 14:05:17.013 17216 17216 D nativeloader: Load libframework-connectivity-tiramisu-jni.so using APEX ns com_android_tethering for caller /apex/com.android.tethering/javalib/framework-connectivity-t.jar: ok
07-18 14:05:17.031 25700 25700 D BoundBrokerSvc: onRebind: Intent { act=com.google.android.gms.presencemanager.service.START dat=chimera-action:/... cmp=com.google.android.gms/.chimera.PersistentApiService }
07-18 14:05:17.039 25700 25700 D BoundBrokerSvc: onRebind: Intent { act=com.google.android.gms.presencemanager.service.INTERNAL_IDENTITY dat=chimera-action:/... cmp=com.google.android.gms/.chimera.PersistentApiService }
07-18 14:05:17.041 11204 11204 I cbbm    : onPause
07-18 14:05:17.042 11204 11204 W drck    : measuring already stopped.
07-18 14:05:17.045   657   657 I SurfaceFlinger: updating visibility visibleForInput:1, Snapshot{TraversalPath{.id = 208975}Splash Screen com.example.controlhorario#208975 isVisible=0 { buffer=13202729468110 frame=1 color{< 0, 0, 0, 0.484863 >}} changes=Geometry | Input | Visibility | AffectsChildren | FrameRate layerStack=0 geomLayerBounds={0,0,1280,576} geomLayerTransform={tx=38.5405,ty=85.6455}} input{(NOT_FOCUSABLE | NOT_TOUCHABLE | PREVENT_SPLITTING) touchCropId=208972 touchableRegion={0,0,1280,576}}
07-18 14:05:17.047   602   602 D SPRDHWComposer: HWC Range:1, HWC_Transfer:4
07-18 14:05:17.047   602   602 D mali_gralloc: register: id=25900053be8, handle=0xb40000748e7b52d0, importpid=602
07-18 14:05:17.054 23614 23643 E TAG     : GroupedRecentTaskInfo: android.os.Parcel@1cc09c7
07-18 14:05:17.055 23614 23643 E TAG     : GroupedRecentTaskInfo: android.os.Parcel@1cc09c7
07-18 14:05:17.055 23614 23643 E TAG     : GroupedRecentTaskInfo: android.os.Parcel@1cc09c7
07-18 14:05:17.059 23614  5436 D mali_gralloc: register: id=25900053be7, handle=0xb4000076241e2ef0, importpid=23614
07-18 14:05:17.067  1055  1096 D PowerHALManager: powerhalmanager setviptaskbypid!!!
07-18 14:05:17.067   629   629 D PowerHAL: set_viptask:tag=UFwAppResCtl,type=ui,pid=3074,level=1,buf=3074 1
07-18 14:05:17.068  1055  1096 D PowerHALManager: powerhalmanager setviptaskbypid!!!
07-18 14:05:17.068   629   629 D PowerHAL: set_viptask:tag=UFwAppResCtl,type=ui,pid=3132,level=1,buf=3132 1
07-18 14:05:17.068  1055  1096 D PowerHALManager: powerhalmanager setviptaskbypid!!!
07-18 14:05:17.068   629   629 D PowerHAL: set_viptask:tag=UFwAppResCtl,type=ui,pid=3074,level=1,buf=3074 1
07-18 14:05:17.068  1055  1096 D PowerHALManager: powerhalmanager setviptaskbypid!!!
07-18 14:05:17.068   629   629 D PowerHAL: set_viptask:tag=UFwAppResCtl,type=ui,pid=3132,level=1,buf=3132 1
07-18 14:05:17.069  1055  3955 D ActivityManager: add com.example.controlhorario to ColdStartingAppList
07-18 14:05:17.090  1055  3955 V AlarmManager: set(PendingIntent{16a84f9: PendingIntentRecord{acc177f com.google.android.gms/com.google.android.gms.scheduler broadcastIntent}}) : type=3 listener=null listenerTag=null workSource=WorkSource{10131 com.google.android.gms} callingPackage=com.google.android.gms callingUid=10131 triggerAtTime=1668263114 win=0 tElapsed=1668266120 maxElapsed=1668266120 interval=0 flags=0x0
07-18 14:05:17.090  1055  3955 D AlarmManagerService: set alarm to kernel: 1668354315000000, type=2
07-18 14:05:17.090  1055  3955 D AlarmManagerService: set alarm to kernel: 1668267045000000, type=3
07-18 14:05:17.091  1055  3955 D AlarmManagerService: set alarm to kernel: 1668354315000000, type=2
07-18 14:05:17.091  1055  3955 D AlarmManagerService: set alarm to kernel: 1668266120000000, type=3
07-18 14:05:17.098  3074  3095 V WindowManagerShell: Transition animation finished (aborted=false), notifying core (#14226) android.os.BinderProxy@ddad849@0
07-18 14:05:17.101  1055  1226 D WifiStaIfaceHidlImpl: getCachedScanData is not implemented by HIDL
07-18 14:05:17.101  1055  1076 V WindowManager: Finish Transition (#14226): created at 07-18 14:05:16.920 collect-started=0.124ms request-sent=10.086ms started=15.258ms ready=63.094ms sent=66.928ms finished=180.681ms
07-18 14:05:17.103 11204 11204 D VRI[GoogleDiscoverWindow]: visibilityChanged oldVisibility=true newVisibility=false
07-18 14:05:17.104  3074  3095 V WindowManagerShell: Track 0 became idle
07-18 14:05:17.104  3074  3095 V WindowManagerShell: All active transition animations finished
07-18 14:05:17.104 23614 23614 D VRI[FreemeLauncher]: visibilityChanged oldVisibility=true newVisibility=false
07-18 14:05:17.105 16073 16073 I Finsky  : [2] SCH: job service start with id 9980.
07-18 14:05:17.106  1055  2931 W UserManagerService: Requested status bar icon for non-badged user 0
07-18 14:05:17.108  1055  2931 W UserManagerService: Requested status bar icon for non-badged user 0
07-18 14:05:17.110  1055  1524 D SSense.GalleryAppSceneRecognizer: GalleryAppScene for uid:10275 pkg name:com.example.controlhorario sceneId:0 changed:false mCurrentFlingAppName:null
07-18 14:05:17.111   657   657 I SurfaceFlinger: updating visibility visibleForInput:0, Snapshot{TraversalPath{.id = 191725}17522a5 ActivityRecordInputSink com.DDU.launcher/com.freeme.launcher.FreemeLauncher#191725 isVisible=0 {hidden by parent or layer flag} changes=Hierarchy | Visibility | AffectsChildren | FrameRate layerStack=0 geomLayerBounds={-5760,-12800,12800,5760} geomLayerTransform={tx=0,ty=0}} input{(NO_INPUT_CHANNEL | NOT_FOCUSABLE | NOT_TOUCHABLE) replaceTouchableRegionWithCrop touchableRegion={0,0,0,0}}
07-18 14:05:17.111   657   657 I SurfaceFlinger: updating visibility visibleForInput:0, Snapshot{TraversalPath{.id = 208967}com.DDU.launcher/com.freeme.launcher.FreemeLauncher#208967 isVisible=1 {hidden by parent or layer flag} changes=Hierarchy | Visibility | AffectsChildren | FrameRate layerStack=0 geomLayerBounds={0,0,1280,576} geomLayerTransform={tx=0,ty=0}} input{(NO_INPUT_CHANNEL | NOT_FOCUSABLE | NOT_TOUCHABLE | PREVENT_SPLITTING | DUPLICATE_TOUCH_TO_WALLPAPER | PAUSE_DISPATCHING) touchableRegion={0,0,0,0}}
07-18 14:05:17.112  1055  1226 I HalDevMgr: bestIfaceCreationProposal is null, requestIface=STA, existingIface=[name=wlan0 type=STA]
07-18 14:05:17.113   602   602 D mali_gralloc: unregister: id=25900053be5, handle=0xb40000748e7bb810, base=0x0, importpid=602, clone_count=0
07-18 14:05:17.113   602   602 D mali_gralloc: unregister: id=25900053be4, handle=0xb40000748e7b77f0, base=0x0, importpid=602, clone_count=0
07-18 14:05:17.113   602   602 D mali_gralloc: unregister: id=25900053be6, handle=0xb40000748e7b6950, base=0x0, importpid=602, clone_count=0
07-18 14:05:17.115 11204 11237 D mali_gralloc: unregister: id=25900053be3, handle=0xb40000762416bd30, base=0x0, importpid=11204, clone_count=0
07-18 14:05:17.116 17216 17216 D ApplicationLoaders: Returning zygote-cached class loader: /system_ext/framework/androidx.window.extensions.jar
07-18 14:05:17.116 11204 11237 D mali_gralloc: unregister: id=25900053be2, handle=0xb4000076241c6cf0, base=0x0, importpid=11204, clone_count=0
07-18 14:05:17.116 17216 17216 D ApplicationLoaders: Returning zygote-cached class loader: /system_ext/framework/androidx.window.sidecar.jar
07-18 14:05:17.117 23614 23653 D mali_gralloc: unregister: id=25900053be4, handle=0xb400007624186c10, base=0x0, importpid=23614, clone_count=0
07-18 14:05:17.118 23614 23653 D mali_gralloc: unregister: id=25900053be6, handle=0xb400007624214db0, base=0x0, importpid=23614, clone_count=0
07-18 14:05:17.118   657   699 D mali_gralloc: unregister: id=25900053be4, handle=0xb4000070db9a2b30, base=0x0, importpid=657, clone_count=0
07-18 14:05:17.124 11204 11204 D mali_gralloc: unregister: id=25900053be1, handle=0xb4000076241736b0, base=0x0, importpid=11204, clone_count=0
07-18 14:05:17.125 23614 23614 D mali_gralloc: unregister: id=25900053be5, handle=0xb400007624212d10, base=0x0, importpid=23614, clone_count=0
07-18 14:05:17.129 16073 16647 I Finsky  : [2207] SCH: Satisfied jobs for 9980 are: 12-1
07-18 14:05:17.130 16073 17231 I Finsky  : [2212] SCH: Job 12-1 starting
07-18 14:05:17.131 16073 16073 I Finsky  : [2] WM::SCH: Logging work start for 12-1
07-18 14:05:17.131 16073 16073 I Finsky  : [2] [ContentSync] job started
07-18 14:05:17.142  3916  3916 I adbd    : adbd service requested 'sync:'
07-18 14:05:17.144   657   657 I SurfaceFlinger: updating visibility visibleForInput:0, Snapshot{TraversalPath{.id = 208202}com.android.systemui.wallpapers.ImageWallpaper#208202 isVisible=0 {hidden by parent or layer flag} changes=Visibility | AffectsChildren | VisibleRegion layerStack=0 geomLayerBounds={-7200,-16000,16000,7200} geomLayerTransform={tx=0,ty=0}} input{(NOT_FOCUSABLE | NOT_TOUCHABLE | PREVENT_SPLITTING | IS_WALLPAPER) touchableRegion={0,0,1280,576}}
07-18 14:05:17.145   657   657 I SurfaceFlinger: updating visibility visibleForInput:0, Snapshot{TraversalPath{.id = 208203}Wallpaper BBQ wrapper#208203 isVisible=0 {hidden by parent or layer flag} changes=Visibility | AffectsChildren layerStack=0 geomLayerBounds={0,0,1600,720} geomLayerTransform={tx=0,ty=0}}
07-18 14:05:17.146   602   602 D mali_gralloc: unregister: id=259000535f1, handle=0xb40000748e7b9d10, base=0x0, importpid=602, clone_count=0
07-18 14:05:17.173 16073 16079 W android.vending: Missing inline cache for java.lang.Object oyp.apply(java.lang.Object)
07-18 14:05:17.173 16073 16079 W android.vending: Missing inline cache for java.lang.Object oyp.apply(java.lang.Object)
07-18 14:05:17.174 16073 16079 W android.vending: Missing inline cache for java.lang.Object oyp.apply(java.lang.Object)
07-18 14:05:17.174 16073 16079 W android.vending: Missing inline cache for java.lang.Object oyp.apply(java.lang.Object)
07-18 14:05:17.175 16073 16079 W android.vending: Missing inline cache for java.lang.Object oyp.apply(java.lang.Object)
07-18 14:05:17.175 16073 16079 W android.vending: Missing inline cache for java.lang.Object oyp.apply(java.lang.Object)
07-18 14:05:17.175 16073 16079 W android.vending: Missing inline cache for java.lang.Object oyp.apply(java.lang.Object)
07-18 14:05:17.175 16073 16079 W android.vending: Missing inline cache for java.lang.Object oyp.apply(java.lang.Object)
07-18 14:05:17.175 16073 16079 W android.vending: Missing inline cache for java.lang.Object oyp.apply(java.lang.Object)
07-18 14:05:17.176 16073 16079 W android.vending: Missing inline cache for java.lang.Object oyp.apply(java.lang.Object)
07-18 14:05:17.244  1055  3955 W ParceledListSlice: Element #201 is 24324 bytes.
07-18 14:05:17.307 16577 16580 I artd    : GetBestInfo: odex next to the dex file (/data/app/~~cOb9XW-4EAk6T-MgxusVIw==/com.google.android.apps.wellbeing-DpjYzbbN4kzeHAcZhqQJCw==/oat/arm64/base.odex) is kOatUpToDate with filter 'speed-profile' executable 'false'
07-18 14:05:17.343 16577 16580 I artd    : GetBestInfo: odex next to the dex file (/data/app/~~6T6gS3HfOGCKC_yk5Kqqwg==/com.kyte-Bxsi471rhpafVIK3PGMl-A==/oat/arm64/base.odex) is kOatUpToDate with filter 'speed-profile' executable 'false'
07-18 14:05:17.367 16577 16580 I artd    : GetBestInfo: dm (/data/app/~~Vo4EHNlj1VavAwQpUVRCWA==/gallery.photogallery.pictures.vault.album-sZsDoCabSLu9KTKt8i3kyA==/base.dm) is kOatUpToDate with filter 'verify' executable 'false'
07-18 14:05:17.372 16577 16580 I artd    : GetBestInfo: vdex next to the dex file (/data/user/0/gallery.photogallery.pictures.vault.album/app_pccache/5/A8FCED5E1BBD1419AEB215A46D3A1E5E503CFED2/oat/arm64/pcam.vdex) is kOatUpToDate with filter 'verify' executable 'false'
07-18 14:05:17.373  3916  3916 I adbd    : adbd service requested 'shell,v2:wm size'
07-18 14:05:17.402 16577 16580 I artd    : GetBestInfo: odex next to the dex file (/data/app/~~HbXxb0VaQUYO4loiakW1DQ==/com.google.android.apps.restore-JGZu66VTkgKB3urzvbk6uw==/oat/arm64/base.odex) is kOatUpToDate with filter 'speed-profile' executable 'false'
07-18 14:05:17.418 25700 25700 D BoundBrokerSvc: onUnbind: Intent { act=com.google.android.gms.auth.aang.events.services.START dat=chimera-action:/... cmp=com.google.android.gms/.chimera.PersistentApiService }
07-18 14:05:17.419  3916  3916 I adbd    : adbd service requested 'shell,v2:export ANDROID_LOG_TAGS=''; exec logcat '-v' 'threadtime''
07-18 14:05:17.420 30378 30378 D BoundBrokerSvc: onUnbind: Intent { act=com.google.android.gms.onboardingconsent.api.ConsentManagerApiService.START dat=chimera-action:/... cmp=com.google.android.gms/.chimera.GmsApiService }
07-18 14:05:17.425 16577 16577 I artd    : GetBestInfo: odex next to the dex file (/data/app/~~rse-dPADsE7gTKqxdpgO0Q==/com.google.android.partnersetup-Vd0nhl8b3O5jeQAvI4GOvw==/oat/arm64/base.odex) is kOatUpToDate with filter 'speed-profile' executable 'false'
07-18 14:05:17.438 16577 16577 I artd    : GetBestInfo: odex next to the dex file (/data/app/~~nZ-m7TeePFCTHzcrpYATUw==/com.google.android.as-N2JAWCRwYfr-3SiCMIGDlg==/oat/arm64/base.odex) is kOatUpToDate with filter 'speed-profile' executable 'false'
07-18 14:05:17.450 16577 16577 I artd    : GetBestInfo: odex next to the dex file (/data/app/~~WNH7xXwsyhP5WF8UcwXvqw==/com.google.android.tts-X9gzezRFVGuh8fs-M1qBbw==/oat/arm64/base.odex) is kOatUpToDate with filter 'speed-profile' executable 'false'
07-18 14:05:17.459 16577 16577 I artd    : GetBestInfo: odex next to the dex file (/data/app/~~qh6j_MvyiXmYJm1yKv0v_g==/com.junkfood.seal-cEAMN59CjM0ftn6inFtwYg==/oat/arm64/base.odex) is kOatUpToDate with filter 'speed-profile' executable 'false'
07-18 14:05:17.474 16577 16577 I artd    : GetBestInfo: odex next to the dex file (/data/app/~~wLhQ8JGanuCYdYDKCPLdqw==/com.hebs.tappic-sYgDhMJ7-F67tc8KuFNKjg==/oat/arm64/base.odex) is kOatUpToDate with filter 'speed-profile' executable 'false'
07-18 14:05:17.478 16577 16577 I artd    : GetBestInfo: vdex next to the dex file (/data/user/0/com.hebs.tappic/app_pccache/5/7A613BD952B4C9A3464BD07DB3FDE8BF1644696C/oat/arm64/pcam.vdex) is kOatUpToDate with filter 'verify' executable 'false'
07-18 14:05:17.480 16577 16577 I artd    : GetBestInfo: vdex next to the dex file (/data/user/0/com.hebs.tappic/app_pccache/5/926FB736DC0D6B74D2B3B1F245971D6C0CB0067A/oat/arm64/pcam.vdex) is kOatUpToDate with filter 'verify' executable 'false'
07-18 14:05:17.489 16073 16073 W Finsky  : [2] STU: Failed to get storage stats for package 'com.google.mainline.primary.libs' (1601: Error getting stats: android.content.pm.PackageManager.NameNotFoundException)
07-18 14:05:17.523  3916  3916 I adbd    : adbd service requested 'shell,v2:getprop'
07-18 14:05:17.524 17216 17216 D nativeloader: Configuring clns-7 for other apk /data/app/~~c10UeU42qDT1_Ye1O2Z-6A==/com.example.controlhorario-kfAMEDXCU4H7mrMiWgw14g==/base.apk. target_sdk_version=36, uses_libraries=, library_path=/data/app/~~c10UeU42qDT1_Ye1O2Z-6A==/com.example.controlhorario-kfAMEDXCU4H7mrMiWgw14g==/lib/arm64:/data/app/~~c10UeU42qDT1_Ye1O2Z-6A==/com.example.controlhorario-kfAMEDXCU4H7mrMiWgw14g==/base.apk!/lib/arm64-v8a, permitted_path=/data:/mnt/expand:/data/user/0/com.example.controlhorario
07-18 14:05:17.532 16577 16577 I artd    : GetBestInfo: odex next to the dex file (/data/app/~~eAaOlf1obGScQ0Qvq21xcA==/org.zwanoo.android.speedtest-97Xor0fUcgyvs_iXBakIqQ==/oat/arm64/base.odex) is kOatUpToDate with filter 'speed-profile' executable 'false'
07-18 14:05:17.536 16577 16577 I artd    : GetBestInfo: vdex next to the dex file (/data/user/0/org.zwanoo.android.speedtest/app_pccache/5/F332DAB9DB9FBFD849CE09DCC1705010D37B6EDB/oat/arm64/pcam.vdex) is kOatUpToDate with filter 'verify' executable 'false'
07-18 14:05:17.539 16577 16577 I artd    : GetBestInfo: vdex next to the dex file (/data/user/0/org.zwanoo.android.speedtest/app_pccache/5/A8FCED5E1BBD1419AEB215A46D3A1E5E503CFED2/oat/arm64/pcam.vdex) is kOatUpToDate with filter 'verify' executable 'false'
07-18 14:05:17.543 17216 17216 V GraphicsEnvironment: Currently set values for:
07-18 14:05:17.543 17216 17216 V GraphicsEnvironment:   angle_gl_driver_selection_pkgs=[]
07-18 14:05:17.543 17216 17216 V GraphicsEnvironment:   angle_gl_driver_selection_values=[]
07-18 14:05:17.543 17216 17216 V GraphicsEnvironment: Global.Settings values are invalid: number of packages: 0, number of values: 0
07-18 14:05:17.543 17216 17216 V GraphicsEnvironment: Neither updatable production driver nor prerelease driver is supported.
07-18 14:05:17.557 16577 16577 I artd    : GetBestInfo: odex next to the dex file (/data/app/~~-QcZU69f78CoP741yLA_-w==/com.google.android.odad-DlhJ3F4mPuazUtiS6fFbIw==/oat/arm64/base.odex) is kOatUpToDate with filter 'speed-profile' executable 'false'
07-18 14:05:17.569 16577 16577 I artd    : GetBestInfo: odex next to the dex file (/data/app/~~4Xpt5DeLi5Z73q6ecqYH0w==/com.google.android.apps.photos--aDXrCwfTeMeFMZf-4jtrw==/oat/arm64/base.odex) is kOatUpToDate with filter 'speed-profile' executable 'false'
07-18 14:05:17.569  3916  3916 I adbd    : adbd service requested 'shell,v2:mkdir -p /data/local/tmp/.studio; chmod 755 /data/local/tmp/.studio; chown shell:shell /data/local/tmp/.studio'
07-18 14:05:17.573 17216 17216 D WM-WrkMgrInitializer: Initializing WorkManager with default configuration.
07-18 14:05:17.593 30378 17253 W FA-SVC  : Gms url request failed, app: com.zhiliaoapp.musically, GOOGLE_ANALYTICS, m1.kt: Exception in CronetUrlRequest: net::ERR_CONNECTION_REFUSED, ErrorCode=7, InternalErrorCode=-102, Retryable=false
07-18 14:05:17.595 30378 17218 W FA-SVC  : Network upload failed. Will retry later. code, error: 0, m1.kt: Exception in CronetUrlRequest: net::ERR_CONNECTION_REFUSED, ErrorCode=7, InternalErrorCode=-102, Retryable=false
07-18 14:05:17.604 16073 16073 W Finsky  : [2] STU: Failed to get storage stats for package 'com.android.compos' (1601: Error getting stats: android.content.pm.PackageManager.NameNotFoundException)
07-18 14:05:17.605 16073 16073 W Finsky  : [2] STU: Failed to get storage stats for package 'com.google.android.uwb' (1601: Error getting stats: android.content.pm.PackageManager.NameNotFoundException)
07-18 14:05:17.615 16073 16073 W Finsky  : [2] STU: Failed to get storage stats for package 'com.android.nfcservices' (1601: Error getting stats: android.content.pm.PackageManager.NameNotFoundException)
07-18 14:05:17.615 16073 16073 W Finsky  : [2] STU: Failed to get storage stats for package 'com.google.android.tzdata6' (1601: Error getting stats: android.content.pm.PackageManager.NameNotFoundException)
07-18 14:05:17.618  3916  3916 I adbd    : adbd service requested 'shell,v2:/data/local/tmp/.studio/process-tracker --interval 1000'
07-18 14:05:17.634 16073 16073 W Finsky  : [2] STU: Failed to get storage stats for package 'com.google.android.permission' (1601: Error getting stats: android.content.pm.PackageManager.NameNotFoundException)
07-18 14:05:17.641 16577 16577 I artd    : GetBestInfo: vdex next to the dex file (/data/app/~~F91nINNHwOzhSPc5VojwhA==/com.ronalksp.myredvendedores-3i-HoDgNXikQKcpp3GyiwA==/oat/arm64/base.vdex) is kOatUpToDate with filter 'verify' executable 'false'
07-18 14:05:17.663  3916  3916 I adbd    : adbd service requested 'shell,v2:/data/local/tmp/.studio/process-tracker --interval 1000'
07-18 14:05:17.670 16577 16577 I artd    : GetBestInfo: /data/app/~~c10UeU42qDT1_Ye1O2Z-6A==/com.example.controlhorario-kfAMEDXCU4H7mrMiWgw14g==/base.apk has no usable artifacts
07-18 14:05:17.701 16577 16577 I artd    : GetBestInfo: odex next to the dex file (/data/app/~~Yt3EIBTsCzZPrZGiHo7ufA==/com.facebook.katana-C07GfQngRx3GMvi1_oe9TA==/oat/arm64/base.odex) is kOatUpToDate with filter 'speed-profile' executable 'false'
07-18 14:05:17.704 17216 17216 D WM-PackageManagerHelper: Skipping component enablement for androidx.work.impl.background.systemjob.SystemJobService
07-18 14:05:17.705 17216 17216 D WM-Schedulers: Created SystemJobScheduler and enabled SystemJobService
07-18 14:05:17.710  3916  3916 I adbd    : adbd service requested 'jdwp:17216'
07-18 14:05:17.753 17216 17262 D WM-ForceStopRunnable: The default process name was not specified.
07-18 14:05:17.755 17216 17262 D WM-ForceStopRunnable: Performing cleanup operations.
07-18 14:05:17.764 16577 16577 I artd    : GetBestInfo: odex next to the dex file (/data/app/~~J94UJWBFyc3GDWDCWp_Fpg==/com.brave.browser-oH5l-A-HsO1sHufPClzCAQ==/oat/arm64/base.odex) is kOatUpToDate with filter 'speed-profile' executable 'false'
07-18 14:05:17.769 16577 16577 I artd    : GetBestInfo: odex next to the dex file (/data/app/~~J94UJWBFyc3GDWDCWp_Fpg==/com.brave.browser-oH5l-A-HsO1sHufPClzCAQ==/oat/arm64/split_chrome.odex) is kOatUpToDate with filter 'speed-profile' executable 'false'
07-18 14:05:17.773 16577 16577 I artd    : GetBestInfo: dm (/data/app/~~J94UJWBFyc3GDWDCWp_Fpg==/com.brave.browser-oH5l-A-HsO1sHufPClzCAQ==/split_on_demand.dm) is kOatUpToDate with filter 'verify' executable 'false'
07-18 14:05:17.795 17216 17216 D nativeloader: Load libunipnp_jni.so using system ns (caller=/system_ext/framework/unipnp-framework.jar): ok
07-18 14:05:17.803 17216 17216 W CheckTime: App running slow: Executing installContentProviders took 245ms
07-18 14:05:17.808  3916  3916 I adbd    : adbd service requested 'sync:'
07-18 14:05:17.811  1055  3955 D WindowManager: setFocusedApp mFocusedApp = ActivityRecord{7fd1256 u0 com.example.controlhorario/.MainActivity t3195 d0}displayId = 0Callers = com.android.server.wm.ActivityTaskManagerService.setLastResumedActivityUncheckLocked:5100 com.android.server.wm.ActivityTaskSupervisor.updateTopResumedActivityIfNeeded:2341 com.android.server.wm.TaskFragment.setResumedActivity:617 com.android.server.wm.TaskFragment.onActivityStateChanged:970 com.android.server.wm.ActivityRecord.setState:6230 com.android.server.wm.ActivityTaskSupervisor.realStartActivityLocked:1033 
07-18 14:05:17.811  1055  3955 D InputDispatcher: setFocusedApplication displayId=0 ActivityRecord{7fd1256 u0 com.example.controlhorario/.MainActivity t3195 d0}
07-18 14:05:17.825 17216 17262 D WM-SystemJobScheduler: Reconciling jobs
07-18 14:05:17.827 16577 16577 I artd    : GetBestInfo: odex next to the dex file (/data/app/~~W2p0JqeIqUGRScTx1n8wBg==/com.google.android.apps.youtube.music-D5W49T0rumE73CTdQ8faYw==/oat/arm64/base.odex) is kOatUpToDate with filter 'speed-profile' executable 'false'
07-18 14:05:17.829 17216 17264 D vulkan  : searching for layers in '/data/app/~~c10UeU42qDT1_Ye1O2Z-6A==/com.example.controlhorario-kfAMEDXCU4H7mrMiWgw14g==/lib/arm64'
07-18 14:05:17.830 17216 17264 D vulkan  : searching for layers in '/data/app/~~c10UeU42qDT1_Ye1O2Z-6A==/com.example.controlhorario-kfAMEDXCU4H7mrMiWgw14g==/base.apk!/lib/arm64-v8a'
07-18 14:05:17.828 17216 17216 W RenderThread: type=1400 audit(0.0:961048): avc:  denied  { read } for  name="large_page_conf" dev="sysfs" ino=56590 scontext=u:r:untrusted_app:s0:c19,c257,c512,c768 tcontext=u:object_r:sysfs:s0 tclass=file permissive=0 app=com.example.controlhorario
07-18 14:05:17.840 16073 16073 W Finsky  : [2] STU: Failed to get storage stats for package 'com.google.android.wifi' (1601: Error getting stats: android.content.pm.PackageManager.NameNotFoundException)
07-18 14:05:17.863  1055  4378 D ActivityManager: getHistoricalProcessExitReasons pkg: null, pid:  0, userId: 0, callingPid: 17216, callingUid: 10275
07-18 14:05:17.865 16577 16577 I artd    : GetBestInfo: odex next to the dex file (/data/app/~~vQgEwXlWjgg4zrS7tzgklQ==/com.google.android.webview-NJKB3fFwRJtUTG_FKL2J3g==/oat/arm64/base.odex) is kOatUpToDate with filter 'speed-profile' executable 'false'
07-18 14:05:17.867 16577 16577 I artd    : GetBestInfo: odex next to the dex file (/data/app/~~vQgEwXlWjgg4zrS7tzgklQ==/com.google.android.webview-NJKB3fFwRJtUTG_FKL2J3g==/oat/arm/base.odex) is kOatUpToDate with filter 'speed-profile' executable 'false'
07-18 14:05:17.868 17216 17262 D WM-ForceStopRunnable: Found unfinished work, scheduling it.
07-18 14:05:17.875 16577 16577 I artd    : GetBestInfo: odex next to the dex file (/data/app/~~IqYcPX8zlwa_eMQzvoPfyw==/com.i4season.bkCamera_soulear-EasWuVFE6qgNeHUJ4nVIgg==/oat/arm64/base.odex) is kOatUpToDate with filter 'speed-profile' executable 'false'
07-18 14:05:17.895  3916  3916 I adbd    : adbd service requested 'shell,v2:wm size'
07-18 14:05:17.905 16073 16073 W Finsky  : [2] STU: Failed to get storage stats for package 'com.android.apex.cts.shim' (1601: Error getting stats: android.content.pm.PackageManager.NameNotFoundException)
07-18 14:05:17.913 16577 16577 I artd    : GetBestInfo: odex next to the dex file (/data/app/~~pOmCjGAIIraRNn0BSEhzqw==/com.musicdownloader.appdownloadmusic252-3cLA6yj2HhQWt1l52j1_TA==/oat/arm64/base.odex) is kOatUpToDate with filter 'speed-profile' executable 'false'
07-18 14:05:17.918 16577 16577 I artd    : GetBestInfo: vdex next to the dex file (/data/user/0/com.musicdownloader.appdownloadmusic252/app_pccache/5/F332DAB9DB9FBFD849CE09DCC1705010D37B6EDB/oat/arm64/pcam.vdex) is kOatUpToDate with filter 'verify' executable 'false'
07-18 14:05:17.923 16577 16577 I artd    : GetBestInfo: vdex next to the dex file (/data/user/0/com.musicdownloader.appdownloadmusic252/app_pccache/5/A8FCED5E1BBD1419AEB215A46D3A1E5E503CFED2/oat/arm64/pcam.vdex) is kOatUpToDate with filter 'verify' executable 'false'
07-18 14:05:17.927 17216 17262 D WM-SystemJobScheduler: Scheduling work ID ec60c226-0da6-4780-b7f4-c25ad61ed8abJob ID 114
07-18 14:05:17.932  1055  3955 V AlarmManager: set(null) : type=3 listener=android.app.AlarmManager$ListenerWrapper@7a33d6e listenerTag=*job.delay* workSource=WorkSource{10228 com.facebook.katana} callingPackage=android callingUid=1000 triggerAtTime=1668279501 win=13155 tElapsed=1668279501 maxElapsed=1668292656 interval=0 flags=0x0
07-18 14:05:17.932  1055  3955 D AlarmManagerService: set alarm to kernel: 1668354315000000, type=2
07-18 14:05:17.932  1055  3955 D AlarmManagerService: set alarm to kernel: 1668266120000000, type=3
07-18 14:05:17.932  1055  3955 D AlarmManagerService: set alarm to kernel: 1668354315000000, type=2
07-18 14:05:17.932  1055  3955 D AlarmManagerService: set alarm to kernel: 1668266120000000, type=3
07-18 14:05:17.938 17216 17262 D WM-SystemJobScheduler: Scheduling work ID adadd38c-b836-4adc-8ece-6e324f125048Job ID 115
07-18 14:05:17.945  3916  3916 I adbd    : adbd service requested 'jdwp:17216'
07-18 14:05:17.951 17216 17216 D EmployeeSync: WorkManager programado: immediate_id=831d453f-afa7-4708-8704-5ffd96507b67, periodic_id=0bef2476-56e2-4d15-8de6-6e70220e7901, network=CONNECTED, interval=6h
07-18 14:05:17.959 16577 16577 I artd    : GetBestInfo: odex next to the dex file (/data/app/~~59MlJHR38R7p5ojb-d5O9w==/com.openai.chatgpt-QymijSr7aH7UY-2rdBcOyw==/oat/arm64/base.odex) is kOatUpToDate with filter 'speed-profile' executable 'false'
07-18 14:05:17.970 16577 16577 I artd    : GetBestInfo: odex next to the dex file (/data/app/~~9_K_yn3q4V2Zh36HZcC5hQ==/com.google.android.apps.docs-J3DQgo4wIXK43t8Bkws45g==/oat/arm64/base.odex) is kOatUpToDate with filter 'speed-profile' executable 'false'
07-18 14:05:17.984 16577 16577 I artd    : GetBestInfo: odex next to the dex file (/data/app/~~oeaXyQydFwCpQaoT_2v2xQ==/com.google.android.apps.adm-9YHKCk0KXt_cB8yA69XXuw==/oat/arm64/base.odex) is kOatUpToDate with filter 'speed-profile' executable 'false'
07-18 14:05:18.036 17216 17216 I ContentCaptureHelper: Setting logging level to OFF
07-18 14:05:18.048 17216 17284 D WM-SystemJobScheduler: Scheduling work ID 831d453f-afa7-4708-8704-5ffd96507b67Job ID 116
