07-18 14:15:30.394  1055  1222 D ActivityManager: Skip enqueue broadcast because no receiver with Intent { act=com.android.server.action.NETWORK_STATS_UPDATED flg=0x40000010 }
07-18 14:15:30.399  3916  3916 I adbd    : adbd service requested 'shell,v2:wm size'
07-18 14:15:30.591  1055  1064 I system_server: Background young concurrent mark compact GC freed 64MB AllocSpace bytes, 753(14MB) LOS objects, 46% free, 91MB/171MB, paused 1.705ms,9.800ms total 165.144ms
07-18 14:15:30.853  3916  3916 I adbd    : adbd service requested 'shell,v2:getprop'
07-18 14:15:31.043  1055  1226 D WifiStaIfaceHidlImpl: getCachedScanData is not implemented by HIDL
07-18 14:15:31.053  1541  2237 D [N3AM]PhoneStateMonitor: onCapabilitiesChanged network: 644
07-18 14:15:31.054  1055  1226 I HalDevMgr: bestIfaceCreationProposal is null, requestIface=STA, existingIface=[name=wlan0 type=STA]
07-18 14:15:31.055  1055  1271 D NetworkSelfRecovery: doWifiRecovery: start doMtuBlackHoleRecovery
07-18 14:15:31.059  3916  3916 I adbd    : adbd service requested 'shell,v2:mkdir -p /data/local/tmp/.studio; chmod 755 /data/local/tmp/.studio; chown shell:shell /data/local/tmp/.studio'
07-18 14:15:31.103  1756  1808 I BugleRcsEngine: handleMessage processing message:[NOTIFY_UPTIME_IGNORE_STATE_CHANGED] with [non-null]:RcsEngineImpl reference [CONTEXT log_prefix="RcsEngineImpl[DUAL_REG]:[9390a1f8-4903]>Handler" thread_id=1890 ]
07-18 14:15:31.103  1756  1804 I BugleRcsEngine: Connected state: [1], networkType: [WIFI] [CONTEXT thread_id=1886 ]
07-18 14:15:31.105  1317  1331 E PhoneInterfaceManager: getCarrierPrivilegeStatusForUid: Invalid subId
07-18 14:15:31.110  6524  6591 D WM-WorkConstraintsTrack: NetworkRequestConstraintController onCapabilitiesChanged callback
07-18 14:15:31.113  1055  1244 D ConnectivityService: NetReassign [no changes] [c 0] [a 3] [i 3]
07-18 14:15:31.114  1055  1271 D NetworkSelfRecovery: doMtuBlackHoleRecovery: current mtu 1500
07-18 14:15:31.115  1055  1271 D NetworkSelfRecovery: doMtuBlackHoleRecovery: mtu is max, skip
07-18 14:15:31.117 25700 26890 I NullBinder: NullBinder for android.net.action.RECOMMEND_NETWORKS triggering remote TransactionTooLargeException due to Service without Chimera impl, calling uid: 1000, calling pid: 0
07-18 14:15:31.117 25700 27903 I NearbyMediums: Wifi changed new SSID: "OSINET"
07-18 14:15:31.117 25700 26890 W .gms.persistent: Large reply transaction of 1056768 bytes, interface descriptor , code 1
07-18 14:15:31.117 25700 27903 I NearbyMediums: WifiLanConnectivityInfo is not changed, skip notify.
07-18 14:15:31.547  3916  3916 I adbd    : adbd service requested 'shell,v2:/data/local/tmp/.studio/process-tracker --interval 1000'
07-18 14:15:31.607 25700 27903 I NearbySharing: Network state changed: NetworkState(isRestricted=false, isOnline=true, isCongested=false, isMetered=true, isWifiConnected=true)
07-18 14:15:31.742  3916  3916 I adbd    : adbd service requested 'shell,v2:wm size'
07-18 14:15:31.939  3916  3916 I adbd    : adbd service requested 'sync:'
07-18 14:15:32.120  3916  3916 I adbd    : adbd service requested 'shell,v2:getprop'
07-18 14:15:32.323  3916  3916 I adbd    : adbd service requested 'shell,v2:mkdir -p /data/local/tmp/.studio; chmod 755 /data/local/tmp/.studio; chown shell:shell /data/local/tmp/.studio'
07-18 14:15:32.676  3916  3916 I adbd    : adbd service requested 'shell,v2:wm size'
07-18 14:15:32.885  3916  3916 I adbd    : adbd service requested 'shell,v2:/data/local/tmp/.studio/process-tracker --interval 1000'
07-18 14:15:33.093  3916  3916 I adbd    : adbd service requested 'sync:'
07-18 14:15:33.243  3916  3916 I adbd    : adbd service requested 'shell,v2:mkdir -p /data/local/tmp/.studio; chmod 755 /data/local/tmp/.studio; chown shell:shell /data/local/tmp/.studio'
07-18 14:15:33.419  1055  1165 D CompatChangeReporter: Compat change id reported: 262645982; UID 10110; state: ENABLED
07-18 14:15:33.458  3916  3916 I adbd    : adbd service requested 'shell,v2:getprop'
07-18 14:15:34.023  3916  3916 I adbd    : adbd service requested 'sync:'
07-18 14:15:34.023  3916  3916 I adbd    : adbd service requested 'shell,v2:wm size'
07-18 14:15:34.061  1055  1226 D WifiStaIfaceHidlImpl: getCachedScanData is not implemented by HIDL
07-18 14:15:34.069  1541  2237 D [N3AM]PhoneStateMonitor: onCapabilitiesChanged network: 644
07-18 14:15:34.072  1756  1804 I BugleRcsEngine: Connected state: [1], networkType: [WIFI] [CONTEXT thread_id=1886 ]
07-18 14:15:34.073  1055  1226 I HalDevMgr: bestIfaceCreationProposal is null, requestIface=STA, existingIface=[name=wlan0 type=STA]
07-18 14:15:34.073  1055  1271 D NetworkSelfRecovery: doWifiRecovery: start doMtuBlackHoleRecovery
07-18 14:15:34.074  1756  1808 I BugleRcsEngine: handleMessage processing message:[NOTIFY_UPTIME_IGNORE_STATE_CHANGED] with [non-null]:RcsEngineImpl reference [CONTEXT log_prefix="RcsEngineImpl[DUAL_REG]:[9390a1f8-4903]>Handler" thread_id=1890 ]
07-18 14:15:34.075  1317  1819 E PhoneInterfaceManager: getCarrierPrivilegeStatusForUid: Invalid subId
07-18 14:15:34.078  1055  1271 D NetworkSelfRecovery: doMtuBlackHoleRecovery: current mtu 1500
07-18 14:15:34.078  1055  1271 D NetworkSelfRecovery: doMtuBlackHoleRecovery: mtu is max, skip
07-18 14:15:34.079  6524  6591 D WM-WorkConstraintsTrack: NetworkRequestConstraintController onCapabilitiesChanged callback
07-18 14:15:34.085  1055  1244 D ConnectivityService: NetReassign [no changes] [c 1] [a 2] [i 3]
07-18 14:15:34.097 25700 27903 I NearbyMediums: Wifi changed new SSID: "OSINET"
07-18 14:15:34.098 25700 27903 I NearbyMediums: WifiLanConnectivityInfo is not changed, skip notify.
07-18 14:15:34.101 25700 25721 I NullBinder: NullBinder for android.net.action.RECOMMEND_NETWORKS triggering remote TransactionTooLargeException due to Service without Chimera impl, calling uid: 1000, calling pid: 0
07-18 14:15:34.101 25700 25721 W .gms.persistent: Large reply transaction of 1056768 bytes, interface descriptor , code 1
07-18 14:15:34.273  3916  3916 I adbd    : adbd service requested 'shell,v2:/data/local/tmp/.studio/process-tracker --interval 1000'
07-18 14:15:34.365  1055  1222 D ActivityManager: Skip enqueue broadcast because no receiver with Intent { act=com.android.server.action.NETWORK_STATS_UPDATED flg=0x40000010 }
07-18 14:15:34.574 25700 27903 I NearbySharing: Network state changed: NetworkState(isRestricted=false, isOnline=true, isCongested=false, isMetered=true, isWifiConnected=true)
07-18 14:15:34.730  3916  3916 I adbd    : adbd service requested 'shell,v2:getprop'
07-18 14:15:34.933  3916  3916 I adbd    : adbd service requested 'shell,v2:mkdir -p /data/local/tmp/.studio; chmod 755 /data/local/tmp/.studio; chown shell:shell /data/local/tmp/.studio'
07-18 14:15:35.281  3916  3916 I adbd    : adbd service requested 'shell,v2:wm size'
07-18 14:15:35.482  3916  3916 I adbd    : adbd service requested 'shell,v2:/data/local/tmp/.studio/process-tracker --interval 1000'
07-18 14:15:35.852  3916  3916 I adbd    : adbd service requested 'sync:'
07-18 14:15:35.852  3916  3916 I adbd    : adbd service requested 'shell,v2:getprop'
07-18 14:15:36.051  3916  3916 I adbd    : adbd service requested 'shell,v2:mkdir -p /data/local/tmp/.studio; chmod 755 /data/local/tmp/.studio; chown shell:shell /data/local/tmp/.studio'
07-18 14:15:36.394   827   836 E SLOGCP  : data_rate_stat: agdsp rate: total size(MB)=0.000000; per second(bytes)=0.000000, drop_cnt_=0, drop_data_size_=0, pollin event times=0.
07-18 14:15:36.484  3916  3916 I adbd    : adbd service requested 'sync:'
07-18 14:15:36.678  3916  3916 I adbd    : adbd service requested 'shell,v2:wm size'
07-18 14:15:37.082  1055  1226 D WifiStaIfaceHidlImpl: getCachedScanData is not implemented by HIDL
07-18 14:15:37.090  1055  1226 I HalDevMgr: bestIfaceCreationProposal is null, requestIface=STA, existingIface=[name=wlan0 type=STA]
07-18 14:15:37.202  3916  3916 I adbd    : adbd service requested 'shell,v2:/data/local/tmp/.studio/process-tracker --interval 1000'
07-18 14:15:37.437  3916  3916 I adbd    : adbd service requested 'shell:getprop'
07-18 14:15:37.646  3916  3916 I adbd    : adbd service requested 'shell,v2:mkdir -p /data/local/tmp/.studio; chmod 755 /data/local/tmp/.studio; chown shell:shell /data/local/tmp/.studio'
07-18 14:15:37.858  3916  3916 I adbd    : adbd service requested 'shell,v2:getprop'
07-18 14:15:38.055  3916  3916 I adbd    : adbd service requested 'shell:getprop'
07-18 14:15:38.192  1055  1222 D ActivityManager: Skip enqueue broadcast because no receiver with Intent { act=com.android.server.action.NETWORK_STATS_UPDATED flg=0x40000010 }
07-18 14:15:38.591  3916  3916 I adbd    : adbd service requested 'sync:'
07-18 14:15:38.670  3916  3916 I adbd    : adbd service requested 'shell,v2:/data/local/tmp/.studio/process-tracker --interval 1000'
07-18 14:15:38.877  3916  3916 I adbd    : adbd service requested 'shell,v2:wm size'
07-18 14:15:39.196  3916  3916 I adbd    : adbd service requested 'shell,v2:getprop'
07-18 14:15:39.408  3916  3916 I adbd    : adbd service requested 'shell,v2:/data/local/tmp/.studio/process-tracker --interval 1000'
07-18 14:15:39.606  3916  3916 I adbd    : adbd service requested 'shell,v2:mkdir -p /data/local/tmp/.studio; chmod 755 /data/local/tmp/.studio; chown shell:shell /data/local/tmp/.studio'
07-18 14:15:39.992  3916  3916 I adbd    : adbd service requested 'sync:'
07-18 14:15:40.020  3916  3916 I adbd    : adbd service requested 'shell,v2:wm size'
07-18 14:15:40.104  1055  1226 D WifiStaIfaceHidlImpl: getCachedScanData is not implemented by HIDL
07-18 14:15:40.112  1055  1226 I HalDevMgr: bestIfaceCreationProposal is null, requestIface=STA, existingIface=[name=wlan0 type=STA]
07-18 14:15:40.379  1055  1082 E UnisocWatchdog: UnisocWatchdogImpl sendMessage:0
07-18 14:15:40.380  1055  1155 E UnisocWatchdog: UNISOCWATCHDOG_MESSAGE_TIMER30 trigger
07-18 14:15:40.396  3916  3916 I adbd    : adbd service requested 'shell,v2:getprop'
07-18 14:15:40.612  3916  3916 I adbd    : adbd service requested 'shell,v2:mkdir -p /data/local/tmp/.studio; chmod 755 /data/local/tmp/.studio; chown shell:shell /data/local/tmp/.studio'
07-18 14:15:40.982  3916  3916 I adbd    : adbd service requested 'shell,v2:/data/local/tmp/.studio/process-tracker --interval 1000'
07-18 14:15:41.189  3916  3916 I adbd    : adbd service requested 'sync:'
07-18 14:15:41.191  3916  3916 I adbd    : adbd service requested 'shell,v2:wm size'
07-18 14:15:41.686  3916  3916 I adbd    : adbd service requested 'shell,v2:mkdir -p /data/local/tmp/.studio; chmod 755 /data/local/tmp/.studio; chown shell:shell /data/local/tmp/.studio'
07-18 14:15:41.890  3916  3916 I adbd    : adbd service requested 'shell,v2:getprop'
07-18 14:15:42.251  3916  3916 I adbd    : adbd service requested 'shell,v2:/data/local/tmp/.studio/process-tracker --interval 1000'
07-18 14:15:42.381  1055  1222 D ActivityManager: Skip enqueue broadcast because no receiver with Intent { act=com.android.server.action.NETWORK_STATS_UPDATED flg=0x40000010 }
07-18 14:15:42.481  3916  3916 I adbd    : adbd service requested 'sync:'
07-18 14:15:42.482  3916  3916 I adbd    : adbd service requested 'shell,v2:wm size'
07-18 14:15:42.908  3916  3916 I adbd    : adbd service requested 'shell,v2:getprop'
07-18 14:15:43.111  3916  3916 I adbd    : adbd service requested 'shell,v2:mkdir -p /data/local/tmp/.studio; chmod 755 /data/local/tmp/.studio; chown shell:shell /data/local/tmp/.studio'
07-18 14:15:43.132  1055  1226 D WifiStaIfaceHidlImpl: getCachedScanData is not implemented by HIDL
07-18 14:15:43.147  1055  1226 I HalDevMgr: bestIfaceCreationProposal is null, requestIface=STA, existingIface=[name=wlan0 type=STA]
07-18 14:15:43.676  3916  3916 I adbd    : adbd service requested 'sync:'
07-18 14:15:44.040  3916  3916 I adbd    : adbd service requested 'shell,v2:/data/local/tmp/.studio/process-tracker --interval 1000'
07-18 14:15:44.245  3916  3916 I adbd    : adbd service requested 'shell,v2:wm size'
07-18 14:15:44.661  3916  3916 I adbd    : adbd service requested 'shell,v2:getprop'
07-18 14:15:44.865  3916  3916 I adbd    : adbd service requested 'shell,v2:/data/local/tmp/.studio/process-tracker --interval 1000'
07-18 14:15:44.981  1055  1055 V BroadcastQueue: Enqueuing BroadcastRecord{ade9b57 android.intent.action.BATTERY_CHANGED/u-1} ordered=false from uid 1000 pid 1055 for 4 receivers
07-18 14:15:44.982  1055  1055 V BroadcastQueue: Enqueuing BroadcastRecord{66d644 android.intent.action.BATTERY_CHANGED/u-1} ordered=false from uid 1000 pid 1055 for 36 receivers
07-18 14:15:44.984  3074  3074 D BatteryController: onReceive:mLevel=50,mCharging=false
07-18 14:15:44.989  3074  3074 D UnisocBatteryControllerEx: fireChargingSpeedChanged: -1
07-18 14:15:44.989  3074  3074 D PowerUI : cgs  xyz mBatteryTemperature: 440
07-18 14:15:44.990  3074  3074 D UnisocPowerUI: onReceive health:2 --> 2
07-18 14:15:45.068  3916  3916 I adbd    : adbd service requested 'shell,v2:mkdir -p /data/local/tmp/.studio; chmod 755 /data/local/tmp/.studio; chown shell:shell /data/local/tmp/.studio'
07-18 14:15:45.569  3916  3916 I adbd    : adbd service requested 'sync:'
07-18 14:15:45.665  3916  3916 I adbd    : adbd service requested 'shell,v2:wm size'
07-18 14:15:46.032  3916  3916 I adbd    : adbd service requested 'shell,v2:getprop'
07-18 14:15:46.155  1055  1226 D WifiStaIfaceHidlImpl: getCachedScanData is not implemented by HIDL
07-18 14:15:46.173  1055  1226 I HalDevMgr: bestIfaceCreationProposal is null, requestIface=STA, existingIface=[name=wlan0 type=STA]
07-18 14:15:46.245  3916  3916 I adbd    : adbd service requested 'shell,v2:/data/local/tmp/.studio/process-tracker --interval 1000'
07-18 14:15:46.458  3916  3916 I adbd    : adbd service requested 'shell,v2:mkdir -p /data/local/tmp/.studio; chmod 755 /data/local/tmp/.studio; chown shell:shell /data/local/tmp/.studio'
07-18 14:15:46.835  1055  1222 D ActivityManager: Skip enqueue broadcast because no receiver with Intent { act=com.android.server.action.NETWORK_STATS_UPDATED flg=0x40000010 }
07-18 14:15:46.877  3916  3916 I adbd    : adbd service requested 'sync:'
07-18 14:15:46.946  3916  3916 I adbd    : adbd service requested 'shell,v2:wm size'
07-18 14:15:47.326  3916  3916 I adbd    : adbd service requested 'shell,v2:getprop'
07-18 14:15:47.556  3916  3916 I adbd    : adbd service requested 'shell,v2:mkdir -p /data/local/tmp/.studio; chmod 755 /data/local/tmp/.studio; chown shell:shell /data/local/tmp/.studio'
07-18 14:15:47.996  3916  3916 I adbd    : adbd service requested 'sync:'
07-18 14:15:48.025  3916  3916 I adbd    : adbd service requested 'shell,v2:/data/local/tmp/.studio/process-tracker --interval 1000'
07-18 14:15:48.237  3916  3916 I adbd    : adbd service requested 'shell,v2:wm size'
07-18 14:15:48.773  3916  3916 I adbd    : adbd service requested 'shell,v2:getprop'
07-18 14:15:48.975  3916  3916 I adbd    : adbd service requested 'shell,v2:mkdir -p /data/local/tmp/.studio; chmod 755 /data/local/tmp/.studio; chown shell:shell /data/local/tmp/.studio'
07-18 14:15:49.172  3916  3916 I adbd    : adbd service requested 'shell,v2:/data/local/tmp/.studio/process-tracker --interval 1000'
07-18 14:15:49.178  1055  1226 D WifiStaIfaceHidlImpl: getCachedScanData is not implemented by HIDL
07-18 14:15:49.188  1055  1226 I HalDevMgr: bestIfaceCreationProposal is null, requestIface=STA, existingIface=[name=wlan0 type=STA]
07-18 14:15:49.572  3916  3916 I adbd    : adbd service requested 'sync:'
07-18 14:15:49.723  3916  3916 I adbd    : adbd service requested 'shell,v2:wm size'
07-18 14:15:50.146  3916  3916 I adbd    : adbd service requested 'shell,v2:getprop'
07-18 14:15:50.181 25700 25700 D BoundBrokerSvc: onUnbind: Intent { act=com.google.android.gms.libs.gmscorelogger.service.START dat=chimera-action:/... cmp=com.google.android.gms/.chimera.PersistentDirectBootAwareApiService }
07-18 14:15:50.353  3916  3916 I adbd    : adbd service requested 'shell,v2:mkdir -p /data/local/tmp/.studio; chmod 755 /data/local/tmp/.studio; chown shell:shell /data/local/tmp/.studio'
07-18 14:15:50.751  3916  3916 I adbd    : adbd service requested 'shell,v2:/data/local/tmp/.studio/process-tracker --interval 1000'
07-18 14:15:50.881  1055  1222 D ActivityManager: Skip enqueue broadcast because no receiver with Intent { act=com.android.server.action.NETWORK_STATS_UPDATED flg=0x40000010 }
07-18 14:15:50.945  3916  3916 I adbd    : adbd service requested 'sync:'
07-18 14:15:50.946  3916  3916 I adbd    : adbd service requested 'shell,v2:wm size'
07-18 14:15:51.420  3916  3916 I adbd    : adbd service requested 'shell,v2:getprop'
07-18 14:15:51.638  3916  3916 I adbd    : adbd service requested 'shell,v2:mkdir -p /data/local/tmp/.studio; chmod 755 /data/local/tmp/.studio; chown shell:shell /data/local/tmp/.studio'
07-18 14:15:51.949  3916  3916 I adbd    : adbd service requested 'shell,v2:/data/local/tmp/.studio/process-tracker --interval 1000'
07-18 14:15:52.160  3916  3916 I adbd    : adbd service requested 'shell,v2:wm size'
07-18 14:15:52.197  1055  1226 D WifiStaIfaceHidlImpl: getCachedScanData is not implemented by HIDL
07-18 14:15:52.206  1055  1226 I HalDevMgr: bestIfaceCreationProposal is null, requestIface=STA, existingIface=[name=wlan0 type=STA]
07-18 14:15:52.541  3916  3916 I adbd    : adbd service requested 'sync:'
07-18 14:15:52.705  3916  3916 I adbd    : adbd service requested 'shell,v2:getprop'
07-18 14:15:52.914  3916  3916 I adbd    : adbd service requested 'shell,v2:mkdir -p /data/local/tmp/.studio; chmod 755 /data/local/tmp/.studio; chown shell:shell /data/local/tmp/.studio'
07-18 14:15:53.520  3916  3916 I adbd    : adbd service requested 'sync:'
07-18 14:15:53.945  3916  3916 I adbd    : adbd service requested 'shell,v2:wm size'
07-18 14:15:54.296  3916  3916 I adbd    : adbd service requested 'shell,v2:/data/local/tmp/.studio/process-tracker --interval 1000'
07-18 14:15:54.496  3916  3916 I adbd    : adbd service requested 'shell,v2:getprop'
07-18 14:15:54.715  3916  3916 I adbd    : adbd service requested 'shell,v2:mkdir -p /data/local/tmp/.studio; chmod 755 /data/local/tmp/.studio; chown shell:shell /data/local/tmp/.studio'
07-18 14:15:55.011  3916  3916 I adbd    : adbd service requested 'shell,v2:/data/local/tmp/.studio/process-tracker --interval 1000'
07-18 14:15:55.016  1055  1222 D ActivityManager: Skip enqueue broadcast because no receiver with Intent { act=com.android.server.action.NETWORK_STATS_UPDATED flg=0x40000010 }
07-18 14:15:55.219  1055  1226 D WifiStaIfaceHidlImpl: getCachedScanData is not implemented by HIDL
07-18 14:15:55.229  1055  1226 I HalDevMgr: bestIfaceCreationProposal is null, requestIface=STA, existingIface=[name=wlan0 type=STA]
07-18 14:15:55.360  3916  3916 I adbd    : adbd service requested 'shell,v2:wm size'
07-18 14:15:55.583  3916  3916 I adbd    : adbd service requested 'sync:'
07-18 14:15:55.922  3916  3916 I adbd    : adbd service requested 'shell,v2:mkdir -p /data/local/tmp/.studio; chmod 755 /data/local/tmp/.studio; chown shell:shell /data/local/tmp/.studio'
07-18 14:15:56.125  3916  3916 I adbd    : adbd service requested 'shell,v2:getprop'
07-18 14:15:56.480  3916  3916 I adbd    : adbd service requested 'shell,v2:/data/local/tmp/.studio/process-tracker --interval 1000'
07-18 14:15:56.694  3916  3916 I adbd    : adbd service requested 'sync:'
07-18 14:15:57.103  3916  3916 I adbd    : adbd service requested 'shell,v2:wm size'
07-18 14:15:57.463  3916  3916 I adbd    : adbd service requested 'shell,v2:/data/local/tmp/.studio/process-tracker --interval 1000'
07-18 14:15:57.689  3916  3916 I adbd    : adbd service requested 'shell,v2:mkdir -p /data/local/tmp/.studio; chmod 755 /data/local/tmp/.studio; chown shell:shell /data/local/tmp/.studio'
07-18 14:15:57.902  3916  3916 I adbd    : adbd service requested 'shell,v2:getprop'
07-18 14:15:58.249  1055  1226 D WifiStaIfaceHidlImpl: getCachedScanData is not implemented by HIDL
07-18 14:15:58.256  1055  1226 I HalDevMgr: bestIfaceCreationProposal is null, requestIface=STA, existingIface=[name=wlan0 type=STA]
07-18 14:15:58.344  3916  3916 I adbd    : adbd service requested 'sync:'
07-18 14:15:58.375  3916  3916 I adbd    : adbd service requested 'shell,v2:wm size'
07-18 14:15:58.763  3916  3916 I adbd    : adbd service requested 'shell,v2:getprop'
07-18 14:15:58.967  3916  3916 I adbd    : adbd service requested 'shell,v2:mkdir -p /data/local/tmp/.studio; chmod 755 /data/local/tmp/.studio; chown shell:shell /data/local/tmp/.studio'
07-18 14:15:59.230  3916  3916 I adbd    : adbd service requested 'shell,v2:/data/local/tmp/.studio/process-tracker --interval 1000'
07-18 14:15:59.428  1055  1222 D ActivityManager: Skip enqueue broadcast because no receiver with Intent { act=com.android.server.action.NETWORK_STATS_UPDATED flg=0x40000010 }
07-18 14:15:59.530  3916  3916 I adbd    : adbd service requested 'sync:'
07-18 14:15:59.629  3916  3916 I adbd    : adbd service requested 'shell,v2:wm size'
07-18 14:15:59.999  1055  1180 D AlarmManager: waitForAlarm result:8currentTime=1784398559999, elapsedRealtime=1668904029
07-18 14:16:00.000  1055  1180 V AlarmManager: Received TIME_TICK alarm; rescheduling
07-18 14:16:00.000  1055  1180 V AlarmManager: set(null) : type=3 listener=com.android.server.alarm.AlarmManagerService$2@2ed1d28 listenerTag=TIME_TICK workSource=null callingPackage=android callingUid=1000 triggerAtTime=1668964029 win=0 tElapsed=1668964029 maxElapsed=1668964029 interval=0 flags=0x9
07-18 14:16:00.000  1055  1180 D AlarmManagerService: set alarm to kernel: 1668975127000000, type=2
07-18 14:16:00.000  1055  1055 V BroadcastQueue: Enqueuing BroadcastRecord{cac53da android.intent.action.TIME_TICK/u-1} ordered=false from uid 1000 pid 1055 for 3 receivers
07-18 14:16:00.001  1055  1180 D AlarmManagerService: set alarm to kernel: 1668905381000000, type=3
07-18 14:16:00.003  1055  1180 D AlarmManager: sending alarm.type = 3, action = null, alarm = Alarm{b88500b type 3 origWhen 1668904029 whenElapsed 1668904029 android}, cn = null, operation = null, listener=com.android.server.alarm.AlarmManagerService$2@2ed1d28, listenerTag=TIME_TICK, workSource=null
07-18 14:16:00.004  1055  1180 D AlarmManagerService: set alarm to kernel: 1668975127000000, type=2
07-18 14:16:00.004  1055  1180 D AlarmManagerService: set alarm to kernel: 1668905381000000, type=3
07-18 14:16:00.169  3916  3916 I adbd    : adbd service requested 'shell,v2:mkdir -p /data/local/tmp/.studio; chmod 755 /data/local/tmp/.studio; chown shell:shell /data/local/tmp/.studio'
07-18 14:16:00.371  3916  3916 I adbd    : adbd service requested 'shell,v2:getprop'
07-18 14:16:00.791  3916  3916 I adbd    : adbd service requested 'sync:'
07-18 14:16:00.791  3916  3916 I adbd    : adbd service requested 'shell,v2:/data/local/tmp/.studio/process-tracker --interval 1000'
07-18 14:16:01.005  3916  3916 I adbd    : adbd service requested 'shell,v2:wm size'
07-18 14:16:01.271  1055  1226 D WifiStaIfaceHidlImpl: getCachedScanData is not implemented by HIDL
07-18 14:16:01.280  1055  1226 I HalDevMgr: bestIfaceCreationProposal is null, requestIface=STA, existingIface=[name=wlan0 type=STA]
07-18 14:16:01.351  1055  1180 D AlarmManager: waitForAlarm result:8currentTime=1784398561351, elapsedRealtime=1668905381
07-18 14:16:01.360  1055  1180 D AlarmManager: sending alarm.type = 3, action = null, alarm = Alarm{7f726df type 3 origWhen 1668905381 whenElapsed 1668905381 android}, cn = null, operation = null, listener=android.app.AlarmManager$ListenerWrapper@d58a54f, listenerTag=StatsCompanionService.pull, workSource=null
07-18 14:16:01.360  1055  1180 D AlarmManagerService: set alarm to kernel: 1668975127000000, type=2
07-18 14:16:01.361  1055  1180 D AlarmManagerService: set alarm to kernel: 1668921489000000, type=3
07-18 14:16:01.366  1055  2965 V AlarmManager: set(null) : type=3 listener=android.app.AlarmManager$ListenerWrapper@d58a54f listenerTag=StatsCompanionService.pull workSource=null callingPackage=android callingUid=1000 triggerAtTime=1669205381 win=0 tElapsed=1669205381 maxElapsed=1669205381 interval=0 flags=0x9
07-18 14:16:01.366  1055  2965 D AlarmManagerService: set alarm to kernel: 1668975127000000, type=2
07-18 14:16:01.366  1055  2965 D AlarmManagerService: set alarm to kernel: 1668921489000000, type=3
07-18 14:16:01.452  3916  3916 I adbd    : adbd service requested 'shell,v2:getprop'
07-18 14:16:01.685  3916  3916 I adbd    : adbd service requested 'shell,v2:mkdir -p /data/local/tmp/.studio; chmod 755 /data/local/tmp/.studio; chown shell:shell /data/local/tmp/.studio'
07-18 14:16:01.876  3916  3916 I adbd    : adbd service requested 'shell,v2:/data/local/tmp/.studio/process-tracker --interval 1000'
07-18 14:16:02.369  3916  3916 I adbd    : adbd service requested 'sync:'
07-18 14:16:02.369  3916  3916 I adbd    : adbd service requested 'shell,v2:wm size'
07-18 14:16:02.727  3916  3916 I adbd    : adbd service requested 'shell,v2:getprop'
07-18 14:16:02.927  3916  3916 I adbd    : adbd service requested 'shell,v2:mkdir -p /data/local/tmp/.studio; chmod 755 /data/local/tmp/.studio; chown shell:shell /data/local/tmp/.studio'
07-18 14:16:03.403  3916  3916 I adbd    : adbd service requested 'shell,v2:wm size'
07-18 14:16:03.614  3916  3916 I adbd    : adbd service requested 'sync:'
07-18 14:16:03.616  3916  3916 I adbd    : adbd service requested 'shell,v2:/data/local/tmp/.studio/process-tracker --interval 1000'
07-18 14:16:03.737  1055  1222 D ActivityManager: Skip enqueue broadcast because no receiver with Intent { act=com.android.server.action.NETWORK_STATS_UPDATED flg=0x40000010 }
07-18 14:16:04.018  3916  3916 I adbd    : adbd service requested 'shell,v2:getprop'
07-18 14:16:04.074   609   609 D enhanceHAL: sunlightRead: current ambient = 1601
07-18 14:16:04.227  3916  3916 I adbd    : adbd service requested 'shell,v2:mkdir -p /data/local/tmp/.studio; chmod 755 /data/local/tmp/.studio; chown shell:shell /data/local/tmp/.studio'
07-18 14:16:04.234   609   609 D enhanceHAL: sunlightRead: current ambient = 1576
07-18 14:16:04.285  1055  1226 D WifiStaIfaceHidlImpl: getCachedScanData is not implemented by HIDL
07-18 14:16:04.306  1055  1226 I HalDevMgr: bestIfaceCreationProposal is null, requestIface=STA, existingIface=[name=wlan0 type=STA]
07-18 14:16:04.395   609   609 D enhanceHAL: sunlightRead: current ambient = 1562
07-18 14:16:04.559   609   609 D enhanceHAL: sunlightRead: current ambient = 1585
07-18 14:16:04.582  3916  3916 I adbd    : adbd service requested 'shell,v2:/data/local/tmp/.studio/process-tracker --interval 1000'
07-18 14:16:04.714   609   609 D enhanceHAL: sunlightRead: current ambient = 1610
07-18 14:16:04.829  3916  3916 I adbd    : adbd service requested 'shell,v2:wm size'
07-18 14:16:04.874   609   609 D enhanceHAL: sunlightRead: current ambient = 1595
07-18 14:16:05.020  3916  3916 I adbd    : adbd service requested 'sync:'
07-18 14:16:05.330  3916  3916 I adbd    : adbd service requested 'shell,v2:getprop'
07-18 14:16:05.543  3916  3916 I adbd    : adbd service requested 'shell,v2:mkdir -p /data/local/tmp/.studio; chmod 755 /data/local/tmp/.studio; chown shell:shell /data/local/tmp/.studio'
07-18 14:16:05.865  3916  3916 I adbd    : adbd service requested 'shell,v2:/data/local/tmp/.studio/process-tracker --interval 1000'
07-18 14:16:05.996   609   609 D enhanceHAL: sunlightRead: current ambient = 1608
07-18 14:16:06.076  3916  3916 I adbd    : adbd service requested 'shell,v2:wm size'
07-18 14:16:06.500  3916  3916 I adbd    : adbd service requested 'sync:'
07-18 14:16:06.500  3916  3916 I adbd    : adbd service requested 'shell,v2:getprop'
07-18 14:16:06.710  3916  3916 I adbd    : adbd service requested 'shell,v2:mkdir -p /data/local/tmp/.studio; chmod 755 /data/local/tmp/.studio; chown shell:shell /data/local/tmp/.studio'
07-18 14:16:07.190  3916  3916 I adbd    : adbd service requested 'sync:'
07-18 14:16:07.190  3916  3916 I adbd    : adbd service requested 'shell,v2:wm size'
07-18 14:16:07.315  1055  1226 D WifiStaIfaceHidlImpl: getCachedScanData is not implemented by HIDL
07-18 14:16:07.325  1055  1226 I HalDevMgr: bestIfaceCreationProposal is null, requestIface=STA, existingIface=[name=wlan0 type=STA]
07-18 14:16:07.954  3916  3916 I adbd    : adbd service requested 'shell,v2:/data/local/tmp/.studio/process-tracker --interval 1000'
07-18 14:16:08.145  1055  1222 D ActivityManager: Skip enqueue broadcast because no receiver with Intent { act=com.android.server.action.NETWORK_STATS_UPDATED flg=0x40000010 }
07-18 14:16:08.156  3916  3916 I adbd    : adbd service requested 'shell,v2:mkdir -p /data/local/tmp/.studio; chmod 755 /data/local/tmp/.studio; chown shell:shell /data/local/tmp/.studio'
07-18 14:16:08.353  3916  3916 I adbd    : adbd service requested 'shell,v2:getprop'
07-18 14:16:08.578  3916  3916 I adbd    : adbd service requested 'shell,v2:/data/local/tmp/.studio/process-tracker --interval 1000'
07-18 14:16:09.254  3916  3916 I adbd    : adbd service requested 'sync:'
07-18 14:16:09.613  3916  3916 I adbd    : adbd service requested 'shell,v2:wm size'
07-18 14:16:10.019  3916  3916 I adbd    : adbd service requested 'shell,v2:getprop'
07-18 14:16:10.223  3916  3916 I adbd    : adbd service requested 'shell,v2:/data/local/tmp/.studio/process-tracker --interval 1000'
07-18 14:16:10.330  1055  1226 D WifiStaIfaceHidlImpl: getCachedScanData is not implemented by HIDL
07-18 14:16:10.344  1055  1226 I HalDevMgr: bestIfaceCreationProposal is null, requestIface=STA, existingIface=[name=wlan0 type=STA]
07-18 14:16:10.380  1055  1082 E UnisocWatchdog: UnisocWatchdogImpl sendMessage:0
07-18 14:16:10.380  1055  1155 E UnisocWatchdog: UNISOCWATCHDOG_MESSAGE_TIMER30 trigger
07-18 14:16:10.435  3916  3916 I adbd    : adbd service requested 'shell,v2:mkdir -p /data/local/tmp/.studio; chmod 755 /data/local/tmp/.studio; chown shell:shell /data/local/tmp/.studio'
07-18 14:16:11.099  3916  3916 I adbd    : adbd service requested 'sync:'
07-18 14:16:11.148  3916  3916 I adbd    : adbd service requested 'shell,v2:wm size'
07-18 14:16:11.746  3916  3916 I adbd    : adbd service requested 'shell,v2:mkdir -p /data/local/tmp/.studio; chmod 755 /data/local/tmp/.studio; chown shell:shell /data/local/tmp/.studio'
07-18 14:16:11.971  3916  3916 I adbd    : adbd service requested 'shell,v2:getprop'
07-18 14:16:12.206  3916  3916 I adbd    : adbd service requested 'shell,v2:/data/local/tmp/.studio/process-tracker --interval 1000'
07-18 14:16:12.604  3916  3916 I adbd    : adbd service requested 'sync:'
07-18 14:16:12.772  3916  3916 I adbd    : adbd service requested 'shell,v2:wm size'
07-18 14:16:13.349  1055  1226 D WifiStaIfaceHidlImpl: getCachedScanData is not implemented by HIDL
07-18 14:16:13.361  1055  1226 I HalDevMgr: bestIfaceCreationProposal is null, requestIface=STA, existingIface=[name=wlan0 type=STA]
07-18 14:16:13.476  3916  3916 I adbd    : adbd service requested 'shell,v2:getprop'
07-18 14:16:13.683  3916  3916 I adbd    : adbd service requested 'shell,v2:mkdir -p /data/local/tmp/.studio; chmod 755 /data/local/tmp/.studio; chown shell:shell /data/local/tmp/.studio'
07-18 14:16:13.753  1055  1222 D ActivityManager: Skip enqueue broadcast because no receiver with Intent { act=com.android.server.action.NETWORK_STATS_UPDATED flg=0x40000010 }
07-18 14:16:13.962  3916  3916 I adbd    : adbd service requested 'shell,v2:/data/local/tmp/.studio/process-tracker --interval 1000'
07-18 14:16:14.362  3916  3916 I adbd    : adbd service requested 'sync:'
07-18 14:16:15.097  3916  3916 I adbd    : adbd service requested 'shell,v2:wm size'
07-18 14:16:15.506  3916  3916 I adbd    : adbd service requested 'shell,v2:/data/local/tmp/.studio/process-tracker --interval 1000'
07-18 14:16:15.711  3916  3916 I adbd    : adbd service requested 'shell,v2:mkdir -p /data/local/tmp/.studio; chmod 755 /data/local/tmp/.studio; chown shell:shell /data/local/tmp/.studio'
07-18 14:16:15.950  3916  3916 I adbd    : adbd service requested 'shell,v2:getprop'
07-18 14:16:16.379  1055  1226 D WifiStaIfaceHidlImpl: getCachedScanData is not implemented by HIDL
07-18 14:16:16.390  1055  1226 I HalDevMgr: bestIfaceCreationProposal is null, requestIface=STA, existingIface=[name=wlan0 type=STA]
07-18 14:16:16.441  3916  3916 I adbd    : adbd service requested 'sync:'
