07-18 14:05:41.252 17875 17915 W AppInitScheduler|Schedule: Schedule 366:PreloadIconsInit, deps=[423, 424] (89 pending tasks, PriorityHint=NORMAL, isCritical=false)
07-18 14:05:41.252 17875 17932 W AppInitScheduler|Run: Running FbSharedPreferenceInitializer [*], order=25, priorityHint=VERY_HIGH 
07-18 14:05:41.252 17875 17915 W AppInitScheduler|Schedule: Schedule 371:PreloadNativeLibrariesVif, deps=[239, 266, 268] (90 pending tasks, PriorityHint=NORMAL, isCritical=false)
07-18 14:05:41.252 17875 17915 W AppInitScheduler|Schedule: Schedule 374:PreloadReelsCsrForReelsTabStarts, deps=[181, 424] (91 pending tasks, PriorityHint=NORMAL, isCritical=false)
07-18 14:05:41.252 17875 17915 W AppInitScheduler|Schedule: Schedule 383:PreloadVideoHomeDataController, deps=[423, 424] (92 pending tasks, PriorityHint=NORMAL, isCritical=false)
07-18 14:05:41.252 17875 17915 W AppInitScheduler|Schedule: Schedule 388:ProfiloBridgeFactoryImpl, deps=[247, 424] (93 pending tasks, PriorityHint=NORMAL, isCritical=false)
07-18 14:05:41.252 17875 17915 W AppInitScheduler|Schedule: Schedule 395:RasFileInitializer, deps=null (94 pending tasks, PriorityHint=NORMAL, isCritical=false)
07-18 14:05:41.252 17875 17915 W AppInitScheduler|Schedule:   Executing 395:RasFileInitializer
07-18 14:05:41.252 17875 17915 W AppInitScheduler|Schedule: Schedule 396:RegisterMainLooperTracer, deps=null (95 pending tasks, PriorityHint=NORMAL, isCritical=false)
07-18 14:05:41.252 17875 17915 W AppInitScheduler|Schedule:   Executing 396:RegisterMainLooperTracer
07-18 14:05:41.252 17875 17915 W AppInitScheduler|Schedule: Schedule 398:ReleaseDeferredBroadcastReceiver, deps=null (96 pending tasks, PriorityHint=NORMAL, isCritical=false)
07-18 14:05:41.252 17875 17915 W AppInitScheduler|Schedule:   Executing 398:ReleaseDeferredBroadcastReceiver
07-18 14:05:41.252 17875 17915 W AppInitScheduler|Schedule: Schedule 399:ReliabilityExperiments, deps=null (97 pending tasks, PriorityHint=NORMAL, isCritical=false)
07-18 14:05:41.252 17875 17915 W AppInitScheduler|Schedule:   Executing 399:ReliabilityExperiments
07-18 14:05:41.252 17875 17915 W AppInitScheduler|Schedule: Schedule 402:ReliabilityUserPerceptibleScopeToQPL, deps=[424] (98 pending tasks, PriorityHint=NORMAL, isCritical=false)
07-18 14:05:41.252 17875 17915 W AppInitScheduler|Schedule: Schedule 403:ReplayBroadcastReceivedDuringAppInit, deps=[459] (99 pending tasks, PriorityHint=NORMAL, isCritical=false)
07-18 14:05:41.252 17875 17915 W AppInitScheduler|Schedule: Schedule 408:ScheduleLowPriWork, deps=[459] (100 pending tasks, PriorityHint=NORMAL, isCritical=false)
07-18 14:05:41.252 17875 17915 W AppInitScheduler|Schedule: Schedule 416:SetupDynaBuilds, deps=null (101 pending tasks, PriorityHint=NORMAL, isCritical=false)
07-18 14:05:41.252 17875 17915 W AppInitScheduler|Schedule:   Executing 416:SetupDynaBuilds
07-18 14:05:41.252 17875 17915 W AppInitScheduler|Schedule: Schedule 430:TabBadgeFetchAppInit, deps=[266, 268] (102 pending tasks, PriorityHint=NORMAL, isCritical=false)
07-18 14:05:41.252 17875 17915 W AppInitScheduler|Schedule: Schedule 461:WarmFacebookEmojiFont, deps=[158, 268] (103 pending tasks, PriorityHint=NORMAL, isCritical=false)
07-18 14:05:41.252 17875 17915 W AppInitScheduler|Schedule: Schedule 464:WhitehatOverlayInitializer, deps=[158] (104 pending tasks, PriorityHint=NORMAL, isCritical=false)
07-18 14:05:41.252 17875 17915 W AppInitScheduler|Schedule: Schedule 357:PreloadFeedDataLoader, deps=[423, 424] (105 pending tasks, PriorityHint=LOW, isCritical=false)
07-18 14:05:41.252 17875 17915 W AppInitScheduler|Schedule: Schedule 359:PreloadFeedFullCacheLoad, deps=[423, 424] (106 pending tasks, PriorityHint=LOW, isCritical=false)
07-18 14:05:41.252 17875 17915 W AppInitScheduler|Schedule: Schedule 136:EagerInitFeedDataLoader, deps=[357, 359] (107 pending tasks, PriorityHint=LOW, isCritical=false)
07-18 14:05:41.252 17875 17915 W AppInitScheduler|Schedule: Schedule 141:EarlyInitStoriesTrayForActivity, deps=[423, 424] (108 pending tasks, PriorityHint=LOW, isCritical=false)
07-18 14:05:41.252 17875 17915 W AppInitScheduler|Schedule: Schedule 172:FriendlyFeedPrefetch, deps=[266] (109 pending tasks, PriorityHint=LOW, isCritical=false)
07-18 14:05:41.252 17875 17915 W AppInitScheduler|Schedule: Schedule 173:FriendlyFeedPrefetchOnFirstForegroundWarmStart, deps=[266] (110 pending tasks, PriorityHint=LOW, isCritical=false)
07-18 14:05:41.252 17875 17915 W AppInitScheduler|Schedule: Schedule 190:InitAppComponentFactoryStartupController, deps=[125] (111 pending tasks, PriorityHint=LOW, isCritical=false)
07-18 14:05:41.252 17875 17915 W AppInitScheduler|Schedule: Schedule 216:InitPeriodicThreadBooster, deps=[189, 268] (112 pending tasks, PriorityHint=LOW, isCritical=false)
07-18 14:05:41.253 17875 17915 W AppInitScheduler|Schedule: Schedule 233:KeepWarm, deps=[423, 424] (113 pending tasks, PriorityHint=LOW, isCritical=false)
07-18 14:05:41.253 17875 17915 W AppInitScheduler|Schedule: Schedule 245:LongtailVoltronAppInit, deps=[201, 268] (114 pending tasks, PriorityHint=LOW, isCritical=false)
07-18 14:05:41.253 17875 17915 W AppInitScheduler|Schedule: Schedule 265:MetaCasper, deps=[423, 424] (115 pending tasks, PriorityHint=LOW, isCritical=false)
07-18 14:05:41.253 17875 17915 W AppInitScheduler|Schedule: Schedule 267:MobileConfigAdminIdLaterInit, deps=[130, 201] (116 pending tasks, PriorityHint=LOW, isCritical=false)
07-18 14:05:41.253 17875 17915 W AppInitScheduler|Schedule: Schedule 269:MobileConfigLaterInit, deps=[131] (117 pending tasks, PriorityHint=LOW, isCritical=false)
07-18 14:05:41.253 17875 17914 W AppInitScheduler|Run: Running MobileConfigSessionlessInit [*], order=29, priorityHint=VERY_HIGH 
07-18 14:05:41.253 17875 17915 W AppInitScheduler|Schedule: Schedule 272:MobileConfigSessionlessLaterInit, deps=[132, 201] (118 pending tasks, PriorityHint=LOW, isCritical=false)
07-18 14:05:41.253 17875 17915 W AppInitScheduler|Schedule: Schedule 348:PartialScrollOnFirstForegroundWarmStart, deps=[423, 424] (119 pending tasks, PriorityHint=LOW, isCritical=false)
07-18 14:05:41.253 17875 17915 W AppInitScheduler|Schedule: Schedule 360:PreloadFeedRequest, deps=[423, 424] (120 pending tasks, PriorityHint=LOW, isCritical=false)
07-18 14:05:41.253 17875 17915 W AppInitScheduler|Schedule: Schedule 351:PrefetchFeedNetwork, deps=[360] (121 pending tasks, PriorityHint=LOW, isCritical=false)
07-18 14:05:41.253 17875 17931 W AppInitScheduler|Run: Running InitExecutors [*], order=30, priorityHint=NORMAL 
07-18 14:05:41.253 17875 17915 W AppInitScheduler|Schedule: Schedule 352:PreloadClashManager, deps=[423, 424] (122 pending tasks, PriorityHint=LOW, isCritical=false)
07-18 14:05:41.253 17875 17915 W AppInitScheduler|Schedule: Schedule 355:PreloadCreatorsHomeToHUnit, deps=[266, 268] (123 pending tasks, PriorityHint=LOW, isCritical=false)
07-18 14:05:41.253 17875 17915 W AppInitScheduler|Schedule: Schedule 356:PreloadFeedConfig, deps=[423, 424] (124 pending tasks, PriorityHint=LOW, isCritical=false)
07-18 14:05:41.253 17875 17915 W AppInitScheduler|Schedule: Schedule 358:PreloadFeedFetchMetadata, deps=[423, 424] (125 pending tasks, PriorityHint=LOW, isCritical=false)
07-18 14:05:41.253 17875 17917 W AppInitScheduler|Run: Running ZeroABTestStaticBootstrap [*], order=47, priorityHint=NORMAL 
07-18 14:05:41.253 17875 17915 W AppInitScheduler|Schedule: Schedule 361:PreloadFeedRequestForAllStarts, deps=[423, 424] (126 pending tasks, PriorityHint=LOW, isCritical=false)
07-18 14:05:41.253 17875 17915 W AppInitScheduler|Schedule: Schedule 363:PreloadFreshFeedRanker, deps=[158, 424] (127 pending tasks, PriorityHint=LOW, isCritical=false)
07-18 14:05:41.253 17875 17929 W AppInitScheduler|Run: Running InitAuthentication [*], order=26, priorityHint=NORMAL 
07-18 14:05:41.253 17875 17915 W AppInitScheduler|Schedule: Schedule 364:PreloadFriendlyFeedFullCacheLoad, deps=[423, 424] (128 pending tasks, PriorityHint=LOW, isCritical=false)
07-18 14:05:41.253 17875 17915 W AppInitScheduler|Schedule: Schedule 365:PreloadHeroManager, deps=[423, 424] (129 pending tasks, PriorityHint=LOW, isCritical=false)
07-18 14:05:41.253 17875 17915 W AppInitScheduler|Schedule: Schedule 367:PreloadInlineComposerProfileImage, deps=[137, 158, 424] (130 pending tasks, PriorityHint=LOW, isCritical=false)
07-18 14:05:41.253 17875 17915 W AppInitScheduler|Schedule: Schedule 368:PreloadInlineComposerProfileImageDeferred, deps=[137, 189, 423, 424] (131 pending tasks, PriorityHint=LOW, isCritical=false)
07-18 14:05:41.253 17875 17915 W AppInitScheduler|Schedule: Schedule 369:PreloadLogDb, deps=[3, 423, 424] (132 pending tasks, PriorityHint=LOW, isCritical=false)
07-18 14:05:41.253 17875 17915 W AppInitScheduler|Schedule: Schedule 373:PreloadReactions, deps=[3, 158, 424] (133 pending tasks, PriorityHint=LOW, isCritical=false)
07-18 14:05:41.253 17875 17915 W AppInitScheduler|Schedule: Schedule 378:PreloadStoriesTray, deps=[136] (134 pending tasks, PriorityHint=LOW, isCritical=false)
07-18 14:05:41.253 17875 17915 W AppInitScheduler|Schedule: Schedule 379:PreloadStoriesTrayFetchController, deps=[158, 424] (135 pending tasks, PriorityHint=LOW, isCritical=false)
07-18 14:05:41.253 17875 17915 W AppInitScheduler|Schedule: Schedule 380:PreloadStoriesTrayQuery, deps=[158, 424] (136 pending tasks, PriorityHint=LOW, isCritical=false)
07-18 14:05:41.253 17875 17915 W AppInitScheduler|Schedule: Schedule 381:PreloadStoryAdsInStoriesTray, deps=[158, 424] (137 pending tasks, PriorityHint=LOW, isCritical=false)
07-18 14:05:41.253 17875 17915 W AppInitScheduler|Schedule: Schedule 382:PreloadTabPreloadablesBackgroundPrefetch, deps=[158, 424] (138 pending tasks, PriorityHint=LOW, isCritical=false)
07-18 14:05:41.253 17875 17915 W AppInitScheduler|Schedule: Schedule 384:PreloadVideoPrivateSharing, deps=[158, 424] (139 pending tasks, PriorityHint=LOW, isCritical=false)
07-18 14:05:41.253 17875 17915 W AppInitScheduler|Schedule: Schedule 409:ScreenOnFeedPrefetch, deps=[266, 268] (140 pending tasks, PriorityHint=LOW, isCritical=false)
07-18 14:05:41.253 17875 17915 W AppInitScheduler|Schedule: Schedule 411:SecondaryDexPreloaderBg, deps=[138, 268] (141 pending tasks, PriorityHint=LOW, isCritical=false)
07-18 14:05:41.253 17875 17915 W AppInitScheduler|Schedule: Schedule 415:SetupBlockingBackgroundComponentReporting, deps=[424] (142 pending tasks, PriorityHint=LOW, isCritical=false)
07-18 14:05:41.253 17875 17915 W AppInitScheduler|Schedule: Schedule 425:StartupQPLReplayer, deps=[424] (143 pending tasks, PriorityHint=LOW, isCritical=false)
07-18 14:05:41.253 17875 17915 W AppInitScheduler|Schedule: Schedule 426:StartupQPLTransitToMatureStage, deps=[425] (144 pending tasks, PriorityHint=LOW, isCritical=false)
07-18 14:05:41.253 17875 17915 W AppInitScheduler|Schedule: Schedule 458:VideoMetaCasper, deps=[423, 424] (145 pending tasks, PriorityHint=LOW, isCritical=false)
07-18 14:05:41.253 17875 17915 W OnApplicationInitInvoker: Ignored missing AppInit dependency: 116:ComposeRecompositionTracking
07-18 14:05:41.253 17875 17915 W OnApplicationInitInvoker: Ignored missing AppInit dependency: 118:ComposeTracingInit
07-18 14:05:41.254 17875 17915 W OnApplicationInitInvoker: Ignored missing AppInit dependency: 174:GatekeeperStoreInitializer
07-18 14:05:41.254 17875 17915 W OnApplicationInitInvoker: Ignored missing AppInit dependency: 256:MessengerMCPPluginInitializer
07-18 14:05:41.254 17875 17915 W AppInitScheduler|Run:   Finished RunOnApplicationInit in 9ms
07-18 14:05:41.254 17875 17915 W AppInitScheduler|Run: Running FixieEarlyBroadcastExecutor [*], order=51, priorityHint=CRITICAL_PATH 
07-18 14:05:41.255 17875 17916 W AppInitScheduler|Run:   Finished CreateApplicationImpl in 12ms
07-18 14:05:41.256 17875 17916 W AppInitScheduler|Run: Running StaticGraphServiceFactoryInitializer [*], order=52, priorityHint=CRITICAL_PATH 
07-18 14:05:41.256 17875 17928 W AppInitScheduler|Run:   Finished InitUltralight in 13ms
07-18 14:05:41.256 17875 17928 W AppInitScheduler|Run: Running FbSharedPreferenceInitializerAsync, order=57, priorityHint=VERY_HIGH 
07-18 14:05:41.257 17875 17930 W AppInitScheduler|Run: Running InitAppModuleFallbackLoader [*], order=37, priorityHint=NORMAL 
07-18 14:05:41.260 17875 17915 W AppInitScheduler|Run:   Finished FixieEarlyBroadcastExecutor in 7ms
07-18 14:05:41.260 17875 17915 W AppInitScheduler|Run: Running PreloadStartupLightSharedPreferenceUsagesAppInit, order=58, priorityHint=VERY_HIGH 
07-18 14:05:41.260 17875 17915 W AppInitScheduler|Run:   Finished PreloadStartupLightSharedPreferenceUsagesAppInit in 0ms
07-18 14:05:41.260 17875 17915 W AppInitScheduler|Run: Running ZeroV2GateEarlyInit, order=60, priorityHint=VERY_HIGH 
07-18 14:05:41.260 17875 17915 W AppInitScheduler|Run:   Finished ZeroV2GateEarlyInit in 0ms
07-18 14:05:41.260 17875 17915 W AppInitScheduler|Run: Running EarliestPossibleColdStartClassPreloadStarter, order=61, priorityHint=HIGH 
07-18 14:05:41.262  1055  1226 I HalDevMgr: bestIfaceCreationProposal is null, requestIface=STA, existingIface=[name=wlan0 type=STA]
07-18 14:05:41.263 17875 17917 W AppInitScheduler|Run:   Finished ZeroABTestStaticBootstrap in 10ms
07-18 14:05:41.263 17875 17917 W AppInitScheduler|Run: Running AddProcessNameToErrorReport, order=64, priorityHint=NORMAL 
07-18 14:05:41.264 17875 17917 W AppInitScheduler|Run:   Finished AddProcessNameToErrorReport in 0ms
07-18 14:05:41.264 17875 17917 W AppInitScheduler|Run: Running FixieActivityManagerHook, order=80, priorityHint=NORMAL 
07-18 14:05:41.264 17875 17917 E facebook.katana: No implementation found for int com.facebook.soloader.MergedSoMapping$Invoke_JNI_OnLoad.libelfconfig_so() (tried Java_com_facebook_soloader_MergedSoMapping_00024Invoke_1JNI_1OnLoad_libelfconfig_1so and Java_com_facebook_soloader_MergedSoMapping_00024Invoke_1JNI_1OnLoad_libelfconfig_1so__) - is the library loaded, e.g. System.loadLibrary?
07-18 14:05:41.268 17875 17915 W EarliestPossibleColdStartClassPreloadStarter: Class preload op code: 0
07-18 14:05:41.268 17875 17932 W AppInitScheduler|Run:   Finished FbSharedPreferenceInitializer in 16ms
07-18 14:05:41.270 17875 17930 W AppInitScheduler|Run:   Finished InitAppModuleFallbackLoader in 16ms
07-18 14:05:41.270 17875 17919 W AppInitScheduler|Schedule: Shutting down, all work scheduled.
07-18 14:05:41.270 17875 17919 W AppInitScheduler|Schedule: java.lang.RuntimeException
07-18 14:05:41.270 17875 17919 W AppInitScheduler|Schedule: 	at X.0kM.A03(:5)
07-18 14:05:41.270 17875 17919 W AppInitScheduler|Schedule: 	at com.facebook.katana.app.FacebookApplicationImpl.A00(:42)
07-18 14:05:41.270 17875 17919 W AppInitScheduler|Schedule: 	at X.0hc.run(:9)
07-18 14:05:41.271 17875 17919 W AppInitScheduler|Schedule: Shut down called with 137 pending tasks
07-18 14:05:41.271 17875 17932 W AppInitScheduler|Schedule:   Executing 155:FbMCPPluginInitializer
07-18 14:05:41.271 17875 17932 W AppInitScheduler|Schedule:   Executing 243:LogController
07-18 14:05:41.271 17875 17932 W AppInitScheduler|Schedule:   Executing 464:WhitehatOverlayInitializer
07-18 14:05:41.271 17875 17932 W AppInitScheduler|Run: Running FbMCPPluginInitializer, order=75, priorityHint=NORMAL 
07-18 14:05:41.271 17875 17930 W AppInitScheduler|Run: Running FixieLimitNativeStackSize, order=81, priorityHint=NORMAL 
07-18 14:05:41.272 17875 17930 W AppInitScheduler|Run:   Finished FixieLimitNativeStackSize in 1ms
07-18 14:05:41.272 17875 17930 W AppInitScheduler|Run: Running InitAppChoreographer, order=83, priorityHint=NORMAL 
07-18 14:05:41.275 17875 17931 W AppInitScheduler|Run:   Finished InitExecutors in 22ms
07-18 14:05:41.275 17875 17931 W AppInitScheduler|Schedule:   Executing 429:StringResourcesDelegate
07-18 14:05:41.275 17875 17931 W AppInitScheduler|Schedule:   Executing 406:RunPerfMarkers
07-18 14:05:41.275 17875 17931 W AppInitScheduler|Schedule:   Executing 208:InitLacrimaLaterInit
07-18 14:05:41.275 17875 17931 W AppInitScheduler|Schedule:   Executing 227:InitSurfaces
07-18 14:05:41.275 17875 17931 W AppInitScheduler|Run: Running StringResourcesDelegate [*], order=31, priorityHint=HIGH 
07-18 14:05:41.275 17875 17932 W AppInitScheduler|Run:   Finished FbMCPPluginInitializer in 4ms
07-18 14:05:41.276 17875 17932 W AppInitScheduler|Run: Running RunPerfMarkers [*], order=38, priorityHint=NORMAL 
07-18 14:05:41.277 17875 17932 W StartupMetricTracker: Waiting for foreground/background determination...
07-18 14:05:41.278 17875 17916 W AppInitScheduler|Run:   Finished StaticGraphServiceFactoryInitializer in 23ms
07-18 14:05:41.278 17875 17932 W StartupMetricTracker: Begin BACKGROUND UNTRACKED start
07-18 14:05:41.279 17875 17916 W AppInitScheduler|Run: Running HandleAppComponentsForPreTosBuild, order=85, priorityHint=NORMAL 
07-18 14:05:41.279 17875 17916 W AppInitScheduler|Run:   Finished HandleAppComponentsForPreTosBuild in 0ms
07-18 14:05:41.279 17875 17930 W AppInitScheduler|Run:   Finished InitAppChoreographer in 7ms
07-18 14:05:41.279 17875 17930 W AppInitScheduler|Run: Running INeedInitForEventBusRegister, order=87, priorityHint=NORMAL 
07-18 14:05:41.280 17875 17914 W AppInitScheduler|Run:   Finished MobileConfigSessionlessInit in 28ms
07-18 14:05:41.280 17875 17914 W AppInitScheduler|Schedule:   Executing 132:E2EForceMobileConfigSessionlessFetch
07-18 14:05:41.280 17875 17914 W AppInitScheduler|Schedule:   Executing 387:PrivacyUiiDetectionLogger
07-18 14:05:41.281 17875 17914 W AppInitScheduler|Run: Running E2EForceMobileConfigSessionlessFetch [*], order=35, priorityHint=NORMAL 
07-18 14:05:41.281 17875 17917 W AppInitScheduler|Run:   Finished FixieActivityManagerHook in 18ms
07-18 14:05:41.281 17875 17916 W AppInitScheduler|Run: Running InitAndroidX, order=89, priorityHint=NORMAL 
07-18 14:05:41.281 17875 17917 W AppInitScheduler|Run: Running PrivacyUiiDetectionLogger [*], order=43, priorityHint=LOW 
07-18 14:05:41.281 17875 17914 W AppInitScheduler|Run:   Finished E2EForceMobileConfigSessionlessFetch in 1ms
07-18 14:05:41.281 17875 17916 W AppInitScheduler|Run:   Finished InitAndroidX in 1ms
07-18 14:05:41.281 17875 17916 W AppInitScheduler|Run: Running InitLacrimaLaterInit, order=93, priorityHint=NORMAL 
07-18 14:05:41.282 17875 17916 W lacrima : FbErrorReportingConfig.laterInit
07-18 14:05:41.282 17875 17914 W AppInitScheduler|Schedule:   Executing 272:MobileConfigSessionlessLaterInit
07-18 14:05:41.282 17875 17914 W AppInitScheduler|Run: Running InitLogging, order=94, priorityHint=NORMAL 
07-18 14:05:41.283 17875 17914 W fb4a.AppInitScheduler|Run:   Finished InitLogging in 0ms
07-18 14:05:41.283 17875 17914 W fb4a.AppInitScheduler|Run: Running InitMallocHooks, order=95, priorityHint=NORMAL 
07-18 14:05:41.283 17875 17914 W fb4a.1Sa: GWP-ASan gate: noMallocHooks=false, enableGwpAsan=false
07-18 14:05:41.284 17875 17914 W fb4a.AppInitScheduler|Run:   Finished InitMallocHooks in 0ms
07-18 14:05:41.284 17875 17914 W fb4a.AppInitScheduler|Run: Running InitSurfaces, order=100, priorityHint=NORMAL 
07-18 14:05:41.284 17875 17929 W fb4a.AppInitScheduler|Run:   Finished InitAuthentication in 31ms
07-18 14:05:41.284 17875 17929 W fb4a.AppInitScheduler|Schedule:   Executing 266:MobileConfigAdminIdInit
07-18 14:05:41.284 17875 17930 W fb4a.AppInitScheduler|Run:   Finished INeedInitForEventBusRegister in 5ms
07-18 14:05:41.284 17875 17929 W fb4a.AppInitScheduler|Schedule:   Executing 268:MobileConfigInit
07-18 14:05:41.285 17875 17929 W fb4a.AppInitScheduler|Schedule:   Executing 135:EagerInitFBTigonLight
07-18 14:05:41.285 17875 17929 W fb4a.AppInitScheduler|Schedule:   Executing 117:ComposerSavedSessionStoreInitializer
07-18 14:05:41.285 17875 17929 W fb4a.AppInitScheduler|Schedule:   Executing 151:ErrorReporterSecondaryInit
07-18 14:05:41.285 17875 17929 W fb4a.AppInitScheduler|Run: Running MobileConfigAdminIdInit [*], order=27, priorityHint=VERY_HIGH 
07-18 14:05:41.285 17875 17930 W fb4a.AppInitScheduler|Run: Running MobileConfigInit [*], order=28, priorityHint=VERY_HIGH 
07-18 14:05:41.292 17875 17875 W AppInit3: type=1400 audit(0.0:961051): avc:  denied  { read } for  name="memory.usage_in_bytes" dev="cgroup" ino=8 scontext=u:r:untrusted_app:s0:c228,c256,c512,c768 tcontext=u:object_r:cgroup:s0 tclass=file permissive=0 app=com.facebook.katana
07-18 14:05:41.294 17875 17930 W fb4a.AppInitScheduler|Run:   Finished MobileConfigInit in 9ms
07-18 14:05:41.295 17875 17930 W fb4a.AppInitScheduler|Schedule:   Executing 161:FdidInitSync
07-18 14:05:41.295 17875 17930 W fb4a.AppInitScheduler|Schedule:   Executing 113:CheckUnstableContentProvider
07-18 14:05:41.295 17875 17930 W fb4a.AppInitScheduler|Schedule:   Executing 2:AnalyticsInit
07-18 14:05:41.295 17875 17930 W fb4a.AppInitScheduler|Schedule:   Executing 129:DownloadedFbResources
07-18 14:05:41.295 17875 17930 W fb4a.AppInitScheduler|Schedule:   Executing 153:Fb4aReactEagerInitHotMCUnpacker
07-18 14:05:41.295 17875 17930 W fb4a.AppInitScheduler|Schedule:   Executing 157:FbMsysPostBootstrapListenerRegistrarOnAppInit
07-18 14:05:41.295 17875 17930 W fb4a.AppInitScheduler|Schedule:   Executing 342:NotifyAppStateManagerOnCreateComplete
07-18 14:05:41.295 17875 17930 W fb4a.AppInitScheduler|Schedule:   Executing 166:FixieNoSync
07-18 14:05:41.295 17875 17930 W fb4a.AppInitScheduler|Schedule:   Executing 204:InitFury
07-18 14:05:41.295 17875 17930 W fb4a.AppInitScheduler|Schedule:   Executing 205:InitHelium
07-18 14:05:41.295 17875 17930 W fb4a.AppInitScheduler|Schedule:   Executing 211:InitMemoryDumpHandler
07-18 14:05:41.295 17875 17930 W fb4a.AppInitScheduler|Schedule:   Executing 242:LocationRequestDetector
07-18 14:05:41.295 17875 17930 W fb4a.AppInitScheduler|Schedule:   Executing 349:PendingStoryStoreInitializer
07-18 14:05:41.295 17875 17930 W fb4a.AppInitScheduler|Schedule:   Executing 461:WarmFacebookEmojiFont
07-18 14:05:41.295 17875 17930 W fb4a.AppInitScheduler|Schedule:   Executing 216:InitPeriodicThreadBooster
07-18 14:05:41.295 17875 17930 W fb4a.AppInitScheduler|Schedule:   Executing 245:LongtailVoltronAppInit
07-18 14:05:41.295 17875 17930 W fb4a.AppInitScheduler|Run: Running FdidInitSync [*], order=36, priorityHint=NORMAL 
07-18 14:05:41.295 17875 17931 W fb4a.FrscLanguagePackLoader: Loading FRSC strings for locale (es)
07-18 14:05:41.299  3916  3916 I adbd    : adbd service requested 'shell,v2:getprop'
07-18 14:05:41.305 17875 17929 W fb4a.AppInitScheduler|Run:   Finished MobileConfigAdminIdInit in 21ms
07-18 14:05:41.306 17875 17929 W fb4a.AppInitScheduler|Schedule:   Executing 3:AnalyticsLoggerInit
07-18 14:05:41.306 17875 17929 W fb4a.AppInitScheduler|Schedule:   Executing 130:E2EForceMobileConfigAdminIdFetch
07-18 14:05:41.306 17875 17929 W fb4a.AppInitScheduler|Schedule:   Executing 237:LithoConfiguration
07-18 14:05:41.306 17875 17929 W fb4a.AppInitScheduler|Schedule:   Executing 423:StartupDestinationAppInit
07-18 14:05:41.306 17875 17929 W fb4a.AppInitScheduler|Schedule:   Executing 248:MaybeUnblockComponentsEarly
07-18 14:05:41.306 17875 17929 W fb4a.AppInitScheduler|Schedule:   Executing 424:StartupQPLInit
07-18 14:05:41.306 17875 17929 W fb4a.AppInitScheduler|Schedule:   Executing 463:WarmVolumeCache
07-18 14:05:41.306 17875 17929 W fb4a.AppInitScheduler|Schedule:   Executing 122:DgwEarlySyncInitializer
07-18 14:05:41.306 17875 17929 W fb4a.AppInitScheduler|Schedule:   Executing 187:INeedInitForSharedPrefsListenerRegister
07-18 14:05:41.306 17875 17929 W fb4a.AppInitScheduler|Schedule:   Executing 371:PreloadNativeLibrariesVif
07-18 14:05:41.306 17875 17929 W fb4a.AppInitScheduler|Schedule:   Executing 430:TabBadgeFetchAppInit
07-18 14:05:41.306 17875 17929 W fb4a.AppInitScheduler|Schedule:   Executing 172:FriendlyFeedPrefetch
07-18 14:05:41.306 17875 17929 W fb4a.AppInitScheduler|Schedule:   Executing 173:FriendlyFeedPrefetchOnFirstForegroundWarmStart
07-18 14:05:41.306 17875 17929 W fb4a.AppInitScheduler|Schedule:   Executing 355:PreloadCreatorsHomeToHUnit
07-18 14:05:41.306 17875 17929 W fb4a.AppInitScheduler|Schedule:   Executing 409:ScreenOnFeedPrefetch
07-18 14:05:41.306 17875 17929 W fb4a.AppInitScheduler|Run: Running AnalyticsLoggerInit [*], order=32, priorityHint=NORMAL 
07-18 14:05:41.307 17875 17931 W fb4a.AppInitScheduler|Run:   Finished StringResourcesDelegate in 32ms
07-18 14:05:41.307 17875 17931 W fb4a.AppInitScheduler|Run: Running E2EForceMobileConfigAdminIdFetch [*], order=33, priorityHint=NORMAL 
07-18 14:05:41.307 17875 17931 W fb4a.AppInitScheduler|Run:   Finished E2EForceMobileConfigAdminIdFetch in 0ms
07-18 14:05:41.307 17875 17931 W fb4a.AppInitScheduler|Schedule:   Executing 267:MobileConfigAdminIdLaterInit
07-18 14:05:41.307 17875 17931 W fb4a.AppInitScheduler|Run: Running LithoConfiguration [*], order=40, priorityHint=NORMAL 
07-18 14:05:41.309 17875 17917 W fb4a.AppInitScheduler|Run:   Finished PrivacyUiiDetectionLogger in 28ms
07-18 14:05:41.309 17875 17917 W fb4a.AppInitScheduler|Run: Running EagerInitFBTigonLight [*], order=46, priorityHint=CRITICAL_PATH 
07-18 14:05:41.309 17875 17917 W fb4a.AppInitScheduler|Run:   Finished EagerInitFBTigonLight in 0ms
07-18 14:05:41.309 17875 17917 W fb4a.AppInitScheduler|Schedule:   Executing 134:EagerInitFBTigon
07-18 14:05:41.309 17875 17917 W fb4a.AppInitScheduler|Run: Running EagerInitFBTigon [*], order=48, priorityHint=CRITICAL_PATH 
07-18 14:05:41.312 17875 17932 E fb4a.QPLProvider: QuickPerformanceLogger instance wasn't installed in provider, returning noop. Please call QuickPerformanceLoggerProvider.setQuickPerformanceLogger() before getting the instance.
07-18 14:05:41.312 17875 17932 E fb4a.QPLProvider: java.lang.IllegalStateException: No QPL instance provided
07-18 14:05:41.312 17875 17932 E fb4a.QPLProvider: 	at com.facebook.quicklog.QuickPerformanceLoggerProvider.getQPLInstance(:35)
07-18 14:05:41.312 17875 17932 E fb4a.QPLProvider: 	at X.1Hb.Eam(:1)
07-18 14:05:41.312 17875 17932 E fb4a.QPLProvider: 	at X.1HX.<init>(:11)
07-18 14:05:41.312 17875 17932 E fb4a.QPLProvider: 	at X.1HZ.apply(:18)
07-18 14:05:41.312 17875 17932 E fb4a.QPLProvider: 	at java.util.concurrent.ConcurrentHashMap.computeIfAbsent(ConcurrentHashMap.java:1729)
07-18 14:05:41.312 17875 17932 E fb4a.QPLProvider: 	at X.1HT.A00(:71)
07-18 14:05:41.312 17875 17932 E fb4a.QPLProvider: 	at X.1HA.<clinit>(:2)
07-18 14:05:41.312 17875 17932 E fb4a.QPLProvider: 	at X.1H8.<init>(:9)
07-18 14:05:41.312 17875 17932 E fb4a.QPLProvider: 	at X.a4E.A05(:447)
07-18 14:05:41.312 17875 17932 E fb4a.QPLProvider: 	at X.17q.A01(:96)
07-18 14:05:41.312 17875 17932 E fb4a.QPLProvider: 	at X.3QY.A03(:69)
07-18 14:05:41.312 17875 17932 E fb4a.QPLProvider: 	at com.facebook.common.appinit.invoker.OnApplicationInitInvoker.CHv(:2242)
07-18 14:05:41.312 17875 17932 E fb4a.QPLProvider: 	at X.0kD.run(:317)
07-18 14:05:41.312 17875 17932 E fb4a.QPLProvider: 	at java.util.concurrent.ThreadPoolExecutor.runWorker(ThreadPoolExecutor.java:1100)
07-18 14:05:41.312 17875 17932 E fb4a.QPLProvider: 	at java.util.concurrent.ThreadPoolExecutor$Worker.run(ThreadPoolExecutor.java:624)
07-18 14:05:41.312 17875 17932 E fb4a.QPLProvider: 	at X.0EF.run(:11)
07-18 14:05:41.312 17875 17932 E fb4a.QPLProvider: 	at java.lang.Thread.run(Thread.java:1572)
07-18 14:05:41.312 17875 17932 E fb4a.AppState: Returning default for firstRunInfo
07-18 14:05:41.312 17875 17932 E fb4a.AppState: Returning default for firstRunInfo
07-18 14:05:41.312 17875 17932 W fb4a.AppInitScheduler|Run:   Finished RunPerfMarkers in 36ms
07-18 14:05:41.313 17875 17932 W fb4a.AppInitScheduler|Run: Running StartupDestinationAppInit [*], order=49, priorityHint=CRITICAL_PATH 
07-18 14:05:41.313 17875 17932 W fb4a.AppInitScheduler|Run:   Finished StartupDestinationAppInit in 1ms
07-18 14:05:41.313 17875 17932 W fb4a.AppInitScheduler|Schedule:   Executing 140:EarlyFetchStartupDestinationAppInit
07-18 14:05:41.313 17875 17932 W fb4a.AppInitScheduler|Schedule:   Executing 114:ClientCacheEdgeManagerInitializer
07-18 14:05:41.313 17875 17932 W fb4a.AppInitScheduler|Schedule:   Executing 115:ClientCacheEdgeManagerInitializerUserScoped
07-18 14:05:41.313 17875 17932 W fb4a.AppInitScheduler|Run: Running EarlyFetchStartupDestinationAppInit [*], order=50, priorityHint=CRITICAL_PATH 
07-18 14:05:41.313 17875 17932 W fb4a.AppInitScheduler|Run:   Finished EarlyFetchStartupDestinationAppInit in 0ms
07-18 14:05:41.313 17875 17932 W fb4a.AppInitScheduler|Run: Running MaybeUnblockComponentsEarly [*], order=54, priorityHint=CRITICAL_PATH 
07-18 14:05:41.315 17875 17930 W fb4a.AppInitScheduler|Run:   Finished FdidInitSync in 20ms
07-18 14:05:41.315 17875 17930 W fb4a.AppInitScheduler|Run: Running CheckUnstableContentProvider, order=56, priorityHint=VERY_HIGH 
07-18 14:05:41.322 17875 17915 W fb4a.AppInitScheduler|Run:   Finished EarliestPossibleColdStartClassPreloadStarter in 62ms
07-18 14:05:41.322 17875 17915 W fb4a.AppInitScheduler|Schedule:   Executing 411:SecondaryDexPreloaderBg
07-18 14:05:41.322 17875 17915 W fb4a.AppInitScheduler|Run: Running StartupQPLInit, order=59, priorityHint=VERY_HIGH 
07-18 14:05:41.322 17875 17915 W fb4a.QuickPerformanceLoggerModule: Providing QPL... begin
07-18 14:05:41.327 17875 17916 W libc    : Access denied finding property "ro.bootimage.build.fingerprint"
07-18 14:05:41.324 17875 17875 W AppInit3: type=1400 audit(0.0:961052): avc:  denied  { read } for  name="u:object_r:build_bootimage_prop:s0" dev="tmpfs" ino=166 scontext=u:r:untrusted_app:s0:c228,c256,c512,c768 tcontext=u:object_r:build_bootimage_prop:s0 tclass=file permissive=0 app=com.facebook.katana
07-18 14:05:41.330 17875 17932 W fb4a.InitStatus: Providers unblocked (74657459)
07-18 14:05:41.330 17875 17932 W fb4a.InitStatus: Services unblocked (246914160)
07-18 14:05:41.330 17875 17917 W fb4a.AppInitScheduler|Schedule:   Executing async work for EagerInitFBTigon: InjectTigonServiceHolder
07-18 14:05:41.330 17875 17917 W fb4a.AppInitScheduler|Schedule:   Executing async work for EagerInitFBTigon: InjectNativePlatformContextHolder
07-18 14:05:41.330 17875 17912 W fb4a.InitStatus: Unblocked Provider (74657459)
07-18 14:05:41.331 17875 17912 W fb4a.InitStatus: Not blocking Provider (74657459)
07-18 14:05:41.331 17875 17930 W fb4a.AppInitScheduler|Run:   Finished CheckUnstableContentProvider in 16ms
07-18 14:05:41.331 17875 17917 W fb4a.AppInitScheduler|Schedule:   Executing async work for EagerInitFBTigon: InjectHttpClient
07-18 14:05:41.331 17875 17932 W fb4a.InitStatus: BroadcastReceivers unblocked (74968041)
07-18 14:05:41.331 17875 17875 W fb4a.InitStatus: Unblocked Service (246914160)
07-18 14:05:41.332 17875 17875 W fb4a.AppComponentFactory: Instantiating Service
07-18 14:05:41.333 17875 17915 E facebook.katana: No implementation found for void com.facebook.quicklog.QuickPerformanceLoggerNativeProvider.nativeUpdateQPLInstance() (tried Java_com_facebook_quicklog_QuickPerformanceLoggerNativeProvider_nativeUpdateQPLInstance and Java_com_facebook_quicklog_QuickPerformanceLoggerNativeProvider_nativeUpdateQPLInstance__) - is the library loaded, e.g. System.loadLibrary?
07-18 14:05:41.333 17875 17915 W fb4a.QPLProvider: QuickPerformanceLoggerProvider failed to update native QPL instance, native library. This is expected during early app initialization
07-18 14:05:41.333 17875 17915 W fb4a.QuickPerformanceLoggerModule: Providing QPL... end
07-18 14:05:41.334 17875 17915 W fb4a.AppInitScheduler|Run:   Finished StartupQPLInit in 11ms
07-18 14:05:41.334 17875 17915 W fb4a.AppInitScheduler|Schedule:   Executing 362:PreloadFeedRequestHighPriority
07-18 14:05:41.334 17875 17915 W fb4a.AppInitScheduler|Schedule:   Executing 184:INeedInitForBroadcastReceiverRegister
07-18 14:05:41.334 17875 17915 W fb4a.AppInitScheduler|Schedule:   Executing 203:InitFeedVpvSeenStore
07-18 14:05:41.334 17875 17915 W fb4a.AppInitScheduler|Schedule:   Executing 366:PreloadIconsInit
07-18 14:05:41.334 17875 17915 W fb4a.AppInitScheduler|Schedule:   Executing 383:PreloadVideoHomeDataController
07-18 14:05:41.334 17875 17915 W fb4a.AppInitScheduler|Schedule:   Executing 388:ProfiloBridgeFactoryImpl
07-18 14:05:41.334 17875 17915 W fb4a.AppInitScheduler|Schedule:   Executing 402:ReliabilityUserPerceptibleScopeToQPL
07-18 14:05:41.334 17875 17915 W fb4a.AppInitScheduler|Schedule:   Executing 357:PreloadFeedDataLoader
07-18 14:05:41.334 17875 17915 W fb4a.AppInitScheduler|Schedule:   Executing 359:PreloadFeedFullCacheLoad
07-18 14:05:41.334 17875 17915 W fb4a.AppInitScheduler|Schedule:   Executing 141:EarlyInitStoriesTrayForActivity
07-18 14:05:41.334 17875 17915 W fb4a.AppInitScheduler|Schedule:   Executing 233:KeepWarm
07-18 14:05:41.334 17875 17915 W fb4a.AppInitScheduler|Schedule:   Executing 265:MetaCasper
07-18 14:05:41.334 17875 17915 W fb4a.AppInitScheduler|Schedule:   Executing 348:PartialScrollOnFirstForegroundWarmStart
07-18 14:05:41.334 17875 17915 W fb4a.AppInitScheduler|Schedule:   Executing 360:PreloadFeedRequest
07-18 14:05:41.334 17875 17915 W fb4a.AppInitScheduler|Schedule:   Executing 352:PreloadClashManager
07-18 14:05:41.334 17875 17915 W fb4a.AppInitScheduler|Schedule:   Executing 356:PreloadFeedConfig
07-18 14:05:41.334 17875 17915 W fb4a.AppInitScheduler|Schedule:   Executing 358:PreloadFeedFetchMetadata
07-18 14:05:41.334 17875 17915 W fb4a.AppInitScheduler|Schedule:   Executing 361:PreloadFeedRequestForAllStarts
07-18 14:05:41.334 17875 17915 W fb4a.AppInitScheduler|Schedule:   Executing 363:PreloadFreshFeedRanker
07-18 14:05:41.334 17875 17915 W fb4a.AppInitScheduler|Schedule:   Executing 364:PreloadFriendlyFeedFullCacheLoad
07-18 14:05:41.334 17875 17915 W fb4a.AppInitScheduler|Schedule:   Executing 365:PreloadHeroManager
07-18 14:05:41.334 17875 17915 W fb4a.AppInitScheduler|Schedule:   Executing 379:PreloadStoriesTrayFetchController
07-18 14:05:41.334 17875 17915 W fb4a.AppInitScheduler|Schedule:   Executing 380:PreloadStoriesTrayQuery
07-18 14:05:41.334 17875 17915 W fb4a.AppInitScheduler|Schedule:   Executing 381:PreloadStoryAdsInStoriesTray
07-18 14:05:41.334 17875 17915 W fb4a.AppInitScheduler|Schedule:   Executing 382:PreloadTabPreloadablesBackgroundPrefetch
07-18 14:05:41.334 17875 17915 W fb4a.AppInitScheduler|Schedule:   Executing 384:PreloadVideoPrivateSharing
07-18 14:05:41.334 17875 17915 W fb4a.AppInitScheduler|Schedule:   Executing 415:SetupBlockingBackgroundComponentReporting
07-18 14:05:41.334 17875 17915 W fb4a.AppInitScheduler|Schedule:   Executing 425:StartupQPLReplayer
07-18 14:05:41.334 17875 17915 W fb4a.AppInitScheduler|Schedule:   Executing 458:VideoMetaCasper
07-18 14:05:41.334 17875 17932 W fb4a.AppInitScheduler|Run:   Finished MaybeUnblockComponentsEarly in 18ms
07-18 14:05:41.342 17875 17931 W fb4a.AppInitScheduler|Run:   Finished LithoConfiguration in 35ms
07-18 14:05:41.342 17875 17931 W fb4a.AppInitScheduler|Run: Running PreloadFeedRequestHighPriority, order=62, priorityHint=HIGH 
07-18 14:05:41.343 17875 17931 W fb4a.AppInitScheduler|Run:   Finished PreloadFeedRequestHighPriority in 0ms
07-18 14:05:41.343 17875 17931 W fb4a.AppInitScheduler|Run: RUN AppInit 463:WarmVolumeCache for start destination 6
07-18 14:05:41.343 17875 17931 W fb4a.AppInitScheduler|Run: Running WarmVolumeCache, order=63, priorityHint=HIGH 
07-18 14:05:41.340 17875 17875 W Lacrima_single_: type=1400 audit(0.0:961053): avc:  denied  { read } for  name="large_page_conf" dev="sysfs" ino=56590 scontext=u:r:untrusted_app:s0:c228,c256,c512,c768 tcontext=u:object_r:sysfs:s0 tclass=file permissive=0 app=com.facebook.katana
07-18 14:05:41.347 17875 17929 W fb4a.EndToEndAnalyticsEventListener: WRITE_ANALYTICS_TO_LOGCAT = null, EndToEnd.isRunningEndToEndTest() = false
07-18 14:05:41.362 17875 17929 W fb4a.AppInitScheduler|Run:   Finished AnalyticsLoggerInit in 55ms
07-18 14:05:41.362 17875 17929 W fb4a.AppInitScheduler|Schedule:   Executing 131:E2EForceMobileConfigFetch
07-18 14:05:41.362 17875 17929 W fb4a.AppInitScheduler|Schedule:   Executing 220:InitPushLiteSdk
07-18 14:05:41.362 17875 17929 W fb4a.AppInitScheduler|Schedule:   Executing 386:PreloadWordmark
07-18 14:05:41.362 17875 17929 W fb4a.AppInitScheduler|Schedule:   Executing 137:EagerInitImagePipeline
07-18 14:05:41.362 17875 17929 W fb4a.AppInitScheduler|Schedule:   Executing 4:AnalyticsLoggerPostInitReplay
07-18 14:05:41.362 17875 17929 W fb4a.AppInitScheduler|Schedule:   Executing 103:BloksInitializer
07-18 14:05:41.362 17875 17929 W fb4a.AppInitScheduler|Schedule:   Executing 156:FbMsysImmediateInitializer
07-18 14:05:41.362 17875 17929 W fb4a.AppInitScheduler|Schedule:   Executing 249:MessageQueueDoctor
07-18 14:05:41.362 17875 17929 W fb4a.AppInitScheduler|Schedule:   Executing 369:PreloadLogDb
07-18 14:05:41.362 17875 17929 W fb4a.AppInitScheduler|Schedule:   Executing 373:PreloadReactions
07-18 14:05:41.362 17875 17929 W fb4a.AppInitScheduler|Run: Running E2EForceMobileConfigFetch [*], order=34, priorityHint=NORMAL 
07-18 14:05:41.363 17875 17929 W fb4a.AppInitScheduler|Run:   Finished E2EForceMobileConfigFetch in 1ms
07-18 14:05:41.364 17875 17929 W fb4a.AppInitScheduler|Schedule:   Executing 404:RunEarlyInitForActivity
07-18 14:05:41.364 17875 17929 W fb4a.AppInitScheduler|Schedule:   Executing 269:MobileConfigLaterInit
07-18 14:05:41.365 17875 17929 W fb4a.AppInitScheduler|Run: Running InitPushLiteSdk [*], order=39, priorityHint=NORMAL 
07-18 14:05:41.368 17875 17912 W ComponentDiscovery: Class com.google.firebase.dynamicloading.DynamicLoadingRegistrar is not an found.
07-18 14:05:41.384 17875 17875 E fb4a.SlowAppComponent: 0ms: SystemJobService instantiating…
07-18 14:05:41.385 17875 17875 E fb4a.SlowAppComponent: Main thread was blocked for 241ms in the background starting with SystemJobService
07-18 14:05:41.389 17875 17914 W fb4a.AppInitScheduler|Run:   Finished InitSurfaces in 106ms
07-18 14:05:41.389 17875 17914 W fb4a.AppInitScheduler|Run: RUN AppInit 386:PreloadWordmark for start destination 6
07-18 14:05:41.389 17875 17914 W fb4a.AppInitScheduler|Run: Running PreloadWordmark [*], order=41, priorityHint=NORMAL 
07-18 14:05:41.390 17875 17914 E fb4a.AppState: Returning default for firstRunInfo
07-18 14:05:41.396 17875 17928 W fb4a.AppInitScheduler|Run:   Finished FbSharedPreferenceInitializerAsync in 140ms
07-18 14:05:41.396 17875 17928 W fb4a.AppInitScheduler|Run: Running EagerInitImagePipeline [*], order=42, priorityHint=LOW 
07-18 14:05:41.399 17875 17950 W fb4a.DefaultNetworkConfig: com.facebook.katana: getShouldCheckCertsInternal: true
07-18 14:05:41.406 17875 17915 W fb4a.AppInitScheduler|Run: RUN AppInit 404:RunEarlyInitForActivity for start destination 6
07-18 14:05:41.406 17875 17915 W fb4a.AppInitScheduler|Run: Running RunEarlyInitForActivity [*], order=55, priorityHint=CRITICAL_PATH 
07-18 14:05:41.406 17875 17915 W fb4a.AppInitScheduler|Run:   Finished RunEarlyInitForActivity in 1ms
07-18 14:05:41.406 17875 17915 W fb4a.AppInitScheduler|Run: Running AnalyticsInit, order=65, priorityHint=NORMAL 
07-18 14:05:41.407 17875 17915 W fb4a.AppInitScheduler|Run:   Finished AnalyticsInit in 1ms
07-18 14:05:41.407 17875 17915 W fb4a.AppInitScheduler|Run: Running AnalyticsLoggerPostInitReplay, order=66, priorityHint=NORMAL 
07-18 14:05:41.407 17875 17929 W fb4a.AppInitScheduler|Run:   Finished InitPushLiteSdk in 43ms
07-18 14:05:41.407 17875 17929 W fb4a.AppInitScheduler|Run: Running BloksInitializer, order=67, priorityHint=NORMAL 
07-18 14:05:41.407 17875 17929 W fb4a.AppInitScheduler|Run:   Finished BloksInitializer in 0ms
07-18 14:05:41.407 17875 17929 W fb4a.AppInitScheduler|Run: RUN AppInit 114:ClientCacheEdgeManagerInitializer for start destination 6
07-18 14:05:41.407 17875 17929 W fb4a.AppInitScheduler|Run: Running ClientCacheEdgeManagerInitializer, order=68, priorityHint=NORMAL 
07-18 14:05:41.407 17875 17928 W fb4a.AppInitScheduler|Run:   Finished EagerInitImagePipeline in 11ms
07-18 14:05:41.407 17875 17929 W fb4a.AppInitScheduler|Run:   Finished ClientCacheEdgeManagerInitializer in 0ms
07-18 14:05:41.407 17875 17928 W fb4a.AppInitScheduler|Schedule:   Executing 367:PreloadInlineComposerProfileImage
07-18 14:05:41.407 17875 17928 W fb4a.AppInitScheduler|Schedule:   Executing 368:PreloadInlineComposerProfileImageDeferred
07-18 14:05:41.408 17875 17928 W fb4a.AppInitScheduler|Run: RUN AppInit 115:ClientCacheEdgeManagerInitializerUserScoped for start destination 6
07-18 14:05:41.408 17875 17928 W fb4a.AppInitScheduler|Run: Running ClientCacheEdgeManagerInitializerUserScoped, order=69, priorityHint=NORMAL 
07-18 14:05:41.408 17875 17929 W fb4a.AppInitScheduler|Run: RUN AppInit 117:ComposerSavedSessionStoreInitializer for start destination 6
07-18 14:05:41.408 17875 17929 W fb4a.AppInitScheduler|Run: Running ComposerSavedSessionStoreInitializer, order=70, priorityHint=NORMAL 
07-18 14:05:41.408 17875 17928 W fb4a.AppInitScheduler|Run:   Finished ClientCacheEdgeManagerInitializerUserScoped in 1ms
07-18 14:05:41.408 17875 17928 W fb4a.AppInitScheduler|Run: Running DgwEarlySyncInitializer, order=71, priorityHint=NORMAL 
07-18 14:05:41.408 17875 17929 W fb4a.AppInitScheduler|Run:   Finished ComposerSavedSessionStoreInitializer in 1ms
07-18 14:05:41.408 17875 17929 W fb4a.AppInitScheduler|Run: Running DownloadedFbResources, order=72, priorityHint=NORMAL 
07-18 14:05:41.408 17875 17928 W fb4a.AppInitScheduler|Run:   Finished DgwEarlySyncInitializer in 0ms
07-18 14:05:41.408 17875 17928 W fb4a.AppInitScheduler|Run: Running ErrorReporterSecondaryInit, order=73, priorityHint=NORMAL 
07-18 14:05:41.408 17875 17928 W fb4a.AppInitScheduler|Run:   Finished ErrorReporterSecondaryInit in 0ms
07-18 14:05:41.408 17875 17928 W fb4a.AppInitScheduler|Run: Running Fb4aReactEagerInitHotMCUnpacker, order=74, priorityHint=NORMAL 
07-18 14:05:41.408 17875 17928 E fb4a.AppState: Returning default for firstRunInfo
07-18 14:05:41.409 17875 17928 E fb4a.AppState: Returning default for firstRunInfo
07-18 14:05:41.409 17875 17928 E fb4a.AppState: Returning default for firstRunInfo
07-18 14:05:41.409 17875 17928 W fb4a.AppInitScheduler|Run:   Finished Fb4aReactEagerInitHotMCUnpacker in 0ms
07-18 14:05:41.409 17875 17928 W fb4a.AppInitScheduler|Run: Running FbMsysImmediateInitializer, order=76, priorityHint=NORMAL 
07-18 14:05:41.410 17875 17930 W fb4a.AppInitScheduler|Run: Running FbMsysPostBootstrapListenerRegistrarOnAppInit, order=77, priorityHint=NORMAL 
07-18 14:05:41.410 17875 17930 W fb4a.AppInitScheduler|Run:   Finished FbMsysPostBootstrapListenerRegistrarOnAppInit in 0ms
07-18 14:05:41.410 17875 17930 W fb4a.AppInitScheduler|Run: Running NotifyAppStateManagerOnCreateComplete, order=78, priorityHint=NORMAL 
07-18 14:05:41.410 17875 17930 W fb4a.AppInitScheduler|Run:   Finished NotifyAppStateManagerOnCreateComplete in 0ms
07-18 14:05:41.410 17875 17930 W fb4a.AppInitScheduler|Schedule:   Executing 160:FbSharedUIQREnvironment
07-18 14:05:41.410 17875 17930 W fb4a.AppInitScheduler|Run: Running FbSharedUIQREnvironment, order=79, priorityHint=NORMAL 
07-18 14:05:41.412 17875 17916 W fb4a.SigquitDetectorLacrima: nativeInit
07-18 14:05:41.413 17875 17928 W fb4a.AppInitScheduler|Run:   Finished FbMsysImmediateInitializer in 1ms
07-18 14:05:41.413 17875 17928 W fb4a.AppInitScheduler|Run: Running FixieNoSync, order=82, priorityHint=NORMAL 
07-18 14:05:41.413 17875 17928 W fb4a.AppInitScheduler|Run:   Finished FixieNoSync in 0ms
07-18 14:05:41.413 17875 17928 W fb4a.AppInitScheduler|Run: Running INeedInitForBroadcastReceiverRegister, order=86, priorityHint=NORMAL 
07-18 14:05:41.421 17875 17930 W fb4a.AppInitScheduler|Run:   Finished FbSharedUIQREnvironment in 10ms
07-18 14:05:41.421 17875 17930 W fb4a.AppInitScheduler|Schedule:   Executing 234:LanguageSwitcherCommonExInit
07-18 14:05:41.421 17875 17930 W fb4a.AppInitScheduler|Run: Running INeedInitForSharedPrefsListenerRegister, order=88, priorityHint=NORMAL 
07-18 14:05:41.423 17875 17916 W fb4a.lacrima: Start AnrDetector... com.facebook.acra.anr.multisignal.MultiSignalANRDetector
07-18 14:05:41.423 17875 17916 W fb4a.MultiSignalANRDetectorLacrima: Starting
07-18 14:05:41.423 17875 17916 W fb4a.ProcessAnrErrorMonitor: startMonitoring with delay: 0
07-18 14:05:41.423 17875 17943 W fb4a.FrscLanguagePackLoader: FRSC English strings buffer size - (limit : 870076, capacity : 870076)
07-18 14:05:41.424  1055  1153 D ActivityManager: getHistoricalProcessExitReasons pkg: null, pid:  0, userId: 0, callingPid: 17875, callingUid: 10228
07-18 14:05:41.430 17875 17928 W fb4a.AppInitScheduler|Run:   Finished INeedInitForBroadcastReceiverRegister in 16ms
07-18 14:05:41.430 17875 17928 W fb4a.AppInitScheduler|Run: RUN AppInit 203:InitFeedVpvSeenStore for start destination 6
07-18 14:05:41.430 17875 17928 W fb4a.AppInitScheduler|Run: Running InitFeedVpvSeenStore, order=90, priorityHint=NORMAL 
07-18 14:05:41.430 17875 17928 W fb4a.AppInitScheduler|Run:   Finished InitFeedVpvSeenStore in 0ms
07-18 14:05:41.430 17875 17928 W fb4a.AppInitScheduler|Run: Running InitFury, order=91, priorityHint=NORMAL 
07-18 14:05:41.430 17875 17928 W fb4a.AppInitScheduler|Run:   Finished InitFury in 0ms
07-18 14:05:41.431 17875 17928 W fb4a.AppInitScheduler|Run: Running InitHelium, order=92, priorityHint=NORMAL 
07-18 14:05:41.431 17875 17930 W fb4a.AppInitScheduler|Run:   Finished INeedInitForSharedPrefsListenerRegister in 10ms
07-18 14:05:41.431 17875 17930 W fb4a.AppInitScheduler|Run: Running InitMemoryDumpHandler, order=96, priorityHint=NORMAL 
07-18 14:05:41.431 17875 17930 W fb4a.AppInitScheduler|Run:   Finished InitMemoryDumpHandler in 0ms
07-18 14:05:41.431 17875 17930 W fb4a.AppInitScheduler|Run: Running InitSystrace, order=101, priorityHint=NORMAL 
07-18 14:05:41.434 17875 17929 D CACHE_HINTS: Entering madvise file
07-18 14:05:41.435 17875 17930 W fb4a.AppInitScheduler|Run:   Finished InitSystrace in 3ms
07-18 14:05:41.435 17875 17930 W fb4a.AppInitScheduler|Run: Running LanguageSwitcherCommonExInit, order=103, priorityHint=NORMAL 
07-18 14:05:41.437 17875 17914 W SoLoader: SoLoader already initialized
07-18 14:05:41.439 17875 17930 W fb4a.AppInitScheduler|Run:   Finished LanguageSwitcherCommonExInit in 5ms
07-18 14:05:41.439 17875 17930 W fb4a.AppInitScheduler|Run: Running LocationRequestDetector, order=104, priorityHint=NORMAL 
07-18 14:05:41.441 17875 17930 W fb4a.AppInitScheduler|Run:   Finished LocationRequestDetector in 2ms
07-18 14:05:41.441 17875 17930 W fb4a.AppInitScheduler|Run: Running LogController, order=105, priorityHint=NORMAL 
07-18 14:05:41.441 17875 17930 W fb4a.AppInitScheduler|Run:   Finished LogController in 0ms
07-18 14:05:41.441 17875 17930 W fb4a.AppInitScheduler|Run: Running MessageQueueDoctor, order=106, priorityHint=NORMAL 
07-18 14:05:41.442 17875 17930 W fb4a.AppInitScheduler|Run:   Finished MessageQueueDoctor in 0ms
07-18 14:05:41.442 17875 17930 W fb4a.AppInitScheduler|Run: Running NpuSrRendererInitializer, order=108, priorityHint=NORMAL 
07-18 14:05:41.442 17875 17930 W fb4a.AppInitScheduler|Run:   Finished NpuSrRendererInitializer in 1ms
07-18 14:05:41.442 17875 17930 W fb4a.AppInitScheduler|Run: Running ObjectCountJestE2EBridge, order=109, priorityHint=NORMAL 
07-18 14:05:41.442 17875 17930 W fb4a.AppInitScheduler|Run:   Finished ObjectCountJestE2EBridge in 0ms
07-18 14:05:41.442 17875 17930 W fb4a.AppInitScheduler|Run: Running PendingStoryStoreInitializer, order=110, priorityHint=NORMAL 
07-18 14:05:41.442 17875 17930 W fb4a.AppInitScheduler|Run:   Finished PendingStoryStoreInitializer in 0ms
07-18 14:05:41.442 17875 17930 W fb4a.AppInitScheduler|Run: Running PreloadIconsInit, order=111, priorityHint=NORMAL 
07-18 14:05:41.442 17875 17974 W fb4a.ProcessAnrErrorMonitor: Starting process monitor checks for process 'com.facebook.katana'
07-18 14:05:41.443 17875 17930 E fb4a.AppState: Returning default for firstRunInfo
07-18 14:05:41.444 17875 17974 W fb4a.MultiSignalANRDetectorLacrima: Started monitoring
07-18 14:05:41.440 17875 17875 W AppInit1: type=1400 audit(0.0:961054): avc:  granted  { execute } for  path="/data/data/com.facebook.katana/lib-compressed/libxplat_logginginfra_falco_thrift_thrift-cpp2-typesAndroid.so" dev="dm-57" ino=108250 scontext=u:r:untrusted_app:s0:c228,c256,c512,c768 tcontext=u:object_r:app_data_file:s0:c228,c256,c512,c768 tclass=file app=com.facebook.katana
07-18 14:05:41.444 17875 17931 W fb4a.AppInitScheduler|Run:   Finished WarmVolumeCache in 101ms
07-18 14:05:41.444 17875 17931 W fb4a.AppInitScheduler|Run: Running PreloadNativeLibrariesVif, order=112, priorityHint=NORMAL 
07-18 14:05:41.444 17875 17931 W fb4a.AppInitScheduler|Run:   Finished PreloadNativeLibrariesVif in 0ms
07-18 14:05:41.445 17875 17931 W fb4a.AppInitScheduler|Run: SKIP AppInit 383:PreloadVideoHomeDataController for start destination 6
07-18 14:05:41.445 17875 17931 W fb4a.AppInitScheduler|Run:   Finished PreloadVideoHomeDataController in 0ms
07-18 14:05:41.445 17875 17931 W fb4a.AppInitScheduler|Run: Running ProfiloBridgeFactoryImpl, order=115, priorityHint=NORMAL 
07-18 14:05:41.445 17875 17931 W Profilo/TraceControl: START PROFILO_TRACEID: HTMNUBHVB0l 30539777
07-18 14:05:41.446 17875 17914 D nativeloader: Load /data/data/com.facebook.katana/lib-compressed/libxplat_logginginfra_falco_thrift_thrift-cpp2-typesAndroid.so using class loader ns clns-7 (caller=/data/app/~~Yt3EIBTsCzZPrZGiHo7ufA==/com.facebook.katana-C07GfQngRx3GMvi1_oe9TA==/base.apk): ok
07-18 14:05:41.449 17875 17928 W fb4a.AppInitScheduler|Run:   Finished InitHelium in 19ms
07-18 14:05:41.449 17875 17928 W fb4a.AppInitScheduler|Run: Running RasFileInitializer, order=116, priorityHint=NORMAL 
07-18 14:05:41.449 17875 17928 W fb4a.AppInitScheduler|Run:   Finished RasFileInitializer in 0ms
07-18 14:05:41.449 17875 17928 W fb4a.AppInitScheduler|Run: Running RegisterMainLooperTracer, order=117, priorityHint=NORMAL 
07-18 14:05:41.449 17875 17928 W fb4a.AppInitScheduler|Run:   Finished RegisterMainLooperTracer in 0ms
07-18 14:05:41.449 17875 17928 W fb4a.AppInitScheduler|Run: Running ReleaseDeferredBroadcastReceiver, order=118, priorityHint=NORMAL 
07-18 14:05:41.449 17875 17928 W fb4a.AppInitScheduler|Run:   Finished ReleaseDeferredBroadcastReceiver in 0ms
