07-18 12:28:38.288 31538 31538 D FINGERPRINT_VERIFY: attemptId=53 employeeId=2 usbConnected=true usbPermission=true readerOpened=false imageResult=null featureGenerationResult=null fpUpCharResult=null sdkReportedCapturedSize=0 initMatchResult=false initMatchInvoked=true capturedSize=0 capturedNonZeroBytes=0 base64LengthRead=684 storedSize=512 storedNonZeroBytes=198 matchTemplateExecuted=false result=CaptureError score=null threshold=100 decision=CAPTURE_FAILED failure=CaptureFailed uiMessage=No se pudo leer la huella. Coloque el dedo nuevamente.
07-18 12:28:38.288 31538 31538 D FINGERPRINT_RETRY: attemptId=53 state=READY_TO_RETRY waitingFingerLift=false fingerLiftDetected=null retryScheduled=true verificationJobActive=false retryJobActive=false cancelReason=null
07-18 12:28:38.330  3916  3916 I adbd    : adbd service requested 'shell,v2:mkdir -p /data/local/tmp/.studio; chmod 755 /data/local/tmp/.studio; chown shell:shell /data/local/tmp/.studio'
07-18 12:28:38.352  3916  3916 I adbd    : adbd service requested 'shell,v2:getprop'
07-18 12:28:38.371  3916  3916 W adbd    : timeout expired while reading data after flushing socket, closing
07-18 12:28:38.389  3916  3916 I adbd    : adbd service requested 'shell:logcat -v long -v epoch'
07-18 12:28:38.411  3916  3916 I adbd    : adbd service requested 'shell,v2:/data/local/tmp/.studio/process-tracker --interval 1000'
07-18 12:28:38.595  3916  3916 I adbd    : adbd service requested 'shell,v2:wm size'
07-18 12:28:38.624  3916  3916 I adbd    : adbd service requested 'sync:'
07-18 12:28:38.729  3916  3916 I adbd    : adbd service requested 'shell,v2:/data/local/tmp/.studio/process-tracker --interval 1000'
07-18 12:28:38.757  3916  3916 I adbd    : adbd service requested 'shell,v2:mkdir -p /data/local/tmp/.studio; chmod 755 /data/local/tmp/.studio; chown shell:shell /data/local/tmp/.studio'
07-18 12:28:38.790 31538 31538 D FINGERPRINT_RETRY: attemptId=53 state=RETRY_STARTED waitingFingerLift=false fingerLiftDetected=true retryScheduled=false verificationJobActive=false retryJobActive=true cancelReason=null
07-18 12:28:38.810 31538 31538 I FINGERPRINT_UI_TRACE: screen=EmployeePunchScreen button=AUTO_VERIFY employeeId=2 action=CLICK managerClass=com.example.controlhorario.fingerprint.external.TwoConnectFingerprintManager methodRequested=verifyFingerprint timestamp=1784392118810
07-18 12:28:38.812 31538 31538 D FINGERPRINT_VERIFY: attemptId=54 employeeId=2 stage=START usbConnected=true usbPermission=true readerOpened=false
07-18 12:28:38.818 31538 31538 D FINGERPRINT_TEMPLATE_TRACE: stage=D_AFTER_ROOM_READ employeeId=2 size=512 sha256=79bfaaa838f954afd4b1a876bff7a27f9fa62e91a612ebfa950233a8284f9ede nonZeroBytes=198
07-18 12:28:38.819 31538 31538 D FINGERPRINT_DB: employeeId=2 rowsFound=1 selectedRecordId=12 selectedUpdatedAt=2026-07-18 12:23:16 selectedSha256=79bfaaa838f954afd4b1a876bff7a27f9fa62e91a612ebfa950233a8284f9ede
07-18 12:28:38.819 31538 31538 D FINGERPRINT_VERIFY: employeeId=2 storedEmployeeId=2 biometricType=2CONNECT_USB biometricRecordId=12 updatedAt=2026-07-18 12:23:16 base64LengthRead=684 decodedBytes=512 storedSizeColumn=512
07-18 12:28:38.840  3916  3916 I adbd    : adbd service requested 'shell,v2:getprop'
07-18 12:28:38.930 31538 31585 D SDK_INIT: operation=OpenDevice result=-1 readerHash=112993363 objetoUsbReaderHash=112993363 thread=DefaultDispatcher-worker-2
07-18 12:28:38.935 31538 31538 I FINGERPRINT_METHOD_ENTRY: method=verifyFingerprint employeeId=2 managerInstance=91647614 thread=main readerConnected=true timestamp=1784392118934
07-18 12:28:38.939 31538 31538 D FINGERPRINT_VERIFY: attemptId=54 employeeId=2 usbConnected=true usbPermission=true readerOpened=false imageResult=null featureGenerationResult=null fpUpCharResult=null sdkReportedCapturedSize=0 initMatchResult=false initMatchInvoked=true capturedSize=0 capturedNonZeroBytes=0 base64LengthRead=684 storedSize=512 storedNonZeroBytes=198 matchTemplateExecuted=false result=CaptureError score=null threshold=100 decision=CAPTURE_FAILED failure=CaptureFailed uiMessage=No se pudo leer la huella. Coloque el dedo nuevamente.
07-18 12:28:38.939 31538 31538 D FINGERPRINT_RETRY: attemptId=54 state=READY_TO_RETRY waitingFingerLift=false fingerLiftDetected=null retryScheduled=true verificationJobActive=false retryJobActive=false cancelReason=null
07-18 12:28:39.034  3916  3916 I adbd    : adbd service requested 'sync:'
07-18 12:28:39.036  3916  3916 W adbd    : timeout expired while reading data after flushing socket, closing
07-18 12:28:39.140  3916  3916 I adbd    : adbd service requested 'shell,v2:wm size'
07-18 12:28:39.253  1055  1226 D WifiStaIfaceHidlImpl: getCachedScanData is not implemented by HIDL
07-18 12:28:39.261  3916  3916 I adbd    : adbd service requested 'shell,v2:mkdir -p /data/local/tmp/.studio; chmod 755 /data/local/tmp/.studio; chown shell:shell /data/local/tmp/.studio'
07-18 12:28:39.265  1055  1226 I HalDevMgr: bestIfaceCreationProposal is null, requestIface=STA, existingIface=[name=wlan0 type=STA]
07-18 12:28:39.285  3916  3916 I adbd    : adbd service requested 'shell,v2:/data/local/tmp/.studio/process-tracker --interval 1000'
07-18 12:28:39.305  3916  3916 I adbd    : adbd service requested 'shell:logcat -v long -v epoch'
07-18 12:28:39.322  3916  3916 I adbd    : adbd service requested 'shell,v2:getprop'
07-18 12:28:39.416  1055  1153 D ActivityManager: Skip enqueue broadcast because no receiver with Intent { act=android.intent.action.SIG_STR flg=0x10 (has extras) }
07-18 12:28:39.420 22839 22839 D UniResolvedNetworkType: sub 1: dataNetType Override 1
07-18 12:28:39.421 32521 32521 D SubscriptionRepository: getSelectableSubscriptionInfoList: [[SubscriptionInfo: id=1 iccId=890102405[****] simSlotIndex=0 portIndex=0 isEmbedded=false carrierId=1467 displayName=CLARO carrierName=CLARO isOpportunistic=false groupUuid=null groupOwner= isGroupDisabled=false displayNameSource=SIM_SPN iconTint=-4716942 number= dataRoaming=0 mcc=370 mnc=02 ehplmns=[] hplmns=[37002, 37002] cardString=890102405[****] cardId=0 nativeAccessRules=null carrierConfigAccessRules=[cert: 2333F4065B9F054363CA63D1866CC168F45D641645B31131B14E173B9C922D15 pkg: co.sitic.pp access: 0, cert: 14D54C64599A3E9A3B766239B160DE3935093E0A pkg: co.sitic.pp access: 0, cert: F54CAC11D5AF77A5F10C21D536AD5D1C40B00D63A92CAB917AA84DC714D622D8 pkg: co.sitic.pp access: 0] countryIso=do profileClass=-1 mType=LOCAL_SIM areUiccApplicationsEnabled=true usageSetting=DEFAULT isOnlyNonTerrestrialNetwork=false serviceCapabilities=[1, 2, 3] transferStatus=0]]
07-18 12:28:39.422 32521 32521 D SubscriptionRepository: getSelectableSubscriptionInfoList: [[SubscriptionInfo: id=1 iccId=890102405[****] simSlotIndex=0 portIndex=0 isEmbedded=false carrierId=1467 displayName=CLARO carrierName=CLARO isOpportunistic=false groupUuid=null groupOwner= isGroupDisabled=false displayNameSource=SIM_SPN iconTint=-4716942 number= dataRoaming=0 mcc=370 mnc=02 ehplmns=[] hplmns=[37002, 37002] cardString=890102405[****] cardId=0 nativeAccessRules=null carrierConfigAccessRules=[cert: 2333F4065B9F054363CA63D1866CC168F45D641645B31131B14E173B9C922D15 pkg: co.sitic.pp access: 0, cert: 14D54C64599A3E9A3B766239B160DE3935093E0A pkg: co.sitic.pp access: 0, cert: F54CAC11D5AF77A5F10C21D536AD5D1C40B00D63A92CAB917AA84DC714D622D8 pkg: co.sitic.pp access: 0] countryIso=do profileClass=-1 mType=LOCAL_SIM areUiccApplicationsEnabled=true usageSetting=DEFAULT isOnlyNonTerrestrialNetwork=false serviceCapabilities=[1, 2, 3] transferStatus=0]]
07-18 12:28:39.423 32521 32521 D SubscriptionUtil: remove cached display name : 1
07-18 12:28:39.424 32521 32521 D SubscriptionRepository: getSelectableSubscriptionInfoList: [[SubscriptionInfo: id=1 iccId=890102405[****] simSlotIndex=0 portIndex=0 isEmbedded=false carrierId=1467 displayName=CLARO carrierName=CLARO isOpportunistic=false groupUuid=null groupOwner= isGroupDisabled=false displayNameSource=SIM_SPN iconTint=-4716942 number= dataRoaming=0 mcc=370 mnc=02 ehplmns=[] hplmns=[37002, 37002] cardString=890102405[****] cardId=0 nativeAccessRules=null carrierConfigAccessRules=[cert: 2333F4065B9F054363CA63D1866CC168F45D641645B31131B14E173B9C922D15 pkg: co.sitic.pp access: 0, cert: 14D54C64599A3E9A3B766239B160DE3935093E0A pkg: co.sitic.pp access: 0, cert: F54CAC11D5AF77A5F10C21D536AD5D1C40B00D63A92CAB917AA84DC714D622D8 pkg: co.sitic.pp access: 0] countryIso=do profileClass=-1 mType=LOCAL_SIM areUiccApplicationsEnabled=true usageSetting=DEFAULT isOnlyNonTerrestrialNetwork=false serviceCapabilities=[1, 2, 3] transferStatus=0]]
07-18 12:28:39.424 32521 32521 D SubscriptionUtil: remove cached display name : 1
07-18 12:28:39.441 31538 31538 D FINGERPRINT_RETRY: attemptId=54 state=RETRY_STARTED waitingFingerLift=false fingerLiftDetected=true retryScheduled=false verificationJobActive=false retryJobActive=true cancelReason=null
07-18 12:28:39.448 32521 32521 D SubscriptionRepository: getSelectableSubscriptionInfoList: [[SubscriptionInfo: id=1 iccId=890102405[****] simSlotIndex=0 portIndex=0 isEmbedded=false carrierId=1467 displayName=CLARO carrierName=CLARO isOpportunistic=false groupUuid=null groupOwner= isGroupDisabled=false displayNameSource=SIM_SPN iconTint=-4716942 number= dataRoaming=0 mcc=370 mnc=02 ehplmns=[] hplmns=[37002, 37002] cardString=890102405[****] cardId=0 nativeAccessRules=null carrierConfigAccessRules=[cert: 2333F4065B9F054363CA63D1866CC168F45D641645B31131B14E173B9C922D15 pkg: co.sitic.pp access: 0, cert: 14D54C64599A3E9A3B766239B160DE3935093E0A pkg: co.sitic.pp access: 0, cert: F54CAC11D5AF77A5F10C21D536AD5D1C40B00D63A92CAB917AA84DC714D622D8 pkg: co.sitic.pp access: 0] countryIso=do profileClass=-1 mType=LOCAL_SIM areUiccApplicationsEnabled=true usageSetting=DEFAULT isOnlyNonTerrestrialNetwork=false serviceCapabilities=[1, 2, 3] transferStatus=0]]
07-18 12:28:39.449 32521 32521 D SubscriptionRepository: getSelectableSubscriptionInfoList: [[SubscriptionInfo: id=1 iccId=890102405[****] simSlotIndex=0 portIndex=0 isEmbedded=false carrierId=1467 displayName=CLARO carrierName=CLARO isOpportunistic=false groupUuid=null groupOwner= isGroupDisabled=false displayNameSource=SIM_SPN iconTint=-4716942 number= dataRoaming=0 mcc=370 mnc=02 ehplmns=[] hplmns=[37002, 37002] cardString=890102405[****] cardId=0 nativeAccessRules=null carrierConfigAccessRules=[cert: 2333F4065B9F054363CA63D1866CC168F45D641645B31131B14E173B9C922D15 pkg: co.sitic.pp access: 0, cert: 14D54C64599A3E9A3B766239B160DE3935093E0A pkg: co.sitic.pp access: 0, cert: F54CAC11D5AF77A5F10C21D536AD5D1C40B00D63A92CAB917AA84DC714D622D8 pkg: co.sitic.pp access: 0] countryIso=do profileClass=-1 mType=LOCAL_SIM areUiccApplicationsEnabled=true usageSetting=DEFAULT isOnlyNonTerrestrialNetwork=false serviceCapabilities=[1, 2, 3] transferStatus=0]]
07-18 12:28:39.450 32521 32521 D SubscriptionUtil: remove cached display name : 1
07-18 12:28:39.451 32521 32521 D SubscriptionRepository: getSelectableSubscriptionInfoList: [[SubscriptionInfo: id=1 iccId=890102405[****] simSlotIndex=0 portIndex=0 isEmbedded=false carrierId=1467 displayName=CLARO carrierName=CLARO isOpportunistic=false groupUuid=null groupOwner= isGroupDisabled=false displayNameSource=SIM_SPN iconTint=-4716942 number= dataRoaming=0 mcc=370 mnc=02 ehplmns=[] hplmns=[37002, 37002] cardString=890102405[****] cardId=0 nativeAccessRules=null carrierConfigAccessRules=[cert: 2333F4065B9F054363CA63D1866CC168F45D641645B31131B14E173B9C922D15 pkg: co.sitic.pp access: 0, cert: 14D54C64599A3E9A3B766239B160DE3935093E0A pkg: co.sitic.pp access: 0, cert: F54CAC11D5AF77A5F10C21D536AD5D1C40B00D63A92CAB917AA84DC714D622D8 pkg: co.sitic.pp access: 0] countryIso=do profileClass=-1 mType=LOCAL_SIM areUiccApplicationsEnabled=true usageSetting=DEFAULT isOnlyNonTerrestrialNetwork=false serviceCapabilities=[1, 2, 3] transferStatus=0]]
07-18 12:28:39.451 32521 32521 D SubscriptionUtil: remove cached display name : 1
07-18 12:28:39.458 31538 31538 I FINGERPRINT_UI_TRACE: screen=EmployeePunchScreen button=AUTO_VERIFY employeeId=2 action=CLICK managerClass=com.example.controlhorario.fingerprint.external.TwoConnectFingerprintManager methodRequested=verifyFingerprint timestamp=1784392119458
07-18 12:28:39.461 31538 31538 D FINGERPRINT_VERIFY: attemptId=55 employeeId=2 stage=START usbConnected=true usbPermission=true readerOpened=false
07-18 12:28:39.466 31538 31538 D FINGERPRINT_TEMPLATE_TRACE: stage=D_AFTER_ROOM_READ employeeId=2 size=512 sha256=79bfaaa838f954afd4b1a876bff7a27f9fa62e91a612ebfa950233a8284f9ede nonZeroBytes=198
07-18 12:28:39.466 31538 31538 D FINGERPRINT_DB: employeeId=2 rowsFound=1 selectedRecordId=12 selectedUpdatedAt=2026-07-18 12:23:16 selectedSha256=79bfaaa838f954afd4b1a876bff7a27f9fa62e91a612ebfa950233a8284f9ede
07-18 12:28:39.466 31538 31538 D FINGERPRINT_VERIFY: employeeId=2 storedEmployeeId=2 biometricType=2CONNECT_USB biometricRecordId=12 updatedAt=2026-07-18 12:23:16 base64LengthRead=684 decodedBytes=512 storedSizeColumn=512
07-18 12:28:39.469  1055  1222 D ActivityManager: Skip enqueue broadcast because no receiver with Intent { act=com.android.server.action.NETWORK_STATS_UPDATED flg=0x40000010 }
07-18 12:28:39.473   382  7904 I keystore2: system/security/keystore2/watchdog/src/lib.rs:319 - Watchdog thread idle -> terminating. Have a great day.
07-18 12:28:39.476 32521 32521 D SubscriptionRepository: getSelectableSubscriptionInfoList: [[SubscriptionInfo: id=1 iccId=890102405[****] simSlotIndex=0 portIndex=0 isEmbedded=false carrierId=1467 displayName=CLARO carrierName=CLARO isOpportunistic=false groupUuid=null groupOwner= isGroupDisabled=false displayNameSource=SIM_SPN iconTint=-4716942 number= dataRoaming=0 mcc=370 mnc=02 ehplmns=[] hplmns=[37002, 37002] cardString=890102405[****] cardId=0 nativeAccessRules=null carrierConfigAccessRules=[cert: 2333F4065B9F054363CA63D1866CC168F45D641645B31131B14E173B9C922D15 pkg: co.sitic.pp access: 0, cert: 14D54C64599A3E9A3B766239B160DE3935093E0A pkg: co.sitic.pp access: 0, cert: F54CAC11D5AF77A5F10C21D536AD5D1C40B00D63A92CAB917AA84DC714D622D8 pkg: co.sitic.pp access: 0] countryIso=do profileClass=-1 mType=LOCAL_SIM areUiccApplicationsEnabled=true usageSetting=DEFAULT isOnlyNonTerrestrialNetwork=false serviceCapabilities=[1, 2, 3] transferStatus=0]]
07-18 12:28:39.478 32521 32521 D SubscriptionRepository: getSelectableSubscriptionInfoList: [[SubscriptionInfo: id=1 iccId=890102405[****] simSlotIndex=0 portIndex=0 isEmbedded=false carrierId=1467 displayName=CLARO carrierName=CLARO isOpportunistic=false groupUuid=null groupOwner= isGroupDisabled=false displayNameSource=SIM_SPN iconTint=-4716942 number= dataRoaming=0 mcc=370 mnc=02 ehplmns=[] hplmns=[37002, 37002] cardString=890102405[****] cardId=0 nativeAccessRules=null carrierConfigAccessRules=[cert: 2333F4065B9F054363CA63D1866CC168F45D641645B31131B14E173B9C922D15 pkg: co.sitic.pp access: 0, cert: 14D54C64599A3E9A3B766239B160DE3935093E0A pkg: co.sitic.pp access: 0, cert: F54CAC11D5AF77A5F10C21D536AD5D1C40B00D63A92CAB917AA84DC714D622D8 pkg: co.sitic.pp access: 0] countryIso=do profileClass=-1 mType=LOCAL_SIM areUiccApplicationsEnabled=true usageSetting=DEFAULT isOnlyNonTerrestrialNetwork=false serviceCapabilities=[1, 2, 3] transferStatus=0]]
07-18 12:28:39.478 32521 32521 D SubscriptionUtil: remove cached display name : 1
07-18 12:28:39.480 32521 32521 D SubscriptionRepository: getSelectableSubscriptionInfoList: [[SubscriptionInfo: id=1 iccId=890102405[****] simSlotIndex=0 portIndex=0 isEmbedded=false carrierId=1467 displayName=CLARO carrierName=CLARO isOpportunistic=false groupUuid=null groupOwner= isGroupDisabled=false displayNameSource=SIM_SPN iconTint=-4716942 number= dataRoaming=0 mcc=370 mnc=02 ehplmns=[] hplmns=[37002, 37002] cardString=890102405[****] cardId=0 nativeAccessRules=null carrierConfigAccessRules=[cert: 2333F4065B9F054363CA63D1866CC168F45D641645B31131B14E173B9C922D15 pkg: co.sitic.pp access: 0, cert: 14D54C64599A3E9A3B766239B160DE3935093E0A pkg: co.sitic.pp access: 0, cert: F54CAC11D5AF77A5F10C21D536AD5D1C40B00D63A92CAB917AA84DC714D622D8 pkg: co.sitic.pp access: 0] countryIso=do profileClass=-1 mType=LOCAL_SIM areUiccApplicationsEnabled=true usageSetting=DEFAULT isOnlyNonTerrestrialNetwork=false serviceCapabilities=[1, 2, 3] transferStatus=0]]
07-18 12:28:39.480 32521 32521 D SubscriptionUtil: remove cached display name : 1
07-18 12:28:39.575  3916  3916 I adbd    : adbd service requested 'shell,v2:wm size'
07-18 12:28:39.578 31538 31585 D SDK_INIT: operation=OpenDevice result=-1 readerHash=112993363 objetoUsbReaderHash=112993363 thread=DefaultDispatcher-worker-2
07-18 12:28:39.583 31538 31538 I FINGERPRINT_METHOD_ENTRY: method=verifyFingerprint employeeId=2 managerInstance=91647614 thread=main readerConnected=true timestamp=1784392119582
07-18 12:28:39.589 31538 31538 D FINGERPRINT_VERIFY: attemptId=55 employeeId=2 usbConnected=true usbPermission=true readerOpened=false imageResult=null featureGenerationResult=null fpUpCharResult=null sdkReportedCapturedSize=0 initMatchResult=false initMatchInvoked=true capturedSize=0 capturedNonZeroBytes=0 base64LengthRead=684 storedSize=512 storedNonZeroBytes=198 matchTemplateExecuted=false result=CaptureError score=null threshold=100 decision=CAPTURE_FAILED failure=CaptureFailed uiMessage=No se pudo leer la huella. Coloque el dedo nuevamente.
07-18 12:28:39.589 31538 31538 D FINGERPRINT_RETRY: attemptId=55 state=READY_TO_RETRY waitingFingerLift=false fingerLiftDetected=null retryScheduled=true verificationJobActive=false retryJobActive=false cancelReason=null
07-18 12:28:39.613  3916  3916 I adbd    : adbd service requested 'sync:'
07-18 12:28:39.998  3916  3916 I adbd    : adbd service requested 'shell,v2:mkdir -p /data/local/tmp/.studio; chmod 755 /data/local/tmp/.studio; chown shell:shell /data/local/tmp/.studio'
07-18 12:28:40.026  3916  3916 I adbd    : adbd service requested 'shell,v2:/data/local/tmp/.studio/process-tracker --interval 1000'
07-18 12:28:40.047  3916  3916 W adbd    : timeout expired while reading data after flushing socket, closing
07-18 12:28:40.091 31538 31538 D FINGERPRINT_RETRY: attemptId=55 state=RETRY_STARTED waitingFingerLift=false fingerLiftDetected=true retryScheduled=false verificationJobActive=false retryJobActive=true cancelReason=null
07-18 12:28:40.100  3916  3916 I adbd    : adbd service requested 'shell,v2:getprop'
07-18 12:28:40.105 31538 31538 I FINGERPRINT_UI_TRACE: screen=EmployeePunchScreen button=AUTO_VERIFY employeeId=2 action=CLICK managerClass=com.example.controlhorario.fingerprint.external.TwoConnectFingerprintManager methodRequested=verifyFingerprint timestamp=1784392120105
07-18 12:28:40.108 31538 31538 D FINGERPRINT_VERIFY: attemptId=56 employeeId=2 stage=START usbConnected=true usbPermission=true readerOpened=false
07-18 12:28:40.115 31538 31538 D FINGERPRINT_TEMPLATE_TRACE: stage=D_AFTER_ROOM_READ employeeId=2 size=512 sha256=79bfaaa838f954afd4b1a876bff7a27f9fa62e91a612ebfa950233a8284f9ede nonZeroBytes=198
07-18 12:28:40.115 31538 31538 D FINGERPRINT_DB: employeeId=2 rowsFound=1 selectedRecordId=12 selectedUpdatedAt=2026-07-18 12:23:16 selectedSha256=79bfaaa838f954afd4b1a876bff7a27f9fa62e91a612ebfa950233a8284f9ede
07-18 12:28:40.115 31538 31538 D FINGERPRINT_VERIFY: employeeId=2 storedEmployeeId=2 biometricType=2CONNECT_USB biometricRecordId=12 updatedAt=2026-07-18 12:23:16 base64LengthRead=684 decodedBytes=512 storedSizeColumn=512
07-18 12:28:40.164  3916  3916 I adbd    : adbd service requested 'sync:'
07-18 12:28:40.374  3916  3916 I adbd    : adbd service requested 'shell,v2:wm size'
07-18 12:28:40.463  3916  3916 I adbd    : adbd service requested 'shell,v2:/data/local/tmp/.studio/process-tracker --interval 1000'
07-18 12:28:40.490  3916  3916 I adbd    : adbd service requested 'shell,v2:getprop'
07-18 12:28:40.510  3916  3916 I adbd    : adbd service requested 'shell,v2:mkdir -p /data/local/tmp/.studio; chmod 755 /data/local/tmp/.studio; chown shell:shell /data/local/tmp/.studio'
07-18 12:28:40.524 31538 31585 D SDK_INIT: operation=OpenDevice result=-1 readerHash=112993363 objetoUsbReaderHash=112993363 thread=DefaultDispatcher-worker-2
07-18 12:28:40.528 31538 31538 I FINGERPRINT_METHOD_ENTRY: method=verifyFingerprint employeeId=2 managerInstance=91647614 thread=main readerConnected=true timestamp=1784392120528
07-18 12:28:40.531  3916  3916 I adbd    : adbd service requested 'shell:logcat -v long -v epoch'
07-18 12:28:40.537 31538 31538 D FINGERPRINT_VERIFY: attemptId=56 employeeId=2 usbConnected=true usbPermission=true readerOpened=false imageResult=null featureGenerationResult=null fpUpCharResult=null sdkReportedCapturedSize=0 initMatchResult=false initMatchInvoked=true capturedSize=0 capturedNonZeroBytes=0 base64LengthRead=684 storedSize=512 storedNonZeroBytes=198 matchTemplateExecuted=false result=CaptureError score=null threshold=100 decision=CAPTURE_FAILED failure=CaptureFailed uiMessage=No se pudo leer la huella. Coloque el dedo nuevamente.
07-18 12:28:40.538 31538 31538 D FINGERPRINT_RETRY: attemptId=56 state=READY_TO_RETRY waitingFingerLift=false fingerLiftDetected=null retryScheduled=true verificationJobActive=false retryJobActive=false cancelReason=null
07-18 12:28:40.716  3916  3916 I adbd    : adbd service requested 'shell,v2:wm size'
07-18 12:28:40.750  3916  3916 I adbd    : adbd service requested 'sync:'
07-18 12:28:40.875  3916  3916 I adbd    : adbd service requested 'shell,v2:/data/local/tmp/.studio/process-tracker --interval 1000'
07-18 12:28:40.901  3916  3916 I adbd    : adbd service requested 'shell,v2:mkdir -p /data/local/tmp/.studio; chmod 755 /data/local/tmp/.studio; chown shell:shell /data/local/tmp/.studio'
07-18 12:28:41.040 31538 31538 D FINGERPRINT_RETRY: attemptId=56 state=RETRY_STARTED waitingFingerLift=false fingerLiftDetected=true retryScheduled=false verificationJobActive=false retryJobActive=true cancelReason=null
07-18 12:28:41.052 31538 31538 I FINGERPRINT_UI_TRACE: screen=EmployeePunchScreen button=AUTO_VERIFY employeeId=2 action=CLICK managerClass=com.example.controlhorario.fingerprint.external.TwoConnectFingerprintManager methodRequested=verifyFingerprint timestamp=1784392121052
07-18 12:28:41.055 31538 31538 D FINGERPRINT_VERIFY: attemptId=57 employeeId=2 stage=START usbConnected=true usbPermission=true readerOpened=false
07-18 12:28:41.061 31538 31538 D FINGERPRINT_TEMPLATE_TRACE: stage=D_AFTER_ROOM_READ employeeId=2 size=512 sha256=79bfaaa838f954afd4b1a876bff7a27f9fa62e91a612ebfa950233a8284f9ede nonZeroBytes=198
07-18 12:28:41.061 31538 31538 D FINGERPRINT_DB: employeeId=2 rowsFound=1 selectedRecordId=12 selectedUpdatedAt=2026-07-18 12:23:16 selectedSha256=79bfaaa838f954afd4b1a876bff7a27f9fa62e91a612ebfa950233a8284f9ede
07-18 12:28:41.061 31538 31538 D FINGERPRINT_VERIFY: employeeId=2 storedEmployeeId=2 biometricType=2CONNECT_USB biometricRecordId=12 updatedAt=2026-07-18 12:23:16 base64LengthRead=684 decodedBytes=512 storedSizeColumn=512
07-18 12:28:41.073  3916  3916 I adbd    : adbd service requested 'shell,v2:getprop'
07-18 12:28:41.098  3916  3916 I adbd    : adbd service requested 'sync:'
07-18 12:28:41.173 31538 31585 D SDK_INIT: operation=OpenDevice result=-1 readerHash=112993363 objetoUsbReaderHash=112993363 thread=DefaultDispatcher-worker-2
07-18 12:28:41.174  3916  3916 W adbd    : timeout expired while reading data after flushing socket, closing
07-18 12:28:41.177 31538 31538 I FINGERPRINT_METHOD_ENTRY: method=verifyFingerprint employeeId=2 managerInstance=91647614 thread=main readerConnected=true timestamp=1784392121177
07-18 12:28:41.183 31538 31538 D FINGERPRINT_VERIFY: attemptId=57 employeeId=2 usbConnected=true usbPermission=true readerOpened=false imageResult=null featureGenerationResult=null fpUpCharResult=null sdkReportedCapturedSize=0 initMatchResult=false initMatchInvoked=true capturedSize=0 capturedNonZeroBytes=0 base64LengthRead=684 storedSize=512 storedNonZeroBytes=198 matchTemplateExecuted=false result=CaptureError score=null threshold=100 decision=CAPTURE_FAILED failure=CaptureFailed uiMessage=No se pudo leer la huella. Coloque el dedo nuevamente.
07-18 12:28:41.183 31538 31538 D FINGERPRINT_RETRY: attemptId=57 state=READY_TO_RETRY waitingFingerLift=false fingerLiftDetected=null retryScheduled=true verificationJobActive=false retryJobActive=false cancelReason=null
07-18 12:28:41.289  3916  3916 I adbd    : adbd service requested 'shell,v2:wm size'
07-18 12:28:41.420  1055  1153 D ActivityManager: Skip enqueue broadcast because no receiver with Intent { act=android.intent.action.SIG_STR flg=0x10 (has extras) }
07-18 12:28:41.423 22839 22839 D UniResolvedNetworkType: sub 1: dataNetType Override 1
07-18 12:28:41.424 32521 32521 D SubscriptionRepository: getSelectableSubscriptionInfoList: [[SubscriptionInfo: id=1 iccId=890102405[****] simSlotIndex=0 portIndex=0 isEmbedded=false carrierId=1467 displayName=CLARO carrierName=CLARO isOpportunistic=false groupUuid=null groupOwner= isGroupDisabled=false displayNameSource=SIM_SPN iconTint=-4716942 number= dataRoaming=0 mcc=370 mnc=02 ehplmns=[] hplmns=[37002, 37002] cardString=890102405[****] cardId=0 nativeAccessRules=null carrierConfigAccessRules=[cert: 2333F4065B9F054363CA63D1866CC168F45D641645B31131B14E173B9C922D15 pkg: co.sitic.pp access: 0, cert: 14D54C64599A3E9A3B766239B160DE3935093E0A pkg: co.sitic.pp access: 0, cert: F54CAC11D5AF77A5F10C21D536AD5D1C40B00D63A92CAB917AA84DC714D622D8 pkg: co.sitic.pp access: 0] countryIso=do profileClass=-1 mType=LOCAL_SIM areUiccApplicationsEnabled=true usageSetting=DEFAULT isOnlyNonTerrestrialNetwork=false serviceCapabilities=[1, 2, 3] transferStatus=0]]
07-18 12:28:41.426 32521 32521 D SubscriptionRepository: getSelectableSubscriptionInfoList: [[SubscriptionInfo: id=1 iccId=890102405[****] simSlotIndex=0 portIndex=0 isEmbedded=false carrierId=1467 displayName=CLARO carrierName=CLARO isOpportunistic=false groupUuid=null groupOwner= isGroupDisabled=false displayNameSource=SIM_SPN iconTint=-4716942 number= dataRoaming=0 mcc=370 mnc=02 ehplmns=[] hplmns=[37002, 37002] cardString=890102405[****] cardId=0 nativeAccessRules=null carrierConfigAccessRules=[cert: 2333F4065B9F054363CA63D1866CC168F45D641645B31131B14E173B9C922D15 pkg: co.sitic.pp access: 0, cert: 14D54C64599A3E9A3B766239B160DE3935093E0A pkg: co.sitic.pp access: 0, cert: F54CAC11D5AF77A5F10C21D536AD5D1C40B00D63A92CAB917AA84DC714D622D8 pkg: co.sitic.pp access: 0] countryIso=do profileClass=-1 mType=LOCAL_SIM areUiccApplicationsEnabled=true usageSetting=DEFAULT isOnlyNonTerrestrialNetwork=false serviceCapabilities=[1, 2, 3] transferStatus=0]]
07-18 12:28:41.426 32521 32521 D SubscriptionUtil: remove cached display name : 1
07-18 12:28:41.427 32521 32521 D SubscriptionRepository: getSelectableSubscriptionInfoList: [[SubscriptionInfo: id=1 iccId=890102405[****] simSlotIndex=0 portIndex=0 isEmbedded=false carrierId=1467 displayName=CLARO carrierName=CLARO isOpportunistic=false groupUuid=null groupOwner= isGroupDisabled=false displayNameSource=SIM_SPN iconTint=-4716942 number= dataRoaming=0 mcc=370 mnc=02 ehplmns=[] hplmns=[37002, 37002] cardString=890102405[****] cardId=0 nativeAccessRules=null carrierConfigAccessRules=[cert: 2333F4065B9F054363CA63D1866CC168F45D641645B31131B14E173B9C922D15 pkg: co.sitic.pp access: 0, cert: 14D54C64599A3E9A3B766239B160DE3935093E0A pkg: co.sitic.pp access: 0, cert: F54CAC11D5AF77A5F10C21D536AD5D1C40B00D63A92CAB917AA84DC714D622D8 pkg: co.sitic.pp access: 0] countryIso=do profileClass=-1 mType=LOCAL_SIM areUiccApplicationsEnabled=true usageSetting=DEFAULT isOnlyNonTerrestrialNetwork=false serviceCapabilities=[1, 2, 3] transferStatus=0]]
07-18 12:28:41.427 32521 32521 D SubscriptionUtil: remove cached display name : 1
07-18 12:28:41.450 32521 32521 D SubscriptionRepository: getSelectableSubscriptionInfoList: [[SubscriptionInfo: id=1 iccId=890102405[****] simSlotIndex=0 portIndex=0 isEmbedded=false carrierId=1467 displayName=CLARO carrierName=CLARO isOpportunistic=false groupUuid=null groupOwner= isGroupDisabled=false displayNameSource=SIM_SPN iconTint=-4716942 number= dataRoaming=0 mcc=370 mnc=02 ehplmns=[] hplmns=[37002, 37002] cardString=890102405[****] cardId=0 nativeAccessRules=null carrierConfigAccessRules=[cert: 2333F4065B9F054363CA63D1866CC168F45D641645B31131B14E173B9C922D15 pkg: co.sitic.pp access: 0, cert: 14D54C64599A3E9A3B766239B160DE3935093E0A pkg: co.sitic.pp access: 0, cert: F54CAC11D5AF77A5F10C21D536AD5D1C40B00D63A92CAB917AA84DC714D622D8 pkg: co.sitic.pp access: 0] countryIso=do profileClass=-1 mType=LOCAL_SIM areUiccApplicationsEnabled=true usageSetting=DEFAULT isOnlyNonTerrestrialNetwork=false serviceCapabilities=[1, 2, 3] transferStatus=0]]
07-18 12:28:41.451 32521 32521 D SubscriptionRepository: getSelectableSubscriptionInfoList: [[SubscriptionInfo: id=1 iccId=890102405[****] simSlotIndex=0 portIndex=0 isEmbedded=false carrierId=1467 displayName=CLARO carrierName=CLARO isOpportunistic=false groupUuid=null groupOwner= isGroupDisabled=false displayNameSource=SIM_SPN iconTint=-4716942 number= dataRoaming=0 mcc=370 mnc=02 ehplmns=[] hplmns=[37002, 37002] cardString=890102405[****] cardId=0 nativeAccessRules=null carrierConfigAccessRules=[cert: 2333F4065B9F054363CA63D1866CC168F45D641645B31131B14E173B9C922D15 pkg: co.sitic.pp access: 0, cert: 14D54C64599A3E9A3B766239B160DE3935093E0A pkg: co.sitic.pp access: 0, cert: F54CAC11D5AF77A5F10C21D536AD5D1C40B00D63A92CAB917AA84DC714D622D8 pkg: co.sitic.pp access: 0] countryIso=do profileClass=-1 mType=LOCAL_SIM areUiccApplicationsEnabled=true usageSetting=DEFAULT isOnlyNonTerrestrialNetwork=false serviceCapabilities=[1, 2, 3] transferStatus=0]]
07-18 12:28:41.451 32521 32521 D SubscriptionUtil: remove cached display name : 1
07-18 12:28:41.452 32521 32521 D SubscriptionRepository: getSelectableSubscriptionInfoList: [[SubscriptionInfo: id=1 iccId=890102405[****] simSlotIndex=0 portIndex=0 isEmbedded=false carrierId=1467 displayName=CLARO carrierName=CLARO isOpportunistic=false groupUuid=null groupOwner= isGroupDisabled=false displayNameSource=SIM_SPN iconTint=-4716942 number= dataRoaming=0 mcc=370 mnc=02 ehplmns=[] hplmns=[37002, 37002] cardString=890102405[****] cardId=0 nativeAccessRules=null carrierConfigAccessRules=[cert: 2333F4065B9F054363CA63D1866CC168F45D641645B31131B14E173B9C922D15 pkg: co.sitic.pp access: 0, cert: 14D54C64599A3E9A3B766239B160DE3935093E0A pkg: co.sitic.pp access: 0, cert: F54CAC11D5AF77A5F10C21D536AD5D1C40B00D63A92CAB917AA84DC714D622D8 pkg: co.sitic.pp access: 0] countryIso=do profileClass=-1 mType=LOCAL_SIM areUiccApplicationsEnabled=true usageSetting=DEFAULT isOnlyNonTerrestrialNetwork=false serviceCapabilities=[1, 2, 3] transferStatus=0]]
07-18 12:28:41.452 32521 32521 D SubscriptionUtil: remove cached display name : 1
07-18 12:28:41.454  3916  3916 I adbd    : adbd service requested 'shell,v2:/data/local/tmp/.studio/process-tracker --interval 1000'
07-18 12:28:41.475  3916  3916 I adbd    : adbd service requested 'shell,v2:mkdir -p /data/local/tmp/.studio; chmod 755 /data/local/tmp/.studio; chown shell:shell /data/local/tmp/.studio'
07-18 12:28:41.479 32521 32521 D SubscriptionRepository: getSelectableSubscriptionInfoList: [[SubscriptionInfo: id=1 iccId=890102405[****] simSlotIndex=0 portIndex=0 isEmbedded=false carrierId=1467 displayName=CLARO carrierName=CLARO isOpportunistic=false groupUuid=null groupOwner= isGroupDisabled=false displayNameSource=SIM_SPN iconTint=-4716942 number= dataRoaming=0 mcc=370 mnc=02 ehplmns=[] hplmns=[37002, 37002] cardString=890102405[****] cardId=0 nativeAccessRules=null carrierConfigAccessRules=[cert: 2333F4065B9F054363CA63D1866CC168F45D641645B31131B14E173B9C922D15 pkg: co.sitic.pp access: 0, cert: 14D54C64599A3E9A3B766239B160DE3935093E0A pkg: co.sitic.pp access: 0, cert: F54CAC11D5AF77A5F10C21D536AD5D1C40B00D63A92CAB917AA84DC714D622D8 pkg: co.sitic.pp access: 0] countryIso=do profileClass=-1 mType=LOCAL_SIM areUiccApplicationsEnabled=true usageSetting=DEFAULT isOnlyNonTerrestrialNetwork=false serviceCapabilities=[1, 2, 3] transferStatus=0]]
07-18 12:28:41.480 32521 32521 D SubscriptionRepository: getSelectableSubscriptionInfoList: [[SubscriptionInfo: id=1 iccId=890102405[****] simSlotIndex=0 portIndex=0 isEmbedded=false carrierId=1467 displayName=CLARO carrierName=CLARO isOpportunistic=false groupUuid=null groupOwner= isGroupDisabled=false displayNameSource=SIM_SPN iconTint=-4716942 number= dataRoaming=0 mcc=370 mnc=02 ehplmns=[] hplmns=[37002, 37002] cardString=890102405[****] cardId=0 nativeAccessRules=null carrierConfigAccessRules=[cert: 2333F4065B9F054363CA63D1866CC168F45D641645B31131B14E173B9C922D15 pkg: co.sitic.pp access: 0, cert: 14D54C64599A3E9A3B766239B160DE3935093E0A pkg: co.sitic.pp access: 0, cert: F54CAC11D5AF77A5F10C21D536AD5D1C40B00D63A92CAB917AA84DC714D622D8 pkg: co.sitic.pp access: 0] countryIso=do profileClass=-1 mType=LOCAL_SIM areUiccApplicationsEnabled=true usageSetting=DEFAULT isOnlyNonTerrestrialNetwork=false serviceCapabilities=[1, 2, 3] transferStatus=0]]
07-18 12:28:41.480 32521 32521 D SubscriptionUtil: remove cached display name : 1
07-18 12:28:41.481 32521 32521 D SubscriptionRepository: getSelectableSubscriptionInfoList: [[SubscriptionInfo: id=1 iccId=890102405[****] simSlotIndex=0 portIndex=0 isEmbedded=false carrierId=1467 displayName=CLARO carrierName=CLARO isOpportunistic=false groupUuid=null groupOwner= isGroupDisabled=false displayNameSource=SIM_SPN iconTint=-4716942 number= dataRoaming=0 mcc=370 mnc=02 ehplmns=[] hplmns=[37002, 37002] cardString=890102405[****] cardId=0 nativeAccessRules=null carrierConfigAccessRules=[cert: 2333F4065B9F054363CA63D1866CC168F45D641645B31131B14E173B9C922D15 pkg: co.sitic.pp access: 0, cert: 14D54C64599A3E9A3B766239B160DE3935093E0A pkg: co.sitic.pp access: 0, cert: F54CAC11D5AF77A5F10C21D536AD5D1C40B00D63A92CAB917AA84DC714D622D8 pkg: co.sitic.pp access: 0] countryIso=do profileClass=-1 mType=LOCAL_SIM areUiccApplicationsEnabled=true usageSetting=DEFAULT isOnlyNonTerrestrialNetwork=false serviceCapabilities=[1, 2, 3] transferStatus=0]]
07-18 12:28:41.481 32521 32521 D SubscriptionUtil: remove cached display name : 1
07-18 12:28:41.495  3916  3916 I adbd    : adbd service requested 'shell:logcat -v long -v epoch'
07-18 12:28:41.595  3916  3916 I adbd    : adbd service requested 'shell,v2:getprop'
07-18 12:28:41.638  3916  3916 I adbd    : adbd service requested 'sync:'
07-18 12:28:41.685 31538 31538 D FINGERPRINT_RETRY: attemptId=57 state=RETRY_STARTED waitingFingerLift=false fingerLiftDetected=true retryScheduled=false verificationJobActive=false retryJobActive=true cancelReason=null
07-18 12:28:41.699 31538 31538 I FINGERPRINT_UI_TRACE: screen=EmployeePunchScreen button=AUTO_VERIFY employeeId=2 action=CLICK managerClass=com.example.controlhorario.fingerprint.external.TwoConnectFingerprintManager methodRequested=verifyFingerprint timestamp=1784392121699
07-18 12:28:41.703 31538 31538 D FINGERPRINT_VERIFY: attemptId=58 employeeId=2 stage=START usbConnected=true usbPermission=true readerOpened=false
07-18 12:28:41.721 31538 31538 D FINGERPRINT_TEMPLATE_TRACE: stage=D_AFTER_ROOM_READ employeeId=2 size=512 sha256=79bfaaa838f954afd4b1a876bff7a27f9fa62e91a612ebfa950233a8284f9ede nonZeroBytes=198
07-18 12:28:41.721 31538 31538 D FINGERPRINT_DB: employeeId=2 rowsFound=1 selectedRecordId=12 selectedUpdatedAt=2026-07-18 12:23:16 selectedSha256=79bfaaa838f954afd4b1a876bff7a27f9fa62e91a612ebfa950233a8284f9ede
07-18 12:28:41.721 31538 31538 D FINGERPRINT_VERIFY: employeeId=2 storedEmployeeId=2 biometricType=2CONNECT_USB biometricRecordId=12 updatedAt=2026-07-18 12:23:16 base64LengthRead=684 decodedBytes=512 storedSizeColumn=512
07-18 12:28:41.780  3916  3916 I adbd    : adbd service requested 'shell,v2:/data/local/tmp/.studio/process-tracker --interval 1000'
07-18 12:28:41.835 31538 31585 D SDK_INIT: operation=OpenDevice result=-1 readerHash=112993363 objetoUsbReaderHash=112993363 thread=DefaultDispatcher-worker-2
07-18 12:28:41.839 31538 31538 I FINGERPRINT_METHOD_ENTRY: method=verifyFingerprint employeeId=2 managerInstance=91647614 thread=main readerConnected=true timestamp=1784392121839
07-18 12:28:41.845 31538 31538 D FINGERPRINT_VERIFY: attemptId=58 employeeId=2 usbConnected=true usbPermission=true readerOpened=false imageResult=null featureGenerationResult=null fpUpCharResult=null sdkReportedCapturedSize=0 initMatchResult=false initMatchInvoked=true capturedSize=0 capturedNonZeroBytes=0 base64LengthRead=684 storedSize=512 storedNonZeroBytes=198 matchTemplateExecuted=false result=CaptureError score=null threshold=100 decision=CAPTURE_FAILED failure=CaptureFailed uiMessage=No se pudo leer la huella. Coloque el dedo nuevamente.
07-18 12:28:41.845 31538 31538 D FINGERPRINT_RETRY: attemptId=58 state=READY_TO_RETRY waitingFingerLift=false fingerLiftDetected=null retryScheduled=true verificationJobActive=false retryJobActive=false cancelReason=null
07-18 12:28:41.846  3916  3916 I adbd    : adbd service requested 'shell,v2:wm size'
07-18 12:28:41.961  1055  1222 D ActivityManager: Skip enqueue broadcast because no receiver with Intent { act=com.android.server.action.NETWORK_STATS_UPDATED flg=0x40000010 }
07-18 12:28:42.083  3916  3916 I adbd    : adbd service requested 'shell,v2:mkdir -p /data/local/tmp/.studio; chmod 755 /data/local/tmp/.studio; chown shell:shell /data/local/tmp/.studio'
07-18 12:28:42.109  3916  3916 W adbd    : timeout expired while reading data after flushing socket, closing
07-18 12:28:42.123  3916  3916 I adbd    : adbd service requested 'shell,v2:getprop'
07-18 12:28:42.271  1055  1226 D WifiStaIfaceHidlImpl: getCachedScanData is not implemented by HIDL
07-18 12:28:42.281  1055  1226 I HalDevMgr: bestIfaceCreationProposal is null, requestIface=STA, existingIface=[name=wlan0 type=STA]
07-18 12:28:42.324  3916  3916 I adbd    : adbd service requested 'sync:'
07-18 12:28:42.335  3916  3916 I adbd    : adbd service requested 'shell,v2:wm size'
07-18 12:28:42.347 31538 31538 D FINGERPRINT_RETRY: attemptId=58 state=RETRY_STARTED waitingFingerLift=false fingerLiftDetected=true retryScheduled=false verificationJobActive=false retryJobActive=true cancelReason=null
07-18 12:28:42.364 31538 31538 I FINGERPRINT_UI_TRACE: screen=EmployeePunchScreen button=AUTO_VERIFY employeeId=2 action=CLICK managerClass=com.example.controlhorario.fingerprint.external.TwoConnectFingerprintManager methodRequested=verifyFingerprint timestamp=1784392122364
07-18 12:28:42.368 31538 31538 D FINGERPRINT_VERIFY: attemptId=59 employeeId=2 stage=START usbConnected=true usbPermission=true readerOpened=false
07-18 12:28:42.372 31538 31538 D FINGERPRINT_TEMPLATE_TRACE: stage=D_AFTER_ROOM_READ employeeId=2 size=512 sha256=79bfaaa838f954afd4b1a876bff7a27f9fa62e91a612ebfa950233a8284f9ede nonZeroBytes=198
07-18 12:28:42.373 31538 31538 D FINGERPRINT_DB: employeeId=2 rowsFound=1 selectedRecordId=12 selectedUpdatedAt=2026-07-18 12:23:16 selectedSha256=79bfaaa838f954afd4b1a876bff7a27f9fa62e91a612ebfa950233a8284f9ede
07-18 12:28:42.373 31538 31538 D FINGERPRINT_VERIFY: employeeId=2 storedEmployeeId=2 biometricType=2CONNECT_USB biometricRecordId=12 updatedAt=2026-07-18 12:23:16 base64LengthRead=684 decodedBytes=512 storedSizeColumn=512
07-18 12:28:42.421  3916  3916 I adbd    : adbd service requested 'shell,v2:/data/local/tmp/.studio/process-tracker --interval 1000'
07-18 12:28:42.423  1055  4363 D ActivityManager: Skip enqueue broadcast because no receiver with Intent { act=android.intent.action.SIG_STR flg=0x10 (has extras) }
07-18 12:28:42.429 22839 22839 D UniResolvedNetworkType: sub 1: dataNetType Override 1
07-18 12:28:42.429 32521 32521 D SubscriptionRepository: getSelectableSubscriptionInfoList: [[SubscriptionInfo: id=1 iccId=890102405[****] simSlotIndex=0 portIndex=0 isEmbedded=false carrierId=1467 displayName=CLARO carrierName=CLARO isOpportunistic=false groupUuid=null groupOwner= isGroupDisabled=false displayNameSource=SIM_SPN iconTint=-4716942 number= dataRoaming=0 mcc=370 mnc=02 ehplmns=[] hplmns=[37002, 37002] cardString=890102405[****] cardId=0 nativeAccessRules=null carrierConfigAccessRules=[cert: 2333F4065B9F054363CA63D1866CC168F45D641645B31131B14E173B9C922D15 pkg: co.sitic.pp access: 0, cert: 14D54C64599A3E9A3B766239B160DE3935093E0A pkg: co.sitic.pp access: 0, cert: F54CAC11D5AF77A5F10C21D536AD5D1C40B00D63A92CAB917AA84DC714D622D8 pkg: co.sitic.pp access: 0] countryIso=do profileClass=-1 mType=LOCAL_SIM areUiccApplicationsEnabled=true usageSetting=DEFAULT isOnlyNonTerrestrialNetwork=false serviceCapabilities=[1, 2, 3] transferStatus=0]]
07-18 12:28:42.431 32521 32521 D SubscriptionRepository: getSelectableSubscriptionInfoList: [[SubscriptionInfo: id=1 iccId=890102405[****] simSlotIndex=0 portIndex=0 isEmbedded=false carrierId=1467 displayName=CLARO carrierName=CLARO isOpportunistic=false groupUuid=null groupOwner= isGroupDisabled=false displayNameSource=SIM_SPN iconTint=-4716942 number= dataRoaming=0 mcc=370 mnc=02 ehplmns=[] hplmns=[37002, 37002] cardString=890102405[****] cardId=0 nativeAccessRules=null carrierConfigAccessRules=[cert: 2333F4065B9F054363CA63D1866CC168F45D641645B31131B14E173B9C922D15 pkg: co.sitic.pp access: 0, cert: 14D54C64599A3E9A3B766239B160DE3935093E0A pkg: co.sitic.pp access: 0, cert: F54CAC11D5AF77A5F10C21D536AD5D1C40B00D63A92CAB917AA84DC714D622D8 pkg: co.sitic.pp access: 0] countryIso=do profileClass=-1 mType=LOCAL_SIM areUiccApplicationsEnabled=true usageSetting=DEFAULT isOnlyNonTerrestrialNetwork=false serviceCapabilities=[1, 2, 3] transferStatus=0]]
07-18 12:28:42.431 32521 32521 D SubscriptionUtil: remove cached display name : 1
07-18 12:28:42.432 32521 32521 D SubscriptionRepository: getSelectableSubscriptionInfoList: [[SubscriptionInfo: id=1 iccId=890102405[****] simSlotIndex=0 portIndex=0 isEmbedded=false carrierId=1467 displayName=CLARO carrierName=CLARO isOpportunistic=false groupUuid=null groupOwner= isGroupDisabled=false displayNameSource=SIM_SPN iconTint=-4716942 number= dataRoaming=0 mcc=370 mnc=02 ehplmns=[] hplmns=[37002, 37002] cardString=890102405[****] cardId=0 nativeAccessRules=null carrierConfigAccessRules=[cert: 2333F4065B9F054363CA63D1866CC168F45D641645B31131B14E173B9C922D15 pkg: co.sitic.pp access: 0, cert: 14D54C64599A3E9A3B766239B160DE3935093E0A pkg: co.sitic.pp access: 0, cert: F54CAC11D5AF77A5F10C21D536AD5D1C40B00D63A92CAB917AA84DC714D622D8 pkg: co.sitic.pp access: 0] countryIso=do profileClass=-1 mType=LOCAL_SIM areUiccApplicationsEnabled=true usageSetting=DEFAULT isOnlyNonTerrestrialNetwork=false serviceCapabilities=[1, 2, 3] transferStatus=0]]
07-18 12:28:42.433 32521 32521 D SubscriptionUtil: remove cached display name : 1
07-18 12:28:42.457 32521 32521 D SubscriptionRepository: getSelectableSubscriptionInfoList: [[SubscriptionInfo: id=1 iccId=890102405[****] simSlotIndex=0 portIndex=0 isEmbedded=false carrierId=1467 displayName=CLARO carrierName=CLARO isOpportunistic=false groupUuid=null groupOwner= isGroupDisabled=false displayNameSource=SIM_SPN iconTint=-4716942 number= dataRoaming=0 mcc=370 mnc=02 ehplmns=[] hplmns=[37002, 37002] cardString=890102405[****] cardId=0 nativeAccessRules=null carrierConfigAccessRules=[cert: 2333F4065B9F054363CA63D1866CC168F45D641645B31131B14E173B9C922D15 pkg: co.sitic.pp access: 0, cert: 14D54C64599A3E9A3B766239B160DE3935093E0A pkg: co.sitic.pp access: 0, cert: F54CAC11D5AF77A5F10C21D536AD5D1C40B00D63A92CAB917AA84DC714D622D8 pkg: co.sitic.pp access: 0] countryIso=do profileClass=-1 mType=LOCAL_SIM areUiccApplicationsEnabled=true usageSetting=DEFAULT isOnlyNonTerrestrialNetwork=false serviceCapabilities=[1, 2, 3] transferStatus=0]]
07-18 12:28:42.459 32521 32521 D SubscriptionRepository: getSelectableSubscriptionInfoList: [[SubscriptionInfo: id=1 iccId=890102405[****] simSlotIndex=0 portIndex=0 isEmbedded=false carrierId=1467 displayName=CLARO carrierName=CLARO isOpportunistic=false groupUuid=null groupOwner= isGroupDisabled=false displayNameSource=SIM_SPN iconTint=-4716942 number= dataRoaming=0 mcc=370 mnc=02 ehplmns=[] hplmns=[37002, 37002] cardString=890102405[****] cardId=0 nativeAccessRules=null carrierConfigAccessRules=[cert: 2333F4065B9F054363CA63D1866CC168F45D641645B31131B14E173B9C922D15 pkg: co.sitic.pp access: 0, cert: 14D54C64599A3E9A3B766239B160DE3935093E0A pkg: co.sitic.pp access: 0, cert: F54CAC11D5AF77A5F10C21D536AD5D1C40B00D63A92CAB917AA84DC714D622D8 pkg: co.sitic.pp access: 0] countryIso=do profileClass=-1 mType=LOCAL_SIM areUiccApplicationsEnabled=true usageSetting=DEFAULT isOnlyNonTerrestrialNetwork=false serviceCapabilities=[1, 2, 3] transferStatus=0]]
07-18 12:28:42.459 32521 32521 D SubscriptionUtil: remove cached display name : 1
07-18 12:28:42.460 32521 32521 D SubscriptionRepository: getSelectableSubscriptionInfoList: [[SubscriptionInfo: id=1 iccId=890102405[****] simSlotIndex=0 portIndex=0 isEmbedded=false carrierId=1467 displayName=CLARO carrierName=CLARO isOpportunistic=false groupUuid=null groupOwner= isGroupDisabled=false displayNameSource=SIM_SPN iconTint=-4716942 number= dataRoaming=0 mcc=370 mnc=02 ehplmns=[] hplmns=[37002, 37002] cardString=890102405[****] cardId=0 nativeAccessRules=null carrierConfigAccessRules=[cert: 2333F4065B9F054363CA63D1866CC168F45D641645B31131B14E173B9C922D15 pkg: co.sitic.pp access: 0, cert: 14D54C64599A3E9A3B766239B160DE3935093E0A pkg: co.sitic.pp access: 0, cert: F54CAC11D5AF77A5F10C21D536AD5D1C40B00D63A92CAB917AA84DC714D622D8 pkg: co.sitic.pp access: 0] countryIso=do profileClass=-1 mType=LOCAL_SIM areUiccApplicationsEnabled=true usageSetting=DEFAULT isOnlyNonTerrestrialNetwork=false serviceCapabilities=[1, 2, 3] transferStatus=0]]
07-18 12:28:42.460 32521 32521 D SubscriptionUtil: remove cached display name : 1
07-18 12:28:42.480 32521 32521 D SubscriptionRepository: getSelectableSubscriptionInfoList: [[SubscriptionInfo: id=1 iccId=890102405[****] simSlotIndex=0 portIndex=0 isEmbedded=false carrierId=1467 displayName=CLARO carrierName=CLARO isOpportunistic=false groupUuid=null groupOwner= isGroupDisabled=false displayNameSource=SIM_SPN iconTint=-4716942 number= dataRoaming=0 mcc=370 mnc=02 ehplmns=[] hplmns=[37002, 37002] cardString=890102405[****] cardId=0 nativeAccessRules=null carrierConfigAccessRules=[cert: 2333F4065B9F054363CA63D1866CC168F45D641645B31131B14E173B9C922D15 pkg: co.sitic.pp access: 0, cert: 14D54C64599A3E9A3B766239B160DE3935093E0A pkg: co.sitic.pp access: 0, cert: F54CAC11D5AF77A5F10C21D536AD5D1C40B00D63A92CAB917AA84DC714D622D8 pkg: co.sitic.pp access: 0] countryIso=do profileClass=-1 mType=LOCAL_SIM areUiccApplicationsEnabled=true usageSetting=DEFAULT isOnlyNonTerrestrialNetwork=false serviceCapabilities=[1, 2, 3] transferStatus=0]]
07-18 12:28:42.481 32521 32521 D SubscriptionRepository: getSelectableSubscriptionInfoList: [[SubscriptionInfo: id=1 iccId=890102405[****] simSlotIndex=0 portIndex=0 isEmbedded=false carrierId=1467 displayName=CLARO carrierName=CLARO isOpportunistic=false groupUuid=null groupOwner= isGroupDisabled=false displayNameSource=SIM_SPN iconTint=-4716942 number= dataRoaming=0 mcc=370 mnc=02 ehplmns=[] hplmns=[37002, 37002] cardString=890102405[****] cardId=0 nativeAccessRules=null carrierConfigAccessRules=[cert: 2333F4065B9F054363CA63D1866CC168F45D641645B31131B14E173B9C922D15 pkg: co.sitic.pp access: 0, cert: 14D54C64599A3E9A3B766239B160DE3935093E0A pkg: co.sitic.pp access: 0, cert: F54CAC11D5AF77A5F10C21D536AD5D1C40B00D63A92CAB917AA84DC714D622D8 pkg: co.sitic.pp access: 0] countryIso=do profileClass=-1 mType=LOCAL_SIM areUiccApplicationsEnabled=true usageSetting=DEFAULT isOnlyNonTerrestrialNetwork=false serviceCapabilities=[1, 2, 3] transferStatus=0]]
07-18 12:28:42.481 32521 32521 D SubscriptionUtil: remove cached display name : 1
07-18 12:28:42.482 32521 32521 D SubscriptionRepository: getSelectableSubscriptionInfoList: [[SubscriptionInfo: id=1 iccId=890102405[****] simSlotIndex=0 portIndex=0 isEmbedded=false carrierId=1467 displayName=CLARO carrierName=CLARO isOpportunistic=false groupUuid=null groupOwner= isGroupDisabled=false displayNameSource=SIM_SPN iconTint=-4716942 number= dataRoaming=0 mcc=370 mnc=02 ehplmns=[] hplmns=[37002, 37002] cardString=890102405[****] cardId=0 nativeAccessRules=null carrierConfigAccessRules=[cert: 2333F4065B9F054363CA63D1866CC168F45D641645B31131B14E173B9C922D15 pkg: co.sitic.pp access: 0, cert: 14D54C64599A3E9A3B766239B160DE3935093E0A pkg: co.sitic.pp access: 0, cert: F54CAC11D5AF77A5F10C21D536AD5D1C40B00D63A92CAB917AA84DC714D622D8 pkg: co.sitic.pp access: 0] countryIso=do profileClass=-1 mType=LOCAL_SIM areUiccApplicationsEnabled=true usageSetting=DEFAULT isOnlyNonTerrestrialNetwork=false serviceCapabilities=[1, 2, 3] transferStatus=0]]
07-18 12:28:42.482 32521 32521 D SubscriptionUtil: remove cached display name : 1
07-18 12:28:42.483 31538 31585 D SDK_INIT: operation=OpenDevice result=-1 readerHash=112993363 objetoUsbReaderHash=112993363 thread=DefaultDispatcher-worker-2
07-18 12:28:42.483  3916  3916 I adbd    : adbd service requested 'shell,v2:getprop'
07-18 12:28:42.486 31538 31538 I FINGERPRINT_METHOD_ENTRY: method=verifyFingerprint employeeId=2 managerInstance=91647614 thread=main readerConnected=true timestamp=1784392122486
07-18 12:28:42.492 31538 31538 D FINGERPRINT_VERIFY: attemptId=59 employeeId=2 usbConnected=true usbPermission=true readerOpened=false imageResult=null featureGenerationResult=null fpUpCharResult=null sdkReportedCapturedSize=0 initMatchResult=false initMatchInvoked=true capturedSize=0 capturedNonZeroBytes=0 base64LengthRead=684 storedSize=512 storedNonZeroBytes=198 matchTemplateExecuted=false result=CaptureError score=null threshold=100 decision=CAPTURE_FAILED failure=CaptureFailed uiMessage=No se pudo leer la huella. Coloque el dedo nuevamente.
07-18 12:28:42.493 31538 31538 D FINGERPRINT_RETRY: attemptId=59 state=READY_TO_RETRY waitingFingerLift=false fingerLiftDetected=null retryScheduled=true verificationJobActive=false retryJobActive=false cancelReason=null
