07-20 14:33:43.618   601 32599 I awb_adpt4.x: 1293, awb_sprd_ctrl_calculation_v4_x: AWB result : (1673,1024,1685) 4747K , fram_count : 1 , camera_id : 1, wb_mode : 0, bv : 528 ,work_mode : 0, lock: 0, bypass : 0;AWB lib 32x32: (1673,1024,1685) 4747K; cmc_result: (2171 -1129 -18; -197 1405 -184; 60 -425 1389).
07-20 14:33:43.621   601 32549 I Isharkl_s5k5e8yx: 396, s5k5e8yx_drv_access_val: sensor s5k5e8yx: param_ptr->type=1e
07-20 14:33:43.623   605   657 I mali_gralloc: allocate: id=25d000098a0, halFormat=YCrCb420-SP, maliFormat=NV21, afbc=false, usage=CPU_RW|GPU_R, size=960x720(1036800), stride=960, name=Lwp GraphicBuffer, costTime=0ms305us270
07-20 14:33:43.624   601 32539 D mali_gralloc: register: id=25d000098a0, handle=0xb400007a48f66950, importpid=601
07-20 14:33:43.627   601 32695 I FACE_TRACKER: [tracker_open,78]: CAM_ALGO_CV_FACE_TRACKER_LIBVER[1.0.2.2.1858790][Apr 12 2022][17:38:14]
07-20 14:33:43.639   650   697 D mali_gralloc: register: id=25d00009893, handle=0xb400007ba79e7450, importpid=650
07-20 14:33:43.640   601 32695 I FaceAlign: [faRecognize,309]: face i:0
07-20 14:33:43.635   650   650 W RenderEngine: type=1400 audit(0.0:121908): avc:  denied  { getattr } for  name="/" dev="dmabuf" ino=1 scontext=u:r:surfaceflinger:s0 tcontext=u:object_r:unlabeled:s0 tclass=filesystem permissive=0
07-20 14:33:43.640   601 32695 D UNN_ENGINE: Start Invoke 
07-20 14:33:43.640   601 32695 D UNN_ENGINE: Set Network Inputs.
07-20 14:33:43.640   601 32695 D UNN_ENGINE: Inputs t_shape: (1,1,64,64 ).
07-20 14:33:43.640   601 32695 D UNN_ENGINE: Session Info: backendType is 0
07-20 14:33:43.640   601 32695 D UNN_ENGINE: batch：1,channel：3, height：64, width：64 .
07-20 14:33:43.643   605   657 I mali_gralloc: allocate: id=25d000098a1, halFormat=IMPL-DEF, maliFormat=NV21, afbc=false, usage=CPU_R|GPU_R|HWC|WIDE, size=960x720(1036800), stride=960, name=SurfaceView[com.example.controlhorario/com.example.controlhorario.MainActivity]#1(BLAST Consumer)1, costTime=0ms420us770
07-20 14:33:43.644 31806 31883 D mali_gralloc: register: id=25d000098a1, handle=0xb4000070c463cf90, importpid=31806
07-20 14:33:43.644   601 32695 D UNN_ENGINE: Get Network Outputs.
07-20 14:33:43.645   601 32695 D UNN_ENGINE: Invoke is OK 
07-20 14:33:43.645   601 32695 I FDV3    : [find, 789]: src:960x720 detect:160 face_num=1 17.53 ms
07-20 14:33:43.645   601 32695 I libfacedetect: [FdGetFaceInfo,278]: x:468 y:218 width:289 height:289 yawAngle:0 rollAngle:90 score:89 hid:0 fid:1
07-20 14:33:43.645   601 32695 I libfacedetect: [FdGetFaceInfo,298]: FA attr result: eyeGlassesStatus(0), faceOccStatus(0), mouthStatus(0)
07-20 14:33:43.645   601 32695 I FaceDetectSDKNode: 921, fd_process: cam_id=1, 960x720, face_num=1, time=17 ms, frame_id=1, fd=0xaa
07-20 14:33:43.646   813 32552 D mali_gralloc: register: id=25d000098a1, handle=0xb40000723b856cb0, importpid=813
07-20 14:33:43.648   605   657 I mali_gralloc: allocate: id=25d000098a2, halFormat=YCbCr420-888, maliFormat=NV21, afbc=false, usage=CPU_R, size=640x480(460800), stride=640, name=ImageReader-640x480f23m4-31806-0, costTime=0ms196us385
07-20 14:33:43.648 31806 31883 D mali_gralloc: register: id=25d000098a2, handle=0xb4000070c463a3b0, importpid=31806
07-20 14:33:43.649   813 32552 D mali_gralloc: register: id=25d000098a2, handle=0xb40000723b856830, importpid=813
07-20 14:33:43.650   601 18096 D mali_gralloc: register: id=25d000098a1, handle=0xb400007a48ebf850, importpid=601
07-20 14:33:43.650   601 18096 D mali_gralloc: register: id=25d000098a2, handle=0xb400007a48f67910, importpid=601
07-20 14:33:43.652   606   606 D mali_gralloc: register: id=25d00009893, handle=0xb4000076cebc8210, importpid=606
07-20 14:33:43.678   601 32601 E smart_ctrl: 2078, smart_ctl_ioctl: smart can not be used any longer,atm lib has been deleted!
07-20 14:33:43.679   601 32599 I awb_adpt4.x: 197, _awb_ctrl_set_aem_info: roiwin_size_b:[h:30,w:40],roiblock_size_p[h:32,w:32]
07-20 14:33:43.679   601 32596 E isp_blk_com: 1527, smart_calc: block_result 0x78bf292a50
07-20 14:33:43.679   601 32596 E isp_blk_com: 1527, smart_calc: block_result 0x78bf292a50
07-20 14:33:43.679   601 32596 E isp_alg_fw: 4190, ispalg_ai_pro_param_compatible: ai status  is not correct
07-20 14:33:43.679   601 32599 I awb_adpt4.x: 1293, awb_sprd_ctrl_calculation_v4_x: AWB result : (1694,1024,1673) 4853K , fram_count : 2 , camera_id : 1, wb_mode : 0, bv : 528 ,work_mode : 0, lock: 0, bypass : 0;AWB lib 32x32: (1694,1024,1673) 4853K; cmc_result: (2169 -1126 -19; -189 1411 -198; 63 -395 1356).
07-20 14:33:43.680   601 32549 I Isharkl_s5k5e8yx: 396, s5k5e8yx_drv_access_val: sensor s5k5e8yx: param_ptr->type=1e
07-20 14:33:43.685   601 32695 I FaceAlign: [faRecognize,309]: face i:0
07-20 14:33:43.685   601 32695 D UNN_ENGINE: Start Invoke 
07-20 14:33:43.685   601 32695 D UNN_ENGINE: Set Network Inputs.
07-20 14:33:43.685   601 32695 D UNN_ENGINE: Inputs t_shape: (1,1,64,64 ).
07-20 14:33:43.685   601 32695 D UNN_ENGINE: Session Info: backendType is 0
07-20 14:33:43.685   601 32695 D UNN_ENGINE: batch：1,channel：3, height：64, width：64 .
07-20 14:33:43.687   650  1728 D mali_gralloc: register: id=25d00009895, handle=0xb400007ba79e9df0, importpid=650
07-20 14:33:43.687   601 32695 D UNN_ENGINE: Get Network Outputs.
07-20 14:33:43.687   601 32695 D UNN_ENGINE: Invoke is OK 
07-20 14:33:43.688   601 32695 I FDV3    : [find, 789]: src:960x720 detect:160 face_num=1 5.04 ms
07-20 14:33:43.688   601 32695 I libfacedetect: [FdGetFaceInfo,278]: x:468 y:218 width:289 height:289 yawAngle:1 rollAngle:90 score:89 hid:0 fid:2
07-20 14:33:43.688   601 32695 I libfacedetect: [FdGetFaceInfo,298]: FA attr result: eyeGlassesStatus(0), faceOccStatus(0), mouthStatus(0)
07-20 14:33:43.688   601 32695 I FaceDetectSDKNode: 921, fd_process: cam_id=1, 960x720, face_num=1, time=5 ms, frame_id=2, fd=0x58
07-20 14:33:43.683   650   650 W RenderEngine: type=1400 audit(0.0:121909): avc:  denied  { getattr } for  name="/" dev="dmabuf" ino=1 scontext=u:r:surfaceflinger:s0 tcontext=u:object_r:unlabeled:s0 tclass=filesystem permissive=0
07-20 14:33:43.690   605   657 I mali_gralloc: allocate: id=25d000098a3, halFormat=YCbCr420-888, maliFormat=NV21, afbc=false, usage=CPU_R, size=640x480(460800), stride=640, name=ImageReader-640x480f23m4-31806-0, costTime=0ms191us346
07-20 14:33:43.690 31806 31820 D mali_gralloc: register: id=25d000098a3, handle=0xb4000070c464a0d0, importpid=31806
07-20 14:33:43.691   813 32552 D mali_gralloc: register: id=25d000098a3, handle=0xb40000723b84ff90, importpid=813
07-20 14:33:43.692   601 18096 D mali_gralloc: register: id=25d000098a3, handle=0xb400007a48f64e50, importpid=601
07-20 14:33:43.702   606   606 D mali_gralloc: register: id=25d00009895, handle=0xb4000076cebc48b0, importpid=606
07-20 14:33:43.739   601 32601 E smart_ctrl: 2078, smart_ctl_ioctl: smart can not be used any longer,atm lib has been deleted!
07-20 14:33:43.739   601 32599 I awb_adpt4.x: 197, _awb_ctrl_set_aem_info: roiwin_size_b:[h:30,w:40],roiblock_size_p[h:32,w:32]
07-20 14:33:43.739   601 32596 E isp_blk_com: 1527, smart_calc: block_result 0x78bf292a50
07-20 14:33:43.740   601 32596 E isp_blk_com: 1527, smart_calc: block_result 0x78bf292a50
07-20 14:33:43.740   601 32596 E isp_alg_fw: 4190, ispalg_ai_pro_param_compatible: ai status  is not correct
07-20 14:33:43.741   601 32599 I awb_adpt4.x: 1293, awb_sprd_ctrl_calculation_v4_x: AWB result : (1694,1024,1673) 4853K , fram_count : 3 , camera_id : 1, wb_mode : 0, bv : 528 ,work_mode : 0, lock: 0, bypass : 0;AWB lib 32x32: (1694,1024,1673) 4853K; cmc_result: (2169 -1126 -19; -189 1411 -198; 63 -395 1356).
07-20 14:33:43.741   601 32549 I Isharkl_s5k5e8yx: 396, s5k5e8yx_drv_access_val: sensor s5k5e8yx: param_ptr->type=1e
07-20 14:33:43.747   650  1197 D mali_gralloc: register: id=25d00009897, handle=0xb400007ba79b8cb0, importpid=650
07-20 14:33:43.743   650   650 W RenderEngine: type=1400 audit(0.0:121910): avc:  denied  { getattr } for  name="/" dev="dmabuf" ino=1 scontext=u:r:surfaceflinger:s0 tcontext=u:object_r:unlabeled:s0 tclass=filesystem permissive=0
07-20 14:33:43.749   601 32695 I FaceAlign: [faRecognize,309]: face i:0
07-20 14:33:43.750   601 32695 D UNN_ENGINE: Start Invoke 
07-20 14:33:43.750   601 32695 D UNN_ENGINE: Set Network Inputs.
07-20 14:33:43.750   601 32695 D UNN_ENGINE: Inputs t_shape: (1,1,64,64 ).
07-20 14:33:43.750   601 32695 D UNN_ENGINE: Session Info: backendType is 0
07-20 14:33:43.750   601 32695 D UNN_ENGINE: batch：1,channel：3, height：64, width：64 .
07-20 14:33:43.752   606   606 D mali_gralloc: register: id=25d00009897, handle=0xb4000076cebc7c70, importpid=606
07-20 14:33:43.754   601 32695 D UNN_ENGINE: Get Network Outputs.
07-20 14:33:43.754   601 32695 D UNN_ENGINE: Invoke is OK 
07-20 14:33:43.754   601 32695 I FDV3    : [find, 789]: src:960x720 detect:160 face_num=1 9.97 ms
07-20 14:33:43.754   601 32695 I libfacedetect: [FdGetFaceInfo,278]: x:468 y:218 width:289 height:289 yawAngle:1 rollAngle:90 score:89 hid:0 fid:3
07-20 14:33:43.754   601 32695 I libfacedetect: [FdGetFaceInfo,298]: FA attr result: eyeGlassesStatus(0), faceOccStatus(0), mouthStatus(0)
07-20 14:33:43.755   601 32695 I FaceDetectSDKNode: 921, fd_process: cam_id=1, 960x720, face_num=1, time=10 ms, frame_id=3, fd=0xaa
07-20 14:33:43.769   601 32572 I Isharkl_s5k5e8yx: 587, s5k5e8yx_drv_read_aec_info: E
07-20 14:33:43.769   601 32572 I Isharkl_s5k5e8yx: 154, s5k5e8yx_drv_calc_exposure: fps = 16.600750
07-20 14:33:43.769   601 32572 I Isharkl_s5k5e8yx: 159, s5k5e8yx_drv_calc_exposure: mode = 1, exposure_line = 1958, dummy_line= 8, frame_interval= 60 ms
07-20 14:33:43.769   601 32572 I Isharkl_s5k5e8yx: 186, s5k5e8yx_drv_calc_gain: isp_gain = 0x38f,sensor_gain=0xe3
07-20 14:33:43.769   601 32572 I sns_drv_u: 4984, sensor_ic_write_multi_ae_info: group hold interface is null please check it !!!
07-20 14:33:43.800   601 32601 E smart_ctrl: 2078, smart_ctl_ioctl: smart can not be used any longer,atm lib has been deleted!
07-20 14:33:43.801   601 32599 I awb_adpt4.x: 197, _awb_ctrl_set_aem_info: roiwin_size_b:[h:30,w:40],roiblock_size_p[h:32,w:32]
07-20 14:33:43.801   601 32596 E isp_blk_com: 1527, smart_calc: block_result 0x78bf292a50
07-20 14:33:43.801   601 32596 E isp_blk_com: 1527, smart_calc: block_result 0x78bf292a50
07-20 14:33:43.801   601 32596 E isp_alg_fw: 4190, ispalg_ai_pro_param_compatible: ai status  is not correct
07-20 14:33:43.802   601 32599 I awb_adpt4.x: 1293, awb_sprd_ctrl_calculation_v4_x: AWB result : (1686,1024,1674) 4816K , fram_count : 4 , camera_id : 1, wb_mode : 0, bv : 529 ,work_mode : 0, lock: 0, bypass : 0;AWB lib 32x32: (1686,1024,1674) 4816K; cmc_result: (2170 -1127 -19; -192 1409 -193; 62 -405 1367).
07-20 14:33:43.802   601 32549 I Isharkl_s5k5e8yx: 396, s5k5e8yx_drv_access_val: sensor s5k5e8yx: param_ptr->type=1e
07-20 14:33:43.803 31806 32704 V FaceDetectorV2Jni: initialize.start()
07-20 14:33:43.808   650  1197 D mali_gralloc: register: id=25d00009899, handle=0xb400007ba79e5710, importpid=650
07-20 14:33:43.803   650   650 W RenderEngine: type=1400 audit(0.0:121911): avc:  denied  { getattr } for  name="/" dev="dmabuf" ino=1 scontext=u:r:surfaceflinger:s0 tcontext=u:object_r:unlabeled:s0 tclass=filesystem permissive=0
07-20 14:33:43.809 31806 32704 I native  : I0000 00:00:1784572423.809479   32704 face_detector_v2_jni.cc:34] Loading models_bundled/fssd_25_8bit_v2.tflite
07-20 14:33:43.810   601 32695 I FaceAlign: [faRecognize,309]: face i:0
07-20 14:33:43.810 31806 32704 I native  : I0000 00:00:1784572423.810381   32704 face_detector_v2_jni.cc:34] Loading models_bundled/fssd_25_8bit_gray_v2.tflite
07-20 14:33:43.810   601 32695 D UNN_ENGINE: Start Invoke 
07-20 14:33:43.810   601 32695 D UNN_ENGINE: Set Network Inputs.
07-20 14:33:43.810   601 32695 D UNN_ENGINE: Inputs t_shape: (1,1,64,64 ).
07-20 14:33:43.810   601 32695 D UNN_ENGINE: Session Info: backendType is 0
07-20 14:33:43.810   601 32695 D UNN_ENGINE: batch：1,channel：3, height：64, width：64 .
07-20 14:33:43.811 31806 32704 I native  : I0000 00:00:1784572423.811023   32704 face_detector_v2_jni.cc:34] Loading models_bundled/fssd_anchors_v2.pb
07-20 14:33:43.811 31806 32704 I native  : I0000 00:00:1784572423.811318   32704 face_detector_v2_jni.cc:34] Loading models_bundled/LMprec_600.emd
07-20 14:33:43.813   601 32695 D UNN_ENGINE: Get Network Outputs.
07-20 14:33:43.813   601 32695 D UNN_ENGINE: Invoke is OK 
07-20 14:33:43.813   601 32695 I FDV3    : [find, 789]: src:960x720 detect:160 face_num=1 8.50 ms
07-20 14:33:43.813   601 32695 I libfacedetect: [FdGetFaceInfo,278]: x:468 y:218 width:289 height:289 yawAngle:0 rollAngle:90 score:89 hid:0 fid:4
07-20 14:33:43.813   601 32695 I libfacedetect: [FdGetFaceInfo,298]: FA attr result: eyeGlassesStatus(0), faceOccStatus(0), mouthStatus(0)
07-20 14:33:43.813   601 32695 I FaceDetectSDKNode: 921, fd_process: cam_id=1, 960x720, face_num=1, time=8 ms, frame_id=4, fd=0x58
07-20 14:33:43.818   606   606 D mali_gralloc: register: id=25d00009899, handle=0xb4000076cebc3e90, importpid=606
07-20 14:33:43.828 31806 32704 I native  : I0000 00:00:1784572423.828021   32704 face_detector_v2_jni.cc:34] Loading models_bundled/BCLlefteyeclosed_200.emd
07-20 14:33:43.828 31806 32704 I native  : I0000 00:00:1784572423.828504   32704 face_detector_v2_jni.cc:34] Loading models_bundled/BCLrighteyeclosed_200.emd
07-20 14:33:43.828 31806 32704 I native  : I0000 00:00:1784572423.828808   32704 face_detector_v2_jni.cc:34] Loading models_bundled/BCLjoy_200.emd
07-20 14:33:43.829 31806 32704 I native  : I0000 00:00:1784572423.829195   32704 face_detector_v2_jni.cc:34] Loading models_bundled/MFT_fssd_fastgray.pb
07-20 14:33:43.829 31806 32704 I native  : I0000 00:00:1784572423.829351   32704 face_detector_v2_jni.cc:34] Loading models_bundled/contours.tfl
07-20 14:33:43.837   601 32572 I Isharkl_s5k5e8yx: 587, s5k5e8yx_drv_read_aec_info: E
07-20 14:33:43.837   601 32572 I Isharkl_s5k5e8yx: 154, s5k5e8yx_drv_calc_exposure: fps = 16.600750
07-20 14:33:43.837   601 32572 I Isharkl_s5k5e8yx: 159, s5k5e8yx_drv_calc_exposure: mode = 1, exposure_line = 1958, dummy_line= 8, frame_interval= 60 ms
07-20 14:33:43.837   601 32572 I Isharkl_s5k5e8yx: 186, s5k5e8yx_drv_calc_gain: isp_gain = 0x3a0,sensor_gain=0xe8
07-20 14:33:43.837   601 32572 I sns_drv_u: 4984, sensor_ic_write_multi_ae_info: group hold interface is null please check it !!!
07-20 14:33:43.871   601 32601 E smart_ctrl: 2078, smart_ctl_ioctl: smart can not be used any longer,atm lib has been deleted!
07-20 14:33:43.871   601 32596 E isp_blk_com: 1527, smart_calc: block_result 0x78bf292a50
07-20 14:33:43.871   601 32599 I awb_adpt4.x: 197, _awb_ctrl_set_aem_info: roiwin_size_b:[h:30,w:40],roiblock_size_p[h:32,w:32]
07-20 14:33:43.872   601 32596 E isp_blk_com: 1527, smart_calc: block_result 0x78bf292a50
07-20 14:33:43.872   601 32596 E isp_alg_fw: 4190, ispalg_ai_pro_param_compatible: ai status  is not correct
07-20 14:33:43.872   601 32599 I awb_adpt4.x: 1293, awb_sprd_ctrl_calculation_v4_x: AWB result : (1686,1024,1674) 4816K , fram_count : 5 , camera_id : 1, wb_mode : 0, bv : 529 ,work_mode : 0, lock: 0, bypass : 0;AWB lib 32x32: (1686,1024,1674) 4816K; cmc_result: (2170 -1127 -19; -192 1409 -193; 62 -405 1367).
07-20 14:33:43.878   601 32549 I Isharkl_s5k5e8yx: 396, s5k5e8yx_drv_access_val: sensor s5k5e8yx: param_ptr->type=1e
07-20 14:33:43.903   601 32572 I Isharkl_s5k5e8yx: 587, s5k5e8yx_drv_read_aec_info: E
07-20 14:33:43.903   601 32572 I Isharkl_s5k5e8yx: 154, s5k5e8yx_drv_calc_exposure: fps = 16.600750
07-20 14:33:43.903   601 32572 I Isharkl_s5k5e8yx: 159, s5k5e8yx_drv_calc_exposure: mode = 1, exposure_line = 1958, dummy_line= 8, frame_interval= 60 ms
07-20 14:33:43.903   601 32572 I Isharkl_s5k5e8yx: 186, s5k5e8yx_drv_calc_gain: isp_gain = 0x3b2,sensor_gain=0xec
07-20 14:33:43.903   601 32572 I sns_drv_u: 4984, sensor_ic_write_multi_ae_info: group hold interface is null please check it !!!
07-20 14:33:43.923   601 32601 E smart_ctrl: 2078, smart_ctl_ioctl: smart can not be used any longer,atm lib has been deleted!
07-20 14:33:43.923   601 32599 I awb_adpt4.x: 197, _awb_ctrl_set_aem_info: roiwin_size_b:[h:30,w:40],roiblock_size_p[h:32,w:32]
07-20 14:33:43.923   601 32596 E isp_blk_com: 1527, smart_calc: block_result 0x78bf292a50
07-20 14:33:43.924   601 32596 E isp_blk_com: 1527, smart_calc: block_result 0x78bf292a50
07-20 14:33:43.924   601 32596 E isp_alg_fw: 4190, ispalg_ai_pro_param_compatible: ai status  is not correct
07-20 14:33:43.925   601 32599 I awb_adpt4.x: 1293, awb_sprd_ctrl_calculation_v4_x: AWB result : (1694,1024,1673) 4853K , fram_count : 6 , camera_id : 1, wb_mode : 0, bv : 528 ,work_mode : 0, lock: 0, bypass : 0;AWB lib 32x32: (1694,1024,1673) 4853K; cmc_result: (2169 -1126 -19; -189 1411 -198; 63 -395 1356).
07-20 14:33:44.373   601 32572 I Isharkl_s5k5e8yx: 587, s5k5e8yx_drv_read_aec_info: E
07-20 14:33:44.373   601 32572 I Isharkl_s5k5e8yx: 154, s5k5e8yx_drv_calc_exposure: fps = 16.600750
07-20 14:33:44.373   601 32572 I Isharkl_s5k5e8yx: 159, s5k5e8yx_drv_calc_exposure: mode = 1, exposure_line = 1958, dummy_line= 8, frame_interval= 60 ms
07-20 14:33:44.373   601 32572 I Isharkl_s5k5e8yx: 186, s5k5e8yx_drv_calc_gain: isp_gain = 0x3c2,sensor_gain=0xf0
07-20 14:33:44.373   601 32572 I sns_drv_u: 4984, sensor_ic_write_multi_ae_info: group hold interface is null please check it !!!
07-20 14:33:44.374   601 32601 E smart_ctrl: 2078, smart_ctl_ioctl: smart can not be used any longer,atm lib has been deleted!
07-20 14:33:44.375   601 32596 E isp_blk_com: 1527, smart_calc: block_result 0x78bf292a50
07-20 14:33:44.375   601 32596 E isp_blk_com: 1527, smart_calc: block_result 0x78bf292a50
07-20 14:33:44.375   601 32596 E isp_alg_fw: 4190, ispalg_ai_pro_param_compatible: ai status  is not correct
07-20 14:33:44.381   601 32601 E smart_ctrl: 2078, smart_ctl_ioctl: smart can not be used any longer,atm lib has been deleted!
07-20 14:33:44.382   601 32596 E isp_blk_com: 1527, smart_calc: block_result 0x78bf292a50
07-20 14:33:44.382   601 32596 E isp_blk_com: 1527, smart_calc: block_result 0x78bf292a50
07-20 14:33:44.382   601 32596 E isp_alg_fw: 4190, ispalg_ai_pro_param_compatible: ai status  is not correct
07-20 14:33:44.391   601 32601 E smart_ctrl: 2078, smart_ctl_ioctl: smart can not be used any longer,atm lib has been deleted!
07-20 14:33:44.391   601 32596 E isp_blk_com: 1527, smart_calc: block_result 0x78bf292a50
07-20 14:33:44.392   601 32596 E isp_blk_com: 1527, smart_calc: block_result 0x78bf292a50
07-20 14:33:44.392   601 32596 E isp_alg_fw: 4190, ispalg_ai_pro_param_compatible: ai status  is not correct
07-20 14:33:44.405   601 32549 I Isharkl_s5k5e8yx: 396, s5k5e8yx_drv_access_val: sensor s5k5e8yx: param_ptr->type=1e
07-20 14:33:44.405   601 32572 I Isharkl_s5k5e8yx: 587, s5k5e8yx_drv_read_aec_info: E
07-20 14:33:44.405   601 32572 I Isharkl_s5k5e8yx: 154, s5k5e8yx_drv_calc_exposure: fps = 16.600750
07-20 14:33:44.405   601 32572 I Isharkl_s5k5e8yx: 159, s5k5e8yx_drv_calc_exposure: mode = 1, exposure_line = 1958, dummy_line= 8, frame_interval= 60 ms
07-20 14:33:44.406   601 32572 I Isharkl_s5k5e8yx: 186, s5k5e8yx_drv_calc_gain: isp_gain = 0x3e5,sensor_gain=0xf9
07-20 14:33:44.406   601 32599 I awb_adpt4.x: 197, _awb_ctrl_set_aem_info: roiwin_size_b:[h:30,w:40],roiblock_size_p[h:32,w:32]
07-20 14:33:44.406   601 32572 I sns_drv_u: 4984, sensor_ic_write_multi_ae_info: group hold interface is null please check it !!!
07-20 14:33:44.406   601 32601 E smart_ctrl: 2078, smart_ctl_ioctl: smart can not be used any longer,atm lib has been deleted!
07-20 14:33:44.406   601 32599 I awb_adpt4.x: 1293, awb_sprd_ctrl_calculation_v4_x: AWB result : (1686,1024,1674) 4816K , fram_count : 7 , camera_id : 1, wb_mode : 0, bv : 529 ,work_mode : 0, lock: 0, bypass : 0;AWB lib 32x32: (1686,1024,1674) 4816K; cmc_result: (2170 -1127 -19; -192 1409 -193; 62 -405 1367).
07-20 14:33:44.406   601 32596 E isp_blk_com: 1527, smart_calc: block_result 0x78bf292a50
07-20 14:33:44.407   601 32549 I Isharkl_s5k5e8yx: 396, s5k5e8yx_drv_access_val: sensor s5k5e8yx: param_ptr->type=1e
07-20 14:33:44.407   601 32599 I awb_adpt4.x: 197, _awb_ctrl_set_aem_info: roiwin_size_b:[h:30,w:40],roiblock_size_p[h:32,w:32]
07-20 14:33:44.407   601 32596 E isp_blk_com: 1527, smart_calc: block_result 0x78bf292a50
07-20 14:33:44.407   601 32596 E isp_alg_fw: 4190, ispalg_ai_pro_param_compatible: ai status  is not correct
07-20 14:33:44.407   601 32599 I awb_adpt4.x: 1293, awb_sprd_ctrl_calculation_v4_x: AWB result : (1679,1024,1676) 4779K , fram_count : 8 , camera_id : 1, wb_mode : 0, bv : 528 ,work_mode : 0, lock: 0, bypass : 0;AWB lib 32x32: (1679,1024,1676) 4779K; cmc_result: (2171 -1128 -19; -195 1407 -188; 61 -415 1378).
07-20 14:33:44.408   601 32549 I Isharkl_s5k5e8yx: 396, s5k5e8yx_drv_access_val: sensor s5k5e8yx: param_ptr->type=1e
07-20 14:33:44.408   601 32599 I awb_adpt4.x: 197, _awb_ctrl_set_aem_info: roiwin_size_b:[h:30,w:40],roiblock_size_p[h:32,w:32]
07-20 14:33:44.409   601 32599 I awb_adpt4.x: 1293, awb_sprd_ctrl_calculation_v4_x: AWB result : (1694,1024,1673) 4853K , fram_count : 9 , camera_id : 1, wb_mode : 0, bv : 528 ,work_mode : 0, lock: 0, bypass : 0;AWB lib 32x32: (1694,1024,1673) 4853K; cmc_result: (2169 -1126 -19; -189 1411 -198; 63 -395 1356).
07-20 14:33:44.409   601 32549 I Isharkl_s5k5e8yx: 396, s5k5e8yx_drv_access_val: sensor s5k5e8yx: param_ptr->type=1e
07-20 14:33:44.409   601 32599 I awb_adpt4.x: 197, _awb_ctrl_set_aem_info: roiwin_size_b:[h:30,w:40],roiblock_size_p[h:32,w:32]
07-20 14:33:44.410   601 32599 I awb_adpt4.x: 1293, awb_sprd_ctrl_calculation_v4_x: AWB result : (1694,1024,1673) 4853K , fram_count : 10 , camera_id : 1, wb_mode : 0, bv : 528 ,work_mode : 0, lock: 0, bypass : 0;AWB lib 32x32: (1694,1024,1673) 4853K; cmc_result: (2169 -1126 -19; -189 1411 -198; 63 -395 1356).
07-20 14:33:44.410  2445  2445 I Choreographer: Skipped 34 frames!  The application may be doing too much work on its main thread.
07-20 14:33:44.410   601 32549 I Isharkl_s5k5e8yx: 396, s5k5e8yx_drv_access_val: sensor s5k5e8yx: param_ptr->type=1e
07-20 14:33:44.413  1066  1311 W EnhanceManagerService: Excessive delay setLux: 191 ms
07-20 14:33:44.414   601 32695 D FDV3    : [FaceAlignDetect, 1361]: FA result copy
07-20 14:33:44.414   601 32695 I FDV3    : [find, 789]: src:960x720 detect:160 face_num=1 530.88 ms
07-20 14:33:44.414   601 32695 I libfacedetect: [FdGetFaceInfo,278]: x:468 y:218 width:289 height:289 yawAngle:0 rollAngle:90 score:89 hid:0 fid:5
07-20 14:33:44.414   601 32695 I libfacedetect: [FdGetFaceInfo,298]: FA attr result: eyeGlassesStatus(0), faceOccStatus(0), mouthStatus(0)
07-20 14:33:44.414   601 32695 I FaceDetectSDKNode: 921, fd_process: cam_id=1, 960x720, face_num=1, time=530 ms, frame_id=5, fd=0xaa
07-20 14:33:44.425  1066  1549 D SSense.GalleryAppSceneRecognizer: GalleryAppScene for uid:10275 pkg name:com.example.controlhorario sceneId:0 changed:false mCurrentFlingAppName:null
07-20 14:33:44.416 31806 32526 W .controlhorario: Verification of void com.google.android.gms.internal.mlkit_vision_common.zzgh.configure(com.google.firebase.encoders.config.EncoderConfig) took 613.184ms (1394.36 bytecodes/s) (0B arena alloc)
07-20 14:33:44.440   601 32572 I Isharkl_s5k5e8yx: 587, s5k5e8yx_drv_read_aec_info: E
07-20 14:33:44.440   601 32572 I Isharkl_s5k5e8yx: 154, s5k5e8yx_drv_calc_exposure: fps = 16.600750
07-20 14:33:44.440   601 32572 I Isharkl_s5k5e8yx: 159, s5k5e8yx_drv_calc_exposure: mode = 1, exposure_line = 1958, dummy_line= 8, frame_interval= 60 ms
07-20 14:33:44.440   601 32572 I Isharkl_s5k5e8yx: 186, s5k5e8yx_drv_calc_gain: isp_gain = 0x3f0,sensor_gain=0xfc
07-20 14:33:44.440   601 32572 I sns_drv_u: 4984, sensor_ic_write_multi_ae_info: group hold interface is null please check it !!!
07-20 14:33:44.447 31806 31806 I Choreographer: Skipped 34 frames!  The application may be doing too much work on its main thread.
07-20 14:33:44.452   601 32695 I FaceAlign: [faRecognize,309]: face i:0
07-20 14:33:44.452   601 32695 D UNN_ENGINE: Start Invoke 
07-20 14:33:44.452   601 32695 D UNN_ENGINE: Set Network Inputs.
07-20 14:33:44.452   601 32695 D UNN_ENGINE: Inputs t_shape: (1,1,64,64 ).
07-20 14:33:44.452   601 32695 D UNN_ENGINE: Session Info: backendType is 0
07-20 14:33:44.452   601 32695 D UNN_ENGINE: batch：1,channel：3, height：64, width：64 .
07-20 14:33:44.453  2445  2445 W Looper  : Slow delivery took 575ms main h=android.view.Choreographer$FrameHandler c=android.view.Choreographer$FrameDisplayEventReceiver@c6cec56 m=0
07-20 14:33:44.456   601 32695 D UNN_ENGINE: Get Network Outputs.
07-20 14:33:44.457   601 32695 D UNN_ENGINE: Invoke is OK 
07-20 14:33:44.457  2445  2445 W Looper  : Drained
07-20 14:33:44.457   601 32695 I FDV3    : [find, 789]: src:960x720 detect:160 face_num=1 11.62 ms
07-20 14:33:44.457   601 32695 I libfacedetect: [FdGetFaceInfo,278]: x:468 y:218 width:289 height:289 yawAngle:1 rollAngle:90 score:89 hid:0 fid:10
07-20 14:33:44.457   601 32695 I libfacedetect: [FdGetFaceInfo,298]: FA attr result: eyeGlassesStatus(0), faceOccStatus(0), mouthStatus(0)
07-20 14:33:44.457   601 32695 I FaceDetectSDKNode: 921, fd_process: cam_id=1, 960x720, face_num=1, time=11 ms, frame_id=10, fd=0x58
07-20 14:33:44.462 31806 32704 I native  : I0000 00:00:1784572424.461936   32704 face_detector_v2_jni.cc:34] Loading models_bundled/blazeface.tfl
07-20 14:33:44.469 31806 32704 I tflite  : Initialized TensorFlow Lite runtime.
07-20 14:33:44.470   601 32601 E smart_ctrl: 2078, smart_ctl_ioctl: smart can not be used any longer,atm lib has been deleted!
07-20 14:33:44.470   601 32599 I awb_adpt4.x: 197, _awb_ctrl_set_aem_info: roiwin_size_b:[h:30,w:40],roiblock_size_p[h:32,w:32]
07-20 14:33:44.470   601 32596 E isp_blk_com: 1527, smart_calc: block_result 0x78bf292a50
07-20 14:33:44.470   601 32596 E isp_blk_com: 1527, smart_calc: block_result 0x78bf292a50
07-20 14:33:44.471   601 32596 E isp_alg_fw: 4190, ispalg_ai_pro_param_compatible: ai status  is not correct
07-20 14:33:44.471   601 32599 I awb_adpt4.x: 1293, awb_sprd_ctrl_calculation_v4_x: AWB result : (1679,1024,1676) 4779K , fram_count : 11 , camera_id : 1, wb_mode : 0, bv : 527 ,work_mode : 0, lock: 0, bypass : 0;AWB lib 32x32: (1679,1024,1676) 4779K; cmc_result: (2171 -1128 -19; -195 1407 -188; 61 -415 1378).
07-20 14:33:44.472 31806 32704 W libc    : Access denied finding property "ro.hardware.chipname"
07-20 14:33:44.472 31806 32704 I tflite  : Created TensorFlow Lite XNNPACK delegate for CPU.
07-20 14:33:44.473 31806 32704 I tflite  : Replacing 65 out of 65 node(s) with delegate (TfLiteXNNPackDelegate) node, yielding 1 partitions for the whole graph.
07-20 14:33:44.475   601 32549 I Isharkl_s5k5e8yx: 396, s5k5e8yx_drv_access_val: sensor s5k5e8yx: param_ptr->type=1e
07-20 14:33:44.478 31806 32704 I tflite  : Replacing 65 out of 65 node(s) with delegate (TfLiteXNNPackDelegate) node, yielding 1 partitions for the whole graph.
07-20 14:33:44.483 31806 32704 V FaceDetectorV2Jni: initialize.end()
07-20 14:33:44.485 31806 32704 V FaceDetectorV2Jni: detectFacesImageByteBufferMultiPlanes.start()
07-20 14:33:44.488 31806 32704 I tflite  : Replacing 65 out of 65 node(s) with delegate (TfLiteXNNPackDelegate) node, yielding 1 partitions for the whole graph.
07-20 14:33:44.492   650  1197 D mali_gralloc: register: id=25d0000989b, handle=0xb400007ba79e53b0, importpid=650
07-20 14:33:44.493 31806 32525 D TransportRuntime.SQLiteEventStore: Storing event with priority=VERY_LOW, name=FIREBASE_ML_SDK for destination cct
07-20 14:33:44.487   650   650 W RenderEngine: type=1400 audit(0.0:121912): avc:  denied  { getattr } for  name="/" dev="dmabuf" ino=1 scontext=u:r:surfaceflinger:s0 tcontext=u:object_r:unlabeled:s0 tclass=filesystem permissive=0
07-20 14:33:44.498   650  1197 D mali_gralloc: register: id=25d0000989e, handle=0xb400007ba79de690, importpid=650
07-20 14:33:44.499   606   606 D mali_gralloc: register: id=25d0000989b, handle=0xb4000076cebc80f0, importpid=606
07-20 14:33:44.499   601 32572 I Isharkl_s5k5e8yx: 587, s5k5e8yx_drv_read_aec_info: E
07-20 14:33:44.499   601 32572 I Isharkl_s5k5e8yx: 154, s5k5e8yx_drv_calc_exposure: fps = 16.600750
07-20 14:33:44.500   601 32572 I Isharkl_s5k5e8yx: 159, s5k5e8yx_drv_calc_exposure: mode = 1, exposure_line = 1958, dummy_line= 8, frame_interval= 60 ms
07-20 14:33:44.500   601 32572 I Isharkl_s5k5e8yx: 186, s5k5e8yx_drv_calc_gain: isp_gain = 0x3fb,sensor_gain=0xfe
07-20 14:33:44.500   601 32572 I sns_drv_u: 4984, sensor_ic_write_multi_ae_info: group hold interface is null please check it !!!
07-20 14:33:44.501   605   657 I mali_gralloc: allocate: id=25d000098a4, halFormat=IMPL-DEF, maliFormat=NV21, afbc=false, usage=CPU_R|GPU_R|HWC|WIDE, size=960x720(1036800), stride=960, name=SurfaceView[com.example.controlhorario/com.example.controlhorario.MainActivity]#1(BLAST Consumer)1, costTime=0ms343us807
07-20 14:33:44.495   650   650 W RenderEngine: type=1400 audit(0.0:121913): avc:  denied  { getattr } for  name="/" dev="dmabuf" ino=1 scontext=u:r:surfaceflinger:s0 tcontext=u:object_r:unlabeled:s0 tclass=filesystem permissive=0
07-20 14:33:44.501 31806 31883 D mali_gralloc: register: id=25d000098a4, handle=0xb4000070c464be10, importpid=31806
07-20 14:33:44.503   650  1197 D mali_gralloc: register: id=25d000098a1, handle=0xb400007ba79e66d0, importpid=650
07-20 14:33:44.499   650   650 W RenderEngine: type=1400 audit(0.0:121914): avc:  denied  { getattr } for  name="/" dev="dmabuf" ino=1 scontext=u:r:surfaceflinger:s0 tcontext=u:object_r:unlabeled:s0 tclass=filesystem permissive=0
07-20 14:33:44.507   813 32552 D mali_gralloc: register: id=25d000098a4, handle=0xb40000723b855e10, importpid=813
07-20 14:33:44.509   601   573 D mali_gralloc: register: id=25d000098a4, handle=0xb400007a48f6bc90, importpid=601
07-20 14:33:44.514 31806 32525 D TransportRuntime.JobInfoScheduler: Upload for context TransportContext(cct, VERY_LOW, MSRodHRwczovL2ZpcmViYXNlbG9nZ2luZy5nb29nbGVhcGlzLmNvbS92MGNjL2xvZy9iYXRjaD9mb3JtYXQ9anNvbl9wcm90bzNc) is already scheduled. Returning...
07-20 14:33:44.516   606   606 D mali_gralloc: register: id=25d000098a1, handle=0xb4000076cebca3d0, importpid=606
07-20 14:33:44.530   601 32601 E smart_ctrl: 2078, smart_ctl_ioctl: smart can not be used any longer,atm lib has been deleted!
07-20 14:33:44.531   601 32599 I awb_adpt4.x: 197, _awb_ctrl_set_aem_info: roiwin_size_b:[h:30,w:40],roiblock_size_p[h:32,w:32]
07-20 14:33:44.531   601 32596 E isp_blk_com: 1527, smart_calc: block_result 0x78bf292a50
07-20 14:33:44.531   601 32596 E isp_blk_com: 1527, smart_calc: block_result 0x78bf292a50
07-20 14:33:44.531   601 32596 E isp_alg_fw: 4190, ispalg_ai_pro_param_compatible: ai status  is not correct
07-20 14:33:44.533   601 32599 I awb_adpt4.x: 1293, awb_sprd_ctrl_calculation_v4_x: AWB result : (1686,1024,1674) 4816K , fram_count : 12 , camera_id : 1, wb_mode : 0, bv : 524 ,work_mode : 0, lock: 0, bypass : 0;AWB lib 32x32: (1686,1024,1674) 4816K; cmc_result: (2170 -1127 -19; -192 1409 -193; 62 -405 1367).
07-20 14:33:44.533   601 32549 I Isharkl_s5k5e8yx: 396, s5k5e8yx_drv_access_val: sensor s5k5e8yx: param_ptr->type=1e
07-20 14:33:44.543   605   657 I mali_gralloc: allocate: id=25d000098a5, halFormat=YCbCr420-888, maliFormat=NV21, afbc=false, usage=CPU_R, size=640x480(460800), stride=640, name=ImageReader-640x480f23m4-31806-0, costTime=1ms122us616
07-20 14:33:44.545 31806 31832 D mali_gralloc: register: id=25d000098a5, handle=0xb4000070c4650730, importpid=31806
07-20 14:33:44.545   813 32552 D mali_gralloc: register: id=25d000098a5, handle=0xb40000723b852a50, importpid=813
07-20 14:33:44.547   601   573 D mali_gralloc: register: id=25d000098a5, handle=0xb400007a48f6e990, importpid=601
07-20 14:33:44.560   601 32572 I Isharkl_s5k5e8yx: 587, s5k5e8yx_drv_read_aec_info: E
07-20 14:33:44.560   601 32572 I Isharkl_s5k5e8yx: 154, s5k5e8yx_drv_calc_exposure: fps = 16.600750
07-20 14:33:44.560   601 32572 I Isharkl_s5k5e8yx: 159, s5k5e8yx_drv_calc_exposure: mode = 1, exposure_line = 1958, dummy_line= 8, frame_interval= 60 ms
07-20 14:33:44.560   601 32572 I Isharkl_s5k5e8yx: 186, s5k5e8yx_drv_calc_gain: isp_gain = 0x400,sensor_gain=0x100
07-20 14:33:44.560   601 32572 I sns_drv_u: 4984, sensor_ic_write_multi_ae_info: group hold interface is null please check it !!!
07-20 14:33:44.566   601 32695 I FDV3    : [getDetectYoloImage, 240]: orientation: 3
07-20 14:33:44.573   601 32695 D FDV3    : [MNNRun, 358]: Now net input image size: 160, 128
07-20 14:33:44.574   601 32695 D UNN_ENGINE: Start Invoke 
07-20 14:33:44.574   601 32695 D UNN_ENGINE: Set Network Inputs.
07-20 14:33:44.574   601 32695 D UNN_ENGINE: Inputs t_shape: (1,3,160,128 ).
07-20 14:33:44.574   601 32695 D UNN_ENGINE: Session Info: backendType is 0
07-20 14:33:44.574   601 32695 D UNN_ENGINE: batch：1,channel：3, height：160, width：128 .
07-20 14:33:44.591   601 32601 E smart_ctrl: 2078, smart_ctl_ioctl: smart can not be used any longer,atm lib has been deleted!
07-20 14:33:44.591   601 32599 I awb_adpt4.x: 197, _awb_ctrl_set_aem_info: roiwin_size_b:[h:30,w:40],roiblock_size_p[h:32,w:32]
07-20 14:33:44.592   601 32596 E isp_blk_com: 1527, smart_calc: block_result 0x78bf292a50
07-20 14:33:44.592   601 32596 E isp_blk_com: 1527, smart_calc: block_result 0x78bf292a50
07-20 14:33:44.592   601 32596 E isp_alg_fw: 4190, ispalg_ai_pro_param_compatible: ai status  is not correct
07-20 14:33:44.592   601 32599 I awb_adpt4.x: 1293, awb_sprd_ctrl_calculation_v4_x: AWB result : (1694,1024,1673) 4853K , fram_count : 13 , camera_id : 1, wb_mode : 0, bv : 523 ,work_mode : 0, lock: 0, bypass : 0;AWB lib 32x32: (1694,1024,1673) 4853K; cmc_result: (2169 -1126 -19; -189 1411 -198; 63 -395 1356).
07-20 14:33:44.592   601 32549 I Isharkl_s5k5e8yx: 396, s5k5e8yx_drv_access_val: sensor s5k5e8yx: param_ptr->type=1e
07-20 14:33:44.599   601 32695 D UNN_ENGINE: Get Network Outputs.
07-20 14:33:44.599   601 32695 D UNN_ENGINE: Invoke is OK 
07-20 14:33:44.599   601 32695 I FaceAlign: [faRecognize,309]: face i:0
07-20 14:33:44.600   601 32695 D UNN_ENGINE: Start Invoke 
07-20 14:33:44.600   601 32695 D UNN_ENGINE: Set Network Inputs.
07-20 14:33:44.600   601 32695 D UNN_ENGINE: Inputs t_shape: (1,1,64,64 ).
07-20 14:33:44.600   601 32695 D UNN_ENGINE: Session Info: backendType is 0
07-20 14:33:44.600   601 32695 D UNN_ENGINE: batch：1,channel：3, height：64, width：64 .
07-20 14:33:44.604   601 32695 D UNN_ENGINE: Get Network Outputs.
07-20 14:33:44.605   601 32695 D UNN_ENGINE: Invoke is OK 
07-20 14:33:44.605   601 32695 I FDV3    : [find, 789]: src:960x720 detect:160 face_num=1 54.17 ms
07-20 14:33:44.605   601 32695 I libfacedetect: [FdGetFaceInfo,278]: x:451 y:218 width:289 height:290 yawAngle:1 rollAngle:90 score:89 hid:0 fid:16
07-20 14:33:44.605   601 32695 I libfacedetect: [FdGetFaceInfo,298]: FA attr result: eyeGlassesStatus(0), faceOccStatus(0), mouthStatus(0)
07-20 14:33:44.605   601 32695 I FaceDetectSDKNode: 921, fd_process: cam_id=1, 960x720, face_num=1, time=54 ms, frame_id=16, fd=0xaa
07-20 14:33:44.611   650  1197 D mali_gralloc: register: id=25d000098a4, handle=0xb400007ba79db630, importpid=650
07-20 14:33:44.615   606   606 D mali_gralloc: register: id=25d000098a4, handle=0xb4000076cebc6170, importpid=606
07-20 14:33:44.620   601 32695 I FaceAlign: [faRecognize,309]: face i:0
07-20 14:33:44.620   601 32695 D UNN_ENGINE: Start Invoke 
07-20 14:33:44.620   601 32695 D UNN_ENGINE: Set Network Inputs.
07-20 14:33:44.620   601 32695 D UNN_ENGINE: Inputs t_shape: (1,1,64,64 ).
07-20 14:33:44.620   601 32695 D UNN_ENGINE: Session Info: backendType is 0
07-20 14:33:44.620   601 32695 D UNN_ENGINE: batch：1,channel：3, height：64, width：64 .
07-20 14:33:44.621   601 32572 I Isharkl_s5k5e8yx: 587, s5k5e8yx_drv_read_aec_info: E
07-20 14:33:44.621   601 32572 I Isharkl_s5k5e8yx: 154, s5k5e8yx_drv_calc_exposure: fps = 16.600750
07-20 14:33:44.621   601 32572 I Isharkl_s5k5e8yx: 159, s5k5e8yx_drv_calc_exposure: mode = 1, exposure_line = 1958, dummy_line= 8, frame_interval= 60 ms
07-20 14:33:44.621   601 32572 I Isharkl_s5k5e8yx: 186, s5k5e8yx_drv_calc_gain: isp_gain = 0x400,sensor_gain=0x100
07-20 14:33:44.621   601 32572 I sns_drv_u: 4984, sensor_ic_write_multi_ae_info: group hold interface is null please check it !!!
07-20 14:33:44.625   601 32695 D UNN_ENGINE: Get Network Outputs.
07-20 14:33:44.625   601 32695 D UNN_ENGINE: Invoke is OK 
07-20 14:33:44.625   601 32695 I FDV3    : [find, 789]: src:960x720 detect:160 face_num=1 16.41 ms
07-20 14:33:44.625   601 32695 I libfacedetect: [FdGetFaceInfo,278]: x:451 y:218 width:289 height:290 yawAngle:0 rollAngle:90 score:89 hid:0 fid:17
07-20 14:33:44.625   601 32695 I libfacedetect: [FdGetFaceInfo,298]: FA attr result: eyeGlassesStatus(0), faceOccStatus(0), mouthStatus(0)
07-20 14:33:44.625   601 32695 I FaceDetectSDKNode: 921, fd_process: cam_id=1, 960x720, face_num=1, time=16 ms, frame_id=17, fd=0x58
07-20 14:33:44.650 31806 32704 I tflite  : Replacing 65 out of 65 node(s) with delegate (TfLiteXNNPackDelegate) node, yielding 1 partitions for the whole graph.
07-20 14:33:44.652   601 32601 E smart_ctrl: 2078, smart_ctl_ioctl: smart can not be used any longer,atm lib has been deleted!
07-20 14:33:44.653   601 32599 I awb_adpt4.x: 197, _awb_ctrl_set_aem_info: roiwin_size_b:[h:30,w:40],roiblock_size_p[h:32,w:32]
07-20 14:33:44.653   601 32596 E isp_blk_com: 1527, smart_calc: block_result 0x78bf292a50
07-20 14:33:44.653   601 32596 E isp_blk_com: 1527, smart_calc: block_result 0x78bf292a50
07-20 14:33:44.653   601 32596 E isp_alg_fw: 4190, ispalg_ai_pro_param_compatible: ai status  is not correct
07-20 14:33:44.654   601 32599 I awb_adpt4.x: 1293, awb_sprd_ctrl_calculation_v4_x: AWB result : (1686,1024,1674) 4816K , fram_count : 14 , camera_id : 1, wb_mode : 0, bv : 518 ,work_mode : 0, lock: 0, bypass : 0;AWB lib 32x32: (1686,1024,1674) 4816K; cmc_result: (2170 -1127 -19; -192 1409 -193; 62 -405 1367).
07-20 14:33:44.654   601 32549 I Isharkl_s5k5e8yx: 396, s5k5e8yx_drv_access_val: sensor s5k5e8yx: param_ptr->type=1e
07-20 14:33:44.667   601 32695 I FaceAlign: [faRecognize,309]: face i:0
07-20 14:33:44.667   601 32695 D UNN_ENGINE: Start Invoke 
07-20 14:33:44.667   601 32695 D UNN_ENGINE: Set Network Inputs.
07-20 14:33:44.667   601 32695 D UNN_ENGINE: Inputs t_shape: (1,1,64,64 ).
07-20 14:33:44.668   601 32695 D UNN_ENGINE: Session Info: backendType is 0
07-20 14:33:44.668   601 32695 D UNN_ENGINE: batch：1,channel：3, height：64, width：64 .
07-20 14:33:44.672   601 32695 D UNN_ENGINE: Get Network Outputs.
07-20 14:33:44.672   601 32695 D UNN_ENGINE: Invoke is OK 
07-20 14:33:44.673   601 32695 I FDV3    : [find, 789]: src:960x720 detect:160 face_num=1 11.86 ms
07-20 14:33:44.673   601 32695 I libfacedetect: [FdGetFaceInfo,278]: x:451 y:218 width:289 height:290 yawAngle:1 rollAngle:90 score:89 hid:0 fid:18
07-20 14:33:44.673   601 32695 I libfacedetect: [FdGetFaceInfo,298]: FA attr result: eyeGlassesStatus(0), faceOccStatus(0), mouthStatus(0)
07-20 14:33:44.673   601 32695 I FaceDetectSDKNode: 921, fd_process: cam_id=1, 960x720, face_num=1, time=11 ms, frame_id=18, fd=0xaa
07-20 14:33:44.691 31806 32704 V FaceDetectorV2Jni: detectFacesImageByteBuffer.end()
07-20 14:33:44.702 31806 32525 D TransportRuntime.SQLiteEventStore: Storing event with priority=VERY_LOW, name=FIREBASE_ML_SDK for destination cct
07-20 14:33:44.705 31806 32701 D FACE_VERIFY_FRAME: faces=1 eulerX=0.021617644 eulerY=2.0868826 eulerZ=-1.2105734 bounds=127,109,367,349 faceSize=240x240 frame=480x640 rotation=270 attempt=1 state=Ready
07-20 14:33:44.705 31806 32701 D FACE_VERIFY_LIGHT: luminance=118.56472 scale=0-255 min=35.0 max=235.0 contrast=56.23412 sharpness=5.312778 bounds=127,109,367,349 rotation=270 attempt=1 result=PASS
07-20 14:33:44.708 31806 32525 D TransportRuntime.JobInfoScheduler: Upload for context TransportContext(cct, VERY_LOW, MSRodHRwczovL2ZpcmViYXNlbG9nZ2luZy5nb29nbGVhcGlzLmNvbS92MGNjL2xvZy9iYXRjaD9mb3JtYXQ9anNvbl9wcm90bzNc) is already scheduled. Returning...
07-20 14:33:44.712   601 32601 E smart_ctrl: 2078, smart_ctl_ioctl: smart can not be used any longer,atm lib has been deleted!
07-20 14:33:44.713   601 32599 I awb_adpt4.x: 197, _awb_ctrl_set_aem_info: roiwin_size_b:[h:30,w:40],roiblock_size_p[h:32,w:32]
07-20 14:33:44.713   601 32596 E isp_blk_com: 1527, smart_calc: block_result 0x78bf292a50
07-20 14:33:44.713   601 32596 E isp_blk_com: 1527, smart_calc: block_result 0x78bf292a50
07-20 14:33:44.713   601 32596 E isp_alg_fw: 4190, ispalg_ai_pro_param_compatible: ai status  is not correct
07-20 14:33:44.715   601 32599 I awb_adpt4.x: 1293, awb_sprd_ctrl_calculation_v4_x: AWB result : (1686,1024,1674) 4816K , fram_count : 15 , camera_id : 1, wb_mode : 0, bv : 518 ,work_mode : 0, lock: 0, bypass : 0;AWB lib 32x32: (1686,1024,1674) 4816K; cmc_result: (2170 -1127 -19; -192 1409 -193; 62 -405 1367).
07-20 14:33:44.715   601 32549 I Isharkl_s5k5e8yx: 396, s5k5e8yx_drv_access_val: sensor s5k5e8yx: param_ptr->type=1e
07-20 14:33:44.724   601 32695 D FDV3    : [FaceAlignDetect, 1361]: FA result copy
07-20 14:33:44.724   601 32695 I FDV3    : [find, 789]: src:960x720 detect:160 face_num=1 5.25 ms
07-20 14:33:44.724   601 32695 I libfacedetect: [FdGetFaceInfo,278]: x:451 y:218 width:289 height:290 yawAngle:1 rollAngle:90 score:89 hid:0 fid:19
07-20 14:33:44.724   601 32695 I libfacedetect: [FdGetFaceInfo,298]: FA attr result: eyeGlassesStatus(0), faceOccStatus(0), mouthStatus(0)
07-20 14:33:44.724   601 32695 I FaceDetectSDKNode: 921, fd_process: cam_id=1, 960x720, face_num=1, time=5 ms, frame_id=19, fd=0x58
07-20 14:33:44.728 31806 32525 D TransportRuntime.SQLiteEventStore: Storing event with priority=VERY_LOW, name=FIREBASE_ML_SDK for destination cct
07-20 14:33:44.731   606   606 D mali_gralloc: register: id=25d0000989e, handle=0xb4000076cebc8570, importpid=606
07-20 14:33:44.736 31806 32525 D TransportRuntime.JobInfoScheduler: Upload for context TransportContext(cct, VERY_LOW, MSRodHRwczovL2ZpcmViYXNlbG9nZ2luZy5nb29nbGVhcGlzLmNvbS92MGNjL2xvZy9iYXRjaD9mb3JtYXQ9anNvbl9wcm90bzNc) is already scheduled. Returning...
07-20 14:33:44.774   601 32601 E smart_ctrl: 2078, smart_ctl_ioctl: smart can not be used any longer,atm lib has been deleted!
07-20 14:33:44.774   601 32599 I awb_adpt4.x: 197, _awb_ctrl_set_aem_info: roiwin_size_b:[h:30,w:40],roiblock_size_p[h:32,w:32]
07-20 14:33:44.774   601 32596 E isp_blk_com: 1527, smart_calc: block_result 0x78bf292a50
07-20 14:33:44.774   601 32596 E isp_blk_com: 1527, smart_calc: block_result 0x78bf292a50
07-20 14:33:44.774   601 32596 E isp_alg_fw: 4190, ispalg_ai_pro_param_compatible: ai status  is not correct
07-20 14:33:44.775   601 32599 I awb_adpt4.x: 1293, awb_sprd_ctrl_calculation_v4_x: AWB result : (1686,1024,1674) 4816K , fram_count : 16 , camera_id : 1, wb_mode : 0, bv : 517 ,work_mode : 0, lock: 0, bypass : 0;AWB lib 32x32: (1686,1024,1674) 4816K; cmc_result: (2170 -1127 -19; -192 1409 -193; 62 -405 1367).
07-20 14:33:44.775   601 32549 I Isharkl_s5k5e8yx: 396, s5k5e8yx_drv_access_val: sensor s5k5e8yx: param_ptr->type=1e
07-20 14:33:44.790   601 32695 I FaceAlign: [faRecognize,309]: face i:0
07-20 14:33:44.790   601 32695 D UNN_ENGINE: Start Invoke 
07-20 14:33:44.790   601 32695 D UNN_ENGINE: Set Network Inputs.
07-20 14:33:44.790   601 32695 D UNN_ENGINE: Inputs t_shape: (1,1,64,64 ).
07-20 14:33:44.790   601 32695 D UNN_ENGINE: Session Info: backendType is 0
07-20 14:33:44.790   601 32695 D UNN_ENGINE: batch：1,channel：3, height：64, width：64 .
07-20 14:33:44.796   601 32695 D UNN_ENGINE: Get Network Outputs.
07-20 14:33:44.797   601 32695 D UNN_ENGINE: Invoke is OK 
07-20 14:33:44.797   601 32695 I FDV3    : [find, 789]: src:960x720 detect:160 face_num=1 13.58 ms
07-20 14:33:44.798   601 32695 I libfacedetect: [FdGetFaceInfo,278]: x:451 y:218 width:289 height:290 yawAngle:1 rollAngle:90 score:89 hid:0 fid:20
07-20 14:33:44.798   601 32695 I libfacedetect: [FdGetFaceInfo,298]: FA attr result: eyeGlassesStatus(0), faceOccStatus(0), mouthStatus(0)
07-20 14:33:44.798   601 32695 I FaceDetectSDKNode: 921, fd_process: cam_id=1, 960x720, face_num=1, time=13 ms, frame_id=20, fd=0xaa
07-20 14:33:44.834   601 32601 E smart_ctrl: 2078, smart_ctl_ioctl: smart can not be used any longer,atm lib has been deleted!
07-20 14:33:44.834   601 32599 I awb_adpt4.x: 197, _awb_ctrl_set_aem_info: roiwin_size_b:[h:30,w:40],roiblock_size_p[h:32,w:32]
07-20 14:33:44.835   601 32596 E isp_blk_com: 1527, smart_calc: block_result 0x78bf292a50
07-20 14:33:44.835   601 32596 E isp_blk_com: 1527, smart_calc: block_result 0x78bf292a50
07-20 14:33:44.835   601 32596 E isp_alg_fw: 4190, ispalg_ai_pro_param_compatible: ai status  is not correct
07-20 14:33:44.835   601 32599 I awb_adpt4.x: 1293, awb_sprd_ctrl_calculation_v4_x: AWB result : (1686,1024,1674) 4816K , fram_count : 17 , camera_id : 1, wb_mode : 0, bv : 516 ,work_mode : 0, lock: 0, bypass : 0;AWB lib 32x32: (1686,1024,1674) 4816K; cmc_result: (2170 -1127 -19; -192 1409 -193; 62 -405 1367).
07-20 14:33:44.836   601 32549 I Isharkl_s5k5e8yx: 396, s5k5e8yx_drv_access_val: sensor s5k5e8yx: param_ptr->type=1e
07-20 14:33:44.848   601 32695 I FaceAlign: [faRecognize,309]: face i:0
07-20 14:33:44.849   601 32695 D UNN_ENGINE: Start Invoke 
07-20 14:33:44.849   601 32695 D UNN_ENGINE: Set Network Inputs.
07-20 14:33:44.849   601 32695 D UNN_ENGINE: Inputs t_shape: (1,1,64,64 ).
07-20 14:33:44.849   601 32695 D UNN_ENGINE: Session Info: backendType is 0
07-20 14:33:44.849   601 32695 D UNN_ENGINE: batch：1,channel：3, height：64, width：64 .
07-20 14:33:44.853   601 32695 D UNN_ENGINE: Get Network Outputs.
07-20 14:33:44.854   601 32695 D UNN_ENGINE: Invoke is OK 
07-20 14:33:44.854   601 32695 I FDV3    : [find, 789]: src:960x720 detect:160 face_num=1 10.48 ms
07-20 14:33:44.854   601 32695 I libfacedetect: [FdGetFaceInfo,278]: x:451 y:218 width:289 height:290 yawAngle:0 rollAngle:90 score:89 hid:0 fid:21
07-20 14:33:44.854   601 32695 I libfacedetect: [FdGetFaceInfo,298]: FA attr result: eyeGlassesStatus(0), faceOccStatus(0), mouthStatus(0)
07-20 14:33:44.854   601 32695 I FaceDetectSDKNode: 921, fd_process: cam_id=1, 960x720, face_num=1, time=10 ms, frame_id=21, fd=0x58
07-20 14:33:44.895   601 32601 E smart_ctrl: 2078, smart_ctl_ioctl: smart can not be used any longer,atm lib has been deleted!
07-20 14:33:44.896   601 32599 I awb_adpt4.x: 197, _awb_ctrl_set_aem_info: roiwin_size_b:[h:30,w:40],roiblock_size_p[h:32,w:32]
07-20 14:33:44.896   601 32596 E isp_blk_com: 1527, smart_calc: block_result 0x78bf292a50
07-20 14:33:44.896   601 32596 E isp_blk_com: 1527, smart_calc: block_result 0x78bf292a50
07-20 14:33:44.896   601 32596 E isp_alg_fw: 4190, ispalg_ai_pro_param_compatible: ai status  is not correct
07-20 14:33:44.898   601 32599 I awb_adpt4.x: 1293, awb_sprd_ctrl_calculation_v4_x: AWB result : (1686,1024,1674) 4816K , fram_count : 18 , camera_id : 1, wb_mode : 0, bv : 516 ,work_mode : 0, lock: 0, bypass : 0;AWB lib 32x32: (1686,1024,1674) 4816K; cmc_result: (2170 -1127 -19; -192 1409 -193; 62 -405 1367).
07-20 14:33:44.899   601 32549 I Isharkl_s5k5e8yx: 396, s5k5e8yx_drv_access_val: sensor s5k5e8yx: param_ptr->type=1e
07-20 14:33:44.906   601 32695 I FaceAlign: [faRecognize,309]: face i:0
07-20 14:33:44.907   601 32695 D UNN_ENGINE: Start Invoke 
07-20 14:33:44.907   601 32695 D UNN_ENGINE: Set Network Inputs.
07-20 14:33:44.907   601 32695 D UNN_ENGINE: Inputs t_shape: (1,1,64,64 ).
07-20 14:33:44.907   601 32695 D UNN_ENGINE: Session Info: backendType is 0
07-20 14:33:44.907   601 32695 D UNN_ENGINE: batch：1,channel：3, height：64, width：64 .
07-20 14:33:44.918   601 32695 D UNN_ENGINE: Get Network Outputs.
07-20 14:33:44.918   601 32695 D UNN_ENGINE: Invoke is OK 
07-20 14:33:44.921   601 32695 I FDV3    : [find, 789]: src:960x720 detect:160 face_num=1 19.52 ms
07-20 14:33:44.921   601 32695 I libfacedetect: [FdGetFaceInfo,278]: x:451 y:218 width:289 height:290 yawAngle:0 rollAngle:90 score:89 hid:0 fid:22
07-20 14:33:44.922   601 32695 I libfacedetect: [FdGetFaceInfo,298]: FA attr result: eyeGlassesStatus(0), faceOccStatus(0), mouthStatus(0)
07-20 14:33:44.922   601 32695 I FaceDetectSDKNode: 921, fd_process: cam_id=1, 960x720, face_num=1, time=19 ms, frame_id=22, fd=0xaa
07-20 14:33:44.957   601 32601 E smart_ctrl: 2078, smart_ctl_ioctl: smart can not be used any longer,atm lib has been deleted!
07-20 14:33:44.958   601 32599 I awb_adpt4.x: 197, _awb_ctrl_set_aem_info: roiwin_size_b:[h:30,w:40],roiblock_size_p[h:32,w:32]
07-20 14:33:44.958   601 32596 E isp_blk_com: 1527, smart_calc: block_result 0x78bf292a50
07-20 14:33:44.958   601 32596 E isp_blk_com: 1527, smart_calc: block_result 0x78bf292a50
07-20 14:33:44.958   601 32596 E isp_alg_fw: 4190, ispalg_ai_pro_param_compatible: ai status  is not correct
07-20 14:33:44.958   601 32599 I awb_adpt4.x: 1293, awb_sprd_ctrl_calculation_v4_x: AWB result : (1686,1024,1674) 4816K , fram_count : 19 , camera_id : 1, wb_mode : 0, bv : 515 ,work_mode : 0, lock: 0, bypass : 0;AWB lib 32x32: (1686,1024,1674) 4816K; cmc_result: (2170 -1127 -19; -192 1409 -193; 62 -405 1367).
07-20 14:33:44.966   601 32549 I Isharkl_s5k5e8yx: 396, s5k5e8yx_drv_access_val: sensor s5k5e8yx: param_ptr->type=1e
07-20 14:33:44.981   601 32695 I FDV3    : [getDetectYoloImage, 240]: orientation: 3
07-20 14:33:44.982   601 32695 D FDV3    : [MNNRun, 358]: Now net input image size: 160, 128
07-20 14:33:44.983   601 32695 D UNN_ENGINE: Start Invoke 
07-20 14:33:44.983   601 32695 D UNN_ENGINE: Set Network Inputs.
07-20 14:33:44.983   601 32695 D UNN_ENGINE: Inputs t_shape: (1,3,160,128 ).
07-20 14:33:44.983   601 32695 D UNN_ENGINE: Session Info: backendType is 0
07-20 14:33:44.983   601 32695 D UNN_ENGINE: batch：1,channel：3, height：160, width：128 .
07-20 14:33:44.997   601 32695 D UNN_ENGINE: Get Network Outputs.
07-20 14:33:44.997   601 32695 D UNN_ENGINE: Invoke is OK 
07-20 14:33:44.997   601 32695 I FaceAlign: [faRecognize,309]: face i:0
