07-20 18:41:00.344  3098  3345 I bt_shim_scanner: [le_scanning_manager.cc(851)] handle_remote_properties: handle_remote_properties  device_type= 3
07-20 18:41:00.362  3098  3258 I bt_btif_dm: btif_dm.cc:533 get_cod: remote_cod=0x00001f00
07-20 18:41:00.362  3098  3345 I bt_shim_scanner: [le_scanning_manager.cc(851)] handle_remote_properties: handle_remote_properties  device_type= 2
07-20 18:41:00.373  3098  3345 I bt_shim_scanner: [le_scanning_manager.cc(851)] handle_remote_properties: handle_remote_properties  device_type= 2
07-20 18:41:00.377  3098  3345 I bt_shim_scanner: [le_scanning_manager.cc(851)] handle_remote_properties: handle_remote_properties  device_type= 3
07-20 18:41:00.379  3098  3345 I AppScanStats: BLE_SCAN_RESULT_RECEIVED[1]reportBleScanResults=1300
07-20 18:41:00.393  3098  3345 I bt_shim_scanner: [le_scanning_manager.cc(851)] handle_remote_properties: handle_remote_properties  device_type= 2
07-20 18:41:00.889  4799  5056 D TriggerService: trigger service is running
07-20 18:41:00.986  3098  3258 I bt_btif_dm: btif_dm.cc:533 get_cod: remote_cod=0x00001f00
07-20 18:41:00.986  3098  3345 I bt_shim_scanner: [le_scanning_manager.cc(851)] handle_remote_properties: handle_remote_properties  device_type= 2
07-20 18:41:00.993  3098  3345 I bt_btif_dm: btif_dm.cc:763 btif_update_remote_properties: class of device (cod) is 0x000914
07-20 18:41:00.993  3098  3258 I bt_btif_dm: btif_dm.cc:533 get_cod: remote_cod=0x00000914
07-20 18:41:00.994  3098  3345 I bt_shim_scanner: [le_scanning_manager.cc(851)] handle_remote_properties: handle_remote_properties  device_type= 2
07-20 18:41:01.000  3098  3345 I bt_shim_scanner: [le_scanning_manager.cc(851)] handle_remote_properties: handle_remote_properties  device_type= 3
07-20 18:41:01.002  3098  3345 I bt_shim_scanner: [le_scanning_manager.cc(851)] handle_remote_properties: handle_remote_properties  device_type= 3
07-20 18:41:01.004  2021  2021 I AlarmManager: going to release wakelock now
07-20 18:41:01.005  3098  3345 I bt_shim_scanner: [le_scanning_manager.cc(851)] handle_remote_properties: handle_remote_properties  device_type= 2
07-20 18:41:01.049  1419  1468 I libPerfCtl: xgfGetFPS pid:2848 fps:-1
07-20 18:41:01.050  1419  1468 I AppThermalMode: [perfNotifyThermalState] hdl:0
07-20 18:41:01.050  1419  1468 I AppThermalMode: [findAppThermalIdx] Fail: appThermalModeEnable: 0,currentFPS: -1,fg->pid:2848
07-20 18:41:01.050  1419  1468 I AppThermalMode: [perfNotifyThermalState] appThermalIdx -1:
07-20 18:41:01.050  1419  1468 I libPerfCtl: xgfGetFPS pid:2856 fps:-1
07-20 18:41:01.050  1419  1468 I AppThermalMode: [perfNotifyThermalState] hdl:0
07-20 18:41:01.050  1419  1468 I AppThermalMode: [findAppThermalIdx] Fail: appThermalModeEnable: 0,currentFPS: -1,fg->pid:2848
07-20 18:41:01.050  1419  1468 I AppThermalMode: [perfNotifyThermalState] appThermalIdx -1:
07-20 18:41:01.078  3098  3258 I bt_btif_dm: btif_dm.cc:533 get_cod: remote_cod=0x00001f00
07-20 18:41:01.078  3098  3345 I bt_shim_scanner: [le_scanning_manager.cc(851)] handle_remote_properties: handle_remote_properties  device_type= 2
07-20 18:41:01.101  3098  3345 I bt_shim_scanner: [le_scanning_manager.cc(851)] handle_remote_properties: handle_remote_properties  device_type= 2
07-20 18:41:01.103  3098  3345 I bt_shim_scanner: [le_scanning_manager.cc(851)] handle_remote_properties: handle_remote_properties  device_type= 3
07-20 18:41:01.146  3119  3119 D TranSignalStrengthComponentImpl: [WCDMA] dbm: -84
07-20 18:41:01.146  3119  3119 D TranSignalStrengthComponentImpl: [WCDMA] dbm: -84
07-20 18:41:01.148  2021  2101 D TranSignalStrengthComponentImpl: [WCDMA] dbm: -84
07-20 18:41:01.151  2021  2101 D TranSignalStrengthComponentImpl: [WCDMA] dbm: -84
07-20 18:41:01.174  3098  3345 I bt_shim_scanner: [le_scanning_manager.cc(851)] handle_remote_properties: handle_remote_properties  device_type= 2
07-20 18:41:01.174  3098  3258 I bt_btif_dm: btif_dm.cc:533 get_cod: remote_cod=0x00001f00
07-20 18:41:01.207  3098  3345 I bt_shim_scanner: [le_scanning_manager.cc(851)] handle_remote_properties: handle_remote_properties  device_type= 2
07-20 18:41:01.444  1376  1658 I hwcomposer: [DRMDEV] (0) failed to waitNextVsync: -1  
07-20 18:41:01.448  1376  1658 I hwcomposer: [DRMDEV] (0) failed to waitNextVsync: -1  
07-20 18:41:01.465  1376  1658 I hwcomposer: [DRMDEV] (0) failed to waitNextVsync: -1  
07-20 18:41:01.481  1376  1658 I hwcomposer: [DRMDEV] (0) failed to waitNextVsync: -1  
07-20 18:41:01.488  1486  1486 I BufferQueueProducer: [StatusBar#99](this:0xb40000796b7d8758,id:-1,api:0,p:-1,c:1486) queueBuffer: fps=0.70 dur=1433.76 max=1433.76 min=1433.76
07-20 18:41:01.490  1376  1376 I hwcomposer: [HWCDisplay] [Display_0 (type:1)] fps:1.394413,dur:1434.29,max:1376.75,min:57.55  
07-20 18:41:01.493  1367 13689 W AudioALSACaptureDataProviderNormal: readThread, latency_in_s,0.000001,0.019684,0.006162, totalTime 0.025848 > logTimeout 0.022000 TIMEOUT!!
07-20 18:41:01.659  3098  3345 I bt_shim_scanner: [le_scanning_manager.cc(851)] handle_remote_properties: handle_remote_properties  device_type= 2
07-20 18:41:01.659  3098  3258 I bt_btif_dm: btif_dm.cc:533 get_cod: remote_cod=0x00001f00
07-20 18:41:01.666  3098  3345 I bt_shim_scanner: [le_scanning_manager.cc(851)] handle_remote_properties: handle_remote_properties  device_type= 3
07-20 18:41:01.703  3098  3345 I bt_shim_scanner: [le_scanning_manager.cc(851)] handle_remote_properties: handle_remote_properties  device_type= 2
07-20 18:41:01.703  3098  3258 I bt_btif_dm: btif_dm.cc:533 get_cod: remote_cod=0x00001f00
07-20 18:41:01.797  3098  3345 I bt_btif_dm: btif_dm.cc:763 btif_update_remote_properties: class of device (cod) is 0x000914
07-20 18:41:01.798  3098  3258 I bt_btif_dm: btif_dm.cc:533 get_cod: remote_cod=0x00000914
07-20 18:41:01.798  3098  3345 I bt_shim_scanner: [le_scanning_manager.cc(851)] handle_remote_properties: handle_remote_properties  device_type= 2
07-20 18:41:01.886  1777  1878 D ULogGuard: Monitoring: 16 threads, 0 requests, 0 time-bombs; 3 guards. ResetFlags = 0x7
07-20 18:41:02.050  1419  1468 I libPerfCtl: xgfGetFPS pid:2848 fps:-1
07-20 18:41:02.050  1419  1468 I AppThermalMode: [perfNotifyThermalState] hdl:0
07-20 18:41:02.050  1419  1468 I AppThermalMode: [findAppThermalIdx] Fail: appThermalModeEnable: 0,currentFPS: -1,fg->pid:2848
07-20 18:41:02.050  1419  1468 I AppThermalMode: [perfNotifyThermalState] appThermalIdx -1:
07-20 18:41:02.050  1419  1468 I libPerfCtl: xgfGetFPS pid:2856 fps:-1
07-20 18:41:02.050  1419  1468 I AppThermalMode: [perfNotifyThermalState] hdl:0
07-20 18:41:02.050  1419  1468 I AppThermalMode: [findAppThermalIdx] Fail: appThermalModeEnable: 0,currentFPS: -1,fg->pid:2848
07-20 18:41:02.050  1419  1468 I AppThermalMode: [perfNotifyThermalState] appThermalIdx -1:
07-20 18:41:02.282  2021  2574 I TranHBMComponentImpl: updateBatteryLevel:65
07-20 18:41:02.282  2021  2574 D TranHBMManagerService: allowBatteryState = true, mAllowBatteryState = true
07-20 18:41:02.283  2021  2574 D BatteryService: HealthInfoUpdate: HealthInfo:{.chargerAcOnline = false, .chargerUsbOnline = true, .chargerWirelessOnline = false, .maxChargingCurrent = 500000, .maxChargingVoltage = 5000000, .batteryStatus = 2, .batteryHealth = 2, .batteryPresent = true, .batteryLevel = 65, .batteryVoltage = 4068, .batteryTemperature = 339, .batteryCurrent = 244000, .batteryCycleCount = 1, .batteryFullCharge = 5000000, .batteryChargeCounter=3250000, .batteryTechnology = Li-ion, .batteryCapacityLevel = 3}
07-20 18:41:02.288  2856  2856 I ChargeAnima: TrSysChargeUtils-updateNativeCharge pumpstat Not fast charge}
07-20 18:41:02.290  3119  3877 I TranTele/TranPhoneInterfaceManager: [onReceive] action: android.intent.action.BATTERY_CHANGED
07-20 18:41:02.294  2856  2986 D PowerUI : can't show warning due to - plugged: true status unknown: false
07-20 18:41:02.294  3119  3876 D EmergencyMsgController: powerPluggedIn: true level: 65 LowBatteryMode: false
07-20 18:41:02.296  8565  8565 W BatteryLabPowerSaveUtils: isPowerSaveOpen: false
07-20 18:41:02.296  8565  8565 D BatteryLabService: current level == 65, temperature == 339
07-20 18:41:02.296  8565  8565 D BatteryLabService: funcNamepumpstat
07-20 18:41:02.296  8565  8565 D BLab-SettingsProviderUtils: isUserSetupCompleteSdk = 1
07-20 18:41:02.296  7261  7261 I TranClouldConfigObserver: onReceive called: Intent.action = android.intent.action.BATTERY_CHANGED
07-20 18:41:02.297  8565  8565 D BatteryLabService: system is charging
07-20 18:41:02.297  8565  8565 D BLab-PowerSaveProviderUtils: isPowerSaveModeReminderOn: 1
07-20 18:41:02.297  7261  7261 D TranClouldConfigObserver: [onReceive] action: android.intent.action.BATTERY_CHANGED
07-20 18:41:02.297  7261  7261 D CallbackProxy: [onBatteryStateChanged]
07-20 18:41:02.471  3098  3258 I bt_btif_dm: btif_dm.cc:533 get_cod: remote_cod=0x00001f00
07-20 18:41:02.471  3098  3345 I bt_shim_scanner: [le_scanning_manager.cc(851)] handle_remote_properties: handle_remote_properties  device_type= 2
07-20 18:41:02.477  3098  3345 I bt_shim_scanner: [le_scanning_manager.cc(851)] handle_remote_properties: handle_remote_properties  device_type= 3
07-20 18:41:02.568  3098  3345 I bt_shim_scanner: [le_scanning_manager.cc(851)] handle_remote_properties: handle_remote_properties  device_type= 2
07-20 18:41:02.596  3098  3345 I bt_shim_scanner: [le_scanning_manager.cc(851)] handle_remote_properties: handle_remote_properties  device_type= 3
07-20 18:41:02.670 24338 24366 I GH.ConnLoggerV2: Session 350fafd0-b37d-4a6f-8deb-2723afb2c7aa expired
07-20 18:41:02.671 24338 24366 I GH.ConnLoggerV2: Session 350fafd0-b37d-4a6f-8deb-2723afb2c7aa, event 4, detail OptionalInt.empty, SESSION_EXPIRED, at 335480196 
07-20 18:41:02.674  2021  5426 W LocationManagerService: noteOp denied for 10086/com.google.android.projection.gearhead
07-20 18:41:02.689  3098  3345 I bt_shim_scanner: [le_scanning_manager.cc(851)] handle_remote_properties: handle_remote_properties  device_type= 3
07-20 18:41:02.790  2021  2093 D BroadcastQueue: Hiber/broadcast restricted queue.uid=10196 action=BroadcastRecord{6f0c3bc android.intent.action.BATTERY_CHANGED/u-1}
07-20 18:41:02.790  2021  2093 D BroadcastQueue: Hiber/broadcast restricted queue.uid=10346 action=BroadcastRecord{6f0c3bc android.intent.action.BATTERY_CHANGED/u-1}
07-20 18:41:02.790  2021  2093 D BroadcastQueue: Hiber/broadcast restricted queue.uid=10346 action=BroadcastRecord{6f0c3bc android.intent.action.BATTERY_CHANGED/u-1}
07-20 18:41:02.791  2021  2093 D BroadcastQueue: Hiber/broadcast restricted queue.uid=10346 action=BroadcastRecord{6f0c3bc android.intent.action.BATTERY_CHANGED/u-1}
07-20 18:41:02.791  2021  2093 D BroadcastQueue: Hiber/broadcast restricted queue.uid=10346 action=BroadcastRecord{6f0c3bc android.intent.action.BATTERY_CHANGED/u-1}
07-20 18:41:02.791  2021  2093 D BroadcastQueue: Hiber/broadcast restricted queue.uid=10346 action=BroadcastRecord{6f0c3bc android.intent.action.BATTERY_CHANGED/u-1}
07-20 18:41:02.792  2021  2093 D BroadcastQueue: Hiber/broadcast restricted queue.uid=10346 action=BroadcastRecord{6f0c3bc android.intent.action.BATTERY_CHANGED/u-1}
07-20 18:41:02.792  2021  2093 D BroadcastQueue: Hiber/broadcast restricted queue.uid=10346 action=BroadcastRecord{6f0c3bc android.intent.action.BATTERY_CHANGED/u-1}
07-20 18:41:02.793  2021  2093 D BroadcastQueue: Hiber/broadcast restricted queue.uid=10247 action=BroadcastRecord{6f0c3bc android.intent.action.BATTERY_CHANGED/u-1}
07-20 18:41:02.793  2021  2093 D BroadcastQueue: Hiber/broadcast restricted queue.uid=10247 action=BroadcastRecord{6f0c3bc android.intent.action.BATTERY_CHANGED/u-1}
07-20 18:41:02.793  2021  2093 D BroadcastQueue: Hiber/broadcast restricted queue.uid=10247 action=BroadcastRecord{6f0c3bc android.intent.action.BATTERY_CHANGED/u-1}
07-20 18:41:02.794  2021  2093 D BroadcastQueue: Hiber/broadcast restricted queue.uid=10208 action=BroadcastRecord{6f0c3bc android.intent.action.BATTERY_CHANGED/u-1}
07-20 18:41:02.890  4799  5056 D TriggerService: trigger service is running
07-20 18:41:02.926  2021  2596 D TranWifiTputMonitor: WIFI: TX: 0 RX: 3 TOTAL = 3
07-20 18:41:02.927  2021  2596 D TranWifiTputMonitor: High Tput: false, TOTAL TPUT: 3
07-20 18:41:03.050  1419  1468 I libPerfCtl: xgfGetFPS pid:2848 fps:-1
07-20 18:41:03.050  1419  1468 I AppThermalMode: [perfNotifyThermalState] hdl:0
07-20 18:41:03.051  1419  1468 I AppThermalMode: [findAppThermalIdx] Fail: appThermalModeEnable: 0,currentFPS: -1,fg->pid:2848
07-20 18:41:03.051  1419  1468 I AppThermalMode: [perfNotifyThermalState] appThermalIdx -1:
07-20 18:41:03.051  1419  1468 I libPerfCtl: xgfGetFPS pid:2856 fps:-1
07-20 18:41:03.051  1419  1468 I AppThermalMode: [perfNotifyThermalState] hdl:0
07-20 18:41:03.051  1419  1468 I AppThermalMode: [findAppThermalIdx] Fail: appThermalModeEnable: 0,currentFPS: -1,fg->pid:2848
07-20 18:41:03.051  1419  1468 I AppThermalMode: [perfNotifyThermalState] appThermalIdx -1:
07-20 18:41:03.113  3098  3345 I bt_shim_scanner: [le_scanning_manager.cc(851)] handle_remote_properties: handle_remote_properties  device_type= 3
07-20 18:41:03.150  3098  3345 I bt_shim_scanner: [le_scanning_manager.cc(851)] handle_remote_properties: handle_remote_properties  device_type= 2
07-20 18:41:03.150  3098  3258 I bt_btif_dm: btif_dm.cc:533 get_cod: remote_cod=0x00001f00
07-20 18:41:03.158  3098  3345 I bt_shim_scanner: [le_scanning_manager.cc(851)] handle_remote_properties: handle_remote_properties  device_type= 3
07-20 18:41:03.167  2021  2598 I TranWifiSmartAssistantController: start current network monitor 
07-20 18:41:03.168  2021  2598 I TranWifiSmartAssistantController: userIgnored :false isScoredCurrentNetwork :false
07-20 18:41:03.169  2021  2598 I TranWifiSmartAssistantController: mCurrentNetwork :132 SSID :"Comercial Reyito 2"
07-20 18:41:03.171  2021  2598 I WifiNetworkQuality: current rssi is sufficient
07-20 18:41:03.171  2021  2598 I TranWifiSmartAssistantController: mNoCandidateCount : -1
07-20 18:41:03.172  2021  2598 I TranWifiSmartAssistantController: ====>>rssi :-30
07-20 18:41:03.172  2021  2598 I WifiNetworkQuality: country : ES
07-20 18:41:03.172  2021  2598 D NetworkProbe: start probe
07-20 18:41:03.189  3098  3345 I bt_shim_scanner: [le_scanning_manager.cc(851)] handle_remote_properties: handle_remote_properties  device_type= 2
07-20 18:41:03.189  3098  3258 I bt_btif_dm: btif_dm.cc:533 get_cod: remote_cod=0x00001f00
07-20 18:41:03.269  2021  2486 I AlarmManager: going to acquire wakelock now
07-20 18:41:03.278  9416  9601 W Settings: Setting airplane_mode_on has moved from android.provider.Settings.System to android.provider.Settings.Global, returning read-only value.
07-20 18:41:03.285  9416 14297 W SystemServiceRegistry: No service published for: wifirtt
07-20 18:41:03.294  1723  1723 W wificond: Failed to get NL80211_ATTR_MAX_NUM_AKM_SUITES
07-20 18:41:03.296  1760  1760 I OriginChannel: flush: [1]
07-20 18:41:03.297  1723  1723 W wificond: Failed to get NL80211_ATTR_MAX_NUM_AKM_SUITES
07-20 18:41:03.298  1760  1824 I HfLooper: [1] flush complete
07-20 18:41:03.300  1723  1723 W wificond: Failed to get NL80211_ATTR_MAX_NUM_AKM_SUITES
07-20 18:41:03.300  3098  3345 I bt_shim_scanner: [le_scanning_manager.cc(851)] handle_remote_properties: handle_remote_properties  device_type= 2
07-20 18:41:03.302  3119  3876 D TranTeleDataStoreController: [cellInfoListUrcUpdate] test!
07-20 18:41:03.304  3119  3876 D TranTeleDataStoreController: cell info list:[CellInfoWcdma:{mRegistered=NO mTimeStamp=335480827563142ns mCellConnectionStatus=0 CellIdentityWcdma:{ mLac=31211 mCid=6747389 mPsc=131 mUarfcn=1087 mMcc=370 mMnc=02 mAlphaLong=CLARO DOM mAlphaShort=ClaroDOM mAdditionalPlmns={} mCsgInfo=null} CellSignalStrengthWcdma: ss=-85 ber=99 rscp=-84 ecno=-12 level=3}, CellInfoWcdma:{mRegistered=NO mTimeStamp=335480827563142ns mCellConnectionStatus=0 CellIdentityWcdma:{ mLac=31211 mCid=6747389 mPsc=131 mUarfcn=1087 mMcc=370 mMnc=02 mAlphaLong=CLARO DOM mAlphaShort=ClaroDOM mAdditionalPlmns={} mCsgInfo=null} CellSignalStrengthWcdma: ss=-89 ber=99 rscp=-89 ecno=-12 level=2}]
07-20 18:41:03.305  2726  2742 D WifiHAL : event received NL80211_CMD_TRIGGER_SCAN
07-20 18:41:03.347  2021  4393 W AppOps  : Noting op not finished: uid 10101 pkg com.google.android.gms code 113 startTime of in progress event=1784566508902
07-20 18:41:03.349  2021  4393 I ActivityManager: checkedOptions.getThunderBackSupport() = false, packageName = com.google.android.gms , thunderbackUserId = 0
07-20 18:41:03.349  2021  4393 D ActivityTaskManager: ActivityTaskManagerService setFromDynamicIslandToWindow packageName: com.google.android.gms
07-20 18:41:03.349  2021  4393 E TranDynamicBarAnimControllerImpl: TranDynamicBarAnimControllerImpl setFromDynamicIslandToWindow pkgName:com.google.android.gms
07-20 18:41:03.349  2021  4393 E TranDynamicBarAnimControllerImpl: start setFromDynamicIslandToWindow startFromDynamicIsland:false
07-20 18:41:03.349  2021  4393 E TranDynamicBarAnimControllerImpl: end setFromDynamicIslandToWindow mDynamicIslandPkgName:com.google.android.gms mStartFromDynamicIsland:false
07-20 18:41:03.351  2021  2060 E ApplicationHelper: Fail to get PackageManager
07-20 18:41:03.351  2021  2060 E ApplicationHelper: Fail to get PackageManager
07-20 18:41:03.353  2021  2457 W AppOps  : Noting op not finished: uid 10101 pkg com.google.android.gms code 113 startTime of in progress event=1784566508902
07-20 18:41:03.355  2021  4393 I ActivityManager: checkedOptions.getThunderBackSupport() = false, packageName = com.google.android.gms , thunderbackUserId = 0
07-20 18:41:03.355  2021  4393 D ActivityTaskManager: ActivityTaskManagerService setFromDynamicIslandToWindow packageName: com.google.android.gms
07-20 18:41:03.355  2021  4393 E TranDynamicBarAnimControllerImpl: TranDynamicBarAnimControllerImpl setFromDynamicIslandToWindow pkgName:com.google.android.gms
07-20 18:41:03.355  2021  4393 E TranDynamicBarAnimControllerImpl: start setFromDynamicIslandToWindow startFromDynamicIsland:false
07-20 18:41:03.355  2021  4393 E TranDynamicBarAnimControllerImpl: end setFromDynamicIslandToWindow mDynamicIslandPkgName:com.google.android.gms mStartFromDynamicIsland:false
07-20 18:41:03.357  2021  4393 W AppOps  : Noting op not finished: uid 10101 pkg com.google.android.gms code 113 startTime of in progress event=1784566508902
07-20 18:41:03.360  2021  4393 I ActivityManager: checkedOptions.getThunderBackSupport() = false, packageName = com.google.android.gms , thunderbackUserId = 0
07-20 18:41:03.360  2021  4393 D ActivityTaskManager: ActivityTaskManagerService setFromDynamicIslandToWindow packageName: com.google.android.gms
07-20 18:41:03.360  2021  4393 E TranDynamicBarAnimControllerImpl: TranDynamicBarAnimControllerImpl setFromDynamicIslandToWindow pkgName:com.google.android.gms
07-20 18:41:03.360  2021  4393 E TranDynamicBarAnimControllerImpl: start setFromDynamicIslandToWindow startFromDynamicIsland:false
07-20 18:41:03.360  2021  4393 E TranDynamicBarAnimControllerImpl: end setFromDynamicIslandToWindow mDynamicIslandPkgName:com.google.android.gms mStartFromDynamicIsland:false
07-20 18:41:03.362  2021  4393 W AppOps  : Noting op not finished: uid 10101 pkg com.google.android.gms code 113 startTime of in progress event=1784566508902
07-20 18:41:03.366  2021  5426 I ActivityManager: checkedOptions.getThunderBackSupport() = false, packageName = com.google.android.gms , thunderbackUserId = 0
07-20 18:41:03.366  2021  5426 D ActivityTaskManager: ActivityTaskManagerService setFromDynamicIslandToWindow packageName: com.google.android.gms
07-20 18:41:03.366  2021  5426 E TranDynamicBarAnimControllerImpl: TranDynamicBarAnimControllerImpl setFromDynamicIslandToWindow pkgName:com.google.android.gms
07-20 18:41:03.366  2021  5426 E TranDynamicBarAnimControllerImpl: start setFromDynamicIslandToWindow startFromDynamicIsland:false
07-20 18:41:03.366  2021  5426 E TranDynamicBarAnimControllerImpl: end setFromDynamicIslandToWindow mDynamicIslandPkgName:com.google.android.gms mStartFromDynamicIsland:false
07-20 18:41:03.370  2021  5426 W AppOps  : Noting op not finished: uid 10101 pkg com.google.android.gms code 113 startTime of in progress event=1784566508902
07-20 18:41:03.373  2021  2060 E ApplicationHelper: Fail to get PackageManager
07-20 18:41:03.373  2021  2060 E ApplicationHelper: Fail to get PackageManager
07-20 18:41:03.373  2021  2457 I ActivityManager: checkedOptions.getThunderBackSupport() = false, packageName = com.google.android.gms , thunderbackUserId = 0
07-20 18:41:03.373  2021  2457 D ActivityTaskManager: ActivityTaskManagerService setFromDynamicIslandToWindow packageName: com.google.android.gms
07-20 18:41:03.373  2021  2457 E TranDynamicBarAnimControllerImpl: TranDynamicBarAnimControllerImpl setFromDynamicIslandToWindow pkgName:com.google.android.gms
07-20 18:41:03.373  2021  2457 E TranDynamicBarAnimControllerImpl: start setFromDynamicIslandToWindow startFromDynamicIsland:false
07-20 18:41:03.373  2021  2457 E TranDynamicBarAnimControllerImpl: end setFromDynamicIslandToWindow mDynamicIslandPkgName:com.google.android.gms mStartFromDynamicIsland:false
07-20 18:41:03.375  2021  2060 E ApplicationHelper: Fail to get PackageManager
07-20 18:41:03.375  2021  2060 E ApplicationHelper: Fail to get PackageManager
07-20 18:41:03.376  2021  2457 W AppOps  : Noting op not finished: uid 10101 pkg com.google.android.gms code 113 startTime of in progress event=1784566508902
07-20 18:41:03.377  2021  2060 E ApplicationHelper: Fail to get PackageManager
07-20 18:41:03.377  2021  2060 E ApplicationHelper: Fail to get PackageManager
07-20 18:41:03.378  2021  2457 I ActivityManager: checkedOptions.getThunderBackSupport() = false, packageName = com.google.android.gms , thunderbackUserId = 0
07-20 18:41:03.378  2021  2457 D ActivityTaskManager: ActivityTaskManagerService setFromDynamicIslandToWindow packageName: com.google.android.gms
07-20 18:41:03.378  2021  2457 E TranDynamicBarAnimControllerImpl: TranDynamicBarAnimControllerImpl setFromDynamicIslandToWindow pkgName:com.google.android.gms
07-20 18:41:03.378  2021  2457 E TranDynamicBarAnimControllerImpl: start setFromDynamicIslandToWindow startFromDynamicIsland:false
07-20 18:41:03.378  2021  2457 E TranDynamicBarAnimControllerImpl: end setFromDynamicIslandToWindow mDynamicIslandPkgName:com.google.android.gms mStartFromDynamicIsland:false
07-20 18:41:03.379  2021  2060 E ApplicationHelper: Fail to get PackageManager
07-20 18:41:03.380  2021  2060 E ApplicationHelper: Fail to get PackageManager
07-20 18:41:03.380  2021  4393 W AppOps  : Noting op not finished: uid 10101 pkg com.google.android.gms code 79 startTime of in progress event=1784566508902
07-20 18:41:03.382  2021  2060 E ApplicationHelper: Fail to get PackageManager
07-20 18:41:03.382  2021  2060 E ApplicationHelper: Fail to get PackageManager
07-20 18:41:03.384  2021  2457 I ActivityManager: checkedOptions.getThunderBackSupport() = false, packageName = com.google.android.gms , thunderbackUserId = 0
07-20 18:41:03.384  2021  2457 D ActivityTaskManager: ActivityTaskManagerService setFromDynamicIslandToWindow packageName: com.google.android.gms
07-20 18:41:03.384  2021  2457 E TranDynamicBarAnimControllerImpl: TranDynamicBarAnimControllerImpl setFromDynamicIslandToWindow pkgName:com.google.android.gms
07-20 18:41:03.384  2021  2457 E TranDynamicBarAnimControllerImpl: start setFromDynamicIslandToWindow startFromDynamicIsland:false
07-20 18:41:03.384  2021  2457 E TranDynamicBarAnimControllerImpl: end setFromDynamicIslandToWindow mDynamicIslandPkgName:com.google.android.gms mStartFromDynamicIsland:false
07-20 18:41:03.385  2021  2457 D Griffin/filterReceiveBroadcast: not limit Intent { act=com.google.android.gms.personalsafety.scanners.ACTION_ACTIVITY_DETECTED flg=0x10 pkg=com.google.android.gms (has extras) } for resultTo not null
07-20 18:41:03.386  2021  2457 W AppOps  : Noting op not finished: uid 10101 pkg com.google.android.gms code 113 startTime of in progress event=1784566508902
07-20 18:41:03.387  2021  2060 E ApplicationHelper: Fail to get PackageManager
07-20 18:41:03.387  2021  2060 E ApplicationHelper: Fail to get PackageManager
07-20 18:41:03.388  2021  2457 I ActivityManager: checkedOptions.getThunderBackSupport() = false, packageName = com.google.android.gms , thunderbackUserId = 0
07-20 18:41:03.388  2021  2457 D ActivityTaskManager: ActivityTaskManagerService setFromDynamicIslandToWindow packageName: com.google.android.gms
07-20 18:41:03.388  2021  2457 E TranDynamicBarAnimControllerImpl: TranDynamicBarAnimControllerImpl setFromDynamicIslandToWindow pkgName:com.google.android.gms
07-20 18:41:03.388  2021  2457 E TranDynamicBarAnimControllerImpl: start setFromDynamicIslandToWindow startFromDynamicIsland:false
07-20 18:41:03.388  2021  2457 E TranDynamicBarAnimControllerImpl: end setFromDynamicIslandToWindow mDynamicIslandPkgName:com.google.android.gms mStartFromDynamicIsland:false
07-20 18:41:03.389  2021  2060 E ApplicationHelper: Fail to get PackageManager
07-20 18:41:03.389  2021  2060 E ApplicationHelper: Fail to get PackageManager
07-20 18:41:03.391  2021  2060 E ApplicationHelper: Fail to get PackageManager
07-20 18:41:03.391  2021  2060 E ApplicationHelper: Fail to get PackageManager
07-20 18:41:03.392  2021  2988 W AppOps  : Noting op not finished: uid 10101 pkg com.google.android.gms code 113 startTime of in progress event=1784566508902
07-20 18:41:03.394  2021  2988 I ActivityManager: checkedOptions.getThunderBackSupport() = false, packageName = com.google.android.gms , thunderbackUserId = 0
07-20 18:41:03.394  2021  2988 D ActivityTaskManager: ActivityTaskManagerService setFromDynamicIslandToWindow packageName: com.google.android.gms
07-20 18:41:03.394  2021  2988 E TranDynamicBarAnimControllerImpl: TranDynamicBarAnimControllerImpl setFromDynamicIslandToWindow pkgName:com.google.android.gms
07-20 18:41:03.394  2021  2988 E TranDynamicBarAnimControllerImpl: start setFromDynamicIslandToWindow startFromDynamicIsland:false
07-20 18:41:03.394  2021  2988 E TranDynamicBarAnimControllerImpl: end setFromDynamicIslandToWindow mDynamicIslandPkgName:com.google.android.gms mStartFromDynamicIsland:false
07-20 18:41:03.394  2021  2060 E ApplicationHelper: Fail to get PackageManager
07-20 18:41:03.394  2021  2060 E ApplicationHelper: Fail to get PackageManager
07-20 18:41:03.396  2021  2060 E ApplicationHelper: Fail to get PackageManager
07-20 18:41:03.396  2021  2060 E ApplicationHelper: Fail to get PackageManager
07-20 18:41:03.397  1575  1575 W adbd    : timeout expired while flushing socket, closing
07-20 18:41:03.397  2021  2988 W AppOps  : Noting op not finished: uid 10101 pkg com.google.android.gms code 113 startTime of in progress event=1784566508902
07-20 18:41:03.400  2021  2457 I ActivityManager: checkedOptions.getThunderBackSupport() = false, packageName = com.google.android.gms , thunderbackUserId = 0
07-20 18:41:03.400  2021  2457 D ActivityTaskManager: ActivityTaskManagerService setFromDynamicIslandToWindow packageName: com.google.android.gms
07-20 18:41:03.400  2021  2457 E TranDynamicBarAnimControllerImpl: TranDynamicBarAnimControllerImpl setFromDynamicIslandToWindow pkgName:com.google.android.gms
07-20 18:41:03.400  2021  2457 E TranDynamicBarAnimControllerImpl: start setFromDynamicIslandToWindow startFromDynamicIsland:false
07-20 18:41:03.400  2021  2457 E TranDynamicBarAnimControllerImpl: end setFromDynamicIslandToWindow mDynamicIslandPkgName:com.google.android.gms mStartFromDynamicIsland:false
07-20 18:41:03.400  2021  2060 E ApplicationHelper: Fail to get PackageManager
07-20 18:41:03.400  2021  2060 E ApplicationHelper: Fail to get PackageManager
07-20 18:41:03.403  2021  2060 E ApplicationHelper: Fail to get PackageManager
07-20 18:41:03.403  2021  2060 E ApplicationHelper: Fail to get PackageManager
07-20 18:41:03.403  2021  2457 W AppOps  : Noting op not finished: uid 10101 pkg com.google.android.gms code 113 startTime of in progress event=1784566508902
07-20 18:41:03.405  2021  2060 E ApplicationHelper: Fail to get PackageManager
07-20 18:41:03.405  2021  2988 I ActivityManager: checkedOptions.getThunderBackSupport() = false, packageName = com.google.android.gms , thunderbackUserId = 0
07-20 18:41:03.405  2021  2060 E ApplicationHelper: Fail to get PackageManager
07-20 18:41:03.405  2021  2988 D ActivityTaskManager: ActivityTaskManagerService setFromDynamicIslandToWindow packageName: com.google.android.gms
07-20 18:41:03.406  2021  2988 E TranDynamicBarAnimControllerImpl: TranDynamicBarAnimControllerImpl setFromDynamicIslandToWindow pkgName:com.google.android.gms
07-20 18:41:03.406  2021  2988 E TranDynamicBarAnimControllerImpl: start setFromDynamicIslandToWindow startFromDynamicIsland:false
07-20 18:41:03.406  2021  2988 E TranDynamicBarAnimControllerImpl: end setFromDynamicIslandToWindow mDynamicIslandPkgName:com.google.android.gms mStartFromDynamicIsland:false
07-20 18:41:03.407  2021  2060 E ApplicationHelper: Fail to get PackageManager
07-20 18:41:03.407  2021  2060 E ApplicationHelper: Fail to get PackageManager
07-20 18:41:03.408  2021  2988 W AppOps  : Noting op not finished: uid 10101 pkg com.google.android.gms code 113 startTime of in progress event=1784566508902
07-20 18:41:03.411  2021  5426 I ActivityManager: checkedOptions.getThunderBackSupport() = false, packageName = com.google.android.gms , thunderbackUserId = 0
07-20 18:41:03.411  2021  2060 E ApplicationHelper: Fail to get PackageManager
07-20 18:41:03.412  2021  2060 E ApplicationHelper: Fail to get PackageManager
07-20 18:41:03.411  2021  5426 D ActivityTaskManager: ActivityTaskManagerService setFromDynamicIslandToWindow packageName: com.google.android.gms
07-20 18:41:03.412  2021  5426 E TranDynamicBarAnimControllerImpl: TranDynamicBarAnimControllerImpl setFromDynamicIslandToWindow pkgName:com.google.android.gms
07-20 18:41:03.412  2021  5426 E TranDynamicBarAnimControllerImpl: start setFromDynamicIslandToWindow startFromDynamicIsland:false
07-20 18:41:03.412  2021  5426 E TranDynamicBarAnimControllerImpl: end setFromDynamicIslandToWindow mDynamicIslandPkgName:com.google.android.gms mStartFromDynamicIsland:false
07-20 18:41:03.416  2021  2060 E ApplicationHelper: Fail to get PackageManager
07-20 18:41:03.416  2021  2060 E ApplicationHelper: Fail to get PackageManager
07-20 18:41:03.418  2021  2988 W AppOps  : Noting op not finished: uid 10101 pkg com.google.android.gms code 113 startTime of in progress event=1784566508902
07-20 18:41:03.420  2021  2060 E ApplicationHelper: Fail to get PackageManager
07-20 18:41:03.420  2021  2060 E ApplicationHelper: Fail to get PackageManager
07-20 18:41:03.421  2021  2988 I ActivityManager: checkedOptions.getThunderBackSupport() = false, packageName = com.google.android.gms , thunderbackUserId = 0
07-20 18:41:03.421  2021  2988 D ActivityTaskManager: ActivityTaskManagerService setFromDynamicIslandToWindow packageName: com.google.android.gms
07-20 18:41:03.421  2021  2988 E TranDynamicBarAnimControllerImpl: TranDynamicBarAnimControllerImpl setFromDynamicIslandToWindow pkgName:com.google.android.gms
07-20 18:41:03.421  2021  2988 E TranDynamicBarAnimControllerImpl: start setFromDynamicIslandToWindow startFromDynamicIsland:false
07-20 18:41:03.421  2021  2988 E TranDynamicBarAnimControllerImpl: end setFromDynamicIslandToWindow mDynamicIslandPkgName:com.google.android.gms mStartFromDynamicIsland:false
07-20 18:41:03.424  2021  2060 E ApplicationHelper: Fail to get PackageManager
07-20 18:41:03.424  2021  2060 E ApplicationHelper: Fail to get PackageManager
07-20 18:41:03.425  2021  2457 W AppOps  : Noting op not finished: uid 10101 pkg com.google.android.gms code 79 startTime of in progress event=1784566508902
07-20 18:41:03.428  2021  2060 E ApplicationHelper: Fail to get PackageManager
07-20 18:41:03.428  2021  2060 E ApplicationHelper: Fail to get PackageManager
07-20 18:41:03.429  2021  5426 I ActivityManager: checkedOptions.getThunderBackSupport() = false, packageName = com.google.android.gms , thunderbackUserId = 0
07-20 18:41:03.429  2021  5426 D ActivityTaskManager: ActivityTaskManagerService setFromDynamicIslandToWindow packageName: com.google.android.gms
07-20 18:41:03.429  2021  5426 E TranDynamicBarAnimControllerImpl: TranDynamicBarAnimControllerImpl setFromDynamicIslandToWindow pkgName:com.google.android.gms
07-20 18:41:03.429  2021  5426 E TranDynamicBarAnimControllerImpl: start setFromDynamicIslandToWindow startFromDynamicIsland:false
07-20 18:41:03.429  2021  5426 E TranDynamicBarAnimControllerImpl: end setFromDynamicIslandToWindow mDynamicIslandPkgName:com.google.android.gms mStartFromDynamicIsland:false
07-20 18:41:03.430  2021  5426 D Griffin/filterReceiveBroadcast: not limit Intent { act=com.google.android.gms.personalsafety.scanners.ACTION_ACTIVITY_DETECTED flg=0x10 pkg=com.google.android.gms (has extras) } for resultTo not null
07-20 18:41:03.432  9416  9601 I ActivityScheduler: nextTriggerTime: 335720957, in 240000ms, detectorType: 39, FULL_TYPE alarmWindowMillis: 30000
07-20 18:41:03.433  2021  2060 E ApplicationHelper: Fail to get PackageManager
07-20 18:41:03.433  2021  2060 E ApplicationHelper: Fail to get PackageManager
07-20 18:41:03.435  2021  2060 E ApplicationHelper: Fail to get PackageManager
07-20 18:41:03.435  2021  2060 E ApplicationHelper: Fail to get PackageManager
07-20 18:41:03.529  2021  2065 D AES     : AEEIOCTL_GET/SET_SF_STATE IOCTL,cmd= 1074294797, lParam=0. 
07-20 18:41:03.530  2021  2065 D AES     : AEEIOCTL_RT_MON_Kick IOCTL,cmd= 2147774474, lParam=300. 
07-20 18:41:03.978  3098  3345 I bt_shim_scanner: [le_scanning_manager.cc(851)] handle_remote_properties: handle_remote_properties  device_type= 2
07-20 18:41:03.978  3098  3258 I bt_btif_dm: btif_dm.cc:533 get_cod: remote_cod=0x00001f00
07-20 18:41:04.044  3098  3345 I bt_shim_scanner: [le_scanning_manager.cc(851)] handle_remote_properties: handle_remote_properties  device_type= 2
07-20 18:41:04.051  1419  1468 I libPerfCtl: xgfGetFPS pid:2848 fps:-1
07-20 18:41:04.051  1419  1468 I AppThermalMode: [perfNotifyThermalState] hdl:0
07-20 18:41:04.051  1419  1468 I AppThermalMode: [findAppThermalIdx] Fail: appThermalModeEnable: 0,currentFPS: -1,fg->pid:2848
07-20 18:41:04.051  1419  1468 I AppThermalMode: [perfNotifyThermalState] appThermalIdx -1:
07-20 18:41:04.051  1419  1468 I libPerfCtl: xgfGetFPS pid:2856 fps:-1
07-20 18:41:04.051  1419  1468 I AppThermalMode: [perfNotifyThermalState] hdl:0
07-20 18:41:04.051  1419  1468 I AppThermalMode: [findAppThermalIdx] Fail: appThermalModeEnable: 0,currentFPS: -1,fg->pid:2848
07-20 18:41:04.051  1419  1468 I AppThermalMode: [perfNotifyThermalState] appThermalIdx -1:
07-20 18:41:04.056  3098  3345 I bt_shim_scanner: [le_scanning_manager.cc(851)] handle_remote_properties: handle_remote_properties  device_type= 3
07-20 18:41:04.067  3098  3345 I bt_shim_scanner: [le_scanning_manager.cc(851)] handle_remote_properties: handle_remote_properties  device_type= 2
07-20 18:41:04.067  3098  3258 I bt_btif_dm: btif_dm.cc:533 get_cod: remote_cod=0x00001f00
07-20 18:41:04.173  2021  2598 W NetworkProbe: Error sending probe.
07-20 18:41:04.173  2021  2598 I WifiNetworkQuality: i = 0 delay = 1000
07-20 18:41:04.174  2021  2598 D NetworkProbe: start probe
07-20 18:41:04.284  2021  2021 I AlarmManager: going to release wakelock now
07-20 18:41:04.387  9416  9416 D BoundBrokerSvc: onRebind: Intent { act=com.google.android.gms.libs.gmscorelogger.service.START dat=chimera-action:/... cmp=com.google.android.gms/.chimera.PersistentDirectBootAwareApiService }
07-20 18:41:04.412  1575  1575 I adbd    : adbd service requested 'jdwp:27357'
07-20 18:41:04.424  1897 16830 V [GF_HAL][CustomizedFingerprintCore]: Open uevent handle n = 265 
07-20 18:41:04.424  1897 16830 V [GF_HAL][CustomizedFingerprintCore]: Open uevent handle filter = FULL_HBM_SET 
07-20 18:41:04.424  1897 16830 V [GF_HAL][CustomizedFingerprintCore]: filter = FULL_HBM_SET , uevent->fp_event = 
07-20 18:41:04.424  2021  2108 D BatteryService: widetemperaturebatteryburn check uevent: {SUBSYSTEM=misc, MAJOR=10, SEQNUM=69616, ACTION=change, DEVNAME=wlan, Scan=Status:NORMAL,DBDC:DISABLE,Time:1116,Channel:1 2 3 4 5 6 7 8 9 10 11 12 13 36 40 44 48 149 153 157 161 165 ,Reason:OK, MINOR=98, DEVPATH=/devices/virtual/misc/wlan}
07-20 18:41:04.424  2021  2108 D BatteryService: widetemperaturebatteryburn PORT_STATE no availd
07-20 18:41:04.424  2726  2742 D WifiHAL : event received NL80211_CMD_NEW_SCAN_RESULTS
07-20 18:41:04.425  2021  2457 D WifiNl80211Manager: Scan result ready event
07-20 18:41:04.425  2021  2457 D WifiNative: Scan result ready event
07-20 18:41:04.426  2134  2153 I [BIP]   :  [BIP NL] event newlink match dev 0, interface index 37
07-20 18:41:04.426  3049 28689 D IpClient/wlan0: interfaceLinkStateChanged: ifindex 37 up
07-20 18:41:04.426  2134  2153 I [BIP]   :  [BIP NL] the link status of interface(index:0) changes to 1
07-20 18:41:04.432  2137  2144 D VoLTE IMSM: send CTRL_CMD_GET_SCAN (module/mdagent/volte_imsm_93/src/wireless.c:584)
07-20 18:41:04.435  9416  9431 I WifiScanner: onFullResults
07-20 18:41:04.436  9416 10542 I WifiScanner: onFullResults
07-20 18:41:04.437  9416  9431 I WifiScanner: onFullResults
07-20 18:41:04.444  2726  2726 D android.hardware.wifi@1.0-service-lazy: WifiRequest::create vendor command to iface 37, vendor_id=0x1a11, subcmd=0x0002, res=0
07-20 18:41:04.445  2726  2726 D WifiHAL : In GetFeatureSetCommand::handleResponse for 5
07-20 18:41:04.445  2726  2726 D WifiHAL : vendor_id = 0x0, subcmd = 0x0
07-20 18:41:04.445  2726  2726 I WifiHAL : feature_set=0x8488141a
07-20 18:41:04.448  2021  2591 I HalDevMgr: bestIfaceCreationProposal is null, requestIface=STA, existingIface=[name=wlan0 type=STA]
07-20 18:41:04.453  2021  5000 W NetworkProbe: Probe connection failed with exception: java.io.InterruptedIOException: thread interrupted
07-20 18:41:04.456  9416  9601 I ActivityScheduler: nextTriggerTime: 335720957, in 238976ms, detectorType: 39, FULL_TYPE alarmWindowMillis: 30000
07-20 18:41:04.460  9416 14297 I FrewleTileCacheManagerV: (REDACTED) Fetched %d AP models from cache
07-20 18:41:04.579  3098  3345 I bt_shim_scanner: [le_scanning_manager.cc(851)] handle_remote_properties: handle_remote_properties  device_type= 3
07-20 18:41:04.600  3098  3258 I bt_btif_dm: btif_dm.cc:533 get_cod: remote_cod=0x00001f00
07-20 18:41:04.600  3098  3345 I bt_shim_scanner: [le_scanning_manager.cc(851)] handle_remote_properties: handle_remote_properties  device_type= 2
07-20 18:41:04.645  2021  4393 D TLinkBrush_DATA: [NetdEvent]onTcpSocketStatsEvent
07-20 18:41:04.682  3098  3345 I bt_shim_scanner: [le_scanning_manager.cc(851)] handle_remote_properties: handle_remote_properties  device_type= 3
07-20 18:41:04.692  3098  3345 I bt_shim_scanner: [le_scanning_manager.cc(851)] handle_remote_properties: handle_remote_properties  device_type= 2
07-20 18:41:04.692  3098  3258 I bt_btif_dm: btif_dm.cc:533 get_cod: remote_cod=0x00001f00
07-20 18:41:04.727  2021  2598 I WifiNetworkQuality: i = 1 delay = 553
07-20 18:41:04.728  2021  2598 D NetworkProbe: start probe
07-20 18:41:04.730  9416 14275 W Conscrypt: Could not set socket write timeout: java.net.SocketException: Socket closed
07-20 18:41:04.731  9416 14275 W Conscrypt: 	at com.google.android.gms.org.conscrypt.Platform.setSocketWriteTimeout(:com.google.android.gms@262634035@26.26.34 (260400-945364269):204)
07-20 18:41:04.732  9416 14275 W Conscrypt: 	at com.google.android.gms.org.conscrypt.ConscryptFileDescriptorSocket.setSoWriteTimeout(:com.google.android.gms@262634035@26.26.34 (260400-945364269):4)
07-20 18:41:04.784  3098  3345 I bt_shim_scanner: [le_scanning_manager.cc(851)] handle_remote_properties: handle_remote_properties  device_type= 3
07-20 18:41:04.885  3098  3345 I bt_shim_scanner: [le_scanning_manager.cc(851)] handle_remote_properties: handle_remote_properties  device_type= 3
07-20 18:41:04.889  1777  1878 D ULogGuard: Monitoring: 16 threads, 0 requests, 0 time-bombs; 3 guards. ResetFlags = 0x7
07-20 18:41:04.891  4799  5056 D TriggerService: trigger service is running
07-20 18:41:04.945  2021  2770 D aegean_PivotMemCompact: ingore for foucus in same
07-20 18:41:04.952  9416 14275 W Conscrypt: Could not set socket write timeout: java.net.SocketException: Socket closed
07-20 18:41:04.953  9416 14275 W Conscrypt: 	at com.google.android.gms.org.conscrypt.Platform.setSocketWriteTimeout(:com.google.android.gms@262634035@26.26.34 (260400-945364269):204)
07-20 18:41:04.953  9416 14275 W Conscrypt: 	at com.google.android.gms.org.conscrypt.ConscryptFileDescriptorSocket.setSoWriteTimeout(:com.google.android.gms@262634035@26.26.34 (260400-945364269):4)
07-20 18:41:05.047  2021  2598 I WifiNetworkQuality: i = 2 delay = 319
07-20 18:41:05.048  2021  2598 D NetworkProbe: start probe
07-20 18:41:05.051  1419  1468 I libPerfCtl: xgfGetFPS pid:2848 fps:-1
07-20 18:41:05.051  1419  1468 I AppThermalMode: [perfNotifyThermalState] hdl:0
07-20 18:41:05.051  1419  1468 I AppThermalMode: [findAppThermalIdx] Fail: appThermalModeEnable: 0,currentFPS: -1,fg->pid:2848
07-20 18:41:05.051  1419  1468 I AppThermalMode: [perfNotifyThermalState] appThermalIdx -1:
07-20 18:41:05.051  1419  1468 I libPerfCtl: xgfGetFPS pid:2856 fps:-1
07-20 18:41:05.051  1419  1468 I AppThermalMode: [perfNotifyThermalState] hdl:0
07-20 18:41:05.051  1419  1468 I AppThermalMode: [findAppThermalIdx] Fail: appThermalModeEnable: 0,currentFPS: -1,fg->pid:2848
07-20 18:41:05.051  1419  1468 I AppThermalMode: [perfNotifyThermalState] appThermalIdx -1:
07-20 18:41:05.059  1990  2357 D NetworkMonitor: isNetworkConnected : true,  isFakeNetwork : false
07-20 18:41:05.059  9416  9431 I NullBinder: NullBinder for android.net.action.RECOMMEND_NETWORKS triggering remote TransactionTooLargeException due to Service without Chimera impl, calling uid: 1000, calling pid: 0
07-20 18:41:05.060  9416  9431 W .gms.persistent: Large reply transaction of 1056768 bytes, interface descriptor , code 1
07-20 18:41:05.070  2021  2833 V Hiber/hiber: unfreeze from hiber: (0,2021,1000,24856,10247), rpcName: free_buffer_full, code: -1, reason:fullAsyncBinder
07-20 18:41:05.075 13969 14115 D VASDK-NetworkState: onCapabilitiesChanged, init time:1784587145651 cellular:false wifi:true
07-20 18:41:05.077  2021  2602 D ConnectivityService: NetReassign [no changes] [c 0] [a 1] [i 1]
07-20 18:41:05.078  9416 10784 I NearbyMediums: Wifi changed new SSID: "Comercial Reyito 2"
07-20 18:41:05.079  9416 10784 I NearbyMediums: WifiLanConnectivityInfo is not changed, skip notify.
07-20 18:41:05.079  2021  2833 I Hiber/stateManager: unfreeze uid: 10247 com.facebook.katana pids:[24856]  reason:fullAsyncBinder   cpninfo:TRANSACTION_-1 costTime=8ms ,last freeze 134s ago
07-20 18:41:05.079  2021  2831 I Hiber/appStateMachine: uid=10247, pkg=com.facebook.katana, transition from Frozen to Running, reason=fullAsyncBinder
07-20 18:41:05.079 20278 22458 D WM-WorkConstraintsTrack: NetworkRequestConstraintController onCapabilitiesChanged callback
07-20 18:41:05.079  2021  2831 I Hiber/appStateMachine: uid:10247 exit FrozenState
07-20 18:41:05.079  2021  2832 I Hiber/proxyManager: up_service: 10247
07-20 18:41:05.079  2021  2832 I Hiber/proxyManager: un_job: 10247
07-20 18:41:05.079  2021  3509 D Hiber/proxyWakeLock: remove uid: 10247 wiht all pids from wakelockUidInfo list
07-20 18:41:05.079  2021  2832 D Hiber/JobExtImpl: un_job=JobStatus{f24d4ee #u0a247/2131366304 com.facebook.katana/com.facebook.push.registration.PushNegativeFeedbackLollipopService u=0 s=10247 TIME=+2h51m7s784ms:none NET satisfied:0x13600000 unsatisfied:0x80000000}for uid=10247
07-20 18:41:05.080  2021  2832 D Hiber/JobExtImpl: un_job=JobStatus{df40e1a androidx.work.systemjobscheduler:u0a247/801 @androidx.work.systemjobscheduler@com.facebook.katana/androidx.work.impl.background.systemjob.SystemJobService u=0 s=10247 TIME=+51m8s954ms:none NET satisfied:0x13600000 unsatisfied:0x80000000}for uid=10247
07-20 18:41:05.080  2021  2832 D Hiber/JobExtImpl: un_job=JobStatus{c612df9 #u0a247/2131366298 com.facebook.katana/com.facebook.conditionalworker.LollipopConditionalWorkerService u=0 s=10247 TIME=+2h51m8s581ms:none NET satisfied:0x13600000 unsatisfied:0x80000000}for uid=10247
07-20 18:41:05.080  2021  2832 D Hiber/JobExtImpl: un_job=JobStatus{bb1f806 androidx.work.systemjobscheduler:u0a247/799 @androidx.work.systemjobscheduler@com.facebook.katana/androidx.work.impl.background.systemjob.SystemJobService u=0 s=10247 TIME=+50m56s627ms:none satisfied:0x3600000 unsatisfied:0x80000000}for uid=10247
07-20 18:41:05.081  2021  2832 D Hiber/JobExtImpl: un_job=JobStatus{b8d5482 androidx.work.systemjobscheduler:u0a247/786 @androidx.work.systemjobscheduler@com.facebook.katana/androidx.work.impl.background.systemjob.SystemJobService u=0 s=10247 TIME=+6h9m47s520ms:none NET CHARGING IDLE satisfied:0x13600002 unsatisfied:0x80000005}for uid=10247
07-20 18:41:05.081  2021  2832 D Hiber/JobExtImpl: un_job=JobStatus{b8b04de androidx.work.systemjobscheduler:u0a247/797 @androidx.work.systemjobscheduler@com.facebook.katana/androidx.work.impl.background.systemjob.SystemJobService u=0 s=10247 TIME=-2h14m34s53ms:none NET BATNOTLOW STORENOTLOW IDLE satisfied:0x9360000a unsatisfied:0x4}for uid=10247
07-20 18:41:05.081  2021  2832 D Hiber/JobExtImpl: un_job=JobStatus{ac207a9 androidx.work.systemjobscheduler:u0a247/800 @androidx.work.systemjobscheduler@com.facebook.katana/androidx.work.impl.background.systemjob.SystemJobService u=0 s=10247 TIME=+1h50m56s532ms:none satisfied:0x3600000 unsatisfied:0x80000000}for uid=10247
07-20 18:41:05.081  2021  2832 D Hiber/JobExtImpl: un_job=JobStatus{32f0a1e androidx.work.systemjobscheduler:u0a247/367 @androidx.work.systemjobscheduler@com.facebook.katana/androidx.work.impl.background.systemjob.SystemJobService u=0 s=10247 TIME=+2d20h14m28s312ms:none NET satisfied:0x13600000 unsatisfied:0x80000000}for uid=10247
07-20 18:41:05.082  2021  2832 D Hiber/JobExtImpl: un_job=JobStatus{150a2ff androidx.work.systemjobscheduler:u0a247/790 @androidx.work.systemjobscheduler@com.facebook.katana/androidx.work.impl.background.systemjob.SystemJobService u=0 s=10247 TIME=+3h37m10s424ms:none NET satisfied:0x13600000 unsatisfied:0x80000000}for uid=10247
07-20 18:41:05.082  2021  2832 D Hiber/JobExtImpl: unProxyJobs leave, uid=10247 discard=false
07-20 18:41:05.082  2021  2832 D Hiber/alarmManagerServiceExtImpl: unproxyAlarms, alarm=Alarm{92a0bb5 type 1 origWhen 1789750493749 whenElapsed 5498711274 com.facebook.katana}
07-20 18:41:05.082  2021  2832 D Hiber/alarmManagerServiceExtImpl: unproxyAlarms leave, uid=10247, packageName=null
07-20 18:41:05.082  2021  2832 I SensorService: updateUidStateConnection: uid=10247, state=1
07-20 18:41:05.082  1760  1760 I OriginChannel: batch: [10,20000000,0]
07-20 18:41:05.082  2021  2832 I SensorService: 	>>> actuating h/w activate handle=16777226 enabled=1
07-20 18:41:05.083  1760  1760 I OriginChannel: activate: [10,1]
07-20 18:41:05.084  2021  2832 I SensorService: Active sensor : lsm6dsvq_acc (handle=0x01000001, connections=3), Connections: (1000-com.android.server.wm.WindowOrientationListener;1000-android.view.OrientationEventListener;10101-com.google.android.location.collectionlib.BatchSignalCollector$BatchSensorEventListener;), Proxyed UIDs: [10101;]
07-20 18:41:05.084  2021  2832 I SensorService: Active sensor : linear_acc (handle=0x0100000a, connections=1), Connections: (10247-X.9P8;), Proxyed UIDs: [10101;]
07-20 18:41:05.084  2021  2832 I SensorService: Active sensor : step_count (handle=0x01000013, connections=1), Connections: (1000-com.transsion.power.powernormalization.common.TranStepCounterController;), Proxyed UIDs: [10101;]
07-20 18:41:05.084  2021  2832 I Hiber/proxyManager: up_sensor: uid=10247, pkgName=com.facebook.katana
07-20 18:41:05.173  1760  1822 W AString : ctor got NULL, using empty string instead
07-20 18:41:05.173  1760  1822 I SensorSavedChannel: [-22,-219,119,1609,6851,-2056]==>gyro_temp.json
07-20 18:41:05.236 11420 11420 E Athena  : ------------------------------------------------------------
07-20 18:41:05.237 11420 11420 E Athena  : 
07-20 18:41:05.237 11420 11420 E Athena  :   - Athena is in Release mode with log enabled. Please set AthenaAnalytics.setDebug(false) to release this APK ’╝łDebugµ©ĪÕ╝Å’╝ē[com.transsion.screencapture]
07-20 18:41:05.237 11420 11420 E Athena  : 
07-20 18:41:05.238 11420 11420 E Athena  : ------------------------------------------------------------
07-20 18:41:05.261  9416 14297 I FrewleTileCacheManagerV: (REDACTED) Downloaded %d tiles
07-20 18:41:05.289  2021  2021 D NetworkStatusMonitor: getAllInterfaceNames network type is wifi
07-20 18:41:05.290  2021  2021 D NetworkStatusMonitor: onNetworkTypeChanged wifi => wifi
07-20 18:41:05.303  2021  2598 I WifiNetworkQuality: i = 3 delay = 254
07-20 18:41:05.303  2021  2598 D NetworkProbe: start probe
07-20 18:41:05.323  9416 14297 I FrewleTileCacheManagerV: (REDACTED) Fetched %d AP models from cache
07-20 18:41:05.337  2021  2457 I ActivityManager: checkedOptions.getThunderBackSupport() = false, packageName = com.google.android.gms , thunderbackUserId = 0
07-20 18:41:05.337  2021  2457 D ActivityTaskManager: ActivityTaskManagerService setFromDynamicIslandToWindow packageName: com.google.android.gms
07-20 18:41:05.337  2021  2457 E TranDynamicBarAnimControllerImpl: TranDynamicBarAnimControllerImpl setFromDynamicIslandToWindow pkgName:com.google.android.gms
07-20 18:41:05.337  2021  2457 E TranDynamicBarAnimControllerImpl: start setFromDynamicIslandToWindow startFromDynamicIsland:false
07-20 18:41:05.337  2021  2457 E TranDynamicBarAnimControllerImpl: end setFromDynamicIslandToWindow mDynamicIslandPkgName:com.google.android.gms mStartFromDynamicIsland:false
07-20 18:41:05.341  2021  2060 E ApplicationHelper: Fail to get PackageManager
07-20 18:41:05.341  2021  2060 E ApplicationHelper: Fail to get PackageManager
