07-20 18:41:45.113  2021  2072 I PowerHalMgrImpl: hdl:26378, pid:2021 
07-20 18:41:45.113  1419  1494 I libPowerHal: [setGPUFreq] MTKPOWER_HINT_LAUNCHER_ANIMA user set gpu freq min:0, max:-1
07-20 18:41:45.113  1419  1494 I libPowerHal: MTKPOWER_HINT_LAUNCHER_ANIMA: set gpu opp level max: 0
07-20 18:41:45.113  1694  1694 D uas-service: thread(pid=28398) com.example.controlhorario is config default uxtag 0x420
07-20 18:41:45.113  1419  1494 I libPowerHal: [setGPUFreq] Soft min/max = (0, 0); Hard min/max = (44, 0)
07-20 18:41:45.113  1419  1494 I libPowerHal: [setGPUFreq] final min/max = (0, 0)
07-20 18:41:45.113  1419  1494 I libPowerHal: MTKPOWER_HINT_LAUNCHER_ANIMA: set gpu opp level: 0
07-20 18:41:45.113  1419  1494 I libPowerHal: MTKPOWER_HINT_LAUNCHER_ANIMA: set gpu opp level max: 0
07-20 18:41:45.115  2848  2848 W SplitSelectStateCtor: Missing session instanceIds
07-20 18:41:45.115  2848  2848 I StatsLog: LAUNCHER_SPLIT_SELECTION_EXIT_INTERRUPTED
07-20 18:41:45.117  2021  3677 D os.permission.PermissionInfo: checkPermission 10190:android.permission.MANAGE_ACTIVITY_TASKS:true
07-20 18:41:45.117  1486  1532 I BufferQueueDebug: [cc33e2c SnapshotStartingWindow for taskId=6619#12580](this:0xb40000796b7aae58,id:-1,api:0,p:-1,c:-1) BufferQueue core=(1486:/system/bin/surfaceflinger)
07-20 18:41:45.117  2021  3677 I os.permission: Grant permission: android.permission.MANAGE_ACTIVITY_TASKS to uid: 10190
07-20 18:41:45.119  2021  5426 D MagellanHandle: updateRefreshRateForSceneVsyncs what = 23
07-20 18:41:45.119  2021  5426 D os.fingerprint: onActivityResume next:ActivityRecord{f79aed u0 com.example.controlhorario/.MainActivity t6619}
07-20 18:41:45.119  2021  5426 D os.fingerprint: activityComponent = ComponentInfo{com.example.controlhorario/com.example.controlhorario.MainActivity} inMultiWindow = false
07-20 18:41:45.119  2021  5426 D AppLockLice: onActivityResume: packageName = com.example.controlhorario,mComeLockPkgList =[],mPreLockPkgList =[]
07-20 18:41:45.119  2021  5426 D AppLockLice: onActivityResume:isAwake = true ,isKeyguardLocked = false
07-20 18:41:45.120  2021  2831 I Hiber/appStateMachine: uid:10345 exit RunningState
07-20 18:41:45.120  2021  2125 I Usf/appStateManager: handleUpdateTaskOverLap uid: 10345    packageName:com.example.controlhorario remove
07-20 18:41:45.122  4841  5364 I SimpleEventAdapt: onActivityEvent get com.transsion.XOSLauncher, com.android.launcher3.uioverrides.QuickstepLauncher,false
07-20 18:41:45.122  4841  5364 I SimpleEventAdapt: notifyEvent2  activity_event
07-20 18:41:45.122  4841  5364 I SimpleEventAdapt: notifyEvent  1
07-20 18:41:45.123  2021  5426 D os.fingerprint: onUpdateFocusedApp oldPackageName:com.transsion.XOSLauncher oldComponent:ComponentInfo{com.transsion.XOSLauncher/com.android.launcher3.uioverrides.QuickstepLauncher} newPackageName:com.example.controlhorario newComponent:ComponentInfo{com.example.controlhorario/com.example.controlhorario.MainActivity} mFm :android.hardware.fingerprint.FingerprintManager@126be4e
07-20 18:41:45.124  2021  5426 W WindowManager: Changing focus from Window{8c57eb u0 com.transsion.XOSLauncher/com.android.launcher3.uioverrides.QuickstepLauncher} to null displayId=0 Callers=com.android.server.wm.RootWindowContainer.updateFocusedWindowLocked:528 com.android.server.wm.WindowManagerService.updateFocusedWindowLocked:6855 com.android.server.wm.ActivityTaskManagerService.setLastResumedActivityUncheckLocked:5694 com.android.server.wm.ActivityTaskSupervisor.updateTopResumedActivityIfNeeded:2511 
07-20 18:41:45.124  2021  5426 D WindowManager: notifyAppOnFocusChange focusedWindow = null mFocusChangeCallback = android.window.IFocusChangeCallback$Stub$Proxy@f5ab59a
07-20 18:41:45.125  2021  5426 I TranSCSourceConnectManagerImpl: hookDisplayResumedActivityChanged displayId: 0 packageName: com.example.controlhorario
07-20 18:41:45.125  2021  5426 D tranpm/BehaviorManager:  onAppLaunch nextPackName = com.example.controlhorario currPackName = com.transsion.XOSLauncher
07-20 18:41:45.125  2021  5426 I PowerHalWrapper: amsBoostNotify pid:27357,activity:com.example.controlhorario.MainActivity, package:com.example.controlhorario, mProcessCreatePackcom.example.controlhorario 
07-20 18:41:45.125  2021  5426 I PowerHalWrapper: state: 1 
07-20 18:41:45.125  2021  5426 I ScnModule: [GameDetection] packname: com.example.controlhorario, apkSize: 120024505. 
07-20 18:41:45.125  2021  5426 I mtkpower_client: [PowerHal_Wrap_notifyAppState] com.example.controlhorario/com.example.controlhorario.MainActivity pid=27357 activityId:16227053 state:1
07-20 18:41:45.126  2021  5426 I mtkpower_client: [Legacy][PowerHal_Wrap_notifyAppState] com.example.controlhorario/com.example.controlhorario.MainActivity pid=27357 state:16227053
07-20 18:41:45.126  1419  1494 I libPowerHal: [perfNotifyAppState] pack:com.example.controlhorario, act:com.example.controlhorario.MainActivity, state:1, pid:27357, uid:10345, fps:-1
07-20 18:41:45.126  1419  1494 I libPowerHal: [perfNotifyAppState] foreground:com.example.controlhorario, pid:27357, uid:10345
07-20 18:41:45.126  2021  5426 I PowerHalWrapper: amsBoostNotify AMS_BOOST_PROCESS_CREATE_BOOST:false 
07-20 18:41:45.127  2021  5426 I System.out: [scale_ufs_gear] pakname is not antutu: com.example.controlhorario, file is not exist: false
07-20 18:41:45.127  2021  5426 D MagellanHandle: updateRefreshRateForSceneVsyncs what = 23
07-20 18:41:45.127  2021  5426 D os.fingerprint: onActivityResume next:ActivityRecord{f79aed u0 com.example.controlhorario/.MainActivity t6619}
07-20 18:41:45.127  2021  5426 D os.fingerprint: activityComponent = ComponentInfo{com.example.controlhorario/com.example.controlhorario.MainActivity} inMultiWindow = false
07-20 18:41:45.128  4172  4378 D pnpmgr  : path: /sys/pnpmgr/ams/activity, do do_all_action
07-20 18:41:45.128  4172  4378 D pnpmgr  : current activity is com.example.controlhorario
07-20 18:41:45.128  4172  4378 D pnpmgr  : condition = 0, cache path is /sys/pnpmgr/fpsgo_boost/boost_enable, cache->event->path is /sys/pnpmgr/fpsgo_boost/boost_enable
07-20 18:41:45.128  4172  4378 D pnpmgr  : condition = 0, buf is 1
07-20 18:41:45.128  1419  1494 I UxUtility: notifyForegroundApp pack:com.example.controlhorario, uid:10345
07-20 18:41:45.128  1419  1494 I TouchUtility: notifyAppState error = NULL
07-20 18:41:45.129  2021  2021 D MBrainLocalService: isVendorFreezeConditionPass is false
07-20 18:41:45.129  2021  2021 E MBrainLocalService: notifyAppSwitch failed
07-20 18:41:45.130  1367 13689 W AudioALSACaptureDataProviderNormal: readThread, latency_in_s,0.000001,0.042546,0.000059, totalTime 0.042605 > logTimeout 0.022000 TIMEOUT!!
07-20 18:41:45.130  1419  1440 I mtkpower@impl: [notifyAppState] pc:0, com.transsion.XOSLauncher => com.example.controlhorario
07-20 18:41:45.130  2021  4055 I TranTp/TranTpSwitchManagerImpl: Set [com.example.controlhorario] is tp rate as default.
07-20 18:41:45.130  2021  4055 D TranTp/TranTpSwitchManagerImpl: sendCommand: rate=0, cmd=echo 0 > /proc/report_rate_switch.
07-20 18:41:45.130  2021  4055 W System.err: java.io.FileNotFoundException: /proc/report_rate_switch: open failed: ENOENT (No such file or directory)
07-20 18:41:45.130  2021  5426 I TranSCSourceConnectManagerImpl: hookDisplayResumedActivityChanged displayId: 0 packageName: com.example.controlhorario
07-20 18:41:45.130  2021  4055 W System.err: 	at libcore.io.IoBridge.open(IoBridge.java:574)
07-20 18:41:45.131  2021  4055 W System.err: 	at java.io.FileOutputStream.<init>(FileOutputStream.java:259)
07-20 18:41:45.131  2021  4055 W System.err: 	at java.io.FileOutputStream.<init>(FileOutputStream.java:147)
07-20 18:41:45.131  2021  4055 W System.err: 	at com.transsion.server.tpswitch.TranTpSwitchManagerImpl.sendCommand(TranTpSwitchManagerImpl.java:311)
07-20 18:41:45.131  2021  4055 W System.err: 	at com.transsion.server.tpswitch.TranTpSwitchManagerImpl.setDefaultTpRate(TranTpSwitchManagerImpl.java:267)
07-20 18:41:45.131  2021  4055 W System.err: 	at com.transsion.server.tpswitch.TranTpSwitchManagerImpl.setTpRate(TranTpSwitchManagerImpl.java:293)
07-20 18:41:45.131  2021  4055 W System.err: 	at com.transsion.server.tpswitch.TranTpSwitchManagerImpl.-$$Nest$msetTpRate(TranTpSwitchManagerImpl.java:0)
07-20 18:41:45.131  2021  4055 W System.err: 	at com.transsion.server.tpswitch.TranTpSwitchManagerImpl$1.onAppLaunch(TranTpSwitchManagerImpl.java:93)
07-20 18:41:45.131  2021  4055 W System.err: 	at com.transsion.griffin.core.HookerImpl$b.run(SourceFile:1)
07-20 18:41:45.131  2021  5426 D TranPhoneWindowManagerInternal: onActivityResume false
07-20 18:41:45.131  2021  4055 W System.err: 	at android.os.Handler.handleCallback(Handler.java:959)
07-20 18:41:45.131  2021  4055 W System.err: 	at android.os.Handler.dispatchMessage(Handler.java:100)
07-20 18:41:45.131  2021  4055 W System.err: 	at android.os.Looper.loopOnce(Looper.java:311)
07-20 18:41:45.131  2021  4055 W System.err: 	at android.os.Looper.loop(Looper.java:408)
07-20 18:41:45.131  2021  4055 W System.err: 	at android.os.HandlerThread.run(HandlerThread.java:85)
07-20 18:41:45.131  2021  4055 W System.err: Caused by: android.system.ErrnoException: open failed: ENOENT (No such file or directory)
07-20 18:41:45.131  2021  4055 W System.err: 	at libcore.io.Linux.open(Native Method)
07-20 18:41:45.131  2021  4055 W System.err: 	at libcore.io.ForwardingOs.open(ForwardingOs.java:579)
07-20 18:41:45.131  2021  4055 W System.err: 	at libcore.io.BlockGuardOs.open(BlockGuardOs.java:274)
07-20 18:41:45.131  2021  4055 W System.err: 	at libcore.io.IoBridge.open(IoBridge.java:560)
07-20 18:41:45.131  2021  4055 W System.err: 	... 13 more
07-20 18:41:45.132  2021  2067 I TranSuccCrashMgr: Post key event: type=0, event=wm_resume_activity0,0,com.example.controlhorario/.MainActivity, ext=null
07-20 18:41:45.132  2021  2060 E ApplicationHelper: Fail to get PackageManager
07-20 18:41:45.133  2021  2709 D PowerManagerService: onAppLaunch: currentPackage=com.transsion.XOSLauncher, nextPackage=com.example.controlhorario.
07-20 18:41:45.133  2856  2910 D ShellEventHandler: onPostRequestStartTransition OPEN token=android.os.BinderProxy@b8de062
07-20 18:41:45.133  2848  2848 I TopTaskTracker: onTaskMovedToFront: (moved taskInfo to front) taskId=6619, baseIntent=Intent { flg=0x10000000 cmp=com.example.controlhorario/.MainActivity }
07-20 18:41:45.134  2856  2910 D PictureInPicture: onActivityRestartAttempt: ComponentInfo{com.example.controlhorario/com.example.controlhorario.MainActivity}
07-20 18:41:45.134  2856  2910 D PictureInPicture: setLauncherKeepClearAreaHeight: visible=false, height=240
07-20 18:41:45.135  5015  6067 I SmartPanelService: onTaskFocusChanged taskId: 5  focused: false
07-20 18:41:45.135  5015  6067 I SmartPanelService: onTaskFocusChanged taskId: 6619  focused: true
07-20 18:41:45.128  5015  5036 I SmartPanelService: activityCheck pkgName: com.example.controlhorario, className: com.example.controlhorario.MainActivity isResume=true isDrawn = false
07-20 18:41:45.136  5015  5036 I MultiWindowUtils: pkg in multi window
07-20 18:41:45.136  2021  2821 D TranAppm/SystemMonitor: mTidEnabled not enabled, not to get game track data.
07-20 18:41:45.139  2021  2470 I Hiber/fastState: skip fastFreeze, uid=10193 pkgName=com.transsnet.store unFreezeReason=job cpnInfo= # com.transsnet.store
07-20 18:41:45.141  1486  1486 I BpBinder: onLastStrongRef automatically unlinking death recipients: 
07-20 18:41:45.141  2021  2470 I Hiber/stateManager: unfreeze uid: 10193 com.transsnet.store  reason:job   cpninfo: # com.transsnet.store costTime=3ms ,last freeze invalid
07-20 18:41:45.142  1486  1532 I BufferQueueDebug: [SnapshotStartingWindow for taskId=6619#12581](this:0xb40000796b7d2c38,id:-1,api:0,p:-1,c:-1) BufferQueue core=(1486:/system/bin/surfaceflinger)
07-20 18:41:45.143  4841  5364 I SimpleEventAdapt: onActivityEvent get com.example.controlhorario, com.example.controlhorario.MainActivity,true
07-20 18:41:45.143  4841  5364 I SimpleEventAdapt: notifyEvent2  activity_event
07-20 18:41:45.143  4841  5364 I SimpleEventAdapt: notifyEvent  1
07-20 18:41:45.143  4841  5364 I SimpleEventAdapt: onAppForegroundEvent get com.transsion.XOSLauncher, false
07-20 18:41:45.143  4841  5364 I SimpleEventAdapt: notifyEvent2  app_foreground
07-20 18:41:45.143  4841  5364 I SimpleEventAdapt: notifyEvent  1
07-20 18:41:45.143  4841  5364 I SimpleEventAdapt: onAppForegroundEvent get com.example.controlhorario, true
07-20 18:41:45.143  4841  5364 I SimpleEventAdapt: notifyEvent2  app_foreground
07-20 18:41:45.143  4841  5364 I SimpleEventAdapt: notifyEvent  1
07-20 18:41:45.144  4841 14281 I CacheManager:  save new data to cache activity_event
07-20 18:41:45.144  4841 14281 I bsc     : notifyDataChange in activity_event, 1
07-20 18:41:45.145  2021  2952 D BLASTSyncEngine: skip sync when startingsurface has drawn wc=ActivityRecord{f79aed u0 com.example.controlhorario/.MainActivity t6619}
07-20 18:41:45.145  2021  2952 I DreamAnimation:  hookAppTransitSuccess called,  mState=7 and doUnlockAnimation=0
07-20 18:41:45.145  2021  2952 D BLASTSyncEngine: transition TransitionRecord{c7d0a39 id=724 type=OPEN flags=0x0} isAuthenticateSucceed false
07-20 18:41:45.146  2021  2952 D TranStartingSurfaceController: waitForSyncTransactionCommit activityRecord:ActivityRecord{f79aed u0 com.example.controlhorario/.MainActivity t6619} mCurrentTranStartingSurface:com.android.server.wm.TranStartingSurface@52e7083
07-20 18:41:45.147  2021  2952 D TranStartingSurface: show mSurfaceControl=Surface(name=TranStartingSurface)/@0x1bd4b32
07-20 18:41:45.147  2021  2952 D TranStartingSurfaceController: showStartingSurface mCurrentTranStartingSurface=com.android.server.wm.TranStartingSurface@52e7083 activityRecord=ActivityRecord{f79aed u0 com.example.controlhorario/.MainActivity t6619}
07-20 18:41:45.148  2021  2952 I Transition: ignoreThunderbackTransition back= false change= false
07-20 18:41:45.148  2021  2952 I Transition: keep target for wallpaper animation 
07-20 18:41:45.149  1486  3850 I BufferQueueDebug: [Transition Root: Task=6619#12582](this:0xb40000796b8366e8,id:-1,api:0,p:-1,c:-1) BufferQueue core=(1486:/system/bin/surfaceflinger)
07-20 18:41:45.149  2021  2470 W JobScheduler.Concurrency: Had fewer than 16 in existence
07-20 18:41:45.149  4841 14281 I DataServiceImplV2: StandardDataService notifyDataChange  in 
07-20 18:41:45.150  4841 14281 I CacheManager:  save new data to cache activity_event
07-20 18:41:45.150  4841 14281 I bsc     : notifyDataChange in activity_event, 1
07-20 18:41:45.150  4841 14282 I DataServiceImplV2: StandardDataService notifyDataChange  curServiceName StandardDataService type:activity_event
07-20 18:41:45.150  4841 14281 I DataServiceImplV2: StandardDataService notifyDataChange  in 
07-20 18:41:45.150  4841 14282 I Kolun_AI: SystemEventSubscribe: onPublishData {"type":"activity_event","time":1784587305127,"data":"{\"className\":\"com.android.launcher3.uioverrides.QuickstepLauncher\",\"isResumed\":false,\"packageName\":\"com.transsion.XOSLauncher\"}","provider":"dc","dc_version":2030380000,"data_version":1,"user_id":0}
07-20 18:41:45.150  4841 14282 I Kolun_AI: SystemEventSubscribe: publisher.getMatcher() activity_event
07-20 18:41:45.150  4841 14282 I ApiInvoke1.7.1: SubscribeManager: publishData success host DataCenter#StandardDataService matcher activity_event
07-20 18:41:45.150  2021  2952 D TranDynamicBarAnimControllerImpl: updateFlagsFromDynamicIslandToWindow pkgName:com.example.controlhorario mStartFromDynamicIsland:false mDynamicIslandPkgName:com.google.android.gms
07-20 18:41:45.150  2021  2952 I Transition: updateFlagsFromDynamicIslandToWindow pkgName = com.example.controlhorario flagsArr[0] = 0
07-20 18:41:45.150  4841 14281 I CacheManager:  save new data to cache app_foreground
07-20 18:41:45.150  4841 14281 I bsc     : notifyDataChange in app_foreground, 1
07-20 18:41:45.150  2021  2952 D TranDynamicBarAnimControllerImpl: updateFlagsSimplifyAnimByLauncher pkgName:com.example.controlhorario mSimplifyAnimType:0 mSimplifyAnimOpenPkgName:com.example.controlhorario
07-20 18:41:45.150  2021  2952 I Transition: updateFlagsSimplifyAnimByLauncher pkgName = com.example.controlhorario flagsArr[0] = 0 mSimplifyAnimLaunchBounds: Rect(72, 1410 - 234, 1572)
07-20 18:41:45.150  4841 14282 W ApiInvoke1.7.1: SubscribeBusServerImpl: onSafePublishData start ==>> publisher Publisher{channel='DataCenter', apiName='StandardDataService', label='activity_event'}
07-20 18:41:45.150  4841 14281 I DataServiceImplV2: StandardDataService notifyDataChange  in 
07-20 18:41:45.150  2021  2952 D TranDynamicBarAnimControllerImpl: updateFlagsFromDynamicIslandToWindow pkgName:com.transsion.XOSLauncher mStartFromDynamicIsland:false mDynamicIslandPkgName:com.google.android.gms
07-20 18:41:45.150  2021  2952 I Transition: updateFlagsFromDynamicIslandToWindow pkgName = com.transsion.XOSLauncher flagsArr[0] = 0
07-20 18:41:45.150  2021  2952 D TranDynamicBarAnimControllerImpl: updateFlagsSimplifyAnimByLauncher pkgName:com.transsion.XOSLauncher mSimplifyAnimType:0 mSimplifyAnimOpenPkgName:com.example.controlhorario
07-20 18:41:45.150  2021  2952 I Transition: updateFlagsSimplifyAnimByLauncher pkgName = com.transsion.XOSLauncher flagsArr[0] = 0 mSimplifyAnimLaunchBounds: Rect(72, 1410 - 234, 1572)
07-20 18:41:45.151  2021  2952 D TranDynamicBarAnimControllerImpl: updateFlagsFromDynamicIslandToWindow pkgName:null mStartFromDynamicIsland:false mDynamicIslandPkgName:com.google.android.gms
07-20 18:41:45.151  2021  2952 I Transition: updateFlagsFromDynamicIslandToWindow pkgName = null flagsArr[0] = 0
07-20 18:41:45.151  2021  2952 D TranDynamicBarAnimControllerImpl: updateFlagsSimplifyAnimByLauncher pkgName:null mSimplifyAnimType:0 mSimplifyAnimOpenPkgName:com.example.controlhorario
07-20 18:41:45.151  2021  2952 I Transition: updateFlagsSimplifyAnimByLauncher pkgName = null flagsArr[0] = 0 mSimplifyAnimLaunchBounds: Rect(72, 1410 - 234, 1572)
07-20 18:41:45.151  4841 14282 W ApiInvoke1.7.1: SubscribeBusServerImpl: onSafePublishData, post publish data form DataCenter to {"pid": "4841","process": "com.transsion.kolun.aiservice","packageName": "com.transsion.kolun.aiservice","channels": ["com.transsion.kolun.aiservice","APPService","AiEngine","DataCenter","GlobalGuideChannel"],"version": "1.7.1"} pid 4841 isPublishLocal true isInvalidPublisher false
07-20 18:41:45.151  4841 14282 W ApiInvoke1.7.1: ApiRequest: do publishData to remote activity_event
07-20 18:41:45.151  4841 14282 I DataServiceImplV2: StandardDataService notifyDataChange  curServiceName StandardDataService type:activity_event
07-20 18:41:45.151  2021  2952 D MagellanHandle: updateRefreshRateForSceneVsyncs what = 21
07-20 18:41:45.151  4841 14282 I Kolun_AI: SystemEventSubscribe: onPublishData {"type":"activity_event","time":1784587305149,"data":"{\"className\":\"com.example.controlhorario.MainActivity\",\"isResumed\":true,\"packageName\":\"com.example.controlhorario\"}","provider":"dc","dc_version":2030380000,"data_version":1,"user_id":0}
07-20 18:41:45.151  4841 14282 I Kolun_AI: SystemEventSubscribe: publisher.getMatcher() activity_event
07-20 18:41:45.152  4841 14282 I ApiInvoke1.7.1: SubscribeManager: publishData success host DataCenter#StandardDataService matcher activity_event
07-20 18:41:45.152  4841 14282 W ApiInvoke1.7.1: SubscribeBusServerImpl: onSafePublishData start ==>> publisher Publisher{channel='DataCenter', apiName='StandardDataService', label='activity_event'}
07-20 18:41:45.152  4841 14282 W ApiInvoke1.7.1: SubscribeBusServerImpl: onSafePublishData, post publish data form DataCenter to {"pid": "4841","process": "com.transsion.kolun.aiservice","packageName": "com.transsion.kolun.aiservice","channels": ["com.transsion.kolun.aiservice","APPService","AiEngine","DataCenter","GlobalGuideChannel"],"version": "1.7.1"} pid 4841 isPublishLocal true isInvalidPublisher false
07-20 18:41:45.152  4841 14282 W ApiInvoke1.7.1: ApiRequest: do publishData to remote activity_event
07-20 18:41:45.152  4841 14282 I DataServiceImplV2: StandardDataService notifyDataChange  curServiceName StandardDataService type:app_foreground
07-20 18:41:45.153  4841 14282 I Kolun_AI: SystemEventSubscribe: onPublishData {"type":"app_foreground","time":1784587305150,"data":"{\"isForeground\":false,\"packageName\":\"com.transsion.XOSLauncher\"}","provider":"dc","dc_version":2030380000,"data_version":1,"user_id":0}
07-20 18:41:45.153  4841 14282 I Kolun_AI: SystemEventSubscribe: publisher.getMatcher() app_foreground
07-20 18:41:45.153  4841 14282 I Kolun_AI: SystemEventSubscribeheh:SimpleEventBus post event AppForegroundEvent{mPackageName='com.transsion.XOSLauncher', mIsForeground=false} 1784587305150
07-20 18:41:45.153  4841 14282 I ApiInvoke1.7.1: SubscribeManager: publishData success host DataCenter#StandardDataService matcher app_foreground
07-20 18:41:45.153  4841  5026 I Kolun_AI: SceneIdentify:onBusEvent AppForegroundEvent   com.transsion.XOSLauncher, false, SceneIdentify
07-20 18:41:45.153  4841  5026 I Kolun_AI: PreventAccidentalTouchScene:mIsSceneIn: false
07-20 18:41:45.153  4841 14282 W ApiInvoke1.7.1: SubscribeBusServerImpl: onSafePublishData start ==>> publisher Publisher{channel='DataCenter', apiName='StandardDataService', label='app_foreground'}
07-20 18:41:45.153  4841  5026 I Kolun_AI: SceneIdentify:checkShortVideo com.transsion.XOSLauncher false 
07-20 18:41:45.153  4841  5026 I Kolun_AI: SceneIdentify:isShortVideoPkg false
07-20 18:41:45.153  4841  5026 I Kolun_AI: SceneIdentify:checkGameOut  com.transsion.XOSLauncher, 
07-20 18:41:45.153  4841  5026 I Kolun_AI: SceneIdentify:checkSocialOut  com.transsion.XOSLauncher, 
07-20 18:41:45.153  4841  5026 I Kolun_AI: AppPredictManager:onBusEvent com.transsion.XOSLauncher false
07-20 18:41:45.154  2856  3043 V WindowManagerShell: onTransitionReady(transaction=8680128968720)
07-20 18:41:45.154  4841 14282 W ApiInvoke1.7.1: SubscribeBusServerImpl: onSafePublishData, post publish data form DataCenter to {"pid": "4841","process": "com.transsion.kolun.aiservice","packageName": "com.transsion.kolun.aiservice","channels": ["com.transsion.kolun.aiservice","APPService","AiEngine","DataCenter","GlobalGuideChannel"],"version": "1.7.1"} pid 4841 isPublishLocal true isInvalidPublisher false
07-20 18:41:45.154  4841 14282 W ApiInvoke1.7.1: ApiRequest: do publishData to remote app_foreground
07-20 18:41:45.154  2856  2910 V WindowManagerShell: onTransitionReady (#724) android.os.BinderProxy@b8de062: {id=724 t=OPEN f=0x0 trk=0 r=[0@Point(0, 0)] c=[{WCT{android.window.IWindowContainerToken$Stub$Proxy@27c8ae5} m=TO_FRONT f=MOVE_TO_TOP leash=Surface(name=Task=6619)/@0x2f5c529 sb=Rect(0, 0 - 1080, 2436) eb=Rect(0, 0 - 1080, 2436) mSimplifyStartAbsBounds=Rect(0, 0 - 0, 0) d=0 taskParent=-1},{WCT{android.window.IWindowContainerToken$Stub$Proxy@37719ba} m=TO_BACK f=SHOW_WALLPAPER leash=Surface(name=Task=1)/@0xb6da0ae sb=Rect(0, 0 - 1080, 2436) eb=Rect(0, 0 - 1080, 2436) mSimplifyStartAbsBounds=Rect(0, 0 - 0, 0) d=0 taskParent=-1},{null m=CHANGE f=IS_WALLPAPER leash=Surface(name=WallpaperWindowToken{2587c6b token=android.os.Binder@6e9f5ba})/@0x9369e4f sb=Rect(0, 0 - 1080, 2436) eb=Rect(0, 0 - 1080, 2436) mSimplifyStartAbsBounds=Rect(0, 0 - 0, 0) d=0}]}
07-20 18:41:45.154  2856  2910 D ShellTransitions: setupStartState setAlpha 0.f:Surface(name=Task=6619)/@0x2f5c529
07-20 18:41:45.154  2856  2910 D ShellTransitions_interrupt: isIconLaunchOpenOrClose mode: 4
07-20 18:41:45.154  2856  2910 D ShellTransitions_interrupt: isOpenOrCloseMode: trueisInterruptedTask: true isSplitMode: false isTranssionLauncher: true
07-20 18:41:45.154  2856  2910 D ShellTransitions_interrupt: isIconLaunchRemoteTransitionInterrupted isopenorclose: true   mHasPlayingTransitions: false mFinishHasPlayingTransitions: false
07-20 18:41:45.154  2856  2910 D ShellTransitions_interrupt: processReadyQueuemIfTransitionReUseLeash: false
07-20 18:41:45.154  2856  2910 V WindowManagerShell: Playing animation for (#724) android.os.BinderProxy@b8de062@0
07-20 18:41:45.154  2856  2910 D ShellEventHandler: onTransitionStarting OPEN token=android.os.BinderProxy@b8de062
07-20 18:41:45.154  2856  2910 D ShellTransitions_interrupt: isIconLaunchOpenOrClose mode: 4
07-20 18:41:45.154  2856  2910 D ShellTransitions_interrupt: isOpenOrCloseMode: trueisInterruptedTask: true isSplitMode: false isTranssionLauncher: true
07-20 18:41:45.154  2856  2910 D ShellTransitions_interrupt: setupAnimHierarchy  ifNoReparentForInterrupt(info):  true ifMerge: false
07-20 18:41:45.154  2856  2910 D ShellTransitions_interrupt: isIconLaunchOpenOrClose mode: 4
07-20 18:41:45.154  2856  2910 D ShellTransitions_interrupt: isOpenOrCloseMode: trueisInterruptedTask: true isSplitMode: false isTranssionLauncher: true
07-20 18:41:45.154  2856  2910 D ShellTransitions_interrupt: isIconLaunchOpenOrClose mode: 4
07-20 18:41:45.154  2856  2910 D ShellTransitions_interrupt: isOpenOrCloseMode: trueisInterruptedTask: true isSplitMode: false isTranssionLauncher: true
07-20 18:41:45.154  2856  2910 D ShellTransitions_interrupt: setupAnimHierarchy  ifNoReparentForInterrupt(info):  true ifMerge: false
07-20 18:41:45.154  2856  2910 D ShellTransitions_interrupt: isIconLaunchOpenOrClose mode: 4
07-20 18:41:45.154  2856  2910 D ShellTransitions_interrupt: isOpenOrCloseMode: trueisInterruptedTask: true isSplitMode: false isTranssionLauncher: true
07-20 18:41:45.154  2856  2910 D ShellTransitions_interrupt: isIconLaunchOpenOrClose mode: 4
07-20 18:41:45.154  2856  2910 D ShellTransitions_interrupt: isOpenOrCloseMode: trueisInterruptedTask: true isSplitMode: false isTranssionLauncher: true
07-20 18:41:45.154  2856  2910 D ShellTransitions_interrupt: setupAnimHierarchy  ifNoReparentForInterrupt(info):  true ifMerge: false
07-20 18:41:45.154  2856  2910 D ShellTransitions_interrupt: isIconLaunchOpenOrClose mode: 4
07-20 18:41:45.154  2856  2910 D ShellTransitions_interrupt: isOpenOrCloseMode: trueisInterruptedTask: true isSplitMode: false isTranssionLauncher: true
07-20 18:41:45.154  2856  2910 V WindowManagerShell:  try handler com.android.wm.shell.transition.DefaultMixedHandler@16ed6b7
07-20 18:41:45.154  2856  2910 V WindowManagerShell:  try handler com.android.wm.shell.keyguard.KeyguardTransitionHandler@a275e24
07-20 18:41:45.154  2856  2910 V WindowManagerShell:  try handler com.android.wm.shell.pip.PipTransition@bbd53b4
07-20 18:41:45.154  2856  2910 V WindowManagerShell:  try handler com.android.wm.shell.activityembedding.ActivityEmbeddingController@55abdd
07-20 18:41:45.154  2856  2910 V WindowManagerShell:  try handler com.android.wm.shell.recents.RecentsTransitionHandler@8c5b352
07-20 18:41:45.155  2856  2910 V ShellRecents: RecentsTransitionHandler.startAnimation: no controller found
07-20 18:41:45.155  2856  2910 V WindowManagerShell:  try handler com.android.wm.shell.splitscreen.StageCoordinator@c3c8623
07-20 18:41:45.155  2856  2910 V StageCoordinator: startAnimation: transition=724 isSplitActive=false
07-20 18:41:45.155  2856  2910 V WindowManagerShell:  try handler com.android.wm.shell.transition.RemoteTransitionHandler@8b5f720
07-20 18:41:45.155  2856  2910 V WindowManagerShell: Transition doesn't have explicit remote, search filters for match for {id=724 t=OPEN f=0x0 trk=0 r=[0@Point(0, 0)] c=[{WCT{android.window.IWindowContainerToken$Stub$Proxy@27c8ae5} m=TO_FRONT f=MOVE_TO_TOP leash=Surface(name=Task=6619)/@0x2f5c529 sb=Rect(0, 0 - 1080, 2436) eb=Rect(0, 0 - 1080, 2436) mSimplifyStartAbsBounds=Rect(0, 0 - 0, 0) d=0 taskParent=-1},{WCT{android.window.IWindowContainerToken$Stub$Proxy@37719ba} m=TO_BACK f=SHOW_WALLPAPER leash=Surface(name=Task=1)/@0xb6da0ae sb=Rect(0, 0 - 1080, 2436) eb=Rect(0, 0 - 1080, 2436) mSimplifyStartAbsBounds=Rect(0, 0 - 0, 0) d=0 taskParent=-1},{null m=CHANGE f=IS_WALLPAPER leash=Surface(name=WallpaperWindowToken{2587c6b token=android.os.Binder@6e9f5ba})/@0x9369e4f sb=Rect(0, 0 - 1080, 2436) eb=Rect(0, 0 - 1080, 2436) mSimplifyStartAbsBounds=Rect(0, 0 - 0, 0) d=0}]}
07-20 18:41:45.155  2856  2910 V WindowManagerShell:  Delegate animation for (#724) to null
07-20 18:41:45.155  2856  2910 V WindowManagerShell:  try handler com.android.wm.shell.transition.DefaultTransitionHandler@98628d9
07-20 18:41:45.155  2856  2910 V WindowManagerShell: start default transition animation, info = {id=724 t=OPEN f=0x0 trk=0 r=[0@Point(0, 0)] c=[{WCT{android.window.IWindowContainerToken$Stub$Proxy@27c8ae5} m=TO_FRONT f=MOVE_TO_TOP leash=Surface(name=Task=6619)/@0x2f5c529 sb=Rect(0, 0 - 1080, 2436) eb=Rect(0, 0 - 1080, 2436) mSimplifyStartAbsBounds=Rect(0, 0 - 0, 0) d=0 taskParent=-1},{WCT{android.window.IWindowContainerToken$Stub$Proxy@37719ba} m=TO_BACK f=SHOW_WALLPAPER leash=Surface(name=Task=1)/@0xb6da0ae sb=Rect(0, 0 - 1080, 2436) eb=Rect(0, 0 - 1080, 2436) mSimplifyStartAbsBounds=Rect(0, 0 - 0, 0) d=0 taskParent=-1},{null m=CHANGE f=IS_WALLPAPER leash=Surface(name=WallpaperWindowToken{2587c6b token=android.os.Binder@6e9f5ba})/@0x9369e4f sb=Rect(0, 0 - 1080, 2436) eb=Rect(0, 0 - 1080, 2436) mSimplifyStartAbsBounds=Rect(0, 0 - 0, 0) d=0}]}
07-20 18:41:45.155  2856  2910 D ShellTransitions: isCustomizedsSceneAnimType = 0
07-20 18:41:45.156  4841 14281 I CacheManager:  save new data to cache app_foreground
07-20 18:41:45.156  4841 14281 I bsc     : notifyDataChange in app_foreground, 1
07-20 18:41:45.156  2856  2910 V WindowManagerShell: loadAnimation: anim=android.view.animation.AnimationSet@e387c8 animAttr=0x13 type=OPEN isEntrance=false
07-20 18:41:45.156 27357 27357 D EmployeeSync: WorkManager programado: immediate_id=dea428e5-cc9e-454f-918e-868a54d810e5, periodic_id=361d9491-8232-4ea8-9eb4-bc9518ca9f15, network=CONNECTED, interval=6h
07-20 18:41:45.156  4841 14281 I DataServiceImplV2: StandardDataService notifyDataChange  in 
07-20 18:41:45.156  2856  2910 D ShellTransitions: isCustomizedsSceneAnimType = 0
07-20 18:41:45.157  2856  2910 V WindowManagerShell: loadAnimation: anim=android.view.animation.AnimationSet@48d5874 animAttr=0x12 type=OPEN isEntrance=true
07-20 18:41:45.157  2021  2470 I tranpm/ServicePolicy: isBlockHsB1 true
07-20 18:41:45.157  2021  2470 I tranpm/ServicePolicy: limitBindServiceLocked by hs&job - cold: callingPackage = android, targetPkg = com.transsnet.store
07-20 18:41:45.157  4841 14282 I DataServiceImplV2: StandardDataService notifyDataChange  curServiceName StandardDataService type:app_foreground
07-20 18:41:45.158  4841 14282 I Kolun_AI: SystemEventSubscribe: onPublishData {"type":"app_foreground","time":1784587305155,"data":"{\"isForeground\":true,\"packageName\":\"com.example.controlhorario\"}","provider":"dc","dc_version":2030380000,"data_version":1,"user_id":0}
07-20 18:41:45.158  2856  2910 D ShellTransitions_interrupt: dispatchTransition: consumed by com.android.wm.shell.transition.DefaultTransitionHandler@98628d9
07-20 18:41:45.158  2856  2910 V WindowManagerShell:  animated by com.android.wm.shell.transition.DefaultTransitionHandler@98628d9
07-20 18:41:45.158  2021  2470 W ActivityManager: Unbind failed: could not find connection for android.app.LoadedApk$ServiceDispatcher$InnerConnection@3e1f048
07-20 18:41:45.160  2021  2059 V WindowManager: Sent Transition (#724) createdAt=07-20 18:41:45.098 via request=TransitionRequestInfo { type = OPEN, triggerTask = TaskInfo{userId=0 taskId=6619 displayId=0 isRunning=true baseIntent=Intent { flg=0x10000000 cmp=com.example.controlhorario/.MainActivity } baseActivity=ComponentInfo{com.example.controlhorario/com.example.controlhorario.MainActivity} topActivity=ComponentInfo{com.example.controlhorario/com.example.controlhorario.MainActivity} origActivity=null realActivity=ComponentInfo{com.example.controlhorario/com.example.controlhorario.MainActivity} numActivities=1 lastActiveTime=320947655 supportsMultiWindow=true resizeMode=1 isResizeable=true minWidth=-1 minHeight=-1 defaultMinSize=110 token=WCT{RemoteToken{796a232 Task{9733b3 #6619 type=standard A=10345:com.example.controlhorario}}} topActivityType=1 pictureInPictureParams=null shouldDockBigOverlays=false launchIntoPipHostTaskId=-1 lastParentTaskIdBeforePip=-1 displayCutoutSafeInsets=Rect(0, 108 - 0, 0) topActivityInfo=ActivityInfo{53a7b83 com.example.controlhorario.MainActivity} launchCookies=[] positionInParent=Point(0, 0) parentTaskId=-1 isFocused=false isVisible=false isVisibleRequested=false isSleeping=false locusId=null displayAreaFeatureId=1 isTopActivityTransparent=false appCompatTaskInfo=AppCompatTaskInfo { topActivityInSizeCompat=false topActivityEligibleForLetterboxEducation= falseisLetterboxEducationEnabled= false isLetterboxDoubleTapEnabled= false topActivityEligibleForUserAspectRatioButton= false topActivityBoundsLetterboxed= false isFromLetterboxDoubleTap= false topActivityLetterboxVerticalPosition= -1 topActivityLetterboxHorizontalPosition= -1 topActivityLetterboxWidth=1080 topActivityLetterboxHeight=2436 isUserFullscreenOverrideEnabled=false isSystemFullscreenOverrideEnabled=false cameraCompatTaskInfo=CameraCompatTaskInfo { cameraCompatControlState=hidden freeformCameraCompatMode=inactive}}}, pipTask = null, remoteTransition = null, displayChange = null, flags = 0, debugId = 724 }
07-20 18:41:45.160  2021  2059 V WindowManager:     startWCT=WindowContainerTransaction { changes = {} hops = [] errorCallbackToken=null taskFragmentOrganizer=null mInterrupt=false }
07-20 18:41:45.160  4841 14282 I Kolun_AI: SystemEventSubscribe: publisher.getMatcher() app_foreground
07-20 18:41:45.160  2021  2059 V WindowManager:     info={id=724 t=OPEN f=0x0 trk=0 r=[0@Point(0, 0)] c=[
07-20 18:41:45.160  2021  2059 V WindowManager:         {WCT{RemoteToken{796a232 Task{9733b3 #6619 type=standard A=10345:com.example.controlhorario}}} m=TO_FRONT f=MOVE_TO_TOP leash=Surface(name=Task=6619)/@0x40b47e7 sb=Rect(0, 0 - 1080, 2436) eb=Rect(0, 0 - 1080, 2436) mSimplifyStartAbsBounds=Rect(0, 0 - 0, 0) d=0 taskParent=-1},
07-20 18:41:45.160  2021  2059 V WindowManager:         {WCT{RemoteToken{4d49e34 Task{62a7c2f #1 type=home}}} m=TO_BACK f=SHOW_WALLPAPER leash=Surface(name=Task=1)/@0x91882c4 sb=Rect(0, 0 - 1080, 2436) eb=Rect(0, 0 - 1080, 2436) mSimplifyStartAbsBounds=Rect(0, 0 - 0, 0) d=0 taskParent=-1},
07-20 18:41:45.160  2021  2059 V WindowManager:         {null m=CHANGE f=IS_WALLPAPER leash=Surface(name=WallpaperWindowToken{2587c6b token=android.os.Binder@6e9f5ba})/@0x18df188 sb=Rect(0, 0 - 1080, 2436) eb=Rect(0, 0 - 1080, 2436) mSimplifyStartAbsBounds=Rect(0, 0 - 0, 0) d=0}
07-20 18:41:45.160  2021  2059 V WindowManager:     ]}
07-20 18:41:45.160  1486  3850 I BufferQueueDebug: [Surface(name=6788edb NavigationBar0)/@0xcfdf3b6 - animation-leash of insets_animation#12583](this:0xb40000796b82b0a8,id:-1,api:0,p:-1,c:-1) BufferQueue core=(1486:/system/bin/surfaceflinger)
07-20 18:41:45.161  2021  2470 E JobScheduler.Concurrency: Error executing JobStatus{751ec09 #u0a193/100 com.transsnet.store/com.afmobi.palmplay.service.MsgJobService u=0 s=10193 TIME=-2d1h56m26s933ms:-2d1h56m26s933ms NET PERSISTED READY}
07-20 18:41:45.163  1486  3850 I BufferQueueDebug: [Surface(name=19d0f20 StatusBar)/@0xd2668b7 - animation-leash of insets_animation#12584](this:0xb40000796b855c18,id:-1,api:0,p:-1,c:-1) BufferQueue core=(1486:/system/bin/surfaceflinger)
07-20 18:41:45.163 27357 27357 D ActivityThread: handleResumeActivity#3 r.window=com.android.internal.policy.PhoneWindow@6dfa3efa.mFinished = falsewillBeVisible = true
07-20 18:41:45.163  4841 14282 I Kolun_AI: SystemEventSubscribeheh:SimpleEventBus post event AppForegroundEvent{mPackageName='com.example.controlhorario', mIsForeground=true} 1784587305155
07-20 18:41:45.163  4841 14282 I ApiInvoke1.7.1: SubscribeManager: publishData success host DataCenter#StandardDataService matcher app_foreground
07-20 18:41:45.163  4841 14282 W ApiInvoke1.7.1: SubscribeBusServerImpl: onSafePublishData start ==>> publisher Publisher{channel='DataCenter', apiName='StandardDataService', label='app_foreground'}
07-20 18:41:45.164  4841  5026 I Kolun_AI: SceneIdentify:onBusEvent AppForegroundEvent   com.example.controlhorario, true, SceneIdentify
07-20 18:41:45.164  4841  5026 I Kolun_AI: PreventAccidentalTouchScene:sceneIn
07-20 18:41:45.164  4841  5026 I Kolun_AI: PreventAccidentalTouchScene:screenTouchMode: 0
07-20 18:41:45.164  4841  5026 I Kolun_AI: PreventAccidentalTouchScene:mIsSceneIn: false
07-20 18:41:45.164  4841  5026 I Kolun_AI: SceneIdentify:checkShortVideo com.example.controlhorario true 
07-20 18:41:45.164  4841  5026 I Kolun_AI: SceneIdentify:isShortVideoPkg false
07-20 18:41:45.164  4841  5026 I Kolun_AI: SceneIdentify:checkGameIn  com.example.controlhorario, 
07-20 18:41:45.164  4841  5026 I Kolun_AI: SceneIdentify:checkSocialIn  com.example.controlhorario, 
07-20 18:41:45.164  4841  5026 I Kolun_AI: TipsSceneService:event com.example.controlhorario
07-20 18:41:45.164  4841  5026 I Kolun_AI: AppPredictManager:onBusEvent com.example.controlhorario true
07-20 18:41:45.164  2021  2952 D WindowManager: updateSystemBarAttributes appearance:0, win appearance:0, opaqueAppearance:0, win:Window{ec626dd u0 com.example.controlhorario/com.example.controlhorario.MainActivity}, appearanceRegions=[AppearanceRegion{ bounds=[0,0][1080,2436]}]
07-20 18:41:45.165  2021  2470 I tranpm/ServicePolicy: isBlockHsB1 true
07-20 18:41:45.165  2021  2470 I tranpm/ServicePolicy: limitBindServiceLocked by hs&job - cold: callingPackage = android, targetPkg = com.google.android.gm
07-20 18:41:45.166  4841 14282 W ApiInvoke1.7.1: SubscribeBusServerImpl: onSafePublishData, post publish data form DataCenter to {"pid": "4841","process": "com.transsion.kolun.aiservice","packageName": "com.transsion.kolun.aiservice","channels": ["com.transsion.kolun.aiservice","APPService","AiEngine","DataCenter","GlobalGuideChannel"],"version": "1.7.1"} pid 4841 isPublishLocal true isInvalidPublisher false
07-20 18:41:45.166  4841 14282 W ApiInvoke1.7.1: ApiRequest: do publishData to remote app_foreground
07-20 18:41:45.166  2021  2470 W ActivityManager: Unbind failed: could not find connection for android.app.LoadedApk$ServiceDispatcher$InnerConnection@b5d181d
07-20 18:41:45.167  2021  2470 E JobScheduler.Concurrency: Error executing JobStatus{a27a665 #u0a209/1007999 com.google.android.gm/com.google.android.libraries.notifications.entrypoints.scheduled.ScheduledTaskService u=0 s=10209 TIME=-21m9s7ms:+23h38m50s993ms NET PERIODIC PERSISTED READY}
07-20 18:41:45.169  2021  2952 D TranStartingSurfaceController: activityRecord ActivityRecord{f79aed u0 com.example.controlhorario/.MainActivity t6619} is ShowStartingSurface res=true
07-20 18:41:45.169  2021  2952 D WindowManager: should skip check rotation when startingsurface is showing
07-20 18:41:45.170  2021  2952 I WindowManager: Relayout Window{cc33e2c u0 SnapshotStartingWindow for taskId=6619}: oldVis=8 newVis=0 focusMayChange = true requestedWidth = -1 requestedHeight = -1 outFrames = ClientWindowFrames{frame=[0,0][1080,2436] display=[0,0][1080,2436] parentFrame=[0,0][0,0]} outSurfaceControl = Surface(name=SnapshotStartingWindow for taskId=6619)/@0x76a4a92
07-20 18:41:45.170  5015  5036 D SmartEventManager: dispatchEvent event: SmartEvent(action=activity_check, extras=Bundle[{is_activity_check=true}])
07-20 18:41:45.171  5015  5015 I SmartPanelRepository: hasLoadData true  data size = 9
07-20 18:41:45.171  2021  2470 I tranpm/ServicePolicy: isBlockHsB1 true
07-20 18:41:45.171  2021  2470 I tranpm/ServicePolicy: limitBindServiceLocked by hs&job - cold: callingPackage = android, targetPkg = com.gallery20
07-20 18:41:45.172  2856  2910 D ShellTransitions_interrupt: finish handler: com.android.wm.shell.transition.DefaultTransitionHandler@98628d9
07-20 18:41:45.172  2856  2910 D ShellTransitions_interrupt: onFinish: isLauncherReUseLeash = false
07-20 18:41:45.172  2856  2910 V WindowManagerShell: Transition animation finished (aborted=false), notifying core (#724) android.os.BinderProxy@b8de062@0
07-20 18:41:45.172  2856  2910 D ShellTransitions: Applied finish transaction
07-20 18:41:45.172  2856  2910 D ShellTransitions_interrupt: onFinish finish apply
07-20 18:41:45.172  5015  5015 D SceneController: checkCanShow canShow: true  changed false 
07-20 18:41:45.173  2021  2898 D ActivityTaskManager_Recents: 	excludeFromRecents=true, taskIndex = 2, isOnHomeDisplay: false, isAnimatingByRecents: false
07-20 18:41:45.173  2021  2898 D ActivityTaskManager_Recents: Skipping, not in visible range taskId: 6623
07-20 18:41:45.173  2021  2898 D ActivityTaskManager_Recents: 	excludeFromRecents=true, taskIndex = 4, isOnHomeDisplay: false, isAnimatingByRecents: false
07-20 18:41:45.173  2021  2898 D ActivityTaskManager_Recents: Skipping, not in visible range taskId: 5890
07-20 18:41:45.174  2856  2856 I StatusBarModePerDisplayRepository: isInFullscreenMode:false com.example.controlhorario
07-20 18:41:45.174  1486  3850 I BufferQueueDebug: [com.example.controlhorario/com.example.controlhorario.MainActivity#12585](this:0xb40000796b841d28,id:-1,api:0,p:-1,c:-1) BufferQueue core=(1486:/system/bin/surfaceflinger)
07-20 18:41:45.176  2021  2457 D WindowManager: currentFocusId -1 newFocusId: 0 currentFocusIsMultiWindow: false newFocusIsMultiWindow: false
07-20 18:41:45.176  2021  2457 W WindowManager: Changing focus from null to Window{ec626dd u0 com.example.controlhorario/com.example.controlhorario.MainActivity} displayId=0 Callers=com.android.server.wm.RootWindowContainer.updateFocusedWindowLocked:528 com.android.server.wm.WindowManagerService.updateFocusedWindowLocked:6855 com.android.server.wm.WindowManagerService.relayoutWindowInner:2862 com.android.server.wm.WindowManagerService.relayoutWindow:2521 
07-20 18:41:45.176  2021  2457 D WindowManager: notifyAppOnFocusChange focusedWindow = com.example.controlhorario/com.example.controlhorario.MainActivity mFocusChangeCallback = android.window.IFocusChangeCallback$Stub$Proxy@f5ab59a
07-20 18:41:45.177  2021  2457 D TranDisplayJamMonitor: starting window overlay on focus window. WindowInfo:Window{cc33e2c u0 SnapshotStartingWindow for taskId=6619}
07-20 18:41:45.177  2021  2457 D TranDisplayJamMonitor: checkExceptionWindowResult = 1040
07-20 18:41:45.177  2021  2457 D TranDisplayJamMonitor: check display window jam detection:Window{ec626dd u0 com.example.controlhorario/com.example.controlhorario.MainActivity}
07-20 18:41:45.177  2021  2457 D TranDisplayJamMonitor: remove screen rotation animation detection
07-20 18:41:45.177  2021  2457 D TranStartingSurfaceController: activityRecord ActivityRecord{f79aed u0 com.example.controlhorario/.MainActivity t6619} is ShowStartingSurface res=true
07-20 18:41:45.177  2021  2457 D WindowManager: should skip check rotation when startingsurface is showing
07-20 18:41:45.177  2021  2457 I WindowManager: Relayout Window{ec626dd u0 com.example.controlhorario/com.example.controlhorario.MainActivity}: oldVis=8 newVis=0 focusMayChange = true requestedWidth = 1080 requestedHeight = 2436 outFrames = ClientWindowFrames{frame=[0,0][1080,2436] display=[0,0][1080,2436] parentFrame=[0,0][0,0]} outSurfaceControl = Surface(name=com.example.controlhorario/com.example.controlhorario.MainActivity)/@0xade7dde
07-20 18:41:45.178  1486  3850 I BufferQueueDebug: [aef5d22 ActivityRecordInputSink com.example.controlhorario/.MainActivity#12586](this:0xb40000796b7f2168,id:-1,api:0,p:-1,c:-1) BufferQueue core=(1486:/system/bin/surfaceflinger)
07-20 18:41:45.181 27357 27357 D BufferQueueConsumer: [](id:6add0000000c,api:0,p:-1,c:27357) connect: controlledByApp=false
07-20 18:41:45.181  2021  2063 I ActivityTaskManager: this = Task{9733b3 #6619 type=standard A=10345:com.example.controlhorario} is in Transition
07-20 18:41:45.181 27357 27357 D BLASTBufferQueue: [VRI[MainActivity]#6](f:0,a:0) constructor()
07-20 18:41:45.181 27357 27357 D BLASTBufferQueue: [VRI[MainActivity]#6](f:0,a:0) update width=1080 height=2436 format=-3 mTransformHint=0
07-20 18:41:45.182  2856  2928 V SnapshotDrawerUtils: Drawing snapshot surface sizeMismatch=false
07-20 18:41:45.182  2021  2063 D SurfaceComposerClient: Transaction::apply InputWindowCommands.focusRequests timestamp=118236293035354, windowName=<null>
07-20 18:41:45.184  2021  2062 W ProcessStats: Tracking association SourceState{9ad1d95 com.android.systemui/10150 BFgs #159401} whose proc state 4 is better than process ProcessState{728015d com.transsion.XOSLauncher/10190 pkg=com.transsion.XOSLauncher} proc state 5 (1 skipped)
07-20 18:41:45.184  2021  2060 E ApplicationHelper: Fail to get PackageManager
07-20 18:41:45.184  2021  2060 E ApplicationHelper: Fail to get PackageManager
07-20 18:41:45.184  2021  2060 E ApplicationHelper: Fail to get PackageManager
07-20 18:41:45.184  2021  2060 E ApplicationHelper: Fail to get PackageManager
07-20 18:41:45.184  2021  2060 E ApplicationHelper: Fail to get PackageManager
07-20 18:41:45.184  2021  2060 E ApplicationHelper: Fail to get PackageManager
07-20 18:41:45.184  2021  2060 E ApplicationHelper: Fail to get PackageManager
07-20 18:41:45.184  2021  2060 E ApplicationHelper: Fail to get PackageManager
07-20 18:41:45.184  2021  2060 E ApplicationHelper: Fail to get PackageManager
07-20 18:41:45.185  2021  2062 I DisplayDeviceRepository: Display device changed: DisplayDeviceInfo{"Pantalla integrada": uniqueId="local:0", 1080 x 2436, modeId 2, renderFrameRate 60.000004, defaultModeId 1, userPreferredModeId -1, supportedModes [{id=1, width=1080, height=2436, fps=120.00001, vsync=120.00001, synthetic=false, alternativeRefreshRates=[60.0], supportedHdrTypes=[]}, {id=2, width=1080, height=2436, fps=60.0, vsync=60.0, synthetic=false, alternativeRefreshRates=[120.00001], supportedHdrTypes=[]}], colorMode 0, supportedColorModes [0, 7, 9], hdrCapabilities HdrCapabilities{mSupportedHdrTypes=[], mMaxLuminance=500.0, mMaxAverageLuminance=500.0, mMinLuminance=0.0}, allmSupported false, gameContentTypeSupported false, density 480, 392.783 x 392.828 dpi, appVsyncOff 2400001, presDeadline 28600000, cutout DisplayCutout{insets=Rect(0, 108 - 0, 0) waterfall=Insets{left=0, top=0, right=0, bottom=0} boundingRect={Bounds=[Rect(0, 0 - 0, 0), Rect(468, 0 - 612, 108), Rect(0, 0 - 0, 0), Rect(0, 0 - 0, 0)]} cutoutPathParserInfo={CutoutPathParserInfo{displayWidth=1080 displayHeight=2436 physicalDisplayWidth=1080 physicalDisplayHeight=2436 density={3.0} cutoutSpec={M -24,0 L -24,36 L 24,36 L 24,0 Z @dp} rotation={0} scale={1.0} physicalPixelDisplaySizeRatio={1.0}}} sideOverrides={}}, touch INTERNAL, rotation 0, type INTERNAL, address {port=0}, deviceProductInfo null, state ON, committedState ON, frameRateOverride , brightnessMinimum 0.0, brightnessMaximum 1.0, brightnessDefault 0.2, hdrSdrRatio NaN, FLAG_ALLOWED_TO_BE_DEFAULT_DISPLAY, FLAG_ROTATES_WITH_CONTENT, FLAG_SECURE, FLAG_SUPPORTS_PROTECTED_BUFFERS, FLAG_TRUSTED, installOrientation 0, displayShape DisplayShape{ spec=596679847 displayWidth=1080 displayHeight=2436 physicalPixelDisplaySizeRatio=1.0 rotation=0 offsetX=0 offsetY=0 scale=1.0}}
07-20 18:41:45.186  2021  2470 W ActivityManager: Unbind failed: could not find connection for android.app.LoadedApk$ServiceDispatcher$InnerConnection@cad251
07-20 18:41:45.187  1367 13689 W AudioALSACaptureDataProviderNormal: readThread, latency_in_s,0.000001,0.039752,0.000016, totalTime 0.039769 > logTimeout 0.022000 TIMEOUT!!
07-20 18:41:45.187  2021  2062 I Griffin/DeviceState: virtualDisplayPackageName :{}
07-20 18:41:45.187  2021  2470 E JobScheduler.Concurrency: Error executing JobStatus{5225a8b #u0a156/2810 com.gallery20/androidx.work.impl.background.systemjob.SystemJobService u=0 s=10156 TIME=-17h10m58s218ms:none BATNOTLOW STORENOTLOW READY}
07-20 18:41:45.188  2021  3243 D WindowOrganizerController: WCT isInterrupt: false
07-20 18:41:45.188  2021  2072 I mtkpower_client: perf_lock_rel, hdl:26378, tid:2072
07-20 18:41:45.188  2021  3243 I WindowManager:   isAnimating=false  okToAnimate=true  win=Window{8c57eb u0 com.transsion.XOSLauncher/com.android.launcher3.uioverrides.QuickstepLauncher}
07-20 18:41:45.188  2021  3243 I WindowManager:   isAnimating=false  okToAnimate=true  win=Window{844177c u0 ZeroScreen}
07-20 18:41:45.189  2021  2059 V WindowManager: Finish Transition (#724): created at 07-20 18:41:45.098 collect-started=0.028ms request-sent=12.659ms started=34.772ms ready=34.741ms sent=52.843ms finished=89.64ms
07-20 18:41:45.189 13553 13553 D VRI[ZeroScreen]: visibilityChanged oldVisibility=true newVisibility=false
07-20 18:41:45.190  2021  3243 D MagellanHandle: updateRefreshRateForSceneVsyncs what = 21
07-20 18:41:45.190  2021  2109 I Process : String at 0: 0x778bd33601 = SFMainPolicy
07-20 18:41:45.190  2856  2910 D ShellEventHandler: onTransitionFinished OPEN token=android.os.BinderProxy@b8de062
07-20 18:41:45.190  2856  2910 V WindowManagerShell: Track 0 became idle
07-20 18:41:45.190  2856  2910 V WindowManagerShell: All active transition animations finished
07-20 18:41:45.190  2021  3158 D TranStartingSurfaceController: onSyncTransactionCommitted activityRecord:ActivityRecord{f79aed u0 com.example.controlhorario/.MainActivity t6619} mCurrentTranStartingSurface:com.android.server.wm.TranStartingSurface@52e7083
07-20 18:41:45.191  2021  2457 D WindowManager: System monitor finishDrawingWindow w: Window{cc33e2c u0 SnapshotStartingWindow for taskId=6619}; mDrawState = DRAW_PENDING
07-20 18:41:45.191  1486  1486 D SurfaceFlinger: Focus addInputWindowCommands timestamp=118236293035354, windowName=<null>
07-20 18:41:45.192  2021  3039 W UserManagerService: Requested status bar icon for non-badged user 0
07-20 18:41:45.192  2848  2848 D VRI[QuickstepLauncher]: visibilityChanged oldVisibility=true newVisibility=false
07-20 18:41:45.192  1486  1486 I SurfaceFlinger: onHandleDestroyed: name=Transition Root: Task=6619#12582, layerId=12582, parentId=0
07-20 18:41:45.193  1419  1494 I libPowerHal: [unsetGPUFreq] current min:0, max:0; scn_gpu_min:0, scn_gpu_max:-1; scn_gpu_min(HL):-1, scn_gpu_max(HL):-1
07-20 18:41:45.193  1419  1494 I libPowerHal: [setGPUFreq] Soft min/max = (0, 0); Hard min/max = (44, 0)
