07-20 14:31:44.284  2021  4055 W System.err: Caused by: android.system.ErrnoException: open failed: ENOENT (No such file or directory)
07-20 14:31:44.284  2021  4055 W System.err: 	at libcore.io.Linux.open(Native Method)
07-20 14:31:44.284  2021  4055 W System.err: 	at libcore.io.ForwardingOs.open(ForwardingOs.java:579)
07-20 14:31:44.284  5015  5015 D SceneController: checkCanShow canShow: true  changed false 
07-20 14:31:44.284  2021  4055 W System.err: 	at libcore.io.BlockGuardOs.open(BlockGuardOs.java:274)
07-20 14:31:44.284  2021  4055 W System.err: 	at libcore.io.IoBridge.open(IoBridge.java:560)
07-20 14:31:44.284  2021  4055 W System.err: 	... 13 more
07-20 14:31:44.285  4841 28373 I CacheManager:  save new data to cache app_foreground
07-20 14:31:44.285  2021  2821 D TranAppm/SystemMonitor: mTidEnabled not enabled, not to get game track data.
07-20 14:31:44.285  4841 28373 I bsc     : notifyDataChange in app_foreground, 1
07-20 14:31:44.285  4841 28374 I DataServiceImplV2: StandardDataService notifyDataChange  curServiceName StandardDataService type:activity_event
07-20 14:31:44.285  4841 28373 I DataServiceImplV2: StandardDataService notifyDataChange  in 
07-20 14:31:44.285  4841 28374 I Kolun_AI: SystemEventSubscribe: onPublishData {"type":"activity_event","time":1784572304281,"data":"{\"className\":\"com.example.controlhorario.MainActivity\",\"isResumed\":true,\"packageName\":\"com.example.controlhorario\"}","provider":"dc","dc_version":2030380000,"data_version":1,"user_id":0}
07-20 14:31:44.285  4841 28374 I Kolun_AI: SystemEventSubscribe: publisher.getMatcher() activity_event
07-20 14:31:44.285  4841 28374 I ApiInvoke1.7.1: SubscribeManager: publishData success host DataCenter#StandardDataService matcher activity_event
07-20 14:31:44.285  4841 28373 I CacheManager:  save new data to cache app_foreground
07-20 14:31:44.285  4841 28374 W ApiInvoke1.7.1: SubscribeBusServerImpl: onSafePublishData start ==>> publisher Publisher{channel='DataCenter', apiName='StandardDataService', label='activity_event'}
07-20 14:31:44.286  4841 28373 I bsc     : notifyDataChange in app_foreground, 1
07-20 14:31:44.286  4841 28374 W ApiInvoke1.7.1: SubscribeBusServerImpl: onSafePublishData, post publish data form DataCenter to {"pid": "4841","process": "com.transsion.kolun.aiservice","packageName": "com.transsion.kolun.aiservice","channels": ["com.transsion.kolun.aiservice","APPService","AiEngine","DataCenter","GlobalGuideChannel"],"version": "1.7.1"} pid 4841 isPublishLocal true isInvalidPublisher false
07-20 14:31:44.286  4841 28373 I DataServiceImplV2: StandardDataService notifyDataChange  in 
07-20 14:31:44.286  4841 28374 W ApiInvoke1.7.1: ApiRequest: do publishData to remote activity_event
07-20 14:31:44.286  4841 28374 I DataServiceImplV2: StandardDataService notifyDataChange  curServiceName StandardDataService type:app_foreground
07-20 14:31:44.287  4841 28374 I Kolun_AI: SystemEventSubscribe: onPublishData {"type":"app_foreground","time":1784572304282,"data":"{\"isForeground\":false,\"packageName\":\"com.transsion.XOSLauncher\"}","provider":"dc","dc_version":2030380000,"data_version":1,"user_id":0}
07-20 14:31:44.287  4841 28374 I Kolun_AI: SystemEventSubscribe: publisher.getMatcher() app_foreground
07-20 14:31:44.287  4841 28374 I Kolun_AI: SystemEventSubscribeheh:SimpleEventBus post event AppForegroundEvent{mPackageName='com.transsion.XOSLauncher', mIsForeground=false} 1784572304282
07-20 14:31:44.287  4841 28374 I ApiInvoke1.7.1: SubscribeManager: publishData success host DataCenter#StandardDataService matcher app_foreground
07-20 14:31:44.287  4841  5026 I Kolun_AI: SceneIdentify:onBusEvent AppForegroundEvent   com.transsion.XOSLauncher, false, SceneIdentify
07-20 14:31:44.287  4841  5026 I Kolun_AI: PreventAccidentalTouchScene:mIsSceneIn: false
07-20 14:31:44.287  4841  5026 I Kolun_AI: SceneIdentify:checkShortVideo com.transsion.XOSLauncher false 
07-20 14:31:44.288  4841  5026 I Kolun_AI: SceneIdentify:isShortVideoPkg false
07-20 14:31:44.288  4841 28374 W ApiInvoke1.7.1: SubscribeBusServerImpl: onSafePublishData start ==>> publisher Publisher{channel='DataCenter', apiName='StandardDataService', label='app_foreground'}
07-20 14:31:44.288  4841  5026 I Kolun_AI: SceneIdentify:checkGameOut  com.transsion.XOSLauncher, 
07-20 14:31:44.288  4841  5026 I Kolun_AI: SceneIdentify:checkSocialOut  com.transsion.XOSLauncher, 
07-20 14:31:44.288  4841  5026 I Kolun_AI: AppPredictManager:onBusEvent com.transsion.XOSLauncher false
07-20 14:31:44.288  4841 28374 W ApiInvoke1.7.1: SubscribeBusServerImpl: onSafePublishData, post publish data form DataCenter to {"pid": "4841","process": "com.transsion.kolun.aiservice","packageName": "com.transsion.kolun.aiservice","channels": ["com.transsion.kolun.aiservice","APPService","AiEngine","DataCenter","GlobalGuideChannel"],"version": "1.7.1"} pid 4841 isPublishLocal true isInvalidPublisher false
07-20 14:31:44.288 27357 27357 D nativeloader: Load libpowerhalwrap_jni.so using system ns (caller=/system_ext/framework/mediatek-framework.jar): ok
07-20 14:31:44.288  4841 28374 W ApiInvoke1.7.1: ApiRequest: do publishData to remote app_foreground
07-20 14:31:44.288 27357 27357 I PowerHalWrapper: PowerHalWrapper.getInstance 
07-20 14:31:44.289  4841 28374 I DataServiceImplV2: StandardDataService notifyDataChange  curServiceName StandardDataService type:app_foreground
07-20 14:31:44.289 27357 27357 I M-ProMotion: M-ProMotion is disabled
07-20 14:31:44.289  4841 28374 I Kolun_AI: SystemEventSubscribe: onPublishData {"type":"app_foreground","time":1784572304285,"data":"{\"isForeground\":true,\"packageName\":\"com.example.controlhorario\"}","provider":"dc","dc_version":2030380000,"data_version":1,"user_id":0}
07-20 14:31:44.289  4841 28374 I Kolun_AI: SystemEventSubscribe: publisher.getMatcher() app_foreground
07-20 14:31:44.289  4841 28374 I Kolun_AI: SystemEventSubscribeheh:SimpleEventBus post event AppForegroundEvent{mPackageName='com.example.controlhorario', mIsForeground=true} 1784572304285
07-20 14:31:44.290  4841 28374 I ApiInvoke1.7.1: SubscribeManager: publishData success host DataCenter#StandardDataService matcher app_foreground
07-20 14:31:44.290  4841  5026 I Kolun_AI: SceneIdentify:onBusEvent AppForegroundEvent   com.example.controlhorario, true, SceneIdentify
07-20 14:31:44.290  4841  5026 I Kolun_AI: PreventAccidentalTouchScene:sceneIn
07-20 14:31:44.290  4841  5026 I Kolun_AI: PreventAccidentalTouchScene:screenTouchMode: 0
07-20 14:31:44.290  4841  5026 I Kolun_AI: PreventAccidentalTouchScene:mIsSceneIn: false
07-20 14:31:44.290  4841  5026 I Kolun_AI: SceneIdentify:checkShortVideo com.example.controlhorario true 
07-20 14:31:44.290  4841  5026 I Kolun_AI: SceneIdentify:isShortVideoPkg false
07-20 14:31:44.290  4841  5026 I Kolun_AI: SceneIdentify:checkGameIn  com.example.controlhorario, 
07-20 14:31:44.290  4841  5026 I Kolun_AI: SceneIdentify:checkSocialIn  com.example.controlhorario, 
07-20 14:31:44.290  4841  5026 I Kolun_AI: TipsSceneService:event com.example.controlhorario
07-20 14:31:44.290  4841  5026 I Kolun_AI: AppPredictManager:onBusEvent com.example.controlhorario true
07-20 14:31:44.290  2021  2709 D PowerManagerService: onAppLaunch: currentPackage=com.transsion.XOSLauncher, nextPackage=com.example.controlhorario.
07-20 14:31:44.290  4841 28374 W ApiInvoke1.7.1: SubscribeBusServerImpl: onSafePublishData start ==>> publisher Publisher{channel='DataCenter', apiName='StandardDataService', label='app_foreground'}
07-20 14:31:44.290  4841 28374 W ApiInvoke1.7.1: SubscribeBusServerImpl: onSafePublishData, post publish data form DataCenter to {"pid": "4841","process": "com.transsion.kolun.aiservice","packageName": "com.transsion.kolun.aiservice","channels": ["com.transsion.kolun.aiservice","APPService","AiEngine","DataCenter","GlobalGuideChannel"],"version": "1.7.1"} pid 4841 isPublishLocal true isInvalidPublisher false
07-20 14:31:44.291  4841 28374 W ApiInvoke1.7.1: ApiRequest: do publishData to remote app_foreground
07-20 14:31:44.291 27357 27357 I TranVersion: TranVersion static initializer: default = 35.3.9.1
07-20 14:31:44.291 27357 27357 I TranVersion:  debug = false, debug_version = 35.3.9.1
07-20 14:31:44.292 27357 28395 D WM-SystemJobScheduler: Reconciling jobs
07-20 14:31:44.293  2021  5450 W TrancareCore: checkPermission failed! uid = 10345
07-20 14:31:44.298 27357 28400 D libMEOW : meow new tls: 0xb40000751ec260e0
07-20 14:31:44.299 27357 28400 D libMEOW : meow reload base cfg path: na
07-20 14:31:44.299 27357 28400 D libMEOW : meow reload overlay cfg path: na
07-20 14:31:44.299 27357 28400 W QT      : qt_process_init() called
07-20 14:31:44.299 27357 28400 W QT      : Support!!
07-20 14:31:44.302 27357 28400 I libMEOW_gift: open /data/performance/gift/arc.ini
07-20 14:31:44.303 27357 28400 D libMEOW : applied 1 plugins for [com.example.controlhorario]:
07-20 14:31:44.303 27357 28400 D libMEOW :   plugin 1: [libMEOW_gift.so]: 0xb40000769eb59010
07-20 14:31:44.303 27357 28400 D libMEOW : rebuild call chain: 0xb40000751ec160d0
07-20 14:31:44.303 27357 28400 D libMEOW : meow delete tls: 0xb40000751ec260e0
07-20 14:31:44.315 27357 27357 D ActivityThread: ++ activityComponent:com.example.controlhorario/com.example.controlhorario.MainActivity counts:1 ALEAK_CLEAR_SUPPORT:true
07-20 14:31:44.315 27357 28395 D WM-ForceStopRunnable: Application was force-stopped, rescheduling.
07-20 14:31:44.327  2021  2596 D TranWifiTputMonitor: WIFI: TX: 0 RX: 0 TOTAL = 0
07-20 14:31:44.327  2021  2596 D TranWifiTputMonitor: High Tput: false, TOTAL TPUT: 0
07-20 14:31:44.335 27357 28395 D WM-SystemJobScheduler: Scheduling work ID bcd14bf1-597e-4c21-a2e6-cc6fb06d8a52Job ID 117
07-20 14:31:44.341 27357 28395 D WM-SystemJobScheduler: Scheduling work ID af8f0b4f-5ee8-4cee-b8e8-e2c54b803d4aJob ID 115
07-20 14:31:44.349  2021  5450 I BroadcastQueue: BOOT_COMPLETED_BROADCAST_COMPLETION_LATENCY_REPORTED action:android.intent.action.BOOT_COMPLETED dispatchLatency:1 completeLatency:502 dispatchRealLatency:1 completeRealLatency:502 receiversSize:1 userId:0 userType:android.os.usertype.full.SYSTEM
07-20 14:31:44.356 27357 27357 D TranClassInfo: instance successfully. com.transsion.hubcore.internal.TranInternalViewImpl@c35aff4 from com.transsion.hubcore.internal.ITranInternalView
07-20 14:31:44.356 27357 27357 D os.SingleLice: instance successfully. com.transsion.whitenavigation.v1.WhiteNavigationLice@930731d from com.transsion.whitenavigation.WhiteNavigationLiceFactory
07-20 14:31:44.356 27357 27357 D os.SingleLiceFactory: instance successfully. com.transsion.whitenavigation.v1.WhiteNavigationLice@930731d from com.android.internal.IInternalViewLice
07-20 14:31:44.357 27357 27357 D os.SingleLice: instance successfully. com.transsion.screenshothelper.v1.ScreenShotHelperImplLice@2220992 from com.transsion.screenshothelper.ScreenShotHelperImplLiceFactory
07-20 14:31:44.357 27357 27357 D os.SingleLiceFactory: instance successfully. com.transsion.screenshothelper.v1.ScreenShotHelperImplLice@2220992 from com.android.internal.IInternalViewLice
07-20 14:31:44.357 27357 27357 D os.SingleLiceFactory: using com.android.internal.IInternalViewLice$DefaultImpl@54bf63 instead of com.transsion.flamboyant.FlamboyantLiceFactory  from com.android.internal.IInternalViewLice
07-20 14:31:44.357 27357 27357 D os.LiceInfo: instance successfully. com.transsion.internal.InternalViewLice@ff7d760 from com.android.internal.IInternalViewLice
07-20 14:31:44.372  1990 28361 I AI_ELLA_OKHTTP: [Ella] <-- 200 OK https://bus-ie.aibotplatform.com/assistant/auto-upgrade/apk/latest (699ms, 196-byte body)
07-20 14:31:44.378 27357 28386 D ActivityThreadLice: received OSMessage 110001
07-20 14:31:44.379 27357 28386 D ActivityThreadLice: send OSMessage 110001 to [-1]
07-20 14:31:44.380  2021  5450 D os.WindowManagerServiceLice: received send OSMessage 110001 request from 27357 to [-1]
07-20 14:31:44.380  2021  5450 D os.CommonLice: onOSServerMessage 110001
07-20 14:31:44.381 27357 28386 D OSServiceManager: update local os service os.activity from null to android.os.BinderProxy@f95d8d
07-20 14:31:44.383 27357 27357 D EmployeeSync: WorkManager programado: immediate_id=b353fe54-f5f1-4d47-87e0-2e370d7c914d, periodic_id=d0250716-1e08-4ed4-a421-2151e9105709, network=CONNECTED, interval=6h
07-20 14:31:44.388  1367 23459 W AudioALSACaptureDataProviderNormal: readThread, latency_in_s,0.000001,0.039817,0.000042, totalTime 0.039859 > logTimeout 0.022000 TIMEOUT!!
07-20 14:31:44.388 27357 27357 D TranClassInfo: instance successfully. com.transsion.connectivity.linkbooming.TranMultilinkComponentImpl@731b09a from com.transsion.hubcore.linkbooming.ITranMultilinkComponent
07-20 14:31:44.389 27357 28397 I PowerHalWrapper: PowerHalWrapper.getInstance 
07-20 14:31:44.392 27357 27357 D ActivityThread: handleResumeActivity#3 r.window=nulla.mFinished = falsewillBeVisible = true
07-20 14:31:44.392 27357 27357 D ActivityThread: handleResumeActivity#4 addView a.mVisibleFromClient=truea.mWindowAdded=falsedecor=DecorView@6ea3c66[]
07-20 14:31:44.392 27357 27357 D ActivityThread: handleResumeActivity#5 addView decor=DecorView@6ea3c66[]
07-20 14:31:44.395  1486  4295 D SurfaceFlinger: [SF client] NEW(0xb400007aeb61eab0) for (27357:com.example.controlhorario)
07-20 14:31:44.403  1694  1694 D uas-service: thread(pid=28398) com.example.controlhorario is config default uxtag 0x420
07-20 14:31:44.406 27357 27357 D VRI[MainActivity]: hardware acceleration = true, forceHwAccelerated = false
07-20 14:31:44.406 27357 27357 D ViewRootImpl: setView appearance:0 com.example.controlhorario/com.example.controlhorario.MainActivity
07-20 14:31:44.407  1486  4295 D SurfaceFlinger: [SF client] NEW(0xb400007aeb639bd0) for (2021:system_server)
07-20 14:31:44.409  1486  4295 I BufferQueueDebug: [e4f7408 com.example.controlhorario/com.example.controlhorario.MainActivity#12100](this:0xb40000796b7e98b8,id:-1,api:0,p:-1,c:-1) BufferQueue core=(1486:/system/bin/surfaceflinger)
07-20 14:31:44.412 27357 27357 D os.SingleLiceFactory: instance successfully. com.transsion.widget.v3.FloatingToolbarLice@73c3426 from com.android.internal.IInternalViewLice
07-20 14:31:44.412 27357 27357 D InputEventReceiver: Input log is disabled in InputEventReceiver.
07-20 14:31:44.412  1575  1575 I adbd    : adbd service requested 'jdwp:27357'
07-20 14:31:44.414  2021  5450 I TranThermalBacklightCtrl: cur package [com.example.controlhorario] is in TemperatureControlWhitelist
07-20 14:31:44.414  2021  5450 I TranThermalBacklightCtrl: mParamAPTempHigh[0]=45.0, mParamAPTempLow[0]=43.0, mParamBrightnessMax[0]=0.9, mParamLuxLimit[0]=0.0
07-20 14:31:44.414  2021  5450 I TranThermalBacklightCtrl: mParamAPTempHigh[1]=49.0, mParamAPTempLow[1]=47.0, mParamBrightnessMax[1]=0.79999995, mParamLuxLimit[1]=0.0
07-20 14:31:44.418 27357 28404 D WM-SystemJobScheduler: Scheduling work ID 58579564-b544-4294-aeac-6eb138665af2Job ID 119
07-20 14:31:44.420  2021  5450 W JobScheduler.Concurrency: Had fewer than 16 in existence
07-20 14:31:44.421  2021  5450 W JobScheduler.Concurrency: Had fewer than 16 in existence
07-20 14:31:44.421  2021  5450 W JobScheduler.Concurrency: Had fewer than 16 in existence
07-20 14:31:44.422  2021  5450 W JobScheduler.Concurrency: Had fewer than 16 in existence
07-20 14:31:44.423  2021  5450 W JobScheduler.Concurrency: Had fewer than 16 in existence
07-20 14:31:44.423  2021  5450 W JobScheduler.Concurrency: Had fewer than 16 in existence
07-20 14:31:44.426  5015  5015 I SmartPanelService: MSG_TASK_FOCUS
07-20 14:31:44.426  5015  5015 I ScenesManager: handlerTaskChange new TaskId com.example.controlhorario6619 old TaskId 
07-20 14:31:44.435 27357 28404 D WM-GreedyScheduler: Starting tracking for 58579564-b544-4294-aeac-6eb138665af2
07-20 14:31:44.446  2021  2060 E ApplicationHelper: Fail to get PackageManager
07-20 14:31:44.446  2021  2060 E ApplicationHelper: Fail to get PackageManager
07-20 14:31:44.457 27357 28404 D WM-GreedyScheduler: Cancelling work ID af8f0b4f-5ee8-4cee-b8e8-e2c54b803d4a
07-20 14:31:44.468  1367 23459 W AudioALSACaptureDataProviderNormal: readThread, latency_in_s,0.000001,0.040005,0.000053, totalTime 0.040058 > logTimeout 0.022000 TIMEOUT!!
07-20 14:31:44.482  5015  5015 I ScenesManager: MSG_ACTIVITY_CHECK
07-20 14:31:44.489 27357 28404 D WM-SystemJobScheduler: Scheduling work ID af8f0b4f-5ee8-4cee-b8e8-e2c54b803d4aJob ID 120
07-20 14:31:44.493 27357 28404 D WM-GreedyScheduler: Starting tracking for 58579564-b544-4294-aeac-6eb138665af2
07-20 14:31:44.527 27357 28404 D WM-SystemJobScheduler: Scheduling work ID b353fe54-f5f1-4d47-87e0-2e370d7c914dJob ID 121
07-20 14:31:44.535 27357 28404 D WM-GreedyScheduler: Starting tracking for 58579564-b544-4294-aeac-6eb138665af2,b353fe54-f5f1-4d47-87e0-2e370d7c914d
07-20 14:31:44.547  1367 23459 W AudioALSACaptureDataProviderNormal: readThread, latency_in_s,0.000001,0.039686,0.000049, totalTime 0.039736 > logTimeout 0.022000 TIMEOUT!!
07-20 14:31:44.550 27357 28404 D WM-GreedyScheduler: Cancelling work ID bcd14bf1-597e-4c21-a2e6-cc6fb06d8a52
07-20 14:31:44.559 27357 28404 D WM-SystemJobScheduler: Scheduling work ID bcd14bf1-597e-4c21-a2e6-cc6fb06d8a52Job ID 122
07-20 14:31:44.563 27357 28404 D WM-GreedyScheduler: Starting tracking for 58579564-b544-4294-aeac-6eb138665af2,b353fe54-f5f1-4d47-87e0-2e370d7c914d
07-20 14:31:44.581 27357 27357 I .controlhorario: hiddenapi: Accessing hidden method Landroid/os/SystemProperties;->addChangeCallback(Ljava/lang/Runnable;)V (runtime_flags=0, domain=platform, api=unsupported) from Landroidx/compose/ui/platform/AndroidComposeView$Companion; (domain=app, TargetSdkVersion=36) using reflection: allowed
07-20 14:31:44.581  2856  3405 I VersionsUtils:  getVersion mCurrentVersion 20202091
07-20 14:31:44.581  2856  3405 I IslandManager: checkIslandPermission result true granted 1
07-20 14:31:44.581  2856  3405 W IslandManager: cancel islandId 10006 not exist in mIslandIdsSet
07-20 14:31:44.587 27357 28404 D WM-SystemJobScheduler: Scheduling work ID b5528248-efdc-486d-ad10-78b9b80e463aJob ID 123
07-20 14:31:44.587  1367 23459 W AudioALSACaptureDataProviderNormal: readThread, latency_in_s,0.000000,0.039700,0.000035, totalTime 0.039736 > logTimeout 0.022000 TIMEOUT!!
07-20 14:31:44.612 27357 28404 D WM-GreedyScheduler: Starting tracking for b5528248-efdc-486d-ad10-78b9b80e463a,58579564-b544-4294-aeac-6eb138665af2,b353fe54-f5f1-4d47-87e0-2e370d7c914d
07-20 14:31:44.627  5015  6249 I ScenesManager: put createTaskId com.example.controlhorario6619
07-20 14:31:44.628  1367 23459 W AudioALSACaptureDataProviderNormal: readThread, latency_in_s,0.000000,0.039878,0.000045, totalTime 0.039924 > logTimeout 0.022000 TIMEOUT!!
07-20 14:31:44.630  5015  6249 D THubApi : getWindowingMode TaskInfo{userId=0 taskId=6619 displayId=0 isRunning=true baseIntent=Intent { flg=0x10000000 cmp=com.example.controlhorario/.MainActivity } baseActivity=ComponentInfo{com.example.controlhorario/com.example.controlhorario.MainActivity} topActivity=ComponentInfo{com.example.controlhorario/com.example.controlhorario.MainActivity} origActivity=null realActivity=ComponentInfo{com.example.controlhorario/com.example.controlhorario.MainActivity} numActivities=1 lastActiveTime=320522156 supportsMultiWindow=true resizeMode=1 isResizeable=true minWidth=-1 minHeight=-1 defaultMinSize=110 token=WCT{android.window.IWindowContainerToken$Stub$Proxy@cea1140} topActivityType=1 pictureInPictureParams=null shouldDockBigOverlays=false launchIntoPipHostTaskId=-1 lastParentTaskIdBeforePip=-1 displayCutoutSafeInsets=null topActivityInfo=ActivityInfo{86b0879 com.example.controlhorario.MainActivity} launchCookies=[] positionInParent=Point(0, 0) parentTaskId=-1 isFocused=true isVisible=true isVisibleRequested=true isSleeping=false locusId=null displayAreaFeatureId=1 isTopActivityTransparent=false appCompatTaskInfo=AppCompatTaskInfo { topActivityInSizeCompat=false topActivityEligibleForLetterboxEducation= falseisLetterboxEducationEnabled= false isLetterboxDoubleTapEnabled= false topActivityEligibleForUserAspectRatioButton= false topActivityBoundsLetterboxed= false isFromLetterboxDoubleTap= false topActivityLetterboxVerticalPosition= -1 topActivityLetterboxHorizontalPosition= -1 topActivityLetterboxWidth=1080 topActivityLetterboxHeight=2436 isUserFullscreenOverrideEnabled=false isSystemFullscreenOverrideEnabled=false cameraCompatTaskInfo=CameraCompatTaskInfo { cameraCompatControlState=hidden freeformCameraCompatMode=inactive}}}
07-20 14:31:44.632  5015  6249 I THubApi : isTheMainScreen classname: com.example.controlhorario.MainActivity  pkg:com.example.controlhorario
07-20 14:31:44.633  2021  4393 D TranActivityTaskManagerService: isTheMainScreen, displayId = 0, classname = com.example.controlhorario.MainActivity
07-20 14:31:44.634  5015  6249 D THubApi : getUserId TaskInfo{userId=0 taskId=6619 displayId=0 isRunning=true baseIntent=Intent { flg=0x10000000 cmp=com.example.controlhorario/.MainActivity } baseActivity=ComponentInfo{com.example.controlhorario/com.example.controlhorario.MainActivity} topActivity=ComponentInfo{com.example.controlhorario/com.example.controlhorario.MainActivity} origActivity=null realActivity=ComponentInfo{com.example.controlhorario/com.example.controlhorario.MainActivity} numActivities=1 lastActiveTime=320522156 supportsMultiWindow=true resizeMode=1 isResizeable=true minWidth=-1 minHeight=-1 defaultMinSize=110 token=WCT{android.window.IWindowContainerToken$Stub$Proxy@cea1140} topActivityType=1 pictureInPictureParams=null shouldDockBigOverlays=false launchIntoPipHostTaskId=-1 lastParentTaskIdBeforePip=-1 displayCutoutSafeInsets=null topActivityInfo=ActivityInfo{86b0879 com.example.controlhorario.MainActivity} launchCookies=[] positionInParent=Point(0, 0) parentTaskId=-1 isFocused=true isVisible=true isVisibleRequested=true isSleeping=false locusId=null displayAreaFeatureId=1 isTopActivityTransparent=false appCompatTaskInfo=AppCompatTaskInfo { topActivityInSizeCompat=false topActivityEligibleForLetterboxEducation= falseisLetterboxEducationEnabled= false isLetterboxDoubleTapEnabled= false topActivityEligibleForUserAspectRatioButton= false topActivityBoundsLetterboxed= false isFromLetterboxDoubleTap= false topActivityLetterboxVerticalPosition= -1 topActivityLetterboxHorizontalPosition= -1 topActivityLetterboxWidth=1080 topActivityLetterboxHeight=2436 isUserFullscreenOverrideEnabled=false isSystemFullscreenOverrideEnabled=false cameraCompatTaskInfo=CameraCompatTaskInfo { cameraCompatControlState=hidden freeformCameraCompatMode=inactive}}}
07-20 14:31:44.644 27357 28404 D WM-ConstraintTracker: NetworkStateTracker24: initial state = NetworkState(isConnected=true, isValidated=true, isMetered=false, isNotRoaming=true)
07-20 14:31:44.644 27357 28404 D WM-NetworkStateTracker: Registering network callback
07-20 14:31:44.648  2021  4393 D ConnectivityService: requestNetwork for uid/pid:10345/27357 activeRequest: null callbackRequest: 11741 [NetworkRequest [ REQUEST id=11742, [ Capabilities: INTERNET&NOT_RESTRICTED&TRUSTED&NOT_VCN_MANAGED&NOT_BANDWIDTH_CONSTRAINED Uid: 10345 RequestorUid: 10345 RequestorPkg: com.example.controlhorario UnderlyingNetworks: Null] ]] callback flags: 0 order: 2147483647 isUidTracked: false declaredMethods: AVAIL|LOST|NC
07-20 14:31:44.652 27357 28404 D WM-PackageManagerHelper: Skipping component enablement for androidx.work.impl.background.systemalarm.RescheduleReceiver
07-20 14:31:44.652  2021  2591 D OemPaidWifiNetworkFactory: got request NetworkRequest [ REQUEST id=11742, [ Capabilities: INTERNET&NOT_RESTRICTED&TRUSTED&NOT_VCN_MANAGED&NOT_BANDWIDTH_CONSTRAINED Uid: 10345 RequestorUid: 10345 RequestorPkg: com.example.controlhorario UnderlyingNetworks: Null] ]
07-20 14:31:44.653  2021  2591 D MultiInternetWifiNetworkFactory: got request NetworkRequest [ REQUEST id=11742, [ Capabilities: INTERNET&NOT_RESTRICTED&TRUSTED&NOT_VCN_MANAGED&NOT_BANDWIDTH_CONSTRAINED Uid: 10345 RequestorUid: 10345 RequestorPkg: com.example.controlhorario UnderlyingNetworks: Null] ]
07-20 14:31:44.653  2021  2591 D WifiNetworkFactory: got request NetworkRequest [ REQUEST id=11742, [ Capabilities: INTERNET&NOT_RESTRICTED&TRUSTED&NOT_VCN_MANAGED&NOT_BANDWIDTH_CONSTRAINED Uid: 10345 RequestorUid: 10345 RequestorPkg: com.example.controlhorario UnderlyingNetworks: Null] ]
07-20 14:31:44.653  2021  2591 D UntrustedWifiNetworkFactory: got request NetworkRequest [ REQUEST id=11742, [ Capabilities: INTERNET&NOT_RESTRICTED&TRUSTED&NOT_VCN_MANAGED&NOT_BANDWIDTH_CONSTRAINED Uid: 10345 RequestorUid: 10345 RequestorPkg: com.example.controlhorario UnderlyingNetworks: Null] ]
07-20 14:31:44.653  2021  2602 D ConnectivityService: NetReassign [11742 : null → 128] [c 0] [a 1] [i 3]
07-20 14:31:44.656 27357 28404 D WM-GreedyScheduler: Constraints met: Scheduling work ID WorkGenerationalId(workSpecId=58579564-b544-4294-aeac-6eb138665af2, generation=0)
07-20 14:31:44.657 27357 28406 D WM-NetworkStateTracker: Network capabilities changed: [ Transports: WIFI Capabilities: NOT_METERED&INTERNET&NOT_RESTRICTED&TRUSTED&NOT_VPN&VALIDATED&NOT_ROAMING&FOREGROUND&NOT_CONGESTED&NOT_SUSPENDED&NOT_VCN_MANAGED&NOT_BANDWIDTH_CONSTRAINED LinkUpBandwidth>=12000Kbps LinkDnBandwidth>=60000Kbps TransportInfo: <SSID: <unknown ssid>, BSSID: 02:00:00:00:00:00, MAC: 02:00:00:00:00:00, IP: /10.0.0.115, Security type: 2, Supplicant state: COMPLETED, Wi-Fi standard: 11ac, RSSI: -39, Link speed: 390Mbps, Tx Link speed: 390Mbps, Max Supported Tx Link speed: 433Mbps, Calculated Tx : 0Mbps, Rx Link speed: 6Mbps, Max Supported Rx Link speed: 433Mbps, Calculated Rx : 0Mbps, Frequency: 5240MHz, Net ID: -1, Metered hint: false, score: 60, isUsable: true, CarrierMerged: false, SubscriptionId: -1, IsPrimary: -1, Trusted: true, Restricted: false, Ephemeral: false, OEM paid: false, OEM private: false, OSU AP: false, FQDN: <none>, Provider friendly name: <none>, Requesting package name: <none><none>MLO Information: , Is TID-To-Link negotiation supported by the AP: false, AP MLD Address: <none>, AP MLO Link Id: <none>, AP MLO Affiliated links: <none>, Vendor Data: <none>> SignalStrength: -39 UnderlyingNetworks: Null]
07-20 14:31:44.658 27357 28404 D WM-GreedyScheduler: Constraints met: Scheduling work ID WorkGenerationalId(workSpecId=b353fe54-f5f1-4d47-87e0-2e370d7c914d, generation=0)
07-20 14:31:44.660 27357 28404 D WM-GreedyScheduler: Constraints met: Scheduling work ID WorkGenerationalId(workSpecId=b5528248-efdc-486d-ad10-78b9b80e463a, generation=0)
07-20 14:31:44.676 27357 28404 D WM-Processor: Processor: processing WorkGenerationalId(workSpecId=58579564-b544-4294-aeac-6eb138665af2, generation=0)
07-20 14:31:44.683 27357 28404 D WM-Processor: Processor: processing WorkGenerationalId(workSpecId=b353fe54-f5f1-4d47-87e0-2e370d7c914d, generation=0)
07-20 14:31:44.689 27357 28404 D WM-Processor: Processor: processing WorkGenerationalId(workSpecId=b5528248-efdc-486d-ad10-78b9b80e463a, generation=0)
07-20 14:31:44.692  4799  5056 D TriggerService: trigger service is running
07-20 14:31:44.714  1777  1878 D ULogGuard: Monitoring: 16 threads, 0 requests, 0 time-bombs; 3 guards. ResetFlags = 0x7
07-20 14:31:44.748  1367 23459 W AudioALSACaptureDataProviderNormal: readThread, latency_in_s,0.000001,0.039991,0.000048, totalTime 0.040040 > logTimeout 0.022000 TIMEOUT!!
07-20 14:31:44.755  2021  2596 D TranWifiTputMonitor: top app: com.example.controlhorario in white list: false
07-20 14:31:44.770  2021  2598 I TranWifiSmartAssistantController: top app: com.example.controlhorario in white list: false ,Landscape screen: false
07-20 14:31:44.808  1367 23459 W AudioALSACaptureDataProviderNormal: readThread, latency_in_s,0.000001,0.039806,0.000066, totalTime 0.039872 > logTimeout 0.022000 TIMEOUT!!
07-20 14:31:44.829  2021  4393 D CoreBackPreview: Window{e4f7408 u0 com.example.controlhorario/com.example.controlhorario.MainActivity}: Setting back callback OnBackInvokedCallbackInfo{mCallback=android.window.IOnBackInvokedCallback$Stub$Proxy@cb5bd61, mPriority=0, mIsAnimationCallback=false}
07-20 14:31:44.868  1367 23459 W AudioALSACaptureDataProviderNormal: readThread, latency_in_s,0.000001,0.039727,0.000077, totalTime 0.039804 > logTimeout 0.022000 TIMEOUT!!
07-20 14:31:44.888  1419  1468 I libPerfCtl: xgfGetFPS pid:2856 fps:-1
07-20 14:31:44.889  1419  1468 I AppThermalMode: [perfNotifyThermalState] hdl:0
07-20 14:31:44.889  1419  1468 I AppThermalMode: [findAppThermalIdx] Fail: appThermalModeEnable: 0,currentFPS: -1,fg->pid:27357
07-20 14:31:44.889  1419  1468 I AppThermalMode: [perfNotifyThermalState] appThermalIdx -1:
07-20 14:31:44.889  1419  1468 I libPerfCtl: xgfGetFPS pid:5015 fps:-1
07-20 14:31:44.889  1419  1468 I AppThermalMode: [perfNotifyThermalState] hdl:0
07-20 14:31:44.889  1419  1468 I AppThermalMode: [findAppThermalIdx] Fail: appThermalModeEnable: 0,currentFPS: -1,fg->pid:27357
07-20 14:31:44.889  1419  1468 I AppThermalMode: [perfNotifyThermalState] appThermalIdx -1:
07-20 14:31:44.996 27357 27357 D os.FrameworkDoorMan: add field mTypefaceNative to class android.graphics.Paint by source-modified.
07-20 14:31:44.996 27357 27357 D os.FrameworkDoorMan: add field mOSTypefaceFlag to class android.graphics.Paint by source-modified.
07-20 14:31:45.044  3098  3345 I bt_shim_scanner: [le_scanning_manager.cc(851)] handle_remote_properties: handle_remote_properties  device_type= 2
07-20 14:31:45.051  3098  3345 I bt_shim_scanner: [le_scanning_manager.cc(851)] handle_remote_properties: handle_remote_properties  device_type= 3
07-20 14:31:45.062  3098  3258 I bt_btif_dm: btif_dm.cc:533 get_cod: remote_cod=0x00001f00
07-20 14:31:45.062  3098  3345 I bt_shim_scanner: [le_scanning_manager.cc(851)] handle_remote_properties: handle_remote_properties  device_type= 2
07-20 14:31:45.069  3098  3345 I bt_shim_scanner: [le_scanning_manager.cc(851)] handle_remote_properties: handle_remote_properties  device_type= 2
07-20 14:31:45.090  1486  4295 I BufferQueueDebug: [com.example.controlhorario/com.example.controlhorario.MainActivity#12101](this:0xb40000796b84d368,id:-1,api:0,p:-1,c:-1) BufferQueue core=(1486:/system/bin/surfaceflinger)
07-20 14:31:45.093  2021  4393 D WindowManager: currentFocusId -1 newFocusId: 0 currentFocusIsMultiWindow: false newFocusIsMultiWindow: false
07-20 14:31:45.093  2021  4393 W WindowManager: Changing focus from null to Window{e4f7408 u0 com.example.controlhorario/com.example.controlhorario.MainActivity} displayId=0 Callers=com.android.server.wm.RootWindowContainer.updateFocusedWindowLocked:528 com.android.server.wm.WindowManagerService.updateFocusedWindowLocked:6855 com.android.server.wm.WindowManagerService.relayoutWindowInner:2862 com.android.server.wm.WindowManagerService.relayoutWindow:2521 
07-20 14:31:45.094  2021  4393 D WindowManager: notifyAppOnFocusChange focusedWindow = com.example.controlhorario/com.example.controlhorario.MainActivity mFocusChangeCallback = android.window.IFocusChangeCallback$Stub$Proxy@f5ab59a
07-20 14:31:45.095  1486  4295 I BufferQueueDebug: [Surface(name=6788edb NavigationBar0)/@0xcfdf3b6 - animation-leash of insets_animation#12102](this:0xb40000796b7e3d98,id:-1,api:0,p:-1,c:-1) BufferQueue core=(1486:/system/bin/surfaceflinger)
07-20 14:31:45.097  1486  4295 I BufferQueueDebug: [Surface(name=19d0f20 StatusBar)/@0xd2668b7 - animation-leash of insets_animation#12103](this:0xb40000796b7b9228,id:-1,api:0,p:-1,c:-1) BufferQueue core=(1486:/system/bin/surfaceflinger)
07-20 14:31:45.099  2021  4393 D WindowManager: updateSystemBarAttributes appearance:16, win appearance:0, opaqueAppearance:0, win:Window{e4f7408 u0 com.example.controlhorario/com.example.controlhorario.MainActivity}, appearanceRegions=[AppearanceRegion{LIGHT_STATUS_BARS bounds=[0,0][1080,2436]}]
07-20 14:31:45.099  2021  4393 D TranDisplayJamMonitor: starting window overlay on focus window. WindowInfo:Window{4f83a07 u0 Splash Screen com.example.controlhorario}
07-20 14:31:45.099  2021  4393 D TranDisplayJamMonitor: checkExceptionWindowResult = 1040
07-20 14:31:45.100  2021  4393 D TranDisplayJamMonitor: check display window jam detection:Window{e4f7408 u0 com.example.controlhorario/com.example.controlhorario.MainActivity}
07-20 14:31:45.100  2021  4393 D TranDisplayJamMonitor: remove screen rotation animation detection
07-20 14:31:45.100  2856  2856 I StatusBarModePerDisplayRepository: isInFullscreenMode:false com.example.controlhorario
07-20 14:31:45.100  2021  4393 I WindowManager: Relayout Window{e4f7408 u0 com.example.controlhorario/com.example.controlhorario.MainActivity}: oldVis=4 newVis=0 focusMayChange = true requestedWidth = 1080 requestedHeight = 2436 outFrames = ClientWindowFrames{frame=[0,0][1080,2436] display=[0,0][1080,2436] parentFrame=[0,0][0,0]} outSurfaceControl = Surface(name=com.example.controlhorario/com.example.controlhorario.MainActivity)/@0x49c46e3
07-20 14:31:45.103 27357 27357 D BufferQueueConsumer: [](id:6add00000000,api:0,p:-1,c:27357) connect: controlledByApp=false
07-20 14:31:45.103  1376  1459 I hwcomposer: [HWCDisplay] [Display_0 (type:1)] fps:8.893147,dur:1349.35,max:665.60,min:15.42  
07-20 14:31:45.104 27357 27357 D BLASTBufferQueue: [VRI[MainActivity]#0](f:0,a:0) constructor()
07-20 14:31:45.104 27357 27357 D BLASTBufferQueue: [VRI[MainActivity]#0](f:0,a:0) update width=1080 height=2436 format=-1 mTransformHint=0
07-20 14:31:45.107 27357 28398 D libMEOW : meow new tls: 0xb40000751ec060c0
07-20 14:31:45.107  1367 23459 W AudioALSACaptureDataProviderNormal: readThread, latency_in_s,0.000001,0.039693,0.000055, totalTime 0.039749 > logTimeout 0.022000 TIMEOUT!!
07-20 14:31:45.108 27357 28398 D libMEOW : applied 1 plugins for [com.example.controlhorario]:
07-20 14:31:45.108 27357 28398 D libMEOW :   plugin 1: [libMEOW_gift.so]: 0xb40000769eb59010
07-20 14:31:45.108 27357 28398 D libMEOW : rebuild call chain: 0xb40000751ec360f0
07-20 14:31:45.108  3098  3345 I bt_shim_scanner: [le_scanning_manager.cc(851)] handle_remote_properties: handle_remote_properties  device_type= 2
07-20 14:31:45.108  3098  3258 I bt_btif_dm: btif_dm.cc:533 get_cod: remote_cod=0x00001f00
07-20 14:31:45.120  2021  2063 D SurfaceComposerClient: Transaction::apply InputWindowCommands.focusRequests timestamp=115641264391353, windowName=e4f7408 com.example.controlhorario/com.example.controlhorario.MainActivity
07-20 14:31:45.124  1486  4295 E HWComposer: getSupportedContentTypes: getSupportedContentTypes failed for display 0: Unsupported (8)
07-20 14:31:45.136  1486  1486 D SurfaceFlinger: Focus addInputWindowCommands timestamp=115641264391353, windowName=e4f7408 com.example.controlhorario/com.example.controlhorario.MainActivity
07-20 14:31:45.138  1486  4295 I SurfaceFlinger: onHandleDestroyed: name=Surface(name=6788edb NavigationBar0)/@0xcfdf3b6 - animation-leash of insets_animation#12097, layerId=12097, parentId=0
07-20 14:31:45.138  1486  4295 I SurfaceFlinger: onHandleDestroyed: name=Surface(name=19d0f20 StatusBar)/@0xd2668b7 - animation-leash of insets_animation#12098, layerId=12098, parentId=0
07-20 14:31:45.139  1486  2488 D SurfaceFlinger: updateWinowInfo=1, setFocusedWindow timestamp=115641264391353, windowName=e4f7408 com.example.controlhorario/com.example.controlhorario.MainActivity
07-20 14:31:45.148  3098  3345 I bt_shim_scanner: [le_scanning_manager.cc(851)] handle_remote_properties: handle_remote_properties  device_type= 2
07-20 14:31:45.151  3098  3258 I bt_btif_dm: btif_dm.cc:533 get_cod: remote_cod=0x00001f00
07-20 14:31:45.151  3098  3345 I bt_shim_scanner: [le_scanning_manager.cc(851)] handle_remote_properties: handle_remote_properties  device_type= 2
07-20 14:31:45.153  1486  1486 I BufferQueueDebug: [Surface(name=19d0f20 StatusBar)/@0xd2668b7 - animation-leash of insets_animation#12098](this:0xb40000796b7b0978,id:-1,api:0,p:-1,c:1486) onDestructor()
07-20 14:31:45.153  1486  1486 I BufferQueueDebug: [Surface(name=6788edb NavigationBar0)/@0xcfdf3b6 - animation-leash of insets_animation#12097](this:0xb40000796b7d59c8,id:-1,api:0,p:-1,c:1486) onDestructor()
07-20 14:31:45.159  3098  3345 I bt_shim_scanner: [le_scanning_manager.cc(851)] handle_remote_properties: handle_remote_properties  device_type= 3
07-20 14:31:45.175  2021  2121 I TranThermalBacklightCtrl: Brightness=1.0 AutoBackLight=false AmbientLux=-1.0 APTemp=37.5BatteryTemp = 36.3
07-20 14:31:45.176  2021  2121 I TranThermalBacklightCtrl: current status=level_0 last status=level_0
07-20 14:31:45.176  2021  2121 I DisplayPowerController2[0]: thermalLight brightnessState: 1.0 time: NaN
07-20 14:31:45.195 27357 28398 D MAGT_SYNC_FRAME: MAGT Sync: MAGT is not supported. Disabling Sync.
07-20 14:31:45.195 27357 28398 W libc    : Access denied finding property "vendor.mbrain.enabled"
07-20 14:31:45.195 27357 28398 D .controlhorario: MBrain is disabled
07-20 14:31:45.195 27357 28398 D .controlhorario: initMbrain failed
07-20 14:31:45.207 27357 28379 I .controlhorario: Compiler allocated 6867KB to compile void android.view.ViewRootImpl.performTraversals()
07-20 14:31:45.207  1367 23459 W AudioALSACaptureDataProviderNormal: readThread, latency_in_s,0.000001,0.039800,0.000030, totalTime 0.039830 > logTimeout 0.022000 TIMEOUT!!
07-20 14:31:45.221 27357 28398 I GrallocExtra: gralloc_extra_query:is_SW3D 0
07-20 14:31:45.221 27357 28398 D BLASTBufferQueue: [VRI[MainActivity]#0](f:0,a:1) acquireNextBufferLocked size=1080x2436 mFrameNumber=1 applyTransaction=true mTimestamp=115641384045584(auto) mPendingTransactions.size=0 graphicBufferId=117497420316677 transform=0
07-20 14:31:45.221 27357 28398 D BLASTBufferQueue: MS: debug.sf.msleep=0, bufferCount=2, ratio=0.900000
07-20 14:31:45.221 27357 28398 W libc    : Access denied finding property "vendor.mbrain.enabled"
07-20 14:31:45.221 27357 28398 D .controlhorario: MBrain is disabled
07-20 14:31:45.221 27357 28398 D .controlhorario: initMbrain failed
07-20 14:31:45.224  2021  4393 D WindowManager: System monitor finishDrawingWindow w: Window{e4f7408 u0 com.example.controlhorario/com.example.controlhorario.MainActivity}; mDrawState = DRAW_PENDING
07-20 14:31:45.226  2021  2063 V ActivityTaskManager: Schedule remove starting ActivityRecord{f79aed u0 com.example.controlhorario/.MainActivity t6619} startingWindow=Window{4f83a07 u0 Splash Screen com.example.controlhorario} animate=true Callers=com.android.server.wm.ActivityRecord.removeStartingWindow:3469 com.android.server.wm.ActivityRecord.onFirstWindowDrawn:7830 com.android.server.wm.WindowState.performShowLocked:4896 com.android.server.wm.WindowStateAnimator.commitFinishDrawingLocked:289 com.android.server.wm.DisplayContent.lambda$new$8:1081 
07-20 14:31:45.227  1486  4295 I BufferQueueDebug: [Surface(name=e4f7408 com.example.controlhorario/com.example.controlhorario.MainActivity)/@0xa67fa5e - animation-leash of starting_reveal#12104](this:0xb40000796b7d59c8,id:-1,api:0,p:-1,c:-1) BufferQueue core=(1486:/system/bin/surfaceflinger)
07-20 14:31:45.229  1694  1694 D uas-service: set scene=0x80000001 success
07-20 14:31:45.231  2856  2928 D View    : [Warning] assignParent to null: this = android.widget.FrameLayout{6719445 G.E...... ......ID 0,0-1080,2436}
07-20 14:31:45.233  5015 26606 I SmartPanelService: onWindowsDrawn pkgName: com.example.controlhorario, className: com.example.controlhorario.MainActivity launchState=1 windowsDrawnDelayMs =1488
07-20 14:31:45.234  2021  2059 I _T_AppBehavior: APP_START_OCCURRED (pid:27357, packageName:com.example.controlhorario, transitionType:7, launchedActivityName:com.example.controlhorario.MainActivity, callerPackage:com.android.shell, currentTransitionDelayMs:79, startingWindowDelayMs:69, bindApplicationDelayMs:105, windowsDrawnDelayMs:1488,compilationReason:1, compilationFilter:12 )
07-20 14:31:45.235  2021  4393 I WindowManager:   isAnimating=false  okToAnimate=true  win=Window{4f83a07 u0 Splash Screen com.example.controlhorario}
07-20 14:31:45.235  2021  2060 E ApplicationHelper: Fail to get PackageManager
07-20 14:31:45.236  1486  4295 I BufferQueueDebug: [Surface(name=4f83a07 Splash Screen com.example.controlhorario)/@0x5f9af5b - animation-leash of window_animation#12105](this:0xb40000796b7b0978,id:-1,api:0,p:-1,c:-1) BufferQueue core=(1486:/system/bin/surfaceflinger)
07-20 14:31:45.236  5015  5015 I SmartPanelRepository: hasLoadData true  data size = 9
07-20 14:31:45.238  5015  5015 D SceneController: checkCanShow canShow: true  changed false 
07-20 14:31:45.238  2021  4393 D WindowManager: updateSystemBarAttributes appearance:0, win appearance:0, opaqueAppearance:0, win:Window{e4f7408 u0 com.example.controlhorario/com.example.controlhorario.MainActivity}, appearanceRegions=[AppearanceRegion{LIGHT_STATUS_BARS bounds=[0,0][1080,2436]}]
07-20 14:31:45.239  2021  2059 I ActivityTaskManager: Displayed com.example.controlhorario/.MainActivity for user 0: +1s488ms
07-20 14:31:45.240  2856  2856 I StatusBarModePerDisplayRepository: isInFullscreenMode:false com.example.controlhorario
07-20 14:31:45.240  2021  2067 I TranSuccCrashMgr: Post key event: type=0, event=wm_activity_launch_time0,com.example.controlhorario/.MainActivity,1488, ext=null
07-20 14:31:45.242  2856  2928 D BLASTBufferQueue: [VRI[controlhorario]#312](f:0,a:1) destructor()
07-20 14:31:45.242  2856  2928 D BufferQueueConsumer: [VRI[controlhorario]#312(BLAST Consumer)312](id:b2800000154,api:0,p:-1,c:2856) disconnect
07-20 14:31:45.243  2856  2928 W WindowOnBackDispatcher: sendCancelIfRunning: isInProgress=false callback=android.view.ViewRootImpl$$ExternalSyntheticLambda12@67773fc
07-20 14:31:45.243  2021  4393 D CoreBackPreview: Window{4f83a07 u0 Splash Screen com.example.controlhorario EXITING}: Setting back callback null
07-20 14:31:45.245  2021  5450 I WindowManager:   onAnimationFinished on win=Window{e4f7408 u0 com.example.controlhorario/com.example.controlhorario.MainActivity}
07-20 14:31:45.246  2021  5450 W InputManager-JNI: Input channel object '4f83a07 Splash Screen com.example.controlhorario (client)' was disposed without first being removed with the input manager!
07-20 14:31:45.247 27357 27357 I Choreographer: Skipped 47 frames!  The application may be doing too much work on its main thread.
07-20 14:31:45.249 27357 27357 D WM-WorkerWrapper: Starting work for com.example.controlhorario.attendance.AttendanceSyncWorker
07-20 14:31:45.250  2021  2062 I PowerHalWrapper: amsBoostNotify pid:2848,activity:com.android.launcher3.uioverrides.QuickstepLauncher, package:com.transsion.XOSLauncher, mProcessCreatePackcom.example.controlhorario 
07-20 14:31:45.251  2021  2062 I PowerHalWrapper: state: 0 
07-20 14:31:45.251  2021  2062 I mtkpower_client: [PowerHal_Wrap_notifyAppState] com.transsion.XOSLauncher/com.android.launcher3.uioverrides.QuickstepLauncher pid=2848 activityId:251726900 state:0
07-20 14:31:45.251  2021  2062 I mtkpower_client: [Legacy][PowerHal_Wrap_notifyAppState] com.transsion.XOSLauncher/com.android.launcher3.uioverrides.QuickstepLauncher pid=2848 state:251726900
07-20 14:31:45.251 27357 27357 D WM-WorkerWrapper: Starting work for com.example.controlhorario.device.EmployeeSyncWorker
07-20 14:31:45.251  1419  1494 I libPowerHal: [perfNotifyAppState] pack:com.transsion.XOSLauncher, act:com.android.launcher3.uioverrides.QuickstepLauncher, state:0, pid:2848, uid:10190, fps:-1
07-20 14:31:45.252  2021  2062 I PowerHalWrapper: amsBoostNotify AMS_BOOST_PROCESS_CREATE_BOOST:true 
07-20 14:31:45.252 27357 27357 D WM-WorkerWrapper: Starting work for com.example.controlhorario.device.EmployeeUploadWorker
07-20 14:31:45.252  2021  2062 D MagellanHandle: updateRefreshRateForSceneVsyncs what = 23
07-20 14:31:45.252 27357 28427 D EmployeeSync: WorkManager inició EmployeeSyncWorker: attempt=0, worker_id=b353fe54-f5f1-4d47-87e0-2e370d7c914d
07-20 14:31:45.253  5015  5015 I SmartPanelRepository: hasLoadData true  data size = 9
07-20 14:31:45.253  1694  1694 D uas-service: thread(pid=2064) ux_exact_android.anim.lf is uxtag 0x100420 ref 0x1
07-20 14:31:45.253  5015  6249 I ScenesManager: put createTaskId com.example.controlhorario6619
07-20 14:31:45.254  2848  2848 I BaseDepthController: setSurface:
07-20 14:31:45.254  2848  2848 I BaseDepthController: 	mWaitingOnSurfaceValidity: false
07-20 14:31:45.254  2848  2848 I BaseDepthController: 	mSurface: null
07-20 14:31:45.255  5015  5015 D SceneController: checkCanShow canShow: true  changed false 
07-20 14:31:45.255  2021  2062 I DisplayDeviceRepository: Display device changed: DisplayDeviceInfo{"Pantalla integrada": uniqueId="local:0", 1080 x 2436, modeId 2, renderFrameRate 60.0, defaultModeId 1, userPreferredModeId -1, supportedModes [{id=1, width=1080, height=2436, fps=120.00001, vsync=120.00001, synthetic=false, alternativeRefreshRates=[60.0], supportedHdrTypes=[]}, {id=2, width=1080, height=2436, fps=60.0, vsync=60.0, synthetic=false, alternativeRefreshRates=[120.00001], supportedHdrTypes=[]}], colorMode 0, supportedColorModes [0, 7, 9], hdrCapabilities HdrCapabilities{mSupportedHdrTypes=[], mMaxLuminance=500.0, mMaxAverageLuminance=500.0, mMinLuminance=0.0}, allmSupported false, gameContentTypeSupported false, density 480, 392.783 x 392.828 dpi, appVsyncOff 2400001, presDeadline 28600000, cutout DisplayCutout{insets=Rect(0, 108 - 0, 0) waterfall=Insets{left=0, top=0, right=0, bottom=0} boundingRect={Bounds=[Rect(0, 0 - 0, 0), Rect(468, 0 - 612, 108), Rect(0, 0 - 0, 0), Rect(0, 0 - 0, 0)]} cutoutPathParserInfo={CutoutPathParserInfo{displayWidth=1080 displayHeight=2436 physicalDisplayWidth=1080 physicalDisplayHeight=2436 density={3.0} cutoutSpec={M -24,0 L -24,36 L 24,36 L 24,0 Z @dp} rotation={0} scale={1.0} physicalPixelDisplaySizeRatio={1.0}}} sideOverrides={}}, touch INTERNAL, rotation 0, type INTERNAL, address {port=0}, deviceProductInfo null, state ON, committedState ON, frameRateOverride , brightnessMinimum 0.0, brightnessMaximum 1.0, brightnessDefault 0.2, hdrSdrRatio NaN, FLAG_ALLOWED_TO_BE_DEFAULT_DISPLAY, FLAG_ROTATES_WITH_CONTENT, FLAG_SECURE, FLAG_SUPPORTS_PROTECTED_BUFFERS, FLAG_TRUSTED, installOrientation 0, displayShape DisplayShape{ spec=596679847 displayWidth=1080 displayHeight=2436 physicalPixelDisplaySizeRatio=1.0 rotation=0 offsetX=0 offsetY=0 scale=1.0}}
07-20 14:31:45.255  2848  2848 W TrWorkSpace: setAlpha: 1.0
07-20 14:31:45.256  2848  2848 I TrFolderCore: folderToState changed:[Normal] ====> Normal, false,false
07-20 14:31:45.256  2848  2848 I TrGaussianBlurStateCont: setState toState: Normal, currentState =Normal, currentStableState = Normal, currentBlurState = DESKTOP
07-20 14:31:45.256 27357 27357 D WM-SystemJobService: onStartJob for WorkGenerationalId(workSpecId=58579564-b544-4294-aeac-6eb138665af2, generation=0)
07-20 14:31:45.256  2856  3041 V WallpaperService: wallpaperSpringToDimming dimming: 0.0
07-20 14:31:45.256  2021  5432 D os.permission.PermissionInfo: checkPermission 10190:android.permission.WRITE_SECURE_SETTINGS:true
07-20 14:31:45.256  2021  5432 I os.permission: Grant permission: android.permission.WRITE_SECURE_SETTINGS to uid: 10190
07-20 14:31:45.256  2021  5432 V SettingsProvider: name : launcher_static_window_anim appId : 10190
07-20 14:31:45.256 27357 27357 D WM-SystemJobService: onStartJob for WorkGenerationalId(workSpecId=b5528248-efdc-486d-ad10-78b9b80e463a, generation=0)
07-20 14:31:45.256  2021  5432 V SettingsProvider: Package name : com.transsion.XOSLauncher privateFlags : -1402990328
07-20 14:31:45.257 27357 27357 D WM-SystemJobService: onStartJob for WorkGenerationalId(workSpecId=b353fe54-f5f1-4d47-87e0-2e370d7c914d, generation=0)
07-20 14:31:45.258  2848  2848 I StatsLog: LAUNCHER_ONSTOP
07-20 14:31:45.260  2021  2062 I Griffin/DeviceState: virtualDisplayPackageName :{}
07-20 14:31:45.262  2848  3230 I ImeTracker: com.transsion.XOSLauncher:6780a95: onRequestHide at ORIGIN_CLIENT reason HIDE_SOFT_INPUT fromUser false
07-20 14:31:45.263 27357 28419 I HWUI    : Davey! duration=939ms; Flags=1, FrameTimelineVsyncId=6053512, IntendedVsync=115640445182068, Vsync=115640561802964, InputEventId=0, HandleInputStart=115640577092891, AnimationStart=115640577107661, PerformTraversalsStart=115640577325584, DrawStart=115641327782815, FrameDeadline=115640465182068, FrameInterval=115640576633584, FrameStartTime=16660128, SyncQueued=115641357365891, SyncStart=115641357554815, IssueDrawCommandsStart=115641358047738, SwapBuffers=115641381847122, FrameCompleted=115641385297891, DequeueBufferDuration=11077, QueueBufferDuration=448231, GpuCompleted=115641385297891, SwapBuffersCompleted=115641385124353, DisplayPresentTime=50700688769941504, CommandSubmissionCompleted=115641381847122, 
07-20 14:31:45.264  2021  5432 I Hiber/fastState: do fastUnfreeze reason=activityIdle delay=0
