07-20 14:31:43.817  2021  2063 D TranDynamicBarAnimControllerImpl: updateFlagsSimplifyAnimByLauncher pkgName:null mSimplifyAnimType:0 mSimplifyAnimOpenPkgName:com.example.controlhorario
07-20 14:31:43.817  2021  2063 I Transition: updateFlagsSimplifyAnimByLauncher pkgName = null flagsArr[0] = 0 mSimplifyAnimLaunchBounds: Rect(72, 1410 - 234, 1572)
07-20 14:31:43.818 27357 27357 I .controlhorario: Using generational CollectorTypeCMC GC.
07-20 14:31:43.818  2021  2063 D MagellanHandle: updateRefreshRateForSceneVsyncs what = 21
07-20 14:31:43.820  2021  2060 E ApplicationHelper: Fail to get PackageManager
07-20 14:31:43.820  2021  2060 E ApplicationHelper: Fail to get PackageManager
07-20 14:31:43.821  2021  2059 V WindowManager: Sent Transition (#710) createdAt=07-20 14:31:43.748 via request=TransitionRequestInfo { type = OPEN, triggerTask = TaskInfo{userId=0 taskId=6619 displayId=0 isRunning=true baseIntent=Intent { flg=0x10000000 cmp=com.example.controlhorario/.MainActivity } baseActivity=ComponentInfo{com.example.controlhorario/com.example.controlhorario.MainActivity} topActivity=ComponentInfo{com.example.controlhorario/com.example.controlhorario.MainActivity} origActivity=null realActivity=ComponentInfo{com.example.controlhorario/com.example.controlhorario.MainActivity} numActivities=1 lastActiveTime=320521283 supportsMultiWindow=true resizeMode=1 isResizeable=true minWidth=-1 minHeight=-1 defaultMinSize=110 token=WCT{RemoteToken{796a232 Task{9733b3 #6619 type=standard A=10345:com.example.controlhorario}}} topActivityType=1 pictureInPictureParams=null shouldDockBigOverlays=false launchIntoPipHostTaskId=-1 lastParentTaskIdBeforePip=-1 displayCutoutSafeInsets=Rect(0, 108 - 0, 0) topActivityInfo=ActivityInfo{53a7b83 com.example.controlhorario.MainActivity} launchCookies=[] positionInParent=Point(0, 0) parentTaskId=-1 isFocused=false isVisible=false isVisibleRequested=false isSleeping=false locusId=null displayAreaFeatureId=1 isTopActivityTransparent=false appCompatTaskInfo=AppCompatTaskInfo { topActivityInSizeCompat=false topActivityEligibleForLetterboxEducation= falseisLetterboxEducationEnabled= false isLetterboxDoubleTapEnabled= false topActivityEligibleForUserAspectRatioButton= false topActivityBoundsLetterboxed= false isFromLetterboxDoubleTap= false topActivityLetterboxVerticalPosition= -1 topActivityLetterboxHorizontalPosition= -1 topActivityLetterboxWidth=1080 topActivityLetterboxHeight=2436 isUserFullscreenOverrideEnabled=false isSystemFullscreenOverrideEnabled=false cameraCompatTaskInfo=CameraCompatTaskInfo { cameraCompatControlState=hidden freeformCameraCompatMode=inactive}}}, pipTask = null, remoteTransition = null, displayChange = null, flags = 0, debugId = 710 }
07-20 14:31:43.821  2021  2059 V WindowManager:     startWCT=WindowContainerTransaction { changes = {} hops = [] errorCallbackToken=null taskFragmentOrganizer=null mInterrupt=false }
07-20 14:31:43.821  2021  2059 V WindowManager:     info={id=710 t=OPEN f=0x0 trk=0 r=[0@Point(0, 0)] c=[
07-20 14:31:43.821  2021  2059 V WindowManager:         {WCT{RemoteToken{796a232 Task{9733b3 #6619 type=standard A=10345:com.example.controlhorario}}} m=OPEN f=NONE leash=Surface(name=Task=6619)/@0x40b47e7 sb=Rect(0, 0 - 1080, 2436) eb=Rect(0, 0 - 1080, 2436) mSimplifyStartAbsBounds=Rect(0, 0 - 0, 0) d=0 taskParent=-1},
07-20 14:31:43.821  2021  2059 V WindowManager:         {WCT{RemoteToken{4d49e34 Task{62a7c2f #1 type=home}}} m=TO_BACK f=SHOW_WALLPAPER leash=Surface(name=Task=1)/@0x91882c4 sb=Rect(0, 0 - 1080, 2436) eb=Rect(0, 0 - 1080, 2436) mSimplifyStartAbsBounds=Rect(0, 0 - 0, 0) d=0 taskParent=-1},
07-20 14:31:43.821  2021  2059 V WindowManager:         {null m=CHANGE f=IS_WALLPAPER leash=Surface(name=WallpaperWindowToken{2587c6b token=android.os.Binder@6e9f5ba})/@0x18df188 sb=Rect(0, 0 - 1080, 2436) eb=Rect(0, 0 - 1080, 2436) mSimplifyStartAbsBounds=Rect(0, 0 - 0, 0) d=0}
07-20 14:31:43.821  2021  2059 V WindowManager:     ]}
07-20 14:31:43.823  2856  3349 V WindowManagerShell: onTransitionReady(transaction=8680128965231)
07-20 14:31:43.823  1486  4295 I BufferQueueDebug: [Surface(name=6788edb NavigationBar0)/@0xcfdf3b6 - animation-leash of insets_animation#12097](this:0xb40000796b7d59c8,id:-1,api:0,p:-1,c:-1) BufferQueue core=(1486:/system/bin/surfaceflinger)
07-20 14:31:43.824  2856  2910 V WindowManagerShell: onTransitionReady (#710) android.os.BinderProxy@7e959: {id=710 t=OPEN f=0x0 trk=0 r=[0@Point(0, 0)] c=[{WCT{android.window.IWindowContainerToken$Stub$Proxy@b4f553d} m=OPEN f=NONE leash=Surface(name=Task=6619)/@0x63c1a01 sb=Rect(0, 0 - 1080, 2436) eb=Rect(0, 0 - 1080, 2436) mSimplifyStartAbsBounds=Rect(0, 0 - 0, 0) d=0 taskParent=-1},{WCT{android.window.IWindowContainerToken$Stub$Proxy@6ee1132} m=TO_BACK f=SHOW_WALLPAPER leash=Surface(name=Task=1)/@0x54990a6 sb=Rect(0, 0 - 1080, 2436) eb=Rect(0, 0 - 1080, 2436) mSimplifyStartAbsBounds=Rect(0, 0 - 0, 0) d=0 taskParent=-1},{null m=CHANGE f=IS_WALLPAPER leash=Surface(name=WallpaperWindowToken{2587c6b token=android.os.Binder@6e9f5ba})/@0xc95ae7 sb=Rect(0, 0 - 1080, 2436) eb=Rect(0, 0 - 1080, 2436) mSimplifyStartAbsBounds=Rect(0, 0 - 0, 0) d=0}]}
07-20 14:31:43.824  1575  1597 I adbd    : jdwp connection from 27357
07-20 14:31:43.824  2856  2910 D ShellTransitions: setupStartState setAlpha 0.f:Surface(name=Task=6619)/@0x63c1a01
07-20 14:31:43.824  2856  2910 D ShellTransitions_interrupt: isIconLaunchOpenOrClose mode: 4
07-20 14:31:43.824  2856  2910 D ShellTransitions_interrupt: isOpenOrCloseMode: trueisInterruptedTask: true isSplitMode: false isTranssionLauncher: true
07-20 14:31:43.824  2856  2910 D ShellTransitions_interrupt: isIconLaunchRemoteTransitionInterrupted isopenorclose: true   mHasPlayingTransitions: false mFinishHasPlayingTransitions: false
07-20 14:31:43.824  2856  2910 D ShellTransitions_interrupt: processReadyQueuemIfTransitionReUseLeash: false
07-20 14:31:43.824  2856  2910 V WindowManagerShell: Playing animation for (#710) android.os.BinderProxy@7e959@0
07-20 14:31:43.824  2856  2910 D ShellEventHandler: onTransitionStarting OPEN token=android.os.BinderProxy@7e959
07-20 14:31:43.824  2856  2910 D ShellTransitions_interrupt: isIconLaunchOpenOrClose mode: 4
07-20 14:31:43.824  2856  2910 D ShellTransitions_interrupt: isOpenOrCloseMode: trueisInterruptedTask: true isSplitMode: false isTranssionLauncher: true
07-20 14:31:43.824  2856  2910 D ShellTransitions_interrupt: setupAnimHierarchy  ifNoReparentForInterrupt(info):  true ifMerge: false
07-20 14:31:43.824  2856  2910 D ShellTransitions_interrupt: isIconLaunchOpenOrClose mode: 4
07-20 14:31:43.824  2856  2910 D ShellTransitions_interrupt: isOpenOrCloseMode: trueisInterruptedTask: true isSplitMode: false isTranssionLauncher: true
07-20 14:31:43.825  2856  2910 D ShellTransitions_interrupt: isIconLaunchOpenOrClose mode: 4
07-20 14:31:43.825  2856  2910 D ShellTransitions_interrupt: isOpenOrCloseMode: trueisInterruptedTask: true isSplitMode: false isTranssionLauncher: true
07-20 14:31:43.825  2856  2910 D ShellTransitions_interrupt: setupAnimHierarchy  ifNoReparentForInterrupt(info):  true ifMerge: false
07-20 14:31:43.825  2856  2910 D ShellTransitions_interrupt: isIconLaunchOpenOrClose mode: 4
07-20 14:31:43.825  2856  2910 D ShellTransitions_interrupt: isOpenOrCloseMode: trueisInterruptedTask: true isSplitMode: false isTranssionLauncher: true
07-20 14:31:43.825  2856  2910 D ShellTransitions_interrupt: isIconLaunchOpenOrClose mode: 4
07-20 14:31:43.825  2856  2910 D ShellTransitions_interrupt: isOpenOrCloseMode: trueisInterruptedTask: true isSplitMode: false isTranssionLauncher: true
07-20 14:31:43.825  2856  2910 D ShellTransitions_interrupt: setupAnimHierarchy  ifNoReparentForInterrupt(info):  true ifMerge: false
07-20 14:31:43.825  2856  2910 D ShellTransitions_interrupt: isIconLaunchOpenOrClose mode: 4
07-20 14:31:43.825  2856  2910 D ShellTransitions_interrupt: isOpenOrCloseMode: trueisInterruptedTask: true isSplitMode: false isTranssionLauncher: true
07-20 14:31:43.825  2856  2910 V WindowManagerShell:  try handler com.android.wm.shell.transition.DefaultMixedHandler@16ed6b7
07-20 14:31:43.825  2856  2910 V WindowManagerShell:  try handler com.android.wm.shell.keyguard.KeyguardTransitionHandler@a275e24
07-20 14:31:43.825  2856  2910 V WindowManagerShell:  try handler com.android.wm.shell.pip.PipTransition@bbd53b4
07-20 14:31:43.825  2856  2910 V WindowManagerShell:  try handler com.android.wm.shell.activityembedding.ActivityEmbeddingController@55abdd
07-20 14:31:43.825  2856  2910 V WindowManagerShell:  try handler com.android.wm.shell.recents.RecentsTransitionHandler@8c5b352
07-20 14:31:43.825  2856  2910 V ShellRecents: RecentsTransitionHandler.startAnimation: no controller found
07-20 14:31:43.825  2856  2910 V WindowManagerShell:  try handler com.android.wm.shell.splitscreen.StageCoordinator@c3c8623
07-20 14:31:43.825  2856  2910 V StageCoordinator: startAnimation: transition=710 isSplitActive=false
07-20 14:31:43.825  2856  2910 V WindowManagerShell:  try handler com.android.wm.shell.transition.RemoteTransitionHandler@8b5f720
07-20 14:31:43.825  2856  2910 V WindowManagerShell: Transition doesn't have explicit remote, search filters for match for {id=710 t=OPEN f=0x0 trk=0 r=[0@Point(0, 0)] c=[{WCT{android.window.IWindowContainerToken$Stub$Proxy@b4f553d} m=OPEN f=NONE leash=Surface(name=Task=6619)/@0x63c1a01 sb=Rect(0, 0 - 1080, 2436) eb=Rect(0, 0 - 1080, 2436) mSimplifyStartAbsBounds=Rect(0, 0 - 0, 0) d=0 taskParent=-1},{WCT{android.window.IWindowContainerToken$Stub$Proxy@6ee1132} m=TO_BACK f=SHOW_WALLPAPER leash=Surface(name=Task=1)/@0x54990a6 sb=Rect(0, 0 - 1080, 2436) eb=Rect(0, 0 - 1080, 2436) mSimplifyStartAbsBounds=Rect(0, 0 - 0, 0) d=0 taskParent=-1},{null m=CHANGE f=IS_WALLPAPER leash=Surface(name=WallpaperWindowToken{2587c6b token=android.os.Binder@6e9f5ba})/@0xc95ae7 sb=Rect(0, 0 - 1080, 2436) eb=Rect(0, 0 - 1080, 2436) mSimplifyStartAbsBounds=Rect(0, 0 - 0, 0) d=0}]}
07-20 14:31:43.825  2856  2910 V WindowManagerShell:  Delegate animation for (#710) to null
07-20 14:31:43.825  2856  2910 V WindowManagerShell:  try handler com.android.wm.shell.transition.DefaultTransitionHandler@98628d9
07-20 14:31:43.825  2856  2910 V WindowManagerShell: start default transition animation, info = {id=710 t=OPEN f=0x0 trk=0 r=[0@Point(0, 0)] c=[{WCT{android.window.IWindowContainerToken$Stub$Proxy@b4f553d} m=OPEN f=NONE leash=Surface(name=Task=6619)/@0x63c1a01 sb=Rect(0, 0 - 1080, 2436) eb=Rect(0, 0 - 1080, 2436) mSimplifyStartAbsBounds=Rect(0, 0 - 0, 0) d=0 taskParent=-1},{WCT{android.window.IWindowContainerToken$Stub$Proxy@6ee1132} m=TO_BACK f=SHOW_WALLPAPER leash=Surface(name=Task=1)/@0x54990a6 sb=Rect(0, 0 - 1080, 2436) eb=Rect(0, 0 - 1080, 2436) mSimplifyStartAbsBounds=Rect(0, 0 - 0, 0) d=0 taskParent=-1},{null m=CHANGE f=IS_WALLPAPER leash=Surface(name=WallpaperWindowToken{2587c6b token=android.os.Binder@6e9f5ba})/@0xc95ae7 sb=Rect(0, 0 - 1080, 2436) eb=Rect(0, 0 - 1080, 2436) mSimplifyStartAbsBounds=Rect(0, 0 - 0, 0) d=0}]}
07-20 14:31:43.826  2856  2910 D ShellTransitions: isCustomizedsSceneAnimType = 0
07-20 14:31:43.826  1486  3850 I BufferQueueDebug: [Surface(name=19d0f20 StatusBar)/@0xd2668b7 - animation-leash of insets_animation#12098](this:0xb40000796b7b0978,id:-1,api:0,p:-1,c:-1) BufferQueue core=(1486:/system/bin/surfaceflinger)
07-20 14:31:43.826  2856  2910 V WindowManagerShell: loadAnimation: anim=android.view.animation.AnimationSet@77d3800 animAttr=0x13 type=OPEN isEntrance=false
07-20 14:31:43.826  2856  2910 D ShellTransitions: isCustomizedsSceneAnimType = 0
07-20 14:31:43.827 27357 27357 D nativeloader: Load libframework-connectivity-tiramisu-jni.so using APEX ns com_android_tethering for caller /apex/com.android.tethering/javalib/framework-connectivity-t.jar: ok
07-20 14:31:43.827  2021  2063 D WindowManager: updateSystemBarAttributes appearance:24, win appearance:24, opaqueAppearance:0, win:Window{4f83a07 u0 Splash Screen com.example.controlhorario}, appearanceRegions=[AppearanceRegion{LIGHT_STATUS_BARS bounds=[0,0][1080,2436]}]
07-20 14:31:43.828  2856  2910 V WindowManagerShell: loadAnimation: anim=android.view.animation.AnimationSet@47dd42c animAttr=0x12 type=OPEN isEntrance=true
07-20 14:31:43.828  2021  2071 I Griffin/MemoryMonitorManager: ProcessRecord= ProcessRecord{7ed75a6 18579:com.android.DeviceAsWebcam/1000} pss= 6 threshold= 3072
07-20 14:31:43.828  2856  2856 I StatusBarModePerDisplayRepository: isInFullscreenMode:false com.example.controlhorario
07-20 14:31:43.829  2856  2910 D ShellTransitions_interrupt: dispatchTransition: consumed by com.android.wm.shell.transition.DefaultTransitionHandler@98628d9
07-20 14:31:43.829  2856  2910 V WindowManagerShell:  animated by com.android.wm.shell.transition.DefaultTransitionHandler@98628d9
07-20 14:31:43.831  1486  2502 I BufferQueueDebug: [aef5d22 ActivityRecordInputSink com.example.controlhorario/.MainActivity#12099](this:0xb40000796b86f628,id:-1,api:0,p:-1,c:-1) BufferQueue core=(1486:/system/bin/surfaceflinger)
07-20 14:31:43.832  2021  2063 I ActivityTaskManager: this = Task{9733b3 #6619 type=standard A=10345:com.example.controlhorario} is in Transition
07-20 14:31:43.832 27357 27357 W TranInstanceHelper: Failed to instance com.transsion.hubcore.linkplus.implement.app.TranActivityThreadLinkplusImpl, java.lang.ClassNotFoundException: com.transsion.hubcore.linkplus.implement.app.TranActivityThreadLinkplusImpl
07-20 14:31:43.833 27357 27357 D TranClassInfo: instance successfully. com.transsion.hubcore.app.TranActivityThreadImpl@e8d1b81 from com.transsion.hubcore.app.ITranActivityThread
07-20 14:31:43.834  2856  2910 D ShellTransitions_interrupt: finish handler: com.android.wm.shell.transition.DefaultTransitionHandler@98628d9
07-20 14:31:43.834  2856  2910 D ShellTransitions_interrupt: onFinish: isLauncherReUseLeash = false
07-20 14:31:43.834  2856  2910 V WindowManagerShell: Transition animation finished (aborted=false), notifying core (#710) android.os.BinderProxy@7e959@0
07-20 14:31:43.835  2856  2910 D ShellTransitions: Applied finish transaction
07-20 14:31:43.835  2856  2910 D ShellTransitions_interrupt: onFinish finish apply
07-20 14:31:43.835 27357 27357 D os.SingleLice: instance successfully. com.transsion.widget.v3.FloatingToolbarLice@73c3426 from com.transsion.widget.FloatingToolbarLiceFactory
07-20 14:31:43.835 27357 27357 D os.SingleLiceFactory: instance successfully. com.transsion.widget.v3.FloatingToolbarLice@73c3426 from android.app.IActivityThreadLice
07-20 14:31:43.836  2856  2856 D BatteryMeterDrawable: drawBatteryFrame: color=80454545
07-20 14:31:43.837 27357 27357 D os.SingleLice: instance successfully. com.transsion.common.v1.CommonLice@7e9f867 from com.transsion.common.CommonLiceFactory
07-20 14:31:43.837 27357 27357 D os.SingleLiceFactory: instance successfully. com.transsion.common.v1.CommonLice@7e9f867 from android.app.IActivityThreadLice
07-20 14:31:43.837  2021  5450 D WindowOrganizerController: WCT isInterrupt: false
07-20 14:31:43.837  2021  2072 I mtkpower_client: perf_lock_rel, hdl:25875, tid:2072
07-20 14:31:43.838  2021  2109 I Process : String at 0: 0x778bd33601 = SFMainPolicy
07-20 14:31:43.838  2021  5450 I WindowManager:   isAnimating=false  okToAnimate=true  win=Window{8c57eb u0 com.transsion.XOSLauncher/com.android.launcher3.uioverrides.QuickstepLauncher}
07-20 14:31:43.838  2021  5450 I WindowManager:   isAnimating=false  okToAnimate=true  win=Window{e38145 u0 ZeroScreen}
07-20 14:31:43.838 27357 27357 D os.SingleLiceFactory: instance successfully. com.transsion.typeface.v1.TypefaceLice@ef85614 from android.app.IActivityThreadLice
07-20 14:31:43.838 27357 27357 D os.SingleLiceFactory: using android.app.IActivityThreadLice$DefaultImpl@16eeebd instead of com.transsion.sun.SunLiceFactory  from android.app.IActivityThreadLice
07-20 14:31:43.839  2021  5450 D MagellanHandle: updateRefreshRateForSceneVsyncs what = 21
07-20 14:31:43.839 27357 27357 D os.SingleLice: instance successfully. com.transsion.fdleak.FdLeakLice@c276cb2 from com.transsion.fdleak.FdLeakLiceFactory
07-20 14:31:43.839  1419  1494 I libPowerHal: [unsetGPUFreq] current min:0, max:0; scn_gpu_min:0, scn_gpu_max:-1; scn_gpu_min(HL):-1, scn_gpu_max(HL):-1
07-20 14:31:43.839  1419  1494 I libPowerHal: [setGPUFreq] Soft min/max = (0, 0); Hard min/max = (44, 0)
07-20 14:31:43.839  1419  1494 I libPowerHal: [setGPUFreq] final min/max = (0, 0)
07-20 14:31:43.839  1419  1494 I libPowerHal: MTKPOWER_HINT_LAUNCHER_ANIMA: set gpu opp level: 0
07-20 14:31:43.839 27357 27357 D os.SingleLiceFactory: instance successfully. com.transsion.fdleak.FdLeakLice@c276cb2 from android.app.IActivityThreadLice
07-20 14:31:43.839 27357 27357 D os.LiceInfo: instance successfully. com.transsion.app.ActivityThreadLice@393b403 from android.app.IActivityThreadLice
07-20 14:31:43.839  1419  1494 I libPowerHal: MTKPOWER_HINT_LAUNCHER_ANIMA: set gpu opp level max: 0
07-20 14:31:43.839  2856  2910 D ShellEventHandler: onTransitionFinished OPEN token=android.os.BinderProxy@7e959
07-20 14:31:43.839  2856  2910 V WindowManagerShell: Track 0 became idle
07-20 14:31:43.839  2856  2910 V WindowManagerShell: All active transition animations finished
07-20 14:31:43.839 13553 13553 D VRI[ZeroScreen]: visibilityChanged oldVisibility=true newVisibility=false
07-20 14:31:43.840  2021  2109 I Process : String at 0: 0x778bd33601 = SFRenderEnginePolicy
07-20 14:31:43.840  2021  2059 V WindowManager: Finish Transition (#710): created at 07-20 14:31:43.748 collect-started=0.029ms request-sent=10.38ms started=15.009ms ready=62.418ms sent=70.004ms finished=88.993ms
07-20 14:31:43.842  2848  2848 D VRI[QuickstepLauncher]: visibilityChanged oldVisibility=true newVisibility=false
07-20 14:31:43.842  2021  5450 W UserManagerService: Requested status bar icon for non-badged user 0
07-20 14:31:43.844  2021  5432 V ActivityManager: New death recipient com.android.server.am.ActivityManagerService$AppDeathRecipient@58ec3f5 for thread android.os.BinderProxy@1fc458a
07-20 14:31:43.846  2021  5432 D os.ActivityManagerServiceLice: make process active com.example.controlhorario(27357)
07-20 14:31:43.850  2021  2060 E ApplicationHelper: Fail to get PackageManager
07-20 14:31:43.850  2021  2071 I Griffin/MemoryMonitorManager: ProcessRecord= ProcessRecord{7b9fe44 21846:com.mediatek.batterywarning/1000} pss= 6 threshold= 3072
07-20 14:31:43.850  2021  2470 I Hiber/fastState: skip fastFreeze, uid=10193 pkgName=com.transsnet.store unFreezeReason=job cpnInfo= # com.transsnet.store
07-20 14:31:43.849 27357 28387 I SurfaceFactory: [static] sSurfaceFactory = com.transsion.rt.SurfaceFactoryImpl@40ebf80
07-20 14:31:43.853  2021  3452 W UserManagerService: Requested status bar icon for non-badged user 0
07-20 14:31:43.854  1486  1486 I BufferQueueProducer: [NavigationBar0#95](this:0xb40000796b7c75f8,id:-1,api:0,p:-1,c:1486) queueBuffer: fps=0.00 dur=828426.48 max=828426.48 min=828426.48
07-20 14:31:43.854  1486  1486 I BufferQueueProducer: [StatusBar#99](this:0xb40000796b7d8758,id:-1,api:0,p:-1,c:1486) queueBuffer: fps=0.25 dur=3950.02 max=3950.02 min=3950.02
07-20 14:31:43.855  1486  1486 I SurfaceFlinger: onHandleDestroyed: name=Transition Root: Task=6619#12096, layerId=12096, parentId=0
07-20 14:31:43.855  2848  2848 D BLASTBufferQueue: [VRI[QuickstepLauncher]#159](f:0,a:2) destructor()
07-20 14:31:43.855  2848  2848 D BufferQueueConsumer: [VRI[QuickstepLauncher]#159(BLAST Consumer)159](id:b20000000a9,api:0,p:-1,c:2848) disconnect
07-20 14:31:43.857  2021  2470 I Hiber/stateManager: unfreeze uid: 10193 com.transsnet.store  reason:job   cpninfo: # com.transsnet.store costTime=7ms ,last freeze invalid
07-20 14:31:43.859  2021  3455 W UserManagerService: Requested status bar icon for non-badged user 0
07-20 14:31:43.860  1486  4295 I SurfaceFlinger: onHandleDestroyed: name=Surface(name=6788edb NavigationBar0)/@0xcfdf3b6 - animation-leash of insets_animation#12083, layerId=12083, parentId=0
07-20 14:31:43.860  1486  4295 I SurfaceFlinger: onHandleDestroyed: name=Surface(name=19d0f20 StatusBar)/@0xd2668b7 - animation-leash of insets_animation#12084, layerId=12084, parentId=0
07-20 14:31:43.860  2021  2062 I DisplayDeviceRepository: Display device changed: DisplayDeviceInfo{"Pantalla integrada": uniqueId="local:0", 1080 x 2436, modeId 2, renderFrameRate 60.0, defaultModeId 1, userPreferredModeId -1, supportedModes [{id=1, width=1080, height=2436, fps=120.00001, vsync=120.00001, synthetic=false, alternativeRefreshRates=[60.0], supportedHdrTypes=[]}, {id=2, width=1080, height=2436, fps=60.0, vsync=60.0, synthetic=false, alternativeRefreshRates=[120.00001], supportedHdrTypes=[]}], colorMode 0, supportedColorModes [0, 7, 9], hdrCapabilities HdrCapabilities{mSupportedHdrTypes=[], mMaxLuminance=500.0, mMaxAverageLuminance=500.0, mMinLuminance=0.0}, allmSupported false, gameContentTypeSupported false, density 480, 392.783 x 392.828 dpi, appVsyncOff 2400001, presDeadline 28600000, cutout DisplayCutout{insets=Rect(0, 108 - 0, 0) waterfall=Insets{left=0, top=0, right=0, bottom=0} boundingRect={Bounds=[Rect(0, 0 - 0, 0), Rect(468, 0 - 612, 108), Rect(0, 0 - 0, 0), Rect(0, 0 - 0, 0)]} cutoutPathParserInfo={CutoutPathParserInfo{displayWidth=1080 displayHeight=2436 physicalDisplayWidth=1080 physicalDisplayHeight=2436 density={3.0} cutoutSpec={M -24,0 L -24,36 L 24,36 L 24,0 Z @dp} rotation={0} scale={1.0} physicalPixelDisplaySizeRatio={1.0}}} sideOverrides={}}, touch INTERNAL, rotation 0, type INTERNAL, address {port=0}, deviceProductInfo null, state ON, committedState ON, frameRateOverride {uid=10150 frameRateHz=60.0} , brightnessMinimum 0.0, brightnessMaximum 1.0, brightnessDefault 0.2, hdrSdrRatio NaN, FLAG_ALLOWED_TO_BE_DEFAULT_DISPLAY, FLAG_ROTATES_WITH_CONTENT, FLAG_SECURE, FLAG_SUPPORTS_PROTECTED_BUFFERS, FLAG_TRUSTED, installOrientation 0, displayShape DisplayShape{ spec=596679847 displayWidth=1080 displayHeight=2436 physicalPixelDisplaySizeRatio=1.0 rotation=0 offsetX=0 offsetY=0 scale=1.0}}
07-20 14:31:43.864  2021  2062 I Griffin/DeviceState: virtualDisplayPackageName :{}
07-20 14:31:43.866  2021  2470 I tranpm/ServicePolicy: isBlockHsB1 true
07-20 14:31:43.866  2021  2470 I tranpm/ServicePolicy: limitBindServiceLocked by hs&job - cold: callingPackage = android, targetPkg = com.transsnet.store
07-20 14:31:43.867  2021  2470 W ActivityManager: Unbind failed: could not find connection for android.app.LoadedApk$ServiceDispatcher$InnerConnection@d57fbe2
07-20 14:31:43.867  2021  2470 E JobScheduler.Concurrency: Error executing JobStatus{751ec09 #u0a193/100 com.transsnet.store/com.afmobi.palmplay.service.MsgJobService u=0 s=10193 TIME=-1d21h46m25s640ms:-1d21h46m25s640ms NET PERSISTED READY}
07-20 14:31:43.868  1367 23459 W AudioALSACaptureDataProviderNormal: readThread, latency_in_s,0.000001,0.039895,0.000033, totalTime 0.039928 > logTimeout 0.022000 TIMEOUT!!
07-20 14:31:43.869 27357 27357 D TranClassInfo: instance successfully. com.transsion.hubcore.graphics.TranGraphicImpl@5a0b9b9 from com.transsion.hubcore.graphics.ITranGraphic
07-20 14:31:43.869 27357 27357 D os.SingleLiceFactory: instance successfully. com.transsion.typeface.v1.TypefaceLice@ef85614 from android.graphics.IGraphicLice
07-20 14:31:43.869 27357 27357 D os.LiceInfo: instance successfully. com.transsion.graphics.GraphicLice@c1ba1fe from android.graphics.IGraphicLice
07-20 14:31:43.870 13553 13553 D BLASTBufferQueue: [VRI[ZeroScreen]#10](f:0,a:1) destructor()
07-20 14:31:43.870 13553 13553 D BufferQueueConsumer: [VRI[ZeroScreen]#10(BLAST Consumer)10](id:34f10000000a,api:0,p:-1,c:13553) disconnect
07-20 14:31:43.871  1486  1486 I BufferQueueDebug: [Surface(name=19d0f20 StatusBar)/@0xd2668b7 - animation-leash of insets_animation#12084](this:0xb40000796b7b9228,id:-1,api:0,p:-1,c:1486) onDestructor()
07-20 14:31:43.871  1486  1486 I BufferQueueDebug: [Transition Root: Task=6619#12096](this:0xb40000796b7e3d98,id:-1,api:0,p:-1,c:1486) onDestructor()
07-20 14:31:43.871  1486  1486 I BufferQueueDebug: [Surface(name=6788edb NavigationBar0)/@0xcfdf3b6 - animation-leash of insets_animation#12083](this:0xb40000796b82b0a8,id:-1,api:0,p:-1,c:1486) onDestructor()
07-20 14:31:43.871  1486  1486 I SurfaceFlinger: onHandleDestroyed: name=c95172a ActivityRecordInputSink com.transsion.XOSLauncher/com.android.launcher3.uioverrides.QuickstepLauncher#12086, layerId=12086, parentId=0
07-20 14:31:43.873  2021  2470 I tranpm/ServicePolicy: isBlockHsB1 true
07-20 14:31:43.873  2021  2470 I tranpm/ServicePolicy: limitBindServiceLocked by hs&job - cold: callingPackage = android, targetPkg = com.gallery20
07-20 14:31:43.873  7261 26076 D CallbackProxy: [onSubscriptionsChanged]
07-20 14:31:43.874  1376  1654 W hwcomposer: [DRMDEV] paramIsSame(), id 3385, w 1080/1080, h 2436/2436, pitch 1088/1088, format 0x1/0x2, secure 0/0  
07-20 14:31:43.874  2021  5450 D os.permission.PermissionInfo: checkPermission 10190:android.permission.INTERACT_ACROSS_USERS:true
07-20 14:31:43.875  2021  5450 I os.permission: Grant permission: android.permission.INTERACT_ACROSS_USERS to uid: 10190
07-20 14:31:43.875  2021  2470 W ActivityManager: Unbind failed: could not find connection for android.app.LoadedApk$ServiceDispatcher$InnerConnection@14b73
07-20 14:31:43.877  2021  2470 E JobScheduler.Concurrency: Error executing JobStatus{5470c85 #u0a156/2802 com.gallery20/androidx.work.impl.background.systemjob.SystemJobService u=0 s=10156 CHARGING BATNOTLOW STORENOTLOW READY}
07-20 14:31:43.878 27357 27357 D DebugTheme.onThemeUpdated: reload start !TranResourcesUtils.isRunningOnSystemServer()=true currentForegroundUser=0
07-20 14:31:43.880  2021  5432 D os.permission.PermissionInfo: checkPermission 10190:android.permission.MANAGE_ACTIVITY_TASKS:true
07-20 14:31:43.880  2021  5432 I os.permission: Grant permission: android.permission.MANAGE_ACTIVITY_TASKS to uid: 10190
07-20 14:31:43.881  2021  4393 D ActivityTaskManager_Recents: 	excludeFromRecents=true, taskIndex = 3, isOnHomeDisplay: false, isAnimatingByRecents: false
07-20 14:31:43.881  2021  4393 D ActivityTaskManager_Recents: Skipping, not in visible range taskId: 5890
07-20 14:31:43.880  3119  3876 D ApkController: onTaskStackChanged 
07-20 14:31:43.883  2021  2071 I Griffin/MemoryMonitorManager: ProcessRecord= ProcessRecord{d8e10 11854:com.google.android.packageinstaller/u0a136} pss= 19 threshold= 3072
07-20 14:31:43.885  2848  3234 I RecentAnalytics#: addTracker start...
07-20 14:31:43.885  2021  2470 I tranpm/ServicePolicy: isBlockHsB1 true
07-20 14:31:43.885  2021  2470 I tranpm/ServicePolicy: limitBindServiceLocked by hs&job - cold: callingPackage = android, targetPkg = com.gallery20
07-20 14:31:43.885  2848  3234 I RecentAnalytics#: addTracker start...
07-20 14:31:43.886  2848  3295 I RecentAnalytics#: start track event...
07-20 14:31:43.886  2021  2470 W ActivityManager: Unbind failed: could not find connection for android.app.LoadedApk$ServiceDispatcher$InnerConnection@37c5a30
07-20 14:31:43.886  2848  3295 I RecentAnalytics#: start track event...
07-20 14:31:43.886  2021  2470 E JobScheduler.Concurrency: Error executing JobStatus{8ef0ada #u0a156/2803 com.gallery20/androidx.work.impl.background.systemjob.SystemJobService u=0 s=10156 CHARGING BATNOTLOW STORENOTLOW READY}
07-20 14:31:43.888  1486  1486 I BufferQueueDebug: [c95172a ActivityRecordInputSink com.transsion.XOSLauncher/com.android.launcher3.uioverrides.QuickstepLauncher#12086](this:0xb40000796b7adbe8,id:-1,api:0,p:-1,c:1486) onDestructor()
07-20 14:31:43.888  1419  1468 I libPerfCtl: xgfGetFPS pid:2856 fps:-1
07-20 14:31:43.888  1419  1468 I AppThermalMode: [perfNotifyThermalState] hdl:0
07-20 14:31:43.888  1419  1468 I AppThermalMode: [findAppThermalIdx] Fail: appThermalModeEnable: 0,currentFPS: -1,fg->pid:2848
07-20 14:31:43.888  1419  1468 I AppThermalMode: [perfNotifyThermalState] appThermalIdx -1:
07-20 14:31:43.888  2021  2470 I tranpm/ServicePolicy: isBlockHsB1 true
07-20 14:31:43.889  2021  2470 I tranpm/ServicePolicy: limitBindServiceLocked by hs&job - cold: callingPackage = android, targetPkg = com.gallery20
07-20 14:31:43.889  2021  2470 W ActivityManager: Unbind failed: could not find connection for android.app.LoadedApk$ServiceDispatcher$InnerConnection@8d36a9
07-20 14:31:43.889  2021  2470 E JobScheduler.Concurrency: Error executing JobStatus{5225a8b #u0a156/2810 com.gallery20/androidx.work.impl.background.systemjob.SystemJobService u=0 s=10156 TIME=-13h0m56s920ms:none BATNOTLOW STORENOTLOW READY}
07-20 14:31:43.889 27357 27357 D ApplicationLoaders: Returning zygote-cached class loader: /system_ext/framework/androidx.window.extensions.jar
07-20 14:31:43.890 27357 27357 D ApplicationLoaders: Returning zygote-cached class loader: /system_ext/framework/androidx.window.sidecar.jar
07-20 14:31:43.891  2021  2470 I tranpm/ServicePolicy: isBlockHsB1 true
07-20 14:31:43.891  2021  2470 I tranpm/ServicePolicy: limitBindServiceLocked by hs&job - cold: callingPackage = android, targetPkg = com.gallery20
07-20 14:31:43.891  2021  2470 W ActivityManager: Unbind failed: could not find connection for android.app.LoadedApk$ServiceDispatcher$InnerConnection@27df42e
07-20 14:31:43.891  2021  2470 E JobScheduler.Concurrency: Error executing JobStatus{a678147 #u0a156/2811 com.gallery20/androidx.work.impl.background.systemjob.SystemJobService u=0 s=10156 TIME=-13h0m56s569ms:none BATNOTLOW STORENOTLOW READY}
07-20 14:31:43.895  2021  2470 I tranpm/ServicePolicy: isBlockHsB1 true
07-20 14:31:43.895  2021  2470 I tranpm/ServicePolicy: limitBindServiceLocked by hs&job - cold: callingPackage = android, targetPkg = com.openai.chatgpt
07-20 14:31:43.895  2021  2470 W ActivityManager: Unbind failed: could not find connection for android.app.LoadedApk$ServiceDispatcher$InnerConnection@99b2bcf
07-20 14:31:43.895  2021  2470 E JobScheduler.Concurrency: Error executing JobStatus{9b26a6 #u0a107/-2743192 com.openai.chatgpt/com.google.android.datatransport.runtime.scheduling.jobscheduling.JobInfoSchedulerService u=0 s=10107 TIME=-1h22m10s410ms:none NET READY}
07-20 14:31:43.896  1419  1494 I mtkpower@impl: [powerd_req] TIMER_MSG_PERF_LOCK_TIMEOUT hdl:25873
07-20 14:31:43.897  1419  1494 I libPowerHal: [PD] MTKPOWER_HINT_START_ACTIVITY_INNER update cmd:1408100 param:0
07-20 14:31:43.910  1367 23459 W AudioALSACaptureDataProviderNormal: readThread, latency_in_s,0.000001,0.022003,0.000042, totalTime 0.022047 > logTimeout 0.022000 TIMEOUT!!
07-20 14:31:43.954  5015  6249 I ScenesManager: put createTaskId com.example.controlhorario6619
07-20 14:31:43.957  5015  6249 D THubApi : getWindowingMode TaskInfo{userId=0 taskId=6619 displayId=0 isRunning=true baseIntent=Intent { flg=0x10000000 cmp=com.example.controlhorario/.MainActivity } baseActivity=ComponentInfo{com.example.controlhorario/com.example.controlhorario.MainActivity} topActivity=ComponentInfo{com.example.controlhorario/com.example.controlhorario.MainActivity} origActivity=null realActivity=ComponentInfo{com.example.controlhorario/com.example.controlhorario.MainActivity} numActivities=1 lastActiveTime=320521484 supportsMultiWindow=true resizeMode=1 isResizeable=true minWidth=-1 minHeight=-1 defaultMinSize=110 token=WCT{android.window.IWindowContainerToken$Stub$Proxy@1a47872} topActivityType=1 pictureInPictureParams=null shouldDockBigOverlays=false launchIntoPipHostTaskId=-1 lastParentTaskIdBeforePip=-1 displayCutoutSafeInsets=null topActivityInfo=ActivityInfo{9e634c3 com.example.controlhorario.MainActivity} launchCookies=[] positionInParent=Point(0, 0) parentTaskId=-1 isFocused=false isVisible=true isVisibleRequested=true isSleeping=false locusId=null displayAreaFeatureId=1 isTopActivityTransparent=false appCompatTaskInfo=AppCompatTaskInfo { topActivityInSizeCompat=false topActivityEligibleForLetterboxEducation= falseisLetterboxEducationEnabled= false isLetterboxDoubleTapEnabled= false topActivityEligibleForUserAspectRatioButton= false topActivityBoundsLetterboxed= false isFromLetterboxDoubleTap= false topActivityLetterboxVerticalPosition= -1 topActivityLetterboxHorizontalPosition= -1 topActivityLetterboxWidth=1080 topActivityLetterboxHeight=2436 isUserFullscreenOverrideEnabled=false isSystemFullscreenOverrideEnabled=false cameraCompatTaskInfo=CameraCompatTaskInfo { cameraCompatControlState=hidden freeformCameraCompatMode=inactive}}}
07-20 14:31:43.960  5015  5015 I ScenesManager: MSG_ACTIVITY_CHECK
07-20 14:31:43.968  1367 23459 W AudioALSACaptureDataProviderNormal: readThread, latency_in_s,0.000001,0.039877,0.000049, totalTime 0.039926 > logTimeout 0.022000 TIMEOUT!!
07-20 14:31:43.972  2021  2113 I mtkpower_client: perf_lock_rel, hdl:25833, tid:2113
07-20 14:31:43.973  2021  2113 I mtkpower_client: perf_lock_acq, hdl:25833, dur:5000, num:2, pid:2021, tid:2113
07-20 14:31:43.974  2021  2113 I mtkpower_client: ret_hdl:25877
07-20 14:31:43.974  2021  2113 I PowerHalMgrImpl: hdl:25877, pid:2021 
07-20 14:31:43.975  5015  6249 I THubApi : isTheMainScreen classname: com.example.controlhorario.MainActivity  pkg:com.example.controlhorario
07-20 14:31:43.981  2021  4393 D TranActivityTaskManagerService: isTheMainScreen, displayId = 0, classname = com.example.controlhorario.MainActivity
07-20 14:31:43.982  5015  6249 D THubApi : getUserId TaskInfo{userId=0 taskId=6619 displayId=0 isRunning=true baseIntent=Intent { flg=0x10000000 cmp=com.example.controlhorario/.MainActivity } baseActivity=ComponentInfo{com.example.controlhorario/com.example.controlhorario.MainActivity} topActivity=ComponentInfo{com.example.controlhorario/com.example.controlhorario.MainActivity} origActivity=null realActivity=ComponentInfo{com.example.controlhorario/com.example.controlhorario.MainActivity} numActivities=1 lastActiveTime=320521484 supportsMultiWindow=true resizeMode=1 isResizeable=true minWidth=-1 minHeight=-1 defaultMinSize=110 token=WCT{android.window.IWindowContainerToken$Stub$Proxy@1a47872} topActivityType=1 pictureInPictureParams=null shouldDockBigOverlays=false launchIntoPipHostTaskId=-1 lastParentTaskIdBeforePip=-1 displayCutoutSafeInsets=null topActivityInfo=ActivityInfo{9e634c3 com.example.controlhorario.MainActivity} launchCookies=[] positionInParent=Point(0, 0) parentTaskId=-1 isFocused=false isVisible=true isVisibleRequested=true isSleeping=false locusId=null displayAreaFeatureId=1 isTopActivityTransparent=false appCompatTaskInfo=AppCompatTaskInfo { topActivityInSizeCompat=false topActivityEligibleForLetterboxEducation= falseisLetterboxEducationEnabled= false isLetterboxDoubleTapEnabled= false topActivityEligibleForUserAspectRatioButton= false topActivityBoundsLetterboxed= false isFromLetterboxDoubleTap= false topActivityLetterboxVerticalPosition= -1 topActivityLetterboxHorizontalPosition= -1 topActivityLetterboxWidth=1080 topActivityLetterboxHeight=2436 isUserFullscreenOverrideEnabled=false isSystemFullscreenOverrideEnabled=false cameraCompatTaskInfo=CameraCompatTaskInfo { cameraCompatControlState=hidden freeformCameraCompatMode=inactive}}}
07-20 14:31:43.983  5015  6013 I ScenesManager: ScenesInfo(isInSplitScreenMode=false, screenMode=0, oldTopPackage=, oldTopClass=, oldRelPackage=, oldRelClass=, topPackage=com.example.controlhorario, topClass=com.example.controlhorario.MainActivity, relPackage=com.example.controlhorario, relClass=com.example.controlhorario.MainActivity, taskId=6619, userId=0, isTwinApp=false, isActivityChange=true, isResume=false, killPackages=[], isPersonalizedFlipScreen=false, timeStamp=1784572303983)
07-20 14:31:43.983  5015  6013 D SmartEventManager: dispatchEvent event: SmartEvent(action=key_scenes_change, extras=null)
07-20 14:31:43.984  5015  6013 I GameSceneManager: currentPackage   it.isResume false
07-20 14:31:43.984  5015  6013 I GameSceneManager: handlerActivityStart isResume = false  pkgName = com.example.controlhorario
07-20 14:31:43.984  5015  6013 I GameSceneManager: exitSceneInMain false
07-20 14:31:43.985  5015  6013 I VideoSceneManager: handlerVideoStart isResume = false  currentPackage =   pkgName = com.example.controlhorario
07-20 14:31:43.985  5015  6013 D TurboSceneManager: handlerActivityStart: pkg = com.example.controlhorario
07-20 14:31:43.985  5015  5015 I GameSceneManager: checkAndHandleAPP cursor: count = 0
07-20 14:31:43.985  5015  6013 D TurboSceneManager: handlerTurboStart  currentPackage = com.transsion.XOSLauncher  pkgName = com.example.controlhorario  className = com.example.controlhorario.MainActivity
07-20 14:31:43.985  5015  5015 I GameSceneManager: exitSceneInMain false
07-20 14:31:43.985  5015  5015 I VideoDataRepository: checkVideoApp curosr: count = 0
07-20 14:31:43.989  2021  4393 D TranActivityTaskManagerService: getIsFloatingWindow mode = 1
07-20 14:31:43.993  2021  4393 D TranActivityTaskManagerService: getIsFloatingWindow mode = 1
07-20 14:31:43.993  5015  6013 D TurboSceneManager: checkTurboMode : 1
07-20 14:31:43.993  5015  6013 D AppBlackList: checkInBlackList isGuidePage= false， isSmartPanelGesture= false
07-20 14:31:43.994  5015  6013 D AppBlackList: checkInBlackList inBlackList= false， pkgAndCls= com.example.controlhorario/com.example.controlhorario.MainActivity
07-20 14:31:43.994  5015  6013 I SmartPanelRepository: hasLoadData true  data size = 9
07-20 14:31:43.995  5015  6013 D SceneController: checkCanShow canShow: true  changed false 
07-20 14:31:43.996  5015  5015 D HandleModeManager: onScenesChange : false
07-20 14:31:44.019  1486  1486 I BufferQueueProducer: [SmartPanel_handleView#12021](this:0xb40000796b883518,id:-1,api:0,p:-1,c:1486) queueBuffer: fps=0.00 dur=825381.67 max=825381.67 min=825381.67
07-20 14:31:44.124 27357 27357 D nativeloader: Configuring clns-7 for other apk /data/app/~~MQr88mzsnVFmtcHqt-G6og==/com.example.controlhorario-SEpSKOwtDKwMLMi7p0h7zA==/base.apk. target_sdk_version=36, uses_libraries=, library_path=/data/app/~~MQr88mzsnVFmtcHqt-G6og==/com.example.controlhorario-SEpSKOwtDKwMLMi7p0h7zA==/lib/arm64:/data/app/~~MQr88mzsnVFmtcHqt-G6og==/com.example.controlhorario-SEpSKOwtDKwMLMi7p0h7zA==/base.apk!/lib/arm64-v8a, permitted_path=/data:/mnt/expand:/data/user/0/com.example.controlhorario
07-20 14:31:44.136 27357 27357 V GraphicsEnvironment: Currently set values for:
07-20 14:31:44.136 27357 27357 V GraphicsEnvironment:   angle_gl_driver_selection_pkgs=[]
07-20 14:31:44.136 27357 27357 V GraphicsEnvironment:   angle_gl_driver_selection_values=[]
07-20 14:31:44.136 27357 27357 V GraphicsEnvironment: Global.Settings values are invalid: number of packages: 0, number of values: 0
07-20 14:31:44.136 27357 27357 V GraphicsEnvironment: Neither updatable production driver nor prerelease driver is supported.
07-20 14:31:44.141 27357 27357 I LoadedApk: No resource references to update in package com.transsion.theme.icon
07-20 14:31:44.148 27357 27357 D os.SingleLiceFactory: using android.app.IActivityThreadLice$DefaultImpl@16eeebd instead of com.transsion.activityembedding.ActivityEmbeddingLiceFactory  from android.app.IActivityThreadLice
07-20 14:31:44.166 27357 27357 D WM-WrkMgrInitializer: Initializing WorkManager with default configuration.
07-20 14:31:44.181  2856  3405 I VersionsUtils:  getVersion mCurrentVersion 20202091
07-20 14:31:44.182  2856  3405 I IslandManager: checkIslandPermission result true granted 1
07-20 14:31:44.182  2856  3405 W IslandManager: cancel islandId 10006 not exist in mIslandIdsSet
07-20 14:31:44.193  2021  2043 I system_server: Background young concurrent mark compact GC freed 22MB AllocSpace bytes, 78(1788KB) LOS objects, 20% free, 92MB/116MB, paused 4.213ms,14.220ms total 301.919ms
07-20 14:31:44.197  2021  2044 I BpBinder: onLastStrongRef automatically unlinking death recipients: 
07-20 14:31:44.197  2021  2045 W System  : A resource failed to call release. 
07-20 14:31:44.236 27357 27357 D WM-PackageManagerHelper: Skipping component enablement for androidx.work.impl.background.systemjob.SystemJobService
07-20 14:31:44.237 27357 27357 D WM-Schedulers: Created SystemJobScheduler and enabled SystemJobService
07-20 14:31:44.248 27357 28395 D WM-ForceStopRunnable: The default process name was not specified.
07-20 14:31:44.250 27357 28395 D WM-ForceStopRunnable: Performing cleanup operations.
07-20 14:31:44.268  1367 23459 W AudioALSACaptureDataProviderNormal: readThread, latency_in_s,0.000001,0.039822,0.000053, totalTime 0.039876 > logTimeout 0.022000 TIMEOUT!!
07-20 14:31:44.269 27357 27357 D MbrainDebugManagerImpl: getService failed
07-20 14:31:44.272 27357 28395 D TranClassInfo: instance successfully. com.transsion.hubcore.database.sqlite.TranSQLiteDatabaseImpl@53e7785 from com.transsion.hubcore.database.sqlite.ITranSQLiteDatabase
07-20 14:31:44.273 27357 28395 D TranClassInfo: instance successfully. com.transsion.hubcore.spdopts.others.implement.TranSQLiteDatabaseComponentImpl@9e199da from com.transsion.hubcore.spdcomponent.ITranSQLiteDatabaseComponent
07-20 14:31:44.273  2021  5432 D TranMemcgComponentImpl: write pid:27357 (com.example.controlhorario)  to ljj
07-20 14:31:44.273  2021  5432 D TranMemcgComponentImpl: writeFgPid time=0
07-20 14:31:44.274  2021  2092 D TranMemcgComponentImpl: diedProcNameList=[]
07-20 14:31:44.274  2021  2092 D TranMemcgComponentImpl: getBufferSize=3; 3
07-20 14:31:44.275  2021  2092 D TranMemcgComponentImpl: buffer not full, no need release
07-20 14:31:44.275  2021  5432 D os.fingerprint: onRealStartActivityLocked next:ActivityRecord{f79aed u0 com.example.controlhorario/.MainActivity t6619} isKeyguardShowing:false
07-20 14:31:44.275  2021  5432 D os.fingerprint: activityComponent = ComponentInfo{com.example.controlhorario/com.example.controlhorario.MainActivity} inMultiWindow = false
07-20 14:31:44.275  2021  5432 D os.fingerprint: onUpdateFocusedApp oldPackageName:com.transsion.XOSLauncher oldComponent:ComponentInfo{com.transsion.XOSLauncher/com.android.launcher3.uioverrides.QuickstepLauncher} newPackageName:com.example.controlhorario newComponent:ComponentInfo{com.example.controlhorario/com.example.controlhorario.MainActivity} mFm :android.hardware.fingerprint.FingerprintManager@126be4e
07-20 14:31:44.276  5015 26606 I SmartPanelService: activityCheck pkgName: com.example.controlhorario, className: com.example.controlhorario.MainActivity isResume=false isDrawn = false
07-20 14:31:44.276  2021  5432 I TranSCSourceConnectManagerImpl: hookDisplayResumedActivityChanged displayId: 0 packageName: com.example.controlhorario
07-20 14:31:44.276  5015 26606 I MultiWindowUtils: pkg in multi window
07-20 14:31:44.276  2021  5432 D tranpm/BehaviorManager:  onAppLaunch nextPackName = com.example.controlhorario currPackName = com.transsion.XOSLauncher
07-20 14:31:44.276  2021  5432 I PowerHalWrapper: amsBoostNotify pid:27357,activity:com.example.controlhorario.MainActivity, package:com.example.controlhorario, mProcessCreatePackcom.example.controlhorario 
07-20 14:31:44.276  5015  6067 I SmartPanelService: onTaskFocusChanged taskId: 5  focused: false
07-20 14:31:44.276  2021  5432 I PowerHalWrapper: state: 1 
07-20 14:31:44.276  5015  6067 I SmartPanelService: onTaskFocusChanged taskId: 6619  focused: true
07-20 14:31:44.276  2021  5432 I ScnModule: [GameDetection] packname: com.example.controlhorario, apkSize: 120024505. 
07-20 14:31:44.276  2021  5432 I mtkpower_client: [PowerHal_Wrap_notifyAppState] com.example.controlhorario/com.example.controlhorario.MainActivity pid=27357 activityId:16227053 state:1
07-20 14:31:44.277  2021  5432 I mtkpower_client: [Legacy][PowerHal_Wrap_notifyAppState] com.example.controlhorario/com.example.controlhorario.MainActivity pid=27357 state:16227053
07-20 14:31:44.277  1419  1494 I libPowerHal: [perfNotifyAppState] pack:com.example.controlhorario, act:com.example.controlhorario.MainActivity, state:1, pid:27357, uid:10345, fps:-1
07-20 14:31:44.277  1419  1494 I libPowerHal: [perfNotifyAppState] foreground:com.example.controlhorario, pid:27357, uid:10345
07-20 14:31:44.278  2021  5432 I PowerHalWrapper: amsBoostNotify AMS_BOOST_PROCESS_CREATE_BOOST:true 
07-20 14:31:44.278  2021  2021 D MBrainLocalService: isVendorFreezeConditionPass is false
07-20 14:31:44.278  2021  2021 E MBrainLocalService: notifyAppSwitch failed
07-20 14:31:44.278  2021  5432 I System.out: [scale_ufs_gear] pakname is not antutu: com.example.controlhorario, file is not exist: false
07-20 14:31:44.278  1419  1494 I UxUtility: notifyForegroundApp pack:com.example.controlhorario, uid:10345
07-20 14:31:44.278  1419  1494 I TouchUtility: notifyAppState error = NULL
07-20 14:31:44.278  2021  5432 D MagellanHandle: updateRefreshRateForSceneVsyncs what = 23
07-20 14:31:44.279  2021  5432 D TransitionController: mCollectingTransition = null can't setReady, wc = Display{#0 state=ON size=1080x2436 ROTATION_0} ready = true
07-20 14:31:44.279  2021  5432 D os.fingerprint: onActivityResume next:ActivityRecord{f79aed u0 com.example.controlhorario/.MainActivity t6619}
07-20 14:31:44.279  2021  5432 D os.fingerprint: activityComponent = ComponentInfo{com.example.controlhorario/com.example.controlhorario.MainActivity} inMultiWindow = false
07-20 14:31:44.279  1419  1440 I mtkpower@impl: [notifyAppState] pc:1, com.transsion.XOSLauncher => com.example.controlhorario
07-20 14:31:44.279  4172  4378 D pnpmgr  : path: /sys/pnpmgr/ams/activity, do do_all_action
07-20 14:31:44.279  4172  4378 D pnpmgr  : current activity is com.example.controlhorario
07-20 14:31:44.279  4172  4378 D pnpmgr  : condition = 0, cache path is /sys/pnpmgr/fpsgo_boost/boost_enable, cache->event->path is /sys/pnpmgr/fpsgo_boost/boost_enable
07-20 14:31:44.279  4172  4378 D pnpmgr  : condition = 0, buf is 1
07-20 14:31:44.280  2021  5432 D ActivityTaskManager: TaskProcess setRealTask mRealTask#=Task{9733b3 #6619 type=standard A=10345:com.example.controlhorario}
07-20 14:31:44.281  2021  5432 D ActivityTaskManager: TaskProcess markTaskProcess mRootProcess= 27357
07-20 14:31:44.281  5015 26606 D SmartEventManager: dispatchEvent event: SmartEvent(action=activity_check, extras=Bundle[{is_activity_check=true}])
07-20 14:31:44.281  4841  5364 I SimpleEventAdapt: onActivityEvent get com.example.controlhorario, com.example.controlhorario.MainActivity,true
07-20 14:31:44.281  4841  5364 I SimpleEventAdapt: notifyEvent2  activity_event
07-20 14:31:44.281  4841  5364 I SimpleEventAdapt: notifyEvent  1
07-20 14:31:44.281  2021  4055 I TranTp/TranTpSwitchManagerImpl: Set [com.example.controlhorario] is tp rate as default.
07-20 14:31:44.281  2021  4055 D TranTp/TranTpSwitchManagerImpl: sendCommand: rate=0, cmd=echo 0 > /proc/report_rate_switch.
07-20 14:31:44.281  4841  5364 I SimpleEventAdapt: onAppForegroundEvent get com.transsion.XOSLauncher, false
07-20 14:31:44.281  4841  5364 I SimpleEventAdapt: notifyEvent2  app_foreground
07-20 14:31:44.281  4841  5364 I SimpleEventAdapt: notifyEvent  1
07-20 14:31:44.281  5015 26606 I SmartPanelService: activityCheck pkgName: com.example.controlhorario, className: com.example.controlhorario.MainActivity isResume=true isDrawn = false
07-20 14:31:44.281  5015 26606 I MultiWindowUtils: pkg in multi window
07-20 14:31:44.281  4841  5364 I SimpleEventAdapt: onAppForegroundEvent get com.example.controlhorario, true
07-20 14:31:44.281  4841  5364 I SimpleEventAdapt: notifyEvent2  app_foreground
07-20 14:31:44.281  4841  5364 I SimpleEventAdapt: notifyEvent  1
07-20 14:31:44.281  2021  4055 W System.err: java.io.FileNotFoundException: /proc/report_rate_switch: open failed: ENOENT (No such file or directory)
07-20 14:31:44.282  5015  5015 I SmartPanelRepository: hasLoadData true  data size = 9
07-20 14:31:44.282  4841 28373 I CacheManager:  save new data to cache activity_event
07-20 14:31:44.282  4841 28373 I bsc     : notifyDataChange in activity_event, 1
07-20 14:31:44.282 27357 27357 D WM-RescheduleReceiver: Received intent Intent { act=android.intent.action.BOOT_COMPLETED flg=0x9000030 pkg=com.example.controlhorario cmp=com.example.controlhorario/androidx.work.impl.background.systemalarm.RescheduleReceiver (has extras) }
07-20 14:31:44.282  4841 28373 I DataServiceImplV2: StandardDataService notifyDataChange  in 
07-20 14:31:44.282  5015 26606 D SmartEventManager: dispatchEvent event: SmartEvent(action=activity_check, extras=Bundle[{is_activity_check=true}])
07-20 14:31:44.282  2021  4055 W System.err: 	at libcore.io.IoBridge.open(IoBridge.java:574)
07-20 14:31:44.282  2021  4055 W System.err: 	at java.io.FileOutputStream.<init>(FileOutputStream.java:259)
07-20 14:31:44.282  2021  4055 W System.err: 	at java.io.FileOutputStream.<init>(FileOutputStream.java:147)
07-20 14:31:44.283  2021  4055 W System.err: 	at com.transsion.server.tpswitch.TranTpSwitchManagerImpl.sendCommand(TranTpSwitchManagerImpl.java:311)
07-20 14:31:44.283  2021  4055 W System.err: 	at com.transsion.server.tpswitch.TranTpSwitchManagerImpl.setDefaultTpRate(TranTpSwitchManagerImpl.java:267)
07-20 14:31:44.283  2021  4055 W System.err: 	at com.transsion.server.tpswitch.TranTpSwitchManagerImpl.setTpRate(TranTpSwitchManagerImpl.java:293)
07-20 14:31:44.283  2021  4055 W System.err: 	at com.transsion.server.tpswitch.TranTpSwitchManagerImpl.-$$Nest$msetTpRate(TranTpSwitchManagerImpl.java:0)
07-20 14:31:44.283  2021  4055 W System.err: 	at com.transsion.server.tpswitch.TranTpSwitchManagerImpl$1.onAppLaunch(TranTpSwitchManagerImpl.java:93)
07-20 14:31:44.283  2021  4055 W System.err: 	at com.transsion.griffin.core.HookerImpl$b.run(SourceFile:1)
07-20 14:31:44.283  5015  5015 D SceneController: checkCanShow canShow: true  changed false 
07-20 14:31:44.283  2021  4055 W System.err: 	at android.os.Handler.handleCallback(Handler.java:959)
07-20 14:31:44.283  2021  4055 W System.err: 	at android.os.Handler.dispatchMessage(Handler.java:100)
07-20 14:31:44.283  5015  5015 I SmartPanelRepository: hasLoadData true  data size = 9
07-20 14:31:44.283  2021  4055 W System.err: 	at android.os.Looper.loopOnce(Looper.java:311)
07-20 14:31:44.283  2021  4055 W System.err: 	at android.os.Looper.loop(Looper.java:408)
07-20 14:31:44.283  2021  4055 W System.err: 	at android.os.HandlerThread.run(HandlerThread.java:85)
