07-20 14:33:42.319 31806 32514 D CameraStateRegistry: -------------------------------------------------------------------
07-20 14:33:42.319 31806 32514 D CameraStateRegistry: Camera@2016c02[id=0]                         UNKNOWN               
07-20 14:33:42.319 31806 32514 D CameraStateRegistry: Camera@77e0068[id=1]                         OPEN                  
07-20 14:33:42.319 31806 32514 D CameraStateRegistry: Camera@35efbd[id=2]                          UNKNOWN               
07-20 14:33:42.319 31806 32514 D CameraStateRegistry: -------------------------------------------------------------------
07-20 14:33:42.319 31806 32514 D CameraStateRegistry: Open count: 1 (Max allowed: 1)
07-20 14:33:42.319 31806 32514 D CameraStateMachine: New public camera state CameraState{type=OPEN, error=null} from OPEN and null
07-20 14:33:42.319 31806 32514 D CameraStateMachine: Publishing new public camera state CameraState{type=OPEN, error=null}
07-20 14:33:42.319   601 32549 I hw_sensor: 284, hw_sensor_set_dvdd_val: vdd_val is 11, set result is =0 
07-20 14:33:42.319   601 32549 I hw_sensor: 295, hw_sensor_set_iovdd_val: vdd_val is 8, set result is =0 
07-20 14:33:42.320 31806 32514 D UseCaseAttachState: All use case: [androidx.camera.core.Preview-3a7f0803-baec-41df-9134-a1f6659e45fc16899882, androidx.camera.core.ImageAnalysis-7d72a31d-bb97-4ae0-be05-0c39950e684a71762203] for camera: 1
07-20 14:33:42.331   601 32549 I hw_sensor: 420, hw_sensor_set_mclk: mclk 24, ret 0 
07-20 14:33:42.331   601 32549 I Isharkl_s5k5e8yx: 256, s5k5e8yx_drv_power_on: (1:on, 0:off): 1
07-20 14:33:42.331   601 32549 I Isharkl_s5k5e8yx: 436, s5k5e8yx_drv_identify: mipi raw identify
07-20 14:33:42.332   601 32549 I Isharkl_s5k5e8yx: 443, s5k5e8yx_drv_identify: Identify: pid_value = 5e, ver_value = 80
07-20 14:33:42.332   601 32549 I Isharkl_s5k5e8yx: 445, s5k5e8yx_drv_identify: this is s5k5e8yx sensor
07-20 14:33:42.332   601 32549 I sns_drv_u: 6468, sensor_drv_ic_identify: sensor ic identify ok
07-20 14:33:42.332   601 32549 I sns_drv_u: 4173, sensor_af_init: sensor s5k5e8yx_mipi_raw is focus enable 0
07-20 14:33:42.332   601 32549 I sns_drv_u: 4190, sensor_af_init: af_drv_entry not configured:module:0x78d78f0550,entry:0x0,af_ops:0x0
07-20 14:33:42.332   601 32549 I sns_drv_u: 4381, sensor_ois_init: sensor s5k5e8yx_mipi_raw is focus enable 0
07-20 14:33:42.332   601 32549 I sns_drv_u: 4396, sensor_ois_init: ois_drv_entry not configured:module:0x78d78f0550,entry:0x0,ois_ops:0x0
07-20 14:33:42.332   601 32549 I sns_drv_u: 2958, sensor_set_mode_msg: mode = 0, is_fast_switch 0
07-20 14:33:42.332   601 32549 I sns_drv_u: 2975, sensor_set_mode_msg: is_async: yes, phyid: 1
07-20 14:33:42.332   601 32549 I Isharkl_s5k5e8yx: 396, s5k5e8yx_drv_access_val: sensor s5k5e8yx: param_ptr->type=29
07-20 14:33:42.332   601 32549 I sns_drv_u: 4516, sensor_otp_module_init: otp driver is not configured
07-20 14:33:42.332   601 32549 I sns_drv_u: 6964, sensor_drv_open: otp_drv_entry not configured:mod:0x78d78f0550,otp_drv:0x0
07-20 14:33:42.332   601 32549 I sns_drv_u: 3752, sensor_set_raw_infor: vendor id 0
07-20 14:33:42.332   601 32549 I Isharkl_s5k5e8yx: 396, s5k5e8yx_drv_access_val: sensor s5k5e8yx: param_ptr->type=16
07-20 14:33:42.332   601 32550 I sns_drv_u: 2624, sensor_ctrl_thread_proc: evt 526338
07-20 14:33:42.332   601 32549 I sns_drv_u: 2167, sensor_set_export_Info: E
07-20 14:33:42.332   601 32549 I sns_drv_u: 2388, sensor_set_export_Info: af_drv_entry not configured:module:0x78d78f0550,af_dev:0x0
07-20 14:33:42.332   601 32549 I sns_drv_u: 2388, sensor_set_export_Info: af_drv_entry not configured:module:0x78d78f0550,af_dev:0x0
07-20 14:33:42.332   601 32549 I sns_drv_u: 2388, sensor_set_export_Info: af_drv_entry not configured:module:0x78d78f0550,af_dev:0x0
07-20 14:33:42.332   601 32549 I sns_drv_u: 2388, sensor_set_export_Info: af_drv_entry not configured:module:0x78d78f0550,af_dev:0x0
07-20 14:33:42.332   601 32549 I sns_drv_u: 2388, sensor_set_export_Info: af_drv_entry not configured:module:0x78d78f0550,af_dev:0x0
07-20 14:33:42.332   601 32549 I sns_drv_u: 2388, sensor_set_export_Info: af_drv_entry not configured:module:0x78d78f0550,af_dev:0x0
07-20 14:33:42.332   601 32549 I sns_drv_u: 2388, sensor_set_export_Info: af_drv_entry not configured:module:0x78d78f0550,af_dev:0x0
07-20 14:33:42.332   601 32549 I sns_drv_u: 2388, sensor_set_export_Info: af_drv_entry not configured:module:0x78d78f0550,af_dev:0x0
07-20 14:33:42.332   601 32549 I sns_drv_u: 2388, sensor_set_export_Info: af_drv_entry not configured:module:0x78d78f0550,af_dev:0x0
07-20 14:33:42.332   601 32549 I sns_drv_u: 2425, sensor_set_export_Info: X
07-20 14:33:42.332   601 32549 I sns_drv_u: 3414, sensor_stream_off: E
07-20 14:33:42.332   601 32550 I sns_drv_u: 3083, sensor_set_mode: mode = 0, is_fast_switch = 0, fast_switch_mode support 0
07-20 14:33:42.332   601 32549 I sns_drv_u: 3441, sensor_stream_off: X
07-20 14:33:42.332   601 32549 I sns_drv_u: 6976, sensor_drv_open: open success
07-20 14:33:42.332   601 32550 I hw_sensor: 420, hw_sensor_set_mclk: mclk 24, ret 0 
07-20 14:33:42.332   601 32550 I hw_sensor: 1093, hw_Sensor_SendRegTabToSensor: E:burst_mode 0, sensor_id 1
07-20 14:33:42.332   601 32549 D android.hardware.camera.provider@2.4-service_64: Scheduler normal policy and value 0 set successfully
07-20 14:33:42.332   601 32549 I cmr_sensor: 1047, cmr_sns_thread_proc: CMR_SENSOR_EVT_OPEN, Done
07-20 14:33:42.333 31806 32514 D UseCaseAttachState: Active and attached use case: [androidx.camera.core.Preview-3a7f0803-baec-41df-9134-a1f6659e45fc16899882, androidx.camera.core.ImageAnalysis-7d72a31d-bb97-4ae0-be05-0c39950e684a71762203] for camera: 1
07-20 14:33:42.338   601 32549 I Isharkl_s5k5e8yx: 396, s5k5e8yx_drv_access_val: sensor s5k5e8yx: param_ptr->type=10
07-20 14:33:42.338   601 32549 I sns_ic_drv: 294, sensor_ic_print_static_info: s5k5e8yx_mipi_raw: f_num: 0
07-20 14:33:42.338   601 32549 I sns_ic_drv: 295, sensor_ic_print_static_info: s5k5e8yx_mipi_raw: max_fps: 30
07-20 14:33:42.338   601 32549 I sns_ic_drv: 296, sensor_ic_print_static_info: s5k5e8yx_mipi_raw: max_adgain: 4096
07-20 14:33:42.338   601 32549 I sns_ic_drv: 297, sensor_ic_print_static_info: s5k5e8yx_mipi_raw: ois_supported: 0
07-20 14:33:42.338   601 32549 I sns_ic_drv: 298, sensor_ic_print_static_info: s5k5e8yx_mipi_raw: pdaf_supported: 0
07-20 14:33:42.338   601 32549 I sns_ic_drv: 300, sensor_ic_print_static_info: s5k5e8yx_mipi_raw: exp_valid_frame_num: 1
07-20 14:33:42.338   601 32549 I sns_ic_drv: 301, sensor_ic_print_static_info: s5k5e8yx_mipi_raw: clam_level: 64
07-20 14:33:42.338   601 32549 I sns_ic_drv: 303, sensor_ic_print_static_info: s5k5e8yx_mipi_raw: adgain_valid_frame_num: 1
07-20 14:33:42.338   601 32549 I sns_ic_drv: 304, sensor_ic_print_static_info: s5k5e8yx_mipi_raw: sensor name is: s5k5e8yx_mipi_raw
07-20 14:33:42.338   601 32549 I sns_ic_drv: 306, sensor_ic_print_static_info: s5k5e8yx_mipi_raw: sensor version info is: s5k5e8yx_v1
07-20 14:33:42.338   601 32549 I sns_ic_drv: 307, sensor_ic_print_static_info: s5k5e8yx_mipi_raw: up2hori: 0
07-20 14:33:42.338   601 32549 I sns_ic_drv: 308, sensor_ic_print_static_info: s5k5e8yx_mipi_raw: hori2down: 0
07-20 14:33:42.338   601 32545 I cmr_sensor: 513, cmr_sensor_get_info: E 0xb400007aa8f49290
07-20 14:33:42.338   601 32545 I cmr_sensor: 525, cmr_sensor_get_info: X
07-20 14:33:42.338   601 32545 I cmr_oem : 1490, camera_sensor_init: camera_id=1, sensor_info.name=s5k5e8yx_mipi_raw, version=s5k5e8yx_v1
07-20 14:33:42.338   601 32545 I cmr_oem : 1513, camera_sensor_init: X,ret=0
07-20 14:33:42.347   601 32545 I cmr_grab: 224, cmr_grab_init: dcam_fd=0xe
07-20 14:33:42.349   601 32550 I hw_sensor: 1113, hw_Sensor_SendRegTabToSensor: X:reg_count 39, sensor_id 1
07-20 14:33:42.350   601 32545 I cmr_grab: 274, cmr_grab_init: get dcam res w 0 h 0 sn id 1
07-20 14:33:42.351 31806 31806 D SurfaceViewImpl: Surface created.
07-20 14:33:42.352   601 32545 I cmr_oem : 2610, camera_res_init: init thread created
07-20 14:33:42.352   601 32545 I cmr_oem : 2618, camera_res_init: async msg sent
07-20 14:33:42.352  1066  1080 D WindowManager: after addSurfaceViewPkg packageName = com.example.controlhorario count:8
07-20 14:33:42.352   601 32545 I cmr_oem : 1769, camera_jpeg_init_async: init jpeg async
07-20 14:33:42.352   601 32545 I cmr_oem : 1779, camera_jpeg_init_async: send message to jpeg async init thread
07-20 14:33:42.352   601 32568 I cmr_jpeg: 70, cmr_jpeg_init:  open lib: libjpeg_hw_sprd.so
07-20 14:33:42.352   601 32545 I OEMCam  : 50, camera_init: camera handle 0xb400007aa8f49210
07-20 14:33:42.352   601 32545 I OEMCam  : 211, camera_lls_enable: 0
07-20 14:33:42.352   601 32545 I OEMCam  : 224, camera_set_lls_shot_mode: 0
07-20 14:33:42.352   601 32545 I OEMCam  : 193, camera_get_camera_type: done 0 cam_type 1
07-20 14:33:42.352   601 32545 I cmr_sensor: 513, cmr_sensor_get_info: E 0xb400007b48e7fb60
07-20 14:33:42.352   601 32545 I cmr_sensor: 525, cmr_sensor_get_info: X
07-20 14:33:42.352   601 32568 I jpeg_codec: L 1055, jpeg_init: jpeg_init IN
07-20 14:33:42.352   601 32568 D jpeg_codec: L 1063, jpeg_init:  jcontext 0xb400007b98eabab0
07-20 14:33:42.353 31806 31806 D SurfaceViewImpl: Surface changed. Size: 960x720
07-20 14:33:42.353 31806 31806 D SurfaceViewImpl: Surface set on Preview.
07-20 14:33:42.353   601 32545 I cmr_grab: 452, cmr_grab_set_security: security mode:0, work_mode =0
07-20 14:33:42.353   601 32569 E cmr_focus: 348, af_thread_proc: ops is null
07-20 14:33:42.354   601 32568 E jpeg_codec: L 1090, jpeg_init: fw_decode_buf_size 20480 ,fw_decode_buf 0x58eb8b20 
07-20 14:33:42.354   601 32568 D JPG     : L 95, jpg_msg_queue_create: queue_handle 0xb400007a08e744e0
07-20 14:33:42.354   601 32568 D JPG     : L 250, jpg_msg_post: queue_handle 0xb400007a08e744e0, msg type 0xffffff num 0 cnt 40
07-20 14:33:42.354   601 32568 I JPG     : L 283, jpg_msg_post: jpg_msg_post msg_cur 0xb400007ab8eb2220
07-20 14:33:42.355   601 32567 I cmr_oem : 2568, camera_init_thread_proc: cb thread inited
07-20 14:33:42.355 31806 32519 D SyncCaptureSessionBase: [androidx.camera.camera2.internal.SynchronizedCaptureSessionImpl@d9bd444] getSurface done with results: [Surface(name=null mNativeObject=-5476376658792885232)/@0x1deaef1, Surface(name=null mNativeObject=-5476376658792989872)/@0x3f0d157]
07-20 14:33:42.355   601 32571 I JPG     : L 139, jpg_msg_get: jpg_msg_get msg_cur 0xb400007ab8eb2220
07-20 14:33:42.355   601 32571 D JPG     : L 151, jpg_msg_get: queue_handle 0xb400007a08e744e0, msg type 0xffffff num 0 cnt 40
07-20 14:33:42.355   601 32571 I JPG     : L 364, jpg_common_routine: before sem_post msg_cur 0xb400007ab8eb2220
07-20 14:33:42.355   601 32571 I JPG     : L 368, jpg_common_routine: sem_post msg_cur->sem 0xb400007ab8eb2240
07-20 14:33:42.355   601 32571 I JPG     : L 371, jpg_common_routine: after sem_post msg_cur 0xb400007ab8eb2220
07-20 14:33:42.355   601 32568 I JPG     : L 288, jpg_msg_post: sem_wait msg_cur 0xb400007ab8eb2220 msg_cur->sem 0xb400007ab8eb2240
07-20 14:33:42.355   601 32568 D jpeg_codec: L 1101, jpeg_init:  jpeg handle 0xb400007b98eabab0
07-20 14:33:42.355 31806 32519 D CaptureSession: Opening capture session.
07-20 14:33:42.355   601 32568 I JPG_CODEC: L 301, JPEGCODEC_Open:JPEGENC jpg0_addr 0xbf72a000
07-20 14:33:42.355   601 32568 I JPG_CODEC: L 307, JPEGCODEC_Open:jpeg dev fd 17, reg addr 0x0x7bbf72a000
07-20 14:33:42.355   601 32568 D JPG     : L 482, jpg_sem_init: jpg_sem_init
07-20 14:33:42.355   601 32568 D JPG_OEM : L 242, sprd_jpeg_init:  jpeg handle 0xb400007b98eabab0
07-20 14:33:42.355   601 32568 D JPG_OEM : L 257, sprd_jpeg_init: done 0
07-20 14:33:42.355   601 32568 I cmr_oem : 1740, camera_jpeg_init_async_message_handler: jpeg async init ready
07-20 14:33:42.356   601 32545 I isp_u_dev: 42, isp_dev_open: fd 14 handle 0xb4000079e8ec2500
07-20 14:33:42.356   601 32545 I isp_dev_access: 671, isp_dev_access_init: done 0
07-20 14:33:42.356   601 32545 I isp_alg_fw: 24364, isp_alg_fw_init: C1 E
07-20 14:33:42.356   650   650 I SurfaceFlinger: updating visibility visibleForInput:1, Snapshot{TraversalPath{.id = 24586}Bounds for - com.example.controlhorario/com.example.controlhorario.MainActivity#24586 isVisible=1 {hidden by parent or layer flag} changes=Created | Metadata | FrameRate layerStack=0 geomLayerBounds={0,0,1280,576} geomLayerTransform={tx=0,ty=0}}
07-20 14:33:42.356   650   650 I SurfaceFlinger: updating visibility visibleForInput:1, Snapshot{TraversalPath{.id = 24587}SurfaceView[com.example.controlhorario/com.example.controlhorario.MainActivity]#24587 isVisible=1 {hidden by parent or layer flag} changes=Created | Metadata | FrameRate layerStack=0 geomLayerBounds={0,0,1280,576} geomLayerTransform={tx=0,ty=0}}
07-20 14:33:42.356   650   650 I SurfaceFlinger: updating visibility visibleForInput:1, Snapshot{TraversalPath{.id = 24588}SurfaceView[com.example.controlhorario/com.example.controlhorario.MainActivity](BLAST)#24588 isVisible=1 {hidden by parent or layer flag} changes=Created | Metadata | AffectsChildren | FrameRate layerStack=0 geomLayerBounds={0,0,1280,576} geomLayerTransform={tx=0,ty=0}}
07-20 14:33:42.356   650   650 I SurfaceFlinger: updating visibility visibleForInput:1, Snapshot{TraversalPath{.id = 24589}Background for SurfaceView[com.example.controlhorario/com.example.controlhorario.MainActivity]#24589 isVisible=1 {hidden by parent or layer flag} changes=Created | Metadata | FrameRate layerStack=0 geomLayerBounds={0,0,1280,576} geomLayerTransform={tx=0,ty=0}}
07-20 14:33:42.356   650   650 I SurfaceFlinger: updating visibility visibleForInput:0, Snapshot{TraversalPath{.id = 24586}Bounds for - com.example.controlhorario/com.example.controlhorario.MainActivity#24586 isVisible=0 {hidden by parent or layer flag} changes=Created | Metadata | Visibility | FrameRate layerStack=0 geomLayerBounds={0,0,1280,576} geomLayerTransform={tx=0,ty=0}}
07-20 14:33:42.356   650   650 I SurfaceFlinger: updating visibility visibleForInput:0, Snapshot{TraversalPath{.id = 24587}SurfaceView[com.example.controlhorario/com.example.controlhorario.MainActivity]#24587 isVisible=0 {hidden by parent or layer flag} changes=Created | Metadata | Visibility | FrameRate layerStack=0 geomLayerBounds={0,0,1280,576} geomLayerTransform={tx=0,ty=0}}
07-20 14:33:42.356   650   650 I SurfaceFlinger: updating visibility visibleForInput:0, Snapshot{TraversalPath{.id = 24588}SurfaceView[com.example.controlhorario/com.example.controlhorario.MainActivity](BLAST)#24588 isVisible=0 {hidden by parent or layer flag} changes=Created | Metadata | Visibility | AffectsChildren | FrameRate layerStack=0 geomLayerBounds={0,0,1280,576} geomLayerTransform={tx=0,ty=0}}
07-20 14:33:42.356   650   650 I SurfaceFlinger: updating visibility visibleForInput:0, Snapshot{TraversalPath{.id = 24589}Background for SurfaceView[com.example.controlhorario/com.example.controlhorario.MainActivity]#24589 isVisible=0 {hidden by parent or layer flag} changes=Created | Metadata | Visibility | FrameRate layerStack=0 geomLayerBounds={0,0,1280,576} geomLayerTransform={tx=0,ty=0}}
07-20 14:33:42.361 31806 32519 D Camera2CaptureRequestBuilder: template type = 1
07-20 14:33:42.366 31806 32519 D SyncCaptureSessionImpl: [androidx.camera.camera2.internal.SynchronizedCaptureSessionImpl@d9bd444] start openCaptureSession
07-20 14:33:42.367 31806 32519 D DeferrableSurface: use count+1, useCount=2 androidx.camera.core.SurfaceRequest$2@fe255b4
07-20 14:33:42.367 31806 32519 D DeferrableSurface: New surface in use[total_surfaces=3, used_surfaces=2](androidx.camera.core.impl.ImmediateSurface@17c2813}
07-20 14:33:42.367 31806 32519 D DeferrableSurface: use count+1, useCount=1 androidx.camera.core.impl.ImmediateSurface@17c2813
07-20 14:33:42.368   813  1797 W cameraserver: createSurfaceFromGbp: Camera 1 with consumer usage flag: 2304: Forcing asynchronous mode forstream
07-20 14:33:42.368   813  1797 W cameraserver: createSurfaceFromGbp: Camera 1: Overriding format 0x4 to IMPLEMENTATION_DEFINED
07-20 14:33:42.369   813  1797 D libcameraservice_ext_hook: ICamera3Device ext 0xb4000072cb845ab0
07-20 14:33:42.372   813  1797 D libcameraservice_ext_hook: ICamera3Device ext 0xb4000072cb845ab0
07-20 14:33:42.374   601 32545 I isp_u_dev: 42, isp_dev_open: fd 14 handle 0xb4000079e8ee2cc0
07-20 14:33:42.374   601 32572 D android.hardware.camera.provider@2.4-service_64: setCamUclampMin:min:128,0,thread:32572
07-20 14:33:42.374   601 32572 D android.hardware.camera.provider@2.4-service_64: setCamPriority:min:89,0,thread:32572,thread_name:pmg_thread
07-20 14:33:42.375   601 32545 I pmg_gather: 1199, pmg_init: X
07-20 14:33:42.375   601 32545 I isp_alg_fw: 24518, isp_alg_fw_init: C1 is_master 1 is_multi_mode 0 dual_video_mode 0 4in1 0 alsc_ver 0 tof 0 pd 0
07-20 14:33:42.375   601 32545 I isp_alg_fw: 23427, ispalg_get_flash_cali_data: read null : /mnt/vendor/productinfo/camera_flash_calibration_id_1
07-20 14:33:42.376   601 32545 I DMABUFHEAPS: Using DMA-BUF heap named: system
07-20 14:33:42.377   601 32545 I DMABUFHEAPS: Using DMA-BUF heap named: system
07-20 14:33:42.377   601 32545 I DMABUFHEAPS: Using DMA-BUF heap named: system
07-20 14:33:42.377   601 32545 I DMABUFHEAPS: Using DMA-BUF heap named: system
07-20 14:33:42.377   601 32545 I DMABUFHEAPS: Using DMA-BUF heap named: system
07-20 14:33:42.377   601 32545 I DMABUFHEAPS: Using DMA-BUF heap named: system
07-20 14:33:42.377   601 32545 I DMABUFHEAPS: Using DMA-BUF heap named: system
07-20 14:33:42.378   601 32545 I DMABUFHEAPS: Using DMA-BUF heap named: system
07-20 14:33:42.378   601 32545 I DMABUFHEAPS: Using DMA-BUF heap named: system
07-20 14:33:42.378   601 32545 I DMABUFHEAPS: Using DMA-BUF heap named: system
07-20 14:33:42.378   601 32545 I DMABUFHEAPS: Using DMA-BUF heap named: system
07-20 14:33:42.378   601 32545 I DMABUFHEAPS: Using DMA-BUF heap named: system
07-20 14:33:42.378   601 32545 I DMABUFHEAPS: Using DMA-BUF heap named: system
07-20 14:33:42.378   601 32545 I DMABUFHEAPS: Using DMA-BUF heap named: system
07-20 14:33:42.378   601 32545 I DMABUFHEAPS: Using DMA-BUF heap named: system
07-20 14:33:42.379   601 32545 I DMABUFHEAPS: Using DMA-BUF heap named: system
07-20 14:33:42.379   601 32545 I DMABUFHEAPS: Using DMA-BUF heap named: system
07-20 14:33:42.379   601 32545 I DMABUFHEAPS: Using DMA-BUF heap named: system
07-20 14:33:42.379   601 32545 I DMABUFHEAPS: Using DMA-BUF heap named: system
07-20 14:33:42.379   601 32545 I DMABUFHEAPS: Using DMA-BUF heap named: system
07-20 14:33:42.379   601 32545 I DMABUFHEAPS: Using DMA-BUF heap named: system
07-20 14:33:42.379   601 32545 I DMABUFHEAPS: Using DMA-BUF heap named: system
07-20 14:33:42.380   601 32545 I DMABUFHEAPS: Using DMA-BUF heap named: system
07-20 14:33:42.380   601 32545 I DMABUFHEAPS: Using DMA-BUF heap named: system
07-20 14:33:42.380   601 32545 I DMABUFHEAPS: Using DMA-BUF heap named: system
07-20 14:33:42.380   601 32545 I DMABUFHEAPS: Using DMA-BUF heap named: system
07-20 14:33:42.380   601 32545 I DMABUFHEAPS: Using DMA-BUF heap named: system
07-20 14:33:42.380   601 32545 I DMABUFHEAPS: Using DMA-BUF heap named: system
07-20 14:33:42.381   601 32545 I DMABUFHEAPS: Using DMA-BUF heap named: system
07-20 14:33:42.381   601 32545 I DMABUFHEAPS: Using DMA-BUF heap named: system
07-20 14:33:42.381   601 32545 I isp_alg_fw: 24589, isp_alg_fw_init: C1 done alg enable 1 init status 0 ret 0
07-20 14:33:42.381   601 32545 I isp_mw  : 79, pss_init: done 0
07-20 14:33:42.379   601   601 W init-ctrl: type=1400 audit(0.0:121906): avc:  denied  { read } for  name="name" dev="sysfs" ino=57616 scontext=u:r:hal_camera_default:s0 tcontext=u:object_r:sysfs_multipanel:s0 tclass=file permissive=0
07-20 14:33:42.382   601 32545 I enhanceHAL: enhance_device_open: open flash device
07-20 14:33:42.383   601 32545 E enhanceHAL: get_panel_name: open /sys/class/display/panel0/name fail:13
07-20 14:33:42.384   813  1797 D Camera3-Utils: Set real time priority for thread (tid 1797)
07-20 14:33:42.385   601 32574 I isp_alg_fw: 21723, get_prop_ctrl: is_raw_cap 0, tool_eb 0, dump_lsc 0, dump_aem 0 debug_pm 0,dump_pdaf 0debug_ae 0 debug_awb 0 debug_af 0 debug_lsc 0 debug_time 0 debug_xtm 0 debug_afl 0 smart_bypass 0
07-20 14:33:42.385   601 32574 I isp_pm  : 2192, camera_pm_scenario_list_init: PM_LOG: scenario_num=8 param_source 0 4in1 0 debug_pm 0 debug_lsc 0
07-20 14:33:42.385   813  1797 D UnisocCamera3Device: Camera3Device update appid
07-20 14:33:42.389   650   650 I SurfaceFlinger: updating visibility visibleForInput:1, Snapshot{TraversalPath{.id = 24589}Background for SurfaceView[com.example.controlhorario/com.example.controlhorario.MainActivity]#24589 isVisible=1 { color{< 0, 0, 0, 1 >}} changes=Hierarchy | Geometry | Z | RelativeParent | Visibility | AffectsChildren | FrameRate | VisibleRegion layerStack=0 geomLayerBounds={0,0,720,960} geomLayerTransform={tx=36,ty=186}}
07-20 14:33:42.389   601 32574 I isp_pm  : 2673, camera_pm_init: PM_LOG: done, camera_id 1, pm_handle 0xb4000078bf2a09b0, size:219560
07-20 14:33:42.389   601 32574 I isp_pm  : 2674, camera_pm_init: PM_LOG: done, size:219560
07-20 14:33:42.389   601 32574 I ispbr   : 677, isp_br_init: camera_id 1, isp_handle 0xb4000078bd5150f0, sensor_role 0
07-20 14:33:42.389   601 32574 I ispbr   : 154, user_cnt_inc: init ispbr_context 0x7908dc72c8
07-20 14:33:42.391   606   606 D SPRDHWComposer: HWC Range:1, HWC_Transfer:4
07-20 14:33:42.404   601 32545 I DFLHandler: 128, Init: X: ret 0
07-20 14:33:42.404   601 32545 I Cam3PowerPerf: 594, setThreadScheduler: Scheduler 0 policy and value 0 set successfully
07-20 14:33:42.404   601 32545 I Cam3Adapter: 2373, asyncInitCtrl: X
07-20 14:33:42.407   601 32543 I Cam3Adapter: 2418, syncInitCtrlDone: sync init ctrl done.
07-20 14:33:42.407   601 32543 I Cam3Adapter: 2420, syncInitCtrlDone: X
07-20 14:33:42.407   601 32543 I Cam3Adapter: 2424, syncCreateReqAssistDone: E
07-20 14:33:42.407   601 32543 I Cam3Adapter: 2430, syncCreateReqAssistDone: X
07-20 14:33:42.407   601 32543 I Cam3Utils: 2631, LoadTuningFiles: E cam 1
07-20 14:33:42.407   601 32543 I Cam3Utils: 2643, LoadTuningFiles: X cam 1
07-20 14:33:42.407   601 32543 I Cam3HWI : 2089, openAdapter: X
07-20 14:33:42.408   601   573 I Cam3Utils: 2622, getIzoomInfo: izm support 0.000000 0.000000, mode fast 0 bin 0 m 0 f 0
07-20 14:33:42.409   601   573 I Cam3Adapter: 1374, configureStreams: E
07-20 14:33:42.409   601   573 I Cam3Adapter: 1379, configureStreams: setVipTask 1
07-20 14:33:42.409   626   626 D PowerHAL: set_viptask:tag=camera-hal,type=camera,pid=573,level=1,buf=573 1
07-20 14:33:42.410   601 32549 I Isharkl_s5k5e8yx: 396, s5k5e8yx_drv_access_val: sensor s5k5e8yx: param_ptr->type=13
07-20 14:33:42.410   601   573 I cmr_grab: 1806, cmr_grab_cap_stop: already stopped
07-20 14:33:42.410   601   573 I FramePolicyMgr: 1105, sessionStop: E camId 1
07-20 14:33:42.410   601   573 W PicturePolicy: 1410, setFlushFlag: set snapshotStatusMap CMR_IDLE
07-20 14:33:42.410   601   573 I FramePolicyMgr: 1156, sessionStop: X AdapterRef 0
07-20 14:33:42.411   601   573 I Cam3Adapter: 627, mapStreamRoles: index i 0, fmt 34, size 960x720, usage=0x900, dataSpace=0
07-20 14:33:42.411   601   573 I Cam3Adapter: 627, mapStreamRoles: index i 1, fmt 35, size 640x480, usage=0x3, dataSpace=146931712
07-20 14:33:42.411   601   573 I FramePolicyMgr: 828, sessionInit: E session start init cameraId 1
07-20 14:33:42.411   601   573 E CameraSession: 28, createSession: invalid empty stream_list
07-20 14:33:42.415   601 32579 I 3a_cap_offline: 1004, capture_3a_offline_init: enter
07-20 14:33:42.415   601 32579 I 3a_cap_offline: 782, init_awb_cxt: param wbmode:0, stat_img_size:16 8, stat_win_size:8 16, awb_tuning:0xb400007a98ebb070 , paramsize:65536, otp_info_ptr:0x78d78f1a98 , ismaster:1,			camera_id:1 , sensor_role:0
07-20 14:33:42.416   601 32578 W isp_alg_fw: 19686, ispalg_ae_init: warn: get dual flash param, ret 0, num 0
07-20 14:33:42.416   601 32578 W isp_alg_fw: 19702, ispalg_ae_init: warn: get ae sync param ret 0, num 0
07-20 14:33:42.417   601 32578 I isp_alg_fw: 19779, ispalg_ae_init: AE_LOG: cam_id 1, sensor_role 0, is_master 1, is_multi_mode 0, is_dual_video 0
07-20 14:33:42.417   601 32578 I isp_alg_fw: 19833, ispalg_ae_init: AE_LOG: cam_id 1, is_master 1, multi_mode (0 0), sensor_role 0, flashIC_name (null), flashIC_size 6 dual_video 0
07-20 14:33:42.421   601 32574 I isp_alg_fw: 20801, ispalg_bypass_init: ae bypass 0, af bypass 0, awb bypass 0, lsc bypass 0, afl bypass 0, pdaf bypass 0
07-20 14:33:42.421   601 32583 W isp_alg_fw: 20244, ispalg_af_init: C1 no pdaf 0 0xb400007ad8f28650
07-20 14:33:42.421   601 32583 E isp_alg_fw: 20356, ispalg_af_init: fail to get aipd init param 
07-20 14:33:42.421   601 32583 I isp_alg_fw: 20518, ispalg_af_init: AF_LOG: otp 0x78d78f1a98, C1 is_master 1, is_multi_mode 0, sensor_role 0, pdaf_type 0, is_multi_mode 0
07-20 14:33:42.431   601 32582 I isp_alg_fw: 20566, ispalg_lsc_init: LSC_LOG:lsc_ptr 0xb400007bbe74b4c0 VERSION = 40000
07-20 14:33:42.431   601 32586 E isp_alg_fw: 20199, ispalg_smart_init: cam 1 no_atmparam
07-20 14:33:42.432   601 32584 I isp_alg_fw: 19894, ispalg_awb_init: AWB_LOG:ae win (0 0) (16 8) (64 64)
07-20 14:33:42.432   601 32584 I isp_alg_fw: 19904, ispalg_awb_init: AWB_LOG: VERSION = 40200
07-20 14:33:42.432   601 32584 I isp_alg_fw: 19905, ispalg_awb_init: AWB VERSION = 40200,output.param_data->data_ptr 0xb400007a98ebb070,output.param_data 0xb400007ac8e80170
07-20 14:33:42.432   601 32584 I isp_alg_fw: 19932, ispalg_awb_init: AWB VERSION = 40200,output.param_data->data_ptr 0xb400007a98ebb070,output.param_data 0xb400007ac8e80170
07-20 14:33:42.432   601 32576 I Cam3Utils: 2634, operator(): E thread begin, cam 1
07-20 14:33:42.432   601 32584 I isp_alg_fw: 19971, ispalg_awb_init: AWB_LOG: is_master 1, sensor_role 0, multi_mode 0, awb_version 4 param addr 0xb400007a98ebb070 size 65536, is_multi_mode 0
07-20 14:33:42.433   601   573 I ConfigurationManager: 628, preparePriority: got 1 Propctrl(s)
07-20 14:33:42.435   601 32586 E smart_ctrl: 287, smart_ctl_init: smart can not be used any longer,atm lib has been deleted!
07-20 14:33:42.435   601 32586 I smart_ctrl: 353, smart_ctl_init: done rtn 0
07-20 14:33:42.435   601 32586 I isp_alg_fw: 20214, ispalg_smart_init: XTM_LOG: done 0
07-20 14:33:42.439   601 32578 I ae_ctrl : 452, aectrl_init_adpt: aectrl_init_adpt, major_id:4, minor_id:2
07-20 14:33:42.439   601 32579 I awb_ctrl: 388, awbctrl_create_thread: done 0
07-20 14:33:42.439   601 32578 I ae_ctrl : 455, aectrl_init_adpt: AE4.X
07-20 14:33:42.439   601 32579 I awb_ctrl: 159, awbctrl_init_adpt: front camera, camera_id = 1
07-20 14:33:42.439   601 32578 W ae_sprd_adpt: 6391, ae_sprd_init_v4: flash tune param null
07-20 14:33:42.439   601 32577 I xtm_ctrl: 191, xtm_ctrl_create_thread: xtm_ctrl thread rtn 0
07-20 14:33:42.439   601 32584 I awb_ctrl: 388, awbctrl_create_thread: done 0
07-20 14:33:42.439   601 32584 I awb_ctrl: 159, awbctrl_init_adpt: front camera, camera_id = 1
07-20 14:33:42.440   601 32583 E af_ctrl : 119, af_ctrl_init: cam 1 don't support AF
07-20 14:33:42.440   601 32583 I isp_alg_fw: 20533, ispalg_af_init: C1 af_ver: (null), af_memsize: 0 aft_ver: (null), aft_memsize:0 handle 0x0 isz 0
07-20 14:33:42.441   601 32582 I lsc_ctrl: 275, _lscctrl_create_thread: lsc_ctrl thread rtn 0
07-20 14:33:42.442   601 32576 I TRGManage: 232, getInstance: create 0xb400007b98e9b930
07-20 14:33:42.442   601 32608 I TriggerUnit: 368, buildTriggerTree: E parse file: /vendor/firmware/s5k5e8yx_front/com/TRG_D_MASK_29966.xml
07-20 14:33:42.442   601 32612 I TriggerUnit: 368, buildTriggerTree: E parse file: /vendor/firmware/s5k5e8yx_front/com/TRG_SP_BOKEH2_29961.xml
07-20 14:33:42.444   601 32608 I TriggerUnit: 368, buildTriggerTree: E parse file: /vendor/firmware/s5k5e8yx_front/com/TRG_SC_BOKEH_29963.xml
07-20 14:33:42.444   601 32576 I Cam3Utils: 2639, operator(): X thread end, cam 1
07-20 14:33:42.445   601 32608 I TriggerUnit: 368, buildTriggerTree: E parse file: /vendor/firmware/s5k5e8yx_front/com/TRG_DP_BOKEH_29967.xml
07-20 14:33:42.446   601 32613 I TriggerUnit: 368, buildTriggerTree: E parse file: /vendor/firmware/s5k5e8yx_front/com/TRG_DC_BOKEH_29968.xml
07-20 14:33:42.446   601 32608 I TriggerUnit: 368, buildTriggerTree: E parse file: /vendor/firmware/s5k5e8yx_front/com/TRG_SD_MFNR2.0_29960.xml
07-20 14:33:42.447   601 32613 I TriggerUnit: 368, buildTriggerTree: E parse file: /vendor/firmware/s5k5e8yx_front/com/TRG_SD_USD2.2_29959.xml
07-20 14:33:42.447   601 32578 I libloader: succeed to open lib 'libcamAe4.0.so' 0xe282875978ba371
07-20 14:33:42.448   601 32612 I TriggerUnit: 368, buildTriggerTree: E parse file: /vendor/firmware/s5k5e8yx_front/com/TRG_MFNR5.2_30721.xml
07-20 14:33:42.448   601 32608 I TriggerUnit: 368, buildTriggerTree: E parse file: /vendor/firmware/s5k5e8yx_front/com/TRG_MFNR6_29956.xml
07-20 14:33:42.449   601 32579 I awb_ctrl: 176, awbctrl_init_adpt: no pram file , Get the trunning param from upper layer!
07-20 14:33:42.449   601 32579 I awb_ctrl: 200, awbctrl_init_adpt: lib_param.version_id = 0 (awb4.2)
07-20 14:33:42.449   601 32579 I awb_adpt4.x: 686, awb_sprd_ctrl_init_v4_x: [awb_4.x] start awb_sprd_ctrl_init
07-20 14:33:42.450   601 32582 E lsc_sprd_adapt_v2: 1056, lsc_parser_otp: cam_id:1,lsc module_info_ptr = 0x0. Parser fail !
07-20 14:33:42.450   601 32579 I awb_adpt4.x: 583, _awbsprd_load_lib: awb lib version_id:0, version_name:libcamAwb4.0.so
07-20 14:33:42.451   601 32584 I awb_ctrl: 176, awbctrl_init_adpt: no pram file , Get the trunning param from upper layer!
07-20 14:33:42.451   601 32584 I awb_ctrl: 200, awbctrl_init_adpt: lib_param.version_id = 0 (awb4.2)
07-20 14:33:42.451   601 32584 I awb_adpt4.x: 686, awb_sprd_ctrl_init_v4_x: [awb_4.x] start awb_sprd_ctrl_init
07-20 14:33:42.453   601 32584 I awb_adpt4.x: 583, _awbsprd_load_lib: awb lib version_id:0, version_name:libcamAwb4.0.so
07-20 14:33:42.460   601 32613 I TriggerUnit: 368, buildTriggerTree: E parse file: /vendor/firmware/s5k5e8yx_front/com/TRG_MFSR3_29975.xml
07-20 14:33:42.460   601   573 I FramePolicyMgr: 851, sessionInit: X ret 1, mSession 0xb400007ba8f1a740
07-20 14:33:42.460   601   573 I Cam3Adapter: 1543, setDcamZslCacheFrame: zsl_num 0, zsl_skip_num 0, raw_zsl_num 0,raw_zsk_skip_num 0,share_buf 0
07-20 14:33:42.460   601 32585 I libloader: succeed to open lib 'libcamafl4.0.so' 0xcdb8543037b01409
07-20 14:33:42.460   601 32585 I afl_ctrl: 73, afl_load_lib_init: success to dlopen libcamafl4.0.so
07-20 14:33:42.461   601   573 I FramePolicyMgr: 856, clearStream: clear all stream
07-20 14:33:42.463   601 32636 I Cam3Adapter: 2381, asyncStartSession: E
07-20 14:33:42.464   601 32549 I Isharkl_s5k5e8yx: 396, s5k5e8yx_drv_access_val: sensor s5k5e8yx: param_ptr->type=11
07-20 14:33:42.464   601 32636 I FramePolicyMgr: 965, sessionStart: E
07-20 14:33:42.464   601 32549 I Isharkl_s5k5e8yx: 375, s5k5e8yx_drv_get_fps_info: mode 1, max_fps: 30
07-20 14:33:42.464   601 32549 I Isharkl_s5k5e8yx: 376, s5k5e8yx_drv_get_fps_info: min_fps: 1
07-20 14:33:42.464   601 32549 I Isharkl_s5k5e8yx: 377, s5k5e8yx_drv_get_fps_info: is_high_fps: 0
07-20 14:33:42.464   601 32549 I Isharkl_s5k5e8yx: 378, s5k5e8yx_drv_get_fps_info: high_fps_skip_num: 0
07-20 14:33:42.466   601 32549 I Isharkl_s5k5e8yx: 396, s5k5e8yx_drv_access_val: sensor s5k5e8yx: param_ptr->type=11
07-20 14:33:42.466   601 32549 I Isharkl_s5k5e8yx: 375, s5k5e8yx_drv_get_fps_info: mode 1, max_fps: 30
07-20 14:33:42.466   601 32549 I Isharkl_s5k5e8yx: 376, s5k5e8yx_drv_get_fps_info: min_fps: 1
07-20 14:33:42.466   601 32549 I Isharkl_s5k5e8yx: 377, s5k5e8yx_drv_get_fps_info: is_high_fps: 0
07-20 14:33:42.466   601 32549 I Isharkl_s5k5e8yx: 378, s5k5e8yx_drv_get_fps_info: high_fps_skip_num: 0
07-20 14:33:42.466   601 32549 I Isharkl_s5k5e8yx: 396, s5k5e8yx_drv_access_val: sensor s5k5e8yx: param_ptr->type=1f
07-20 14:33:42.466   601 32549 I Isharkl_s5k5e8yx: 396, s5k5e8yx_drv_access_val: sensor s5k5e8yx: param_ptr->type=11
07-20 14:33:42.466   601 32549 I Isharkl_s5k5e8yx: 375, s5k5e8yx_drv_get_fps_info: mode 1, max_fps: 30
07-20 14:33:42.466   601 32549 I Isharkl_s5k5e8yx: 376, s5k5e8yx_drv_get_fps_info: min_fps: 1
07-20 14:33:42.466   601 32549 I Isharkl_s5k5e8yx: 377, s5k5e8yx_drv_get_fps_info: is_high_fps: 0
07-20 14:33:42.466   601 32549 I Isharkl_s5k5e8yx: 378, s5k5e8yx_drv_get_fps_info: high_fps_skip_num: 0
07-20 14:33:42.467   601 32549 I Isharkl_s5k5e8yx: 396, s5k5e8yx_drv_access_val: sensor s5k5e8yx: param_ptr->type=1f
07-20 14:33:42.467   601 32549 I Isharkl_s5k5e8yx: 396, s5k5e8yx_drv_access_val: sensor s5k5e8yx: param_ptr->type=11
07-20 14:33:42.467   601 32549 I Isharkl_s5k5e8yx: 375, s5k5e8yx_drv_get_fps_info: mode 1, max_fps: 30
07-20 14:33:42.467   601 32549 I Isharkl_s5k5e8yx: 376, s5k5e8yx_drv_get_fps_info: min_fps: 1
07-20 14:33:42.467   601 32549 I Isharkl_s5k5e8yx: 377, s5k5e8yx_drv_get_fps_info: is_high_fps: 0
07-20 14:33:42.467   601 32549 I Isharkl_s5k5e8yx: 378, s5k5e8yx_drv_get_fps_info: high_fps_skip_num: 0
07-20 14:33:42.467   601   573 I cmr_oem : 3337, camera_sensor_work_mode: camId 1 sensor work mode 1
07-20 14:33:42.467   601 32549 I sns_drv_u: 2958, sensor_set_mode_msg: mode = 1, is_fast_switch 0
07-20 14:33:42.467   601 32549 I sns_drv_u: 2975, sensor_set_mode_msg: is_async: yes, phyid: 1
07-20 14:33:42.467   601 32550 I sns_drv_u: 2624, sensor_ctrl_thread_proc: evt 526338
07-20 14:33:42.467   601 32549 I Isharkl_s5k5e8yx: 396, s5k5e8yx_drv_access_val: sensor s5k5e8yx: param_ptr->type=29
07-20 14:33:42.467   601 32550 I sns_drv_u: 3083, sensor_set_mode: mode = 1, is_fast_switch = 0, fast_switch_mode support 0
07-20 14:33:42.468   601 32550 I hw_sensor: 420, hw_sensor_set_mclk: mclk 24, ret 0 
07-20 14:33:42.468   601 32550 I hw_sensor: 1093, hw_Sensor_SendRegTabToSensor: E:burst_mode 0, sensor_id 1
07-20 14:33:42.470   601   573 I cmr_sensor: 513, cmr_sensor_get_info: E 0x78cc2a2618
07-20 14:33:42.471   601   573 I cmr_sensor: 525, cmr_sensor_get_info: X
07-20 14:33:42.471   601 32549 I Isharkl_s5k5e8yx: 396, s5k5e8yx_drv_access_val: sensor s5k5e8yx: param_ptr->type=11
07-20 14:33:42.471   601 32549 I Isharkl_s5k5e8yx: 375, s5k5e8yx_drv_get_fps_info: mode 1, max_fps: 30
07-20 14:33:42.471   601 32549 I Isharkl_s5k5e8yx: 376, s5k5e8yx_drv_get_fps_info: min_fps: 1
07-20 14:33:42.471   601 32549 I Isharkl_s5k5e8yx: 377, s5k5e8yx_drv_get_fps_info: is_high_fps: 0
07-20 14:33:42.471   601 32549 I Isharkl_s5k5e8yx: 378, s5k5e8yx_drv_get_fps_info: high_fps_skip_num: 0
07-20 14:33:42.471   601   573 I cmr_grab: 672, cmr_grab_if_cfg: not support power opt
07-20 14:33:42.471   601   573 I cmr_grab: 681, cmr_grab_if_cfg: ret 0, if type 1, mode 3, deci 0, status 0
07-20 14:33:42.471   601   573 I cmr_grab: 718, cmr_grab_sn_cfg: sn_trim x y w h 0, 0, 1296, 972
07-20 14:33:42.471   601   573 I cmr_grab: 732, cmr_grab_sn_cfg: sensor_max_size: w=2592, h=1944
07-20 14:33:42.471   601   573 I cmr_oem : 8129, camera_get_remosaic_type: remosaic_type=0
07-20 14:33:42.471   601   573 I cmr_oem : 3881, camera_channel_cfg: camid1,need_hw_3dnr 0, sence_mode 0
07-20 14:33:42.476   601   573 I cmr_mm_dvfs: 214, set_dcam_dvfs_policy: set dvfs-> dcam-if done, freq is 192000000
07-20 14:33:42.476   601   573 I cmr_mm_dvfs: 340, set_isp_dvfs_policy: set dvfs-> isp done, freq is 307200000
07-20 14:33:42.476   601   573 I cmr_grab: 1255, cmr_grab_cap_cfg: frm_num -1, dst width 960, dst height 720,slowmotion 0,is_high_fps:0, high_fps_skip_num:0, src_img_fmt 48, dst_img_fmt 16, 4in1 0, fdr 0, is_sync_num 0, 960fps 0, is_raw_alg 0, need_param_offline 0.
07-20 14:33:42.477   601   573 I cmr_grab: 1198, cmr_garb_function_mode_cfg: sensor_raw_fmt=2, dcam_raw_fmt=2
07-20 14:33:42.477   601   573 I cmr_grab: 1207, cmr_garb_function_mode_cfg: alg_type 0, is_raw_alg 0, need_dcam_raw 0, master_flag 1,fdr_preview_captured_num = 0, zoom_conflict_ltm = 0, param_frame_sync 0, ipg skip 0 zoom crop 0
07-20 14:33:42.477   601   573 I cmr_grab: 777, cmr_grab_cap_cfg_common: chn_id=1, regu_mode=0, pdaf_ctrl=0 0, deci_factor=0, cfg_isp=0, chn_skip_num=0
07-20 14:33:42.477   601   573 I cmr_grab: 855, cmr_grab_cap_cfg_common: crop_rect in hex:0,0,510,3cc, crop_rect in dec:0,0,1296,972,total_rect: 0,0,1296,972 clear 0
07-20 14:33:42.477   601   573 I cmr_grab: 875, cmr_grab_cap_cfg_common: chid 1, dcam 2, sensor 2
07-20 14:33:42.477   601   573 I cmr_grab: 892, cmr_grab_cap_cfg_common: SPRD_IMG_IO_CHECK_FMT fmt 1 960 720 0x3132564e 0 flip:0
07-20 14:33:42.481   601   573 I cmr_grab: 3205, cmr_grab_get_data_endian: y uv endian 0 2 0 0 
07-20 14:33:42.487   601   573 I cmr_sensor: 513, cmr_sensor_get_info: E 0x78cc2a2618
07-20 14:33:42.487   601   573 I cmr_sensor: 525, cmr_sensor_get_info: X
07-20 14:33:42.487   601 32549 I Isharkl_s5k5e8yx: 396, s5k5e8yx_drv_access_val: sensor s5k5e8yx: param_ptr->type=11
07-20 14:33:42.487   601 32549 I Isharkl_s5k5e8yx: 375, s5k5e8yx_drv_get_fps_info: mode 1, max_fps: 30
07-20 14:33:42.487   601 32549 I Isharkl_s5k5e8yx: 376, s5k5e8yx_drv_get_fps_info: min_fps: 1
07-20 14:33:42.487   601 32549 I Isharkl_s5k5e8yx: 377, s5k5e8yx_drv_get_fps_info: is_high_fps: 0
07-20 14:33:42.487   601 32549 I Isharkl_s5k5e8yx: 378, s5k5e8yx_drv_get_fps_info: high_fps_skip_num: 0
07-20 14:33:42.487   601   573 I cmr_grab: 672, cmr_grab_if_cfg: not support power opt
07-20 14:33:42.487   601   573 I cmr_grab: 681, cmr_grab_if_cfg: ret 0, if type 1, mode 3, deci 0, status 0
07-20 14:33:42.487   601   573 I cmr_grab: 718, cmr_grab_sn_cfg: sn_trim x y w h 0, 0, 1296, 972
07-20 14:33:42.487   601   573 I cmr_grab: 732, cmr_grab_sn_cfg: sensor_max_size: w=2592, h=1944
07-20 14:33:42.487   601   573 I cmr_oem : 8129, camera_get_remosaic_type: remosaic_type=0
07-20 14:33:42.487   601   573 I cmr_oem : 3881, camera_channel_cfg: camid1,need_hw_3dnr 0, sence_mode 3
07-20 14:33:42.487   601 32550 I hw_sensor: 1113, hw_Sensor_SendRegTabToSensor: X:reg_count 101, sensor_id 1
07-20 14:33:42.488   601   573 I cmr_mm_dvfs: 342, set_isp_dvfs_policy: set dvfs-> isp done, freq is max
07-20 14:33:42.488   601   573 I cmr_grab: 1255, cmr_grab_cap_cfg: frm_num -1, dst width 640, dst height 480,slowmotion 0,is_high_fps:0, high_fps_skip_num:0, src_img_fmt 48, dst_img_fmt 16, 4in1 0, fdr 0, is_sync_num 0, 960fps 0, is_raw_alg 0, need_param_offline 0.
07-20 14:33:42.488   601   573 I cmr_grab: 1198, cmr_garb_function_mode_cfg: sensor_raw_fmt=2, dcam_raw_fmt=2
07-20 14:33:42.488   601   573 I cmr_grab: 1207, cmr_garb_function_mode_cfg: alg_type 0, is_raw_alg 0, need_dcam_raw 0, master_flag 1,fdr_preview_captured_num = 0, zoom_conflict_ltm = 0, param_frame_sync 0, ipg skip 0 zoom crop 0
07-20 14:33:42.488   601   573 I cmr_grab: 777, cmr_grab_cap_cfg_common: chn_id=2, regu_mode=0, pdaf_ctrl=0 0, deci_factor=0, cfg_isp=0, chn_skip_num=0
07-20 14:33:42.488   601   573 I cmr_grab: 855, cmr_grab_cap_cfg_common: crop_rect in hex:0,0,510,3cc, crop_rect in dec:0,0,1296,972,total_rect: 0,0,1296,972 clear 0
07-20 14:33:42.488   601   573 I cmr_grab: 875, cmr_grab_cap_cfg_common: chid 2, dcam 2, sensor 2
07-20 14:33:42.488   601   573 I cmr_grab: 892, cmr_grab_cap_cfg_common: SPRD_IMG_IO_CHECK_FMT fmt 2 640 480 0x3132564e 0 flip:0
07-20 14:33:42.489   601   573 I cmr_grab: 3205, cmr_grab_get_data_endian: y uv endian 0 2 0 0 
07-20 14:33:42.490   601   573 I Cam3Setting: 10682, updatePssStartParam: mode info width:0, trim_width0
07-20 14:33:42.490   601   573 I Cam3Setting: 10682, updatePssStartParam: mode info width:1296, trim_width1296
07-20 14:33:42.490   601   573 I Cam3Setting: 10682, updatePssStartParam: mode info width:2592, trim_width2592
07-20 14:33:42.490   601   573 I Cam3Setting: 10682, updatePssStartParam: mode info width:0, trim_width0
07-20 14:33:42.490   601   573 I Cam3Setting: 10682, updatePssStartParam: mode info width:0, trim_width0
07-20 14:33:42.490   601   573 I Cam3Setting: 10682, updatePssStartParam: mode info width:0, trim_width0
07-20 14:33:42.490   601   573 I Cam3Setting: 10682, updatePssStartParam: mode info width:0, trim_width0
07-20 14:33:42.490   601   573 I Cam3Setting: 10682, updatePssStartParam: mode info width:0, trim_width0
07-20 14:33:42.490   601   573 I Cam3Setting: 10682, updatePssStartParam: mode info width:0, trim_width0
07-20 14:33:42.492   601 32549 I Isharkl_s5k5e8yx: 396, s5k5e8yx_drv_access_val: sensor s5k5e8yx: param_ptr->type=22
07-20 14:33:42.493   601 32577 I ISP_XTM[CORE]: 301,isp_xtm_init:XTM_LIB_VERSION: CAM_ALGO_ISP_XTM2.5_20250416_1400
07-20 14:33:42.494   601 32578 I Libae[Misc]: 122,ae_get_mod:AE4.2 branch: trunk : AE VERSION: CAM_ALGO_3A_AE_4.2.172.202408021540, compile time:09:38:29-Aug  6 2024
07-20 14:33:42.494   601 32644 I Cam3Adapter: 2395, asyncStreamOn: E
07-20 14:33:42.495   601 32612 I TriggerUnit: 368, buildTriggerTree: E parse file: /vendor/firmware/s5k5e8yx_front/com/TRG_HDR5_29958.xml
07-20 14:33:42.495   601 32644 I isp_alg_fw: 23558, isp_alg_fw_start: C1 init status 0
07-20 14:33:42.499   601 32636 I HDR52Node: 83, HDR52Node: this is cap_HDR2 instance 0xb400007a58e86090
07-20 14:33:42.499   601 32636 I YNR2CNR4Node: 77, YNR2CNR4Node: this is cap_YNR2CNR4 instance 0xb400007b18ebcd30
07-20 14:33:42.500   601 32578 I Libae:[Sub_fun]: 2555,aec_tune_param_parser_v1:alg_tune_version 0x42000 tune_param_version 0x42000 
07-20 14:33:42.503   601 32578 I Libae[FLASH]: 4796,ae_alg_flash_init:flashcorrect_debug 0
07-20 14:33:42.503   601 32578 I Libae[FLASH]: 4897,ae_alg_flash_init:FLASH VERSION: CAM_ALGO_ISP_3A_FLASH_6.0_H0_20220217_1000
07-20 14:33:42.503   601 32578 I android.hardware.camera.provider@2.4-service_64: 232, s_q_open: valid num: exp: 2, sensor gain: 1, isp gain: 1
07-20 14:33:42.503   601 32578 I ae_ctrl : 475, aectrl_init_adpt: done 0
07-20 14:33:42.822   601 32577 I ISP_XTM[CORE]: 385,isp_xtm_init:XTM_TUNE_PTR 0xb400007bbc804f60
07-20 14:33:42.822   601 32577 I ISP_XTM[CORE]: 428,isp_xtm_init:GAMMA_TUNE_PTR 0xb400007bbe40fc60
07-20 14:33:42.822   601 32577 I xtm_sprd_adapt_v2: 463, xtm_sprd_init: xtm init success rtn = 0, 
07-20 14:33:42.822   601 32577 I xtm_ctrl: 215, xtm_ctrl_init_lib: done 0
07-20 14:33:42.822   601 32577 I xtm_ctrl: 260, xtm_ctrl_init_adpt: done 0
07-20 14:33:42.974  1066  1187 D ActivityManager: freezing 18623 com.google.android.googlequicksearchbox:search
07-20 14:33:43.088   601 32608 I TriggerUnit: 368, buildTriggerTree: E parse file: /vendor/firmware/s5k5e8yx_front/com/TRG_HDR5.2_29978.xml
07-20 14:33:43.097   601 32613 I TriggerUnit: 368, buildTriggerTree: E parse file: /vendor/firmware/s5k5e8yx_front/com/TRG_CHDR_29982.xml
07-20 14:33:43.120 31806 31806 I Choreographer: Skipped 36 frames!  The application may be doing too much work on its main thread.
07-20 14:33:43.156   601 32582 I android.hardware.camera.provider@2.4-service_64: [ALSC_4.4]: L 1100, alsc_init: ALSC VERSION: CAM_ALGO_3A_ALSC_4.4.4.202411011500 !
07-20 14:33:43.158   601 32584 I libloader: succeed to open lib 'libcamAwb4.0.so' 0xcde139e70e408787
07-20 14:33:43.158   601 32584 I awb_adpt4.x: 594, _awbsprd_load_lib: dlopen awb lib successful
07-20 14:33:43.158   601 32584 I awb_adpt4.x: 717, awb_sprd_ctrl_init_v4_x: load awb lib success!
07-20 14:33:43.158   601 32584 I awb_adpt4.x: 742, awb_sprd_ctrl_init_v4_x: is_multi_mode=0 , color_support=1 offline_mode:0
07-20 14:33:43.158   601 32584 I awb_adpt4.x: 745, awb_sprd_ctrl_init_v4_x: camID:1 start parse the awb_otp_info
07-20 14:33:43.159   601 32584 I awb_adpt4.x: 55, __parse_otp_vendor_type: otp_vendor is 0
07-20 14:33:43.159   601 32584 W awb_adpt4.x: 288, _awb_parser_otp_info_v4x:  module_info_ptr or awb_otp_info_ptr  is NULL 0x0 0x0
07-20 14:33:43.159   601 32584 W awb_adpt4.x: 289, _awb_parser_otp_info_v4x:  Parser fail ! compatible return success and all otp is ZERO
07-20 14:33:43.159   601 32584 I awb_adpt4.x: 751, awb_sprd_ctrl_init_v4_x: camID:1 paser awb otp info success!
07-20 14:33:43.159   601 32584 I awb_adpt4.x: 752, awb_sprd_ctrl_init_v4_x: camID:1 awb otp_map_version is 0
07-20 14:33:43.159   601 32584 I awb_adpt4.x: 756, awb_sprd_ctrl_init_v4_x: camID:1 otp_current_rgb 0 DNP  is 0 0 0
07-20 14:33:43.159   601 32584 I awb_adpt4.x: 760, awb_sprd_ctrl_init_v4_x: camID:1 otp_current_rgb 1 A    is 0 0 0
07-20 14:33:43.159   601 32584 I awb_adpt4.x: 764, awb_sprd_ctrl_init_v4_x: camID:1 otp_current_rgb 2 TL84 is 0 0 0
07-20 14:33:43.159   601 32584 I awb_adpt4.x: 766, awb_sprd_ctrl_init_v4_x: camID:1 end parse the awb_otp_info
07-20 14:33:43.159   601 32584 I awb_adpt4.x: 768, awb_sprd_ctrl_init_v4_x: create the lock thread for awb success!
07-20 14:33:43.159   601 32584 I awb_adpt4.x: 197, _awb_ctrl_set_aem_info: roiwin_size_b:[h:64,w:64],roiblock_size_p[h:32,w:32]
07-20 14:33:43.159   601 32579 I libloader: succeed to open lib 'libcamAwb4.0.so' 0xcde139e70e408787
07-20 14:33:43.159   601 32579 I awb_adpt4.x: 594, _awbsprd_load_lib: dlopen awb lib successful
07-20 14:33:43.159   601 32582 D android.hardware.camera.provider@2.4-service_64: [ALSC_4.4]: L 106, alsc_get_eng_cmd: eng_alsc_bypass_otp=0, eng_alsc_bypass=0, eng_alsc_table_index=9
07-20 14:33:43.160   601 32582 D android.hardware.camera.provider@2.4-service_64: [ALSC_4.4]: L 1633, otp_init: lsc otp is not used!
07-20 14:33:43.166   601 32615 I cmr_jpeg: 70, cmr_jpeg_init:  open lib: libjpeg_hw_sprd.so
07-20 14:33:43.166   601 32615 I jpeg_codec: L 1055, jpeg_init: jpeg_init IN
07-20 14:33:43.166   601 32615 D jpeg_codec: L 1063, jpeg_init:  jcontext 0xb400007b98ea8730
07-20 14:33:43.166   601 32582 I lsc_sprd_adapt_v2: 1772, lsc_sprd_init: cam_id = 1 ,lsc init success rtn = 0, platform:SPRD_ISPALG_UMS9230 , id:3 cxt->do_stats_inverse:0 cxt->alsc_handle:0xb400007a48ee6430
07-20 14:33:43.166   601 32582 I lsc_ctrl: 211, _lscctrl_init_lib: done 0
07-20 14:33:43.166   601 32582 I lsc_ctrl: 259, _lscctrl_init_adpt: done 0
07-20 14:33:43.167   601 32615 E jpeg_codec: L 1090, jpeg_init: fw_decode_buf_size 20480 ,fw_decode_buf 0x58e6f850 
07-20 14:33:43.167   601 32615 D JPG     : L 95, jpg_msg_queue_create: queue_handle 0xb400007a08e715a0
07-20 14:33:43.167   601 32585 I DEFLICKER[API]: 67,afl_lib_init:AFL init VERISON 4 
07-20 14:33:43.167   601 32585 I DEFLICKER4.2[CALC]: 2759,antiflcker_init_v2:flicker_detection_library_version:AFL VERSION: CAM_ALGO_3A_AFL_4.2.3.202404022055
07-20 14:33:43.167   601 32585 I DEFLICKER4.2[CALC]: 2762,antiflcker_init_v2:flicker detection library version:LIBVER[4.3.5.1][Apr  3 2024][11:14:47]
07-20 14:33:43.167   601 32579 I awb_adpt4.x: 717, awb_sprd_ctrl_init_v4_x: load awb lib success!
07-20 14:33:43.168   601 32579 I awb_adpt4.x: 742, awb_sprd_ctrl_init_v4_x: is_multi_mode=0 , color_support=1 offline_mode:1
07-20 14:33:43.168   601 32579 I awb_adpt4.x: 745, awb_sprd_ctrl_init_v4_x: camID:1 start parse the awb_otp_info
07-20 14:33:43.168   601 32579 I awb_adpt4.x: 55, __parse_otp_vendor_type: otp_vendor is 0
07-20 14:33:43.168   601 32579 W awb_adpt4.x: 288, _awb_parser_otp_info_v4x:  module_info_ptr or awb_otp_info_ptr  is NULL 0x0 0x0
07-20 14:33:43.168   601 32579 W awb_adpt4.x: 289, _awb_parser_otp_info_v4x:  Parser fail ! compatible return success and all otp is ZERO
07-20 14:33:43.168   601 32579 I awb_adpt4.x: 751, awb_sprd_ctrl_init_v4_x: camID:1 paser awb otp info success!
07-20 14:33:43.168   601 32579 I awb_adpt4.x: 752, awb_sprd_ctrl_init_v4_x: camID:1 awb otp_map_version is 0
07-20 14:33:43.168   601 32579 I awb_adpt4.x: 756, awb_sprd_ctrl_init_v4_x: camID:1 otp_current_rgb 0 DNP  is 0 0 0
07-20 14:33:43.168   601 32579 I awb_adpt4.x: 760, awb_sprd_ctrl_init_v4_x: camID:1 otp_current_rgb 1 A    is 0 0 0
07-20 14:33:43.168   601 32579 I awb_adpt4.x: 764, awb_sprd_ctrl_init_v4_x: camID:1 otp_current_rgb 2 TL84 is 0 0 0
07-20 14:33:43.168   601 32579 I awb_adpt4.x: 766, awb_sprd_ctrl_init_v4_x: camID:1 end parse the awb_otp_info
07-20 14:33:43.168   601 32579 I awb_adpt4.x: 768, awb_sprd_ctrl_init_v4_x: create the lock thread for awb success!
07-20 14:33:43.168   601 32579 I awb_adpt4.x: 197, _awb_ctrl_set_aem_info: roiwin_size_b:[h:8,w:16],roiblock_size_p[h:32,w:32]
07-20 14:33:43.171   601 32615 D JPG     : L 250, jpg_msg_post: queue_handle 0xb400007a08e715a0, msg type 0xffffff num 0 cnt 40
07-20 14:33:43.171   601 32615 I JPG     : L 283, jpg_msg_post: jpg_msg_post msg_cur 0xb400007ab8eb1810
07-20 14:33:43.171   601 32663 I JPG     : L 139, jpg_msg_get: jpg_msg_get msg_cur 0xb400007ab8eb1810
07-20 14:33:43.171   601 32663 D JPG     : L 151, jpg_msg_get: queue_handle 0xb400007a08e715a0, msg type 0xffffff num 0 cnt 40
07-20 14:33:43.171   601 32663 I JPG     : L 364, jpg_common_routine: before sem_post msg_cur 0xb400007ab8eb1810
07-20 14:33:43.171   601 32663 I JPG     : L 368, jpg_common_routine: sem_post msg_cur->sem 0xb400007ab8eb1830
07-20 14:33:43.171   601 32663 I JPG     : L 371, jpg_common_routine: after sem_post msg_cur 0xb400007ab8eb1810
07-20 14:33:43.171   601 32585 I DEFLICKER4.2[CALC]: 63,afl_set_log_level_v1:AFL LOG LEVEL :3
07-20 14:33:43.171   601 32585 I DEFLICKER4.2[CALC]: 88,afl_get_manual_cmd:AFL debug :0
07-20 14:33:43.171   601 32585 I DEFLICKER4.2[CALC]: 2805,antiflcker_init_v2:inti 0xb40000791ad151e0
07-20 14:33:43.171   601 32585 I DEFLICKER[API]: 87,afl_lib_init:AFL init cxt 0xb400007ad8eaf090 alg_handle 0xb40000791ad151e0 
07-20 14:33:43.171   601 32615 I JPG     : L 288, jpg_msg_post: sem_wait msg_cur 0xb400007ab8eb1810 msg_cur->sem 0xb400007ab8eb1830
07-20 14:33:43.172   601 32615 D jpeg_codec: L 1101, jpeg_init:  jpeg handle 0xb400007b98ea8730
07-20 14:33:43.172   601 32615 I JPG_CODEC: L 301, JPEGCODEC_Open:JPEGENC jpg0_addr 0x28bcd000
07-20 14:33:43.172   601 32615 I JPG_CODEC: L 307, JPEGCODEC_Open:jpeg dev fd 84, reg addr 0x0x7928bcd000
07-20 14:33:43.172   601 32615 D JPG     : L 482, jpg_sem_init: jpg_sem_init
07-20 14:33:43.172   601 32615 D JPG_OEM : L 242, sprd_jpeg_init:  jpeg handle 0xb400007b98ea8730
07-20 14:33:43.172   601 32615 D JPG_OEM : L 257, sprd_jpeg_init: done 0
