07-20 14:31:45.264  5015  6249 D THubApi : getWindowingMode TaskInfo{userId=0 taskId=6619 displayId=0 isRunning=true baseIntent=Intent { flg=0x10000000 cmp=com.example.controlhorario/.MainActivity } baseActivity=ComponentInfo{com.example.controlhorario/com.example.controlhorario.MainActivity} topActivity=ComponentInfo{com.example.controlhorario/com.example.controlhorario.MainActivity} origActivity=null realActivity=ComponentInfo{com.example.controlhorario/com.example.controlhorario.MainActivity} numActivities=1 lastActiveTime=320522791 supportsMultiWindow=true resizeMode=1 isResizeable=true minWidth=-1 minHeight=-1 defaultMinSize=110 token=WCT{android.window.IWindowContainerToken$Stub$Proxy@8bda9be} topActivityType=1 pictureInPictureParams=null shouldDockBigOverlays=false launchIntoPipHostTaskId=-1 lastParentTaskIdBeforePip=-1 displayCutoutSafeInsets=null topActivityInfo=ActivityInfo{96d5a1f com.example.controlhorario.MainActivity} launchCookies=[] positionInParent=Point(0, 0) parentTaskId=-1 isFocused=true isVisible=true isVisibleRequested=true isSleeping=false locusId=null displayAreaFeatureId=1 isTopActivityTransparent=false appCompatTaskInfo=AppCompatTaskInfo { topActivityInSizeCompat=false topActivityEligibleForLetterboxEducation= falseisLetterboxEducationEnabled= false isLetterboxDoubleTapEnabled= false topActivityEligibleForUserAspectRatioButton= false topActivityBoundsLetterboxed= false isFromLetterboxDoubleTap= false topActivityLetterboxVerticalPosition= -1 topActivityLetterboxHorizontalPosition= -1 topActivityLetterboxWidth=1080 topActivityLetterboxHeight=2436 isUserFullscreenOverrideEnabled=false isSystemFullscreenOverrideEnabled=false cameraCompatTaskInfo=CameraCompatTaskInfo { cameraCompatControlState=hidden freeformCameraCompatMode=inactive}}}
07-20 14:31:45.265  2021  5432 D ActivityTaskManager_Recents: 	excludeFromRecents=true, taskIndex = 3, isOnHomeDisplay: false, isAnimatingByRecents: false
07-20 14:31:45.265  2021  5432 D ActivityTaskManager_Recents: Although task#Task=5890 has FLAG_ACTIVITY_EXCLUDE_FROM_RECENTS, but it's in whiteList, so keep it
07-20 14:31:45.265  2021  3510 I Hiber/fastState: fastUnFreeze reason=activityIdle size=9 uids=[10085, 10097, 10128, 10146, 10191, 10192, 10217, 10313, 10328] about costTime=1ms
07-20 14:31:45.266  2021  5432 I PowerHalWrapper: amsBoostStop AMS_BOOST_PACK_SWITCH:false, AMS_BOOST_ACT_SWITCH:false, AMS_BOOST_PROCESS_CREATE:true, AMS_BOOST_PROCESS_CREATE_FOR_GAME:false, AMS_BOOST_HOT_LAUNCH:false 
07-20 14:31:45.267  1419  1440 I mtkpower@impl: [mtkPowerHint] hint:21, hold:0, ext:30, ext_hold:30000
07-20 14:31:45.267  1419  1440 D AppFlingMode: [CheckAppFlingHint] 30 com.example.controlhorario -1
07-20 14:31:45.268  1419  1441 I mtkpower@impl: [setMode] type:5, enabled:0
07-20 14:31:45.269   699 26527 I keystore2: system/security/keystore2/src/security_level.rs:235 - create_operation start
07-20 14:31:45.270   699 26527 I keystore2: system/security/keystore2/src/security_level.rs:237 - caller_pid=27357
07-20 14:31:45.270   699 26527 I keystore2: system/security/keystore2/src/security_level.rs:238 - caller_uid=10345
07-20 14:31:45.270   699 26527 I keystore2: system/security/keystore2/src/security_level.rs:239 - forced=false
07-20 14:31:45.270   699 26527 I keystore2: system/security/keystore2/src/security_level.rs:240 - key.domain=r#KEY_ID
07-20 14:31:45.270   699 26527 I keystore2: system/security/keystore2/src/security_level.rs:241 - key.alias=None
07-20 14:31:45.270   699 26527 I keystore2: system/security/keystore2/src/security_level.rs:277 - with_try_import start
07-20 14:31:45.270  1486  1486 I BufferQueueProducer: [NavigationBar0#95](this:0xb40000796b7c75f8,id:-1,api:0,p:-1,c:1486) queueBuffer: fps=1.41 dur=1416.21 max=1382.75 min=33.46
07-20 14:31:45.270   699   699 I keystore2: system/security/keystore2/src/security_level.rs:235 - create_operation start
07-20 14:31:45.270   699   699 I keystore2: system/security/keystore2/src/security_level.rs:237 - caller_pid=27357
07-20 14:31:45.270   699   699 I keystore2: system/security/keystore2/src/security_level.rs:238 - caller_uid=10345
07-20 14:31:45.270   699   699 I keystore2: system/security/keystore2/src/security_level.rs:239 - forced=false
07-20 14:31:45.270   699   699 I keystore2: system/security/keystore2/src/security_level.rs:240 - key.domain=r#KEY_ID
07-20 14:31:45.271   699   699 I keystore2: system/security/keystore2/src/security_level.rs:241 - key.alias=None
07-20 14:31:45.271   699   699 I keystore2: system/security/keystore2/src/security_level.rs:277 - with_try_import start
07-20 14:31:45.271   699 26527 I keystore2: system/security/keystore2/src/security_level.rs:299 - with_try_import end
07-20 14:31:45.271   699 26527 I keystore2: system/security/keystore2/src/security_level.rs:333 - authorize_create start
07-20 14:31:45.271   699 26527 I keystore2: system/security/keystore2/src/security_level.rs:344 - authorize_create end
07-20 14:31:45.271   699 26527 I keystore2: system/security/keystore2/src/security_level.rs:345 - unwrap_key_if_required start
07-20 14:31:45.271  1419  1494 I libPowerHal: [setClusterFreq] LAUNCH: sysfs_freq set cpu freq: -1 -1 -1 -1 
07-20 14:31:45.271   699 26527 I keystore2: system/security/keystore2/src/security_level.rs:353 - unwrap_key_if_required end
07-20 14:31:45.271   699 26527 I keystore2: system/security/keystore2/src/security_level.rs:354 - upgrade_keyblob_if_required_with start
07-20 14:31:45.271  1419  1494 I libPowerHal: [unsetGPUFreq] current min:0, max:0; scn_gpu_min:0, scn_gpu_max:-1; scn_gpu_min(HL):-1, scn_gpu_max(HL):-1
07-20 14:31:45.271  1419  1494 I libPowerHal: LAUNCH: set gpu opp level: 44
07-20 14:31:45.271  1419  1494 I libPowerHal: LAUNCH: set gpu opp level max: 0
07-20 14:31:45.271   700   700 D TlcKM   : TEE_Begin 5.0
07-20 14:31:45.271   700   700 D TlcKM   : purpose = 0x00000001
07-20 14:31:45.272  1419  1494 I libPowerHal: [setGPUFreq] Soft min/max = (44, 0); Hard min/max = (44, 0)
07-20 14:31:45.272  1419  1494 I libPowerHal: [setGPUFreq] final min/max = (44, 0)
07-20 14:31:45.272  2021  2512 I ImeTracker: com.example.controlhorario:43e297bd: onRequestHide at ORIGIN_SERVER reason HIDE_UNSPECIFIED_WINDOW fromUser false
07-20 14:31:45.272  2021  2512 I ImeTracker: com.example.controlhorario:43e297bd: onCancelled at PHASE_SERVER_SHOULD_HIDE
07-20 14:31:45.272  2021  2512 D TranWindowManagerServiceImpl: hookIMEVisibleChanged(), show:false
07-20 14:31:45.272  2021  2512 I TranMultiWindowManagerComponentImpl: hookInputMethodShown inputShown: false, connected:false, unbd:false
07-20 14:31:45.272  2848  2848 I StatsLog: LAUNCHER_ALLAPPS_KEYBOARD_CLOSED
07-20 14:31:45.272  2021  2512 I TranSCSourceConnectManagerImpl: hookInputMethodShown inputShown: false
07-20 14:31:45.272  2021  2512 D TranSecureKeyboardManagerImpl: hookInputShowFromIMMS inputShow= false , mVisible = false , mNeedShow = false
07-20 14:31:45.272  1419  1494 I libPowerHal: LAUNCH: set gpu opp level: 44
07-20 14:31:45.273  1418  1418 D Trantp  : Trantp mode:write type:21 data:0
07-20 14:31:45.273  1419  1494 I libPowerHal: LAUNCH: set gpu opp level max: 0
07-20 14:31:45.273  1418  1418 D Trantp  : Trantp opration path= /dev/tppolldrv
07-20 14:31:45.273  1418  1418 D Trantp  : Trantp opration result=true
07-20 14:31:45.273  1419  1494 I libPowerHal: [PD] LAUNCH update cmd:1408700, param:100
07-20 14:31:45.275 27357 28402 D WM-Processor: Work WorkGenerationalId(workSpecId=58579564-b544-4294-aeac-6eb138665af2, generation=0) is already enqueued for processing
07-20 14:31:45.275  2021  2898 D tranpm/OomadjPolicy: down oomadj(visible): os process (com.transsion.personalizedService.xos), rss=123MB, recent binderservice time > 5min
07-20 14:31:45.275  2021  2512 I input_debug: package: com.example.controlhorario mNeedShowSafeInput: false inputType: 0 methodMap: true isKeyguardShowing: false enable: 0 isSplitScreen: false
07-20 14:31:45.276  1419  1494 I libPowerHal: [PD] LAUNCH update cmd:300c000 param:0
07-20 14:31:45.276  1419  1494 I libPowerHal: [PD] LAUNCH update cmd:1000000 param:2
07-20 14:31:45.277  8403  8403 D InputEventReceiver: Input log is disabled in InputEventReceiver.
07-20 14:31:45.277 27357 28395 D WM-Processor: Work WorkGenerationalId(workSpecId=b5528248-efdc-486d-ad10-78b9b80e463a, generation=0) is already enqueued for processing
07-20 14:31:45.278  2021  2060 E ApplicationHelper: Fail to get PackageManager
07-20 14:31:45.278  2021  2060 E ApplicationHelper: Fail to get PackageManager
07-20 14:31:45.278  2021  2060 E ApplicationHelper: Fail to get PackageManager
07-20 14:31:45.278  2021  2060 E ApplicationHelper: Fail to get PackageManager
07-20 14:31:45.278  2021  2060 E ApplicationHelper: Fail to get PackageManager
07-20 14:31:45.278  2021  2060 E ApplicationHelper: Fail to get PackageManager
07-20 14:31:45.278  2021  2060 E ApplicationHelper: Fail to get PackageManager
07-20 14:31:45.278  2021  2060 E ApplicationHelper: Fail to get PackageManager
07-20 14:31:45.278  2021  2060 E ApplicationHelper: Fail to get PackageManager
07-20 14:31:45.278  2021  2060 E ApplicationHelper: Fail to get PackageManager
07-20 14:31:45.278  2021  2060 E ApplicationHelper: Fail to get PackageManager
07-20 14:31:45.278  2021  2060 E ApplicationHelper: Fail to get PackageManager
07-20 14:31:45.278  2021  2060 E ApplicationHelper: Fail to get PackageManager
07-20 14:31:45.278  2021  2060 E ApplicationHelper: Fail to get PackageManager
07-20 14:31:45.278  2021  2060 E ApplicationHelper: Fail to get PackageManager
07-20 14:31:45.278  2021  2060 E ApplicationHelper: Fail to get PackageManager
07-20 14:31:45.278  2021  2060 E ApplicationHelper: Fail to get PackageManager
07-20 14:31:45.278  2021  2060 E ApplicationHelper: Fail to get PackageManager
07-20 14:31:45.278  2021  2060 E ApplicationHelper: Fail to get PackageManager
07-20 14:31:45.278  2021  2060 E ApplicationHelper: Fail to get PackageManager
07-20 14:31:45.278  2021  2060 E ApplicationHelper: Fail to get PackageManager
07-20 14:31:45.278  2021  2060 E ApplicationHelper: Fail to get PackageManager
07-20 14:31:45.278  2021  2060 E ApplicationHelper: Fail to get PackageManager
07-20 14:31:45.278  2021  2060 E ApplicationHelper: Fail to get PackageManager
07-20 14:31:45.278  2021  2060 E ApplicationHelper: Fail to get PackageManager
07-20 14:31:45.278  2021  2060 E ApplicationHelper: Fail to get PackageManager
07-20 14:31:45.278  2021  2060 E ApplicationHelper: Fail to get PackageManager
07-20 14:31:45.280   700   700 D TlcKM   : find_spare_operation_slot: allocate op 0x12ab7b2b5c120c13 to slot #0 (1 ops live)
07-20 14:31:45.280 27357 28401 D WM-Processor: Work WorkGenerationalId(workSpecId=b353fe54-f5f1-4d47-87e0-2e370d7c914d, generation=0) is already enqueued for processing
07-20 14:31:45.280  2021  2063 D WindowManager: setParent old=ActivityRecord{f79aed u0 com.example.controlhorario/.MainActivity t6619},new=null,this window=Window{4f83a07 u0 Splash Screen com.example.controlhorario},callers=com.android.server.wm.WindowContainer.removeChild:862 com.android.server.wm.ActivityRecord.removeChild:5351 com.android.server.wm.ActivityRecord.removeChild:482 com.android.server.wm.WindowContainer.removeImmediately:932 com.android.server.wm.WindowState.removeImmediately:2565 com.android.server.wm.WindowState.destroySurface:3747 
07-20 14:31:45.281  2021  2063 D WindowManager: removeImmediately mActivityRecord: ActivityRecord{f79aed u0 com.example.controlhorario/.MainActivity t6619} type: 3
07-20 14:31:45.281  2021  2063 D ActivityTaskManager: hookRecordSnapshot start pkgName: com.example.controlhorario componentName: com.example.controlhorario/.MainActivity mPkgName: null mRecordParams: null
07-20 14:31:45.281  2021  2063 D WindowManager: postWindowRemoveCleanupLocked: token:ActivityRecord{f79aed u0 com.example.controlhorario/.MainActivity t6619} win:Window{4f83a07 u0 Splash Screen com.example.controlhorario} token.isEmpty:false token.mPersistOnEmpty:true
07-20 14:31:45.282   700   700 D TlcKM   : TEE_Begin exiting with 0
07-20 14:31:45.282   699 10013 I keystore2: system/security/keystore2/src/security_level.rs:235 - create_operation start
07-20 14:31:45.282   699 10013 I keystore2: system/security/keystore2/src/security_level.rs:237 - caller_pid=27357
07-20 14:31:45.282   699 10013 I keystore2: system/security/keystore2/src/security_level.rs:238 - caller_uid=10345
07-20 14:31:45.282   699 10013 I keystore2: system/security/keystore2/src/security_level.rs:239 - forced=false
07-20 14:31:45.282   699 10013 I keystore2: system/security/keystore2/src/security_level.rs:240 - key.domain=r#KEY_ID
07-20 14:31:45.282   699 10013 I keystore2: system/security/keystore2/src/security_level.rs:241 - key.alias=None
07-20 14:31:45.282   699 10013 I keystore2: system/security/keystore2/src/security_level.rs:277 - with_try_import start
07-20 14:31:45.282   699   699 I keystore2: system/security/keystore2/src/security_level.rs:299 - with_try_import end
07-20 14:31:45.282   699   699 I keystore2: system/security/keystore2/src/security_level.rs:333 - authorize_create start
07-20 14:31:45.282   699   699 I keystore2: system/security/keystore2/src/security_level.rs:344 - authorize_create end
07-20 14:31:45.282   699   699 I keystore2: system/security/keystore2/src/security_level.rs:345 - unwrap_key_if_required start
07-20 14:31:45.282   699   699 I keystore2: system/security/keystore2/src/security_level.rs:353 - unwrap_key_if_required end
07-20 14:31:45.282   699   699 I keystore2: system/security/keystore2/src/security_level.rs:354 - upgrade_keyblob_if_required_with start
07-20 14:31:45.282   699 26527 I keystore2: system/security/keystore2/src/security_level.rs:395 - upgrade_keyblob_if_required_with end
07-20 14:31:45.282   699 26527 I keystore2: system/security/keystore2/src/enforcements.rs:249 - finalize_create_authorization self.state=NoAuthRequired
07-20 14:31:45.282   699 26527 I keystore2: system/security/keystore2/src/security_level.rs:401 - operation_db.create_operation start
07-20 14:31:45.282   699 26527 I keystore2: system/security/keystore2/src/security_level.rs:419 - operation_db.create_operation end
07-20 14:31:45.283   700   700 D TlcKM   : TEE_Begin 5.0
07-20 14:31:45.283   700   700 D TlcKM   : purpose = 0x00000001
07-20 14:31:45.283  9416  9524 I FontLog : (REDACTED) Received query %s, URI %s
07-20 14:31:45.283  2021  2063 D WindowManager: updateSystemBarAttributes appearance:0, win appearance:0, opaqueAppearance:0, win:Window{e4f7408 u0 com.example.controlhorario/com.example.controlhorario.MainActivity}, appearanceRegions=[AppearanceRegion{ bounds=[0,0][1080,2436]}]
07-20 14:31:45.283  9416  9524 I FontLog : (REDACTED) Query [%s] resolved to %s
07-20 14:31:45.284  2021  2063 I WindowManager:   onAnimationFinished on win=Window{4f83a07 u0 Splash Screen com.example.controlhorario}
07-20 14:31:45.284  2856  2856 I StatusBarModePerDisplayRepository: isInFullscreenMode:false com.example.controlhorario
07-20 14:31:45.284   700   700 D TlcKM   : find_spare_operation_slot: allocate op 0x56594866985b90f6 to slot #1 (2 ops live)
07-20 14:31:45.285   700   700 D TlcKM   : TEE_Begin exiting with 0
07-20 14:31:45.285   699   699 I keystore2: system/security/keystore2/src/security_level.rs:395 - upgrade_keyblob_if_required_with end
07-20 14:31:45.286   699   699 I keystore2: system/security/keystore2/src/enforcements.rs:249 - finalize_create_authorization self.state=NoAuthRequired
07-20 14:31:45.286   699   699 I keystore2: system/security/keystore2/src/security_level.rs:401 - operation_db.create_operation start
07-20 14:31:45.286   699   699 I keystore2: system/security/keystore2/src/security_level.rs:419 - operation_db.create_operation end
07-20 14:31:45.286   700   700 D TlcKM   : TEE_Update
07-20 14:31:45.286   700   700 D TlcKM   : split_update_chunks
07-20 14:31:45.286  2021  3452 W AutofillManagerServiceImpl: getFillEventHistory() called by UID 10085, but service UID is 10101
07-20 14:31:45.286   699 10013 I keystore2: system/security/keystore2/src/security_level.rs:299 - with_try_import end
07-20 14:31:45.286   699 10013 I keystore2: system/security/keystore2/src/security_level.rs:333 - authorize_create start
07-20 14:31:45.286   699 10013 I keystore2: system/security/keystore2/src/security_level.rs:344 - authorize_create end
07-20 14:31:45.286   699 10013 I keystore2: system/security/keystore2/src/security_level.rs:345 - unwrap_key_if_required start
07-20 14:31:45.286   699 10013 I keystore2: system/security/keystore2/src/security_level.rs:353 - unwrap_key_if_required end
07-20 14:31:45.286   699 10013 I keystore2: system/security/keystore2/src/security_level.rs:354 - upgrade_keyblob_if_required_with start
07-20 14:31:45.287   700   700 D TlcKM   : TEE_Update exiting with 0
07-20 14:31:45.288   700   700 D TlcKM   : TEE_Begin 5.0
07-20 14:31:45.288   700   700 D TlcKM   : purpose = 0x00000001
07-20 14:31:45.288   700   700 D TlcKM   : find_spare_operation_slot: allocate op 0x7343309cd188e6b0 to slot #2 (3 ops live)
07-20 14:31:45.289  9416  9524 I FontLog : (REDACTED) Fetch %s end status %s
07-20 14:31:45.291   700   700 D TlcKM   : TEE_Begin exiting with 0
07-20 14:31:45.291   700   700 D TlcKM   : TEE_Update
07-20 14:31:45.291   700   700 D TlcKM   : split_update_chunks
07-20 14:31:45.291  2021  2470 I tranpm/ServicePolicy: isBlockHsB1 true
07-20 14:31:45.291  2021  2470 I tranpm/ServicePolicy: limitBindServiceLocked by hs&job - cold: callingPackage = android, targetPkg = com.transsnet.store
07-20 14:31:45.291  2021  5432 D MagellanHandle: updateRefreshRateForSceneVsyncs what = 23
07-20 14:31:45.292  2021  2470 W ActivityManager: Unbind failed: could not find connection for android.app.LoadedApk$ServiceDispatcher$InnerConnection@66d8135
07-20 14:31:45.292   700   700 D TlcKM   : TEE_Update exiting with 0
07-20 14:31:45.292   700   700 D TlcKM   : TEE_Finish
07-20 14:31:45.292   700   700 D TlcKM   : split_update_chunks
07-20 14:31:45.292  2021  2470 E JobScheduler.Concurrency: Error executing JobStatus{751ec09 #u0a193/100 com.transsnet.store/com.afmobi.palmplay.service.MsgJobService u=0 s=10193 TIME=-1d21h46m27s65ms:-1d21h46m27s65ms NET PERSISTED READY}
07-20 14:31:45.293   700   700 D TlcKM   : release_operation_slot: release op slot #0 (handle 0x12ab7b2b5c120c13; 2 ops live)
07-20 14:31:45.293   700   700 D TlcKM   : TEE_Finish exiting with 0
07-20 14:31:45.293   699 10013 I keystore2: system/security/keystore2/src/security_level.rs:395 - upgrade_keyblob_if_required_with end
07-20 14:31:45.293   699 10013 I keystore2: system/security/keystore2/src/enforcements.rs:249 - finalize_create_authorization self.state=NoAuthRequired
07-20 14:31:45.293   699 10013 I keystore2: system/security/keystore2/src/security_level.rs:401 - operation_db.create_operation start
07-20 14:31:45.293   699 10013 I keystore2: system/security/keystore2/src/security_level.rs:419 - operation_db.create_operation end
07-20 14:31:45.293   700   700 D TlcKM   : TEE_Finish
07-20 14:31:45.293   700   700 D TlcKM   : split_update_chunks
07-20 14:31:45.294   700   700 D TlcKM   : release_operation_slot: release op slot #1 (handle 0x56594866985b90f6; 1 ops live)
07-20 14:31:45.294   700   700 D TlcKM   : TEE_Finish exiting with 0
07-20 14:31:45.294   700   700 D TlcKM   : TEE_Abort
07-20 14:31:45.294   700   700 E TlcKM   : lookup_operation: op 0x12ab7b2b5c120c13 not found
07-20 14:31:45.294   700   700 E TlcKM   : lookup_operation(session, operation_handle, &op) == -28
07-20 14:31:45.294   700   700 D TlcKM   : TEE_Abort exiting with -28
07-20 14:31:45.295   700   700 D TlcKM   : TEE_Abort
07-20 14:31:45.295   700   700 E TlcKM   : lookup_operation: op 0x56594866985b90f6 not found
07-20 14:31:45.295   700   700 E TlcKM   : lookup_operation(session, operation_handle, &op) == -28
07-20 14:31:45.295   700   700 D TlcKM   : TEE_Abort exiting with -28
07-20 14:31:45.296  2021  2512 W InputMethodManagerService: Ignoring hideSoftInput of uid 10190 : com.android.internal.inputmethod.IInputMethodClient$Stub$Proxy@4346e58
07-20 14:31:45.296  2021  2512 I ImeTracker: com.transsion.XOSLauncher:6780a95: onCancelled at PHASE_SERVER_CLIENT_FOCUSED
07-20 14:31:45.296 27357 28427 D EmployeeSync: WorkManager identidad disponible: device_id=4e33a9a7-495a-4847-a909-09e3ffc8e7f8, credential_present=true
07-20 14:31:45.297   700   700 D TlcKM   : TEE_Update
07-20 14:31:45.297   700   700 D TlcKM   : split_update_chunks
07-20 14:31:45.297  5015  6249 I THubApi : isTheMainScreen classname: com.example.controlhorario.MainActivity  pkg:com.example.controlhorario
07-20 14:31:45.299  2021  4393 D TranActivityTaskManagerService: isTheMainScreen, displayId = 0, classname = com.example.controlhorario.MainActivity
07-20 14:31:45.299   700   700 D TlcKM   : TEE_Update exiting with 0
07-20 14:31:45.299  9416  9524 I FontLog : (REDACTED) Pulling font file for id = %d, cache size = %d
07-20 14:31:45.299  8403  8403 I GoogleInputMethodService: GoogleInputMethodService.onFinishInput():2276 
07-20 14:31:45.300   700   700 D TlcKM   : TEE_Finish
07-20 14:31:45.300   700   700 D TlcKM   : split_update_chunks
07-20 14:31:45.301  8403  8403 I GoogleInputMethodService: GoogleInputMethodService.onStartInput():1460 onStartInput(EditorInfo{EditorInfo{packageName=com.example.controlhorario, inputType=0, inputTypeString=NULL, enableLearning=false, autoCorrection=false, autoComplete=false, imeOptions=0, privateImeOptions=null, actionName=UNSPECIFIED, actionLabel=null, initialSelStart=-1, initialSelEnd=-1, initialCapsMode=0, label=null, fieldId=0, fieldName=null, extras=null, hintText=null, hintLocales=[]}}, false)
07-20 14:31:45.301   700   700 D TlcKM   : release_operation_slot: release op slot #2 (handle 0x7343309cd188e6b0; 0 ops live)
07-20 14:31:45.301   700   700 D TlcKM   : TEE_Finish exiting with 0
07-20 14:31:45.301  8403  8403 W LatinIMEBase: LatinIMEBase.updateInputViewCoverNavigation():322 Null input view, cannot update padding!
07-20 14:31:45.301  5015  6249 D THubApi : getUserId TaskInfo{userId=0 taskId=6619 displayId=0 isRunning=true baseIntent=Intent { flg=0x10000000 cmp=com.example.controlhorario/.MainActivity } baseActivity=ComponentInfo{com.example.controlhorario/com.example.controlhorario.MainActivity} topActivity=ComponentInfo{com.example.controlhorario/com.example.controlhorario.MainActivity} origActivity=null realActivity=ComponentInfo{com.example.controlhorario/com.example.controlhorario.MainActivity} numActivities=1 lastActiveTime=320522791 supportsMultiWindow=true resizeMode=1 isResizeable=true minWidth=-1 minHeight=-1 defaultMinSize=110 token=WCT{android.window.IWindowContainerToken$Stub$Proxy@8bda9be} topActivityType=1 pictureInPictureParams=null shouldDockBigOverlays=false launchIntoPipHostTaskId=-1 lastParentTaskIdBeforePip=-1 displayCutoutSafeInsets=null topActivityInfo=ActivityInfo{96d5a1f com.example.controlhorario.MainActivity} launchCookies=[] positionInParent=Point(0, 0) parentTaskId=-1 isFocused=true isVisible=true isVisibleRequested=true isSleeping=false locusId=null displayAreaFeatureId=1 isTopActivityTransparent=false appCompatTaskInfo=AppCompatTaskInfo { topActivityInSizeCompat=false topActivityEligibleForLetterboxEducation= falseisLetterboxEducationEnabled= false isLetterboxDoubleTapEnabled= false topActivityEligibleForUserAspectRatioButton= false topActivityBoundsLetterboxed= false isFromLetterboxDoubleTap= false topActivityLetterboxVerticalPosition= -1 topActivityLetterboxHorizontalPosition= -1 topActivityLetterboxWidth=1080 topActivityLetterboxHeight=2436 isUserFullscreenOverrideEnabled=false isSystemFullscreenOverrideEnabled=false cameraCompatTaskInfo=CameraCompatTaskInfo { cameraCompatControlState=hidden freeformCameraCompatMode=inactive}}}
07-20 14:31:45.302   700   700 D TlcKM   : TEE_Abort
07-20 14:31:45.302   700   700 E TlcKM   : lookup_operation: op 0x7343309cd188e6b0 not found
07-20 14:31:45.302   700   700 E TlcKM   : lookup_operation(session, operation_handle, &op) == -28
07-20 14:31:45.302   700   700 D TlcKM   : TEE_Abort exiting with -28
07-20 14:31:45.302  2021  2062 I DisplayDeviceRepository: Display device changed: DisplayDeviceInfo{"Pantalla integrada": uniqueId="local:0", 1080 x 2436, modeId 2, renderFrameRate 60.0, defaultModeId 1, userPreferredModeId -1, supportedModes [{id=1, width=1080, height=2436, fps=120.00001, vsync=120.00001, synthetic=false, alternativeRefreshRates=[60.0], supportedHdrTypes=[]}, {id=2, width=1080, height=2436, fps=60.0, vsync=60.0, synthetic=false, alternativeRefreshRates=[120.00001], supportedHdrTypes=[]}], colorMode 0, supportedColorModes [0, 7, 9], hdrCapabilities HdrCapabilities{mSupportedHdrTypes=[], mMaxLuminance=500.0, mMaxAverageLuminance=500.0, mMinLuminance=0.0}, allmSupported false, gameContentTypeSupported false, density 480, 392.783 x 392.828 dpi, appVsyncOff 2400001, presDeadline 28600000, cutout DisplayCutout{insets=Rect(0, 108 - 0, 0) waterfall=Insets{left=0, top=0, right=0, bottom=0} boundingRect={Bounds=[Rect(0, 0 - 0, 0), Rect(468, 0 - 612, 108), Rect(0, 0 - 0, 0), Rect(0, 0 - 0, 0)]} cutoutPathParserInfo={CutoutPathParserInfo{displayWidth=1080 displayHeight=2436 physicalDisplayWidth=1080 physicalDisplayHeight=2436 density={3.0} cutoutSpec={M -24,0 L -24,36 L 24,36 L 24,0 Z @dp} rotation={0} scale={1.0} physicalPixelDisplaySizeRatio={1.0}}} sideOverrides={}}, touch INTERNAL, rotation 0, type INTERNAL, address {port=0}, deviceProductInfo null, state ON, committedState ON, frameRateOverride {uid=10150 frameRateHz=60.0} {uid=10345 frameRateHz=60.0} , brightnessMinimum 0.0, brightnessMaximum 1.0, brightnessDefault 0.2, hdrSdrRatio NaN, FLAG_ALLOWED_TO_BE_DEFAULT_DISPLAY, FLAG_ROTATES_WITH_CONTENT, FLAG_SECURE, FLAG_SUPPORTS_PROTECTED_BUFFERS, FLAG_TRUSTED, installOrientation 0, displayShape DisplayShape{ spec=596679847 displayWidth=1080 displayHeight=2436 physicalPixelDisplaySizeRatio=1.0 rotation=0 offsetX=0 offsetY=0 scale=1.0}}
07-20 14:31:45.303  1486  1486 I SurfaceFlinger: onHandleDestroyed: name=ZeroScreen#12091, layerId=12091, parentId=0
07-20 14:31:45.304  1486  1486 I SurfaceFlinger: onHandleDestroyed: name=Splash Screen com.example.controlhorario#12095, layerId=12095, parentId=0
07-20 14:31:45.304  1486  1486 I SurfaceFlinger: onHandleDestroyed: name=Surface(name=4f83a07 Splash Screen com.example.controlhorario)/@0x5f9af5b - animation-leash of window_animation#12105, layerId=12105, parentId=0
07-20 14:31:45.304  1486  1486 I SurfaceFlinger: onHandleDestroyed: name=4f83a07 Splash Screen com.example.controlhorario#12094, layerId=12094, parentId=0
07-20 14:31:45.304  2021  2062 I Griffin/DeviceState: virtualDisplayPackageName :{}
07-20 14:31:45.305  2021  2470 I tranpm/ServicePolicy: isBlockHsB1 true
07-20 14:31:45.306  2021  2470 I tranpm/ServicePolicy: limitBindServiceLocked by hs&job - cold: callingPackage = android, targetPkg = com.gallery20
07-20 14:31:45.306  2021  3945 W PackageConfigPersister: App-specific configuration not found for packageName: com.example.controlhorario and userId: 0
07-20 14:31:45.307  8403 28431 I Module  : DeviceLockedStatusModuleProvider$Module.updateDeviceLockedStatusInternal():129 repeatCheckTimes = 0, locked = false
07-20 14:31:45.307  2021  2470 W ActivityManager: Unbind failed: could not find connection for android.app.LoadedApk$ServiceDispatcher$InnerConnection@b6e4896
07-20 14:31:45.307  8403 28431 I Module  : DeviceLockedStatusModuleProvider$Module.updateDeviceLockedStatusInternal():129 repeatCheckTimes = 1, locked = false
07-20 14:31:45.309  2021  2470 E JobScheduler.Concurrency: Error executing JobStatus{5470c85 #u0a156/2802 com.gallery20/androidx.work.impl.background.systemjob.SystemJobService u=0 s=10156 CHARGING BATNOTLOW STORENOTLOW READY}
07-20 14:31:45.309  2021  3452 V TranSecureKeyboardManagerImpl: getServiceLocked mInputMethodService = null this: com.transsion.interaction.securekeyboard.TranSKSecureKeyboardManagerImpl@5995a0f
07-20 14:31:45.310  2856  2856 D BatteryMeterDrawable: drawBatteryFrame: color=59ffffff
07-20 14:31:45.310  9416  9524 I FontLog : (REDACTED) Pulling font file for id = %d, cache size = %d
07-20 14:31:45.310  1486  3850 I BufferQueueDebug: [Surface(name=b7e9b41 InputMethod)/@0x48a8d4 - animation-leash of insets_animation#12106](this:0xb40000796b7adbe8,id:-1,api:0,p:-1,c:-1) BufferQueue core=(1486:/system/bin/surfaceflinger)
07-20 14:31:45.311  1367 23459 W AudioALSACaptureDataProviderNormal: readThread, latency_in_s,0.000001,0.022783,0.000049, totalTime 0.022833 > logTimeout 0.022000 TIMEOUT!!
07-20 14:31:45.314 27357 28426 D EmployeeSync: Room sync inicio: device_id=4e33a9a7-495a-4847-a909-09e3ffc8e7f8, cursor=EmployeeSyncCursor(updatedAt=2026-07-20T17:12:43.889413+00:00, id=b913f070-dd86-4751-9c2f-63643763f6f2), last_sync=1784571248888
07-20 14:31:45.314 27357 28395 I WM-WorkerWrapper: Worker result SUCCESS for Work [ id=b5528248-efdc-486d-ad10-78b9b80e463a, tags={ com.example.controlhorario.device.EmployeeUploadWorker } ]
07-20 14:31:45.315 27357 28426 D EmployeeSync: URL: https://heiafcxsvfhinygzxsdk.supabase.co/functions/v1/employee-sync
07-20 14:31:45.315 27357 28426 D EmployeeSync: company_id: pendiente de respuesta Edge; cursor enviado: updated_at=2026-07-20T17:12:43.889413+00:00, id=b913f070-dd86-4751-9c2f-63643763f6f2
07-20 14:31:45.316 27357 28427 D PUNCH_SYNC: status=NO_PENDING
07-20 14:31:45.317 27357 27357 D WM-Processor: Processor b5528248-efdc-486d-ad10-78b9b80e463a executed; reschedule = false
07-20 14:31:45.317 27357 27357 D WM-GreedyScheduler: Stopping tracking for WorkGenerationalId(workSpecId=b5528248-efdc-486d-ad10-78b9b80e463a, generation=0)
07-20 14:31:45.318 27357 27357 D WM-SystemJobService: b5528248-efdc-486d-ad10-78b9b80e463a executed on JobScheduler
07-20 14:31:45.320  2021  2470 I tranpm/ServicePolicy: isBlockHsB1 true
07-20 14:31:45.320  2021  2470 I tranpm/ServicePolicy: limitBindServiceLocked by hs&job - cold: callingPackage = android, targetPkg = com.gallery20
07-20 14:31:45.320  1486  1486 I BufferQueueDebug: [Splash Screen com.example.controlhorario#12095](this:0xb40000796b7a25a8,id:-1,api:0,p:-1,c:1486) onDestructor()
07-20 14:31:45.321  1486  1486 I BufferQueueDebug: [Surface(name=4f83a07 Splash Screen com.example.controlhorario)/@0x5f9af5b - animation-leash of window_animation#12105](this:0xb40000796b7b0978,id:-1,api:0,p:-1,c:1486) onDestructor()
07-20 14:31:45.321  1486  1486 I BufferQueueDebug: [4f83a07 Splash Screen com.example.controlhorario#12094](this:0xb40000796b7de278,id:-1,api:0,p:-1,c:1486) onDestructor()
07-20 14:31:45.321  1486  1486 I BufferQueueDebug: [ZeroScreen#12091](this:0xb40000796b855c18,id:-1,api:0,p:-1,c:1486) onDestructor()
07-20 14:31:45.321  2021  2470 W ActivityManager: Unbind failed: could not find connection for android.app.LoadedApk$ServiceDispatcher$InnerConnection@6e3252b
07-20 14:31:45.321  2021  2470 E JobScheduler.Concurrency: Error executing JobStatus{8ef0ada #u0a156/2803 com.gallery20/androidx.work.impl.background.systemjob.SystemJobService u=0 s=10156 CHARGING BATNOTLOW STORENOTLOW READY}
07-20 14:31:45.323  2021  2470 I tranpm/ServicePolicy: isBlockHsB1 true
07-20 14:31:45.323  2021  2470 I tranpm/ServicePolicy: limitBindServiceLocked by hs&job - cold: callingPackage = android, targetPkg = com.gallery20
07-20 14:31:45.323  2021  2470 W ActivityManager: Unbind failed: could not find connection for android.app.LoadedApk$ServiceDispatcher$InnerConnection@e4c1d88
07-20 14:31:45.323  2021  2470 E JobScheduler.Concurrency: Error executing JobStatus{5225a8b #u0a156/2810 com.gallery20/androidx.work.impl.background.systemjob.SystemJobService u=0 s=10156 TIME=-13h0m58s354ms:none BATNOTLOW STORENOTLOW READY}
07-20 14:31:45.325  2021  2470 I tranpm/ServicePolicy: isBlockHsB1 true
07-20 14:31:45.325  2021  2470 I tranpm/ServicePolicy: limitBindServiceLocked by hs&job - cold: callingPackage = android, targetPkg = com.gallery20
07-20 14:31:45.325  2021  2470 W ActivityManager: Unbind failed: could not find connection for android.app.LoadedApk$ServiceDispatcher$InnerConnection@6983321
07-20 14:31:45.325 27357 28404 I WM-WorkerWrapper: Worker result SUCCESS for Work [ id=58579564-b544-4294-aeac-6eb138665af2, tags={ com.example.controlhorario.attendance.AttendanceSyncWorker } ]
07-20 14:31:45.325  2021  2470 E JobScheduler.Concurrency: Error executing JobStatus{a678147 #u0a156/2811 com.gallery20/androidx.work.impl.background.systemjob.SystemJobService u=0 s=10156 TIME=-13h0m58s3ms:none BATNOTLOW STORENOTLOW READY}
07-20 14:31:45.327  2021  2470 I tranpm/ServicePolicy: isBlockHsB1 true
07-20 14:31:45.327  2021  2470 I tranpm/ServicePolicy: limitBindServiceLocked by hs&job - cold: callingPackage = android, targetPkg = com.openai.chatgpt
07-20 14:31:45.328  2021  2470 W ActivityManager: Unbind failed: could not find connection for android.app.LoadedApk$ServiceDispatcher$InnerConnection@ae80346
07-20 14:31:45.328  2021  2470 E JobScheduler.Concurrency: Error executing JobStatus{9b26a6 #u0a107/-2743192 com.openai.chatgpt/com.google.android.datatransport.runtime.scheduling.jobscheduling.JobInfoSchedulerService u=0 s=10107 TIME=-1h22m11s843ms:none NET READY}
07-20 14:31:45.328  1486  3850 I SurfaceFlinger: onHandleDestroyed: name=com.transsion.XOSLauncher/com.android.launcher3.uioverrides.QuickstepLauncher#12082, layerId=12082, parentId=0
07-20 14:31:45.334 27357 28404 D WM-GreedyScheduler: Cancelling work ID b5528248-efdc-486d-ad10-78b9b80e463a
07-20 14:31:45.336  1486  1486 I BufferQueueProducer: [StatusBar#99](this:0xb40000796b7d8758,id:-1,api:0,p:-1,c:1486) queueBuffer: fps=1.35 dur=1482.57 max=1466.37 min=16.19
07-20 14:31:45.337  1486  1486 I BufferQueueDebug: [com.transsion.XOSLauncher/com.android.launcher3.uioverrides.QuickstepLauncher#12082](this:0xb40000796b852e88,id:-1,api:0,p:-1,c:1486) onDestructor()
07-20 14:31:45.338  1486  1486 I SurfaceFlinger: onHandleDestroyed: name=Surface(name=b7e9b41 InputMethod)/@0x48a8d4 - animation-leash of insets_animation#12089, layerId=12089, parentId=0
07-20 14:31:45.339 27357 27357 D WM-Processor: Processor 58579564-b544-4294-aeac-6eb138665af2 executed; reschedule = false
07-20 14:31:45.339 27357 27357 D WM-GreedyScheduler: Stopping tracking for WorkGenerationalId(workSpecId=58579564-b544-4294-aeac-6eb138665af2, generation=0)
07-20 14:31:45.340 27357 27357 D WM-SystemJobService: 58579564-b544-4294-aeac-6eb138665af2 executed on JobScheduler
07-20 14:31:45.344 27357 28404 D WM-GreedyScheduler: Cancelling work ID 58579564-b544-4294-aeac-6eb138665af2
07-20 14:31:45.353  1486  1486 I BufferQueueDebug: [Surface(name=b7e9b41 InputMethod)/@0x48a8d4 - animation-leash of insets_animation#12089](this:0xb40000796b7d2c38,id:-1,api:0,p:-1,c:1486) onDestructor()
07-20 14:31:45.368  1367 23459 W AudioALSACaptureDataProviderNormal: readThread, latency_in_s,0.000001,0.039877,0.000057, totalTime 0.039935 > logTimeout 0.022000 TIMEOUT!!
07-20 14:31:45.429  2021  2113 I mtkpower_client: perf_lock_rel, hdl:25877, tid:2113
07-20 14:31:45.430  1419  1494 I libPowerHal: [PD] system_server update cmd:1408300 param:0
07-20 14:31:45.432  1499  1511 D ccci_mdinit: (1):monitor_time_update_thread round:25552 ########
07-20 14:31:45.468  1367 23459 W AudioALSACaptureDataProviderNormal: readThread, latency_in_s,0.000001,0.039763,0.000057, totalTime 0.039821 > logTimeout 0.022000 TIMEOUT!!
07-20 14:31:45.493 27357 28426 E FeatureFlagsImplExport: android.os.flagging.AconfigStorageReadException: ERROR_PACKAGE_NOT_FOUND: package com.android.libcore cannot be found on the device
07-20 14:31:45.567  1367 23459 W AudioALSACaptureDataProviderNormal: readThread, latency_in_s,0.000001,0.039844,0.000042, totalTime 0.039887 > logTimeout 0.022000 TIMEOUT!!
07-20 14:31:45.677  2856  3041 D ImageWallpaper: onSurfaceRedrawNeeded
07-20 14:31:45.678  2021  3945 D WindowManager: System monitor finishDrawingWindow w: Window{a715d53 u0 com.android.systemui.wallpapers.ImageWallpaper}; mDrawState = HAS_DRAWN
07-20 14:31:45.728  1367 23459 W AudioALSACaptureDataProviderNormal: readThread, latency_in_s,0.000001,0.039953,0.000078, totalTime 0.040031 > logTimeout 0.022000 TIMEOUT!!
07-20 14:31:45.889  1419  1468 I libPerfCtl: xgfGetFPS pid:2856 fps:-1
07-20 14:31:45.889  1419  1468 I AppThermalMode: [perfNotifyThermalState] hdl:0
07-20 14:31:45.889  1419  1468 I AppThermalMode: [findAppThermalIdx] Fail: appThermalModeEnable: 0,currentFPS: -1,fg->pid:27357
07-20 14:31:45.889  1419  1468 I AppThermalMode: [perfNotifyThermalState] appThermalIdx -1:
07-20 14:31:45.889  1419  1468 I libPerfCtl: xgfGetFPS pid:5015 fps:-1
07-20 14:31:45.889  1419  1468 I AppThermalMode: [perfNotifyThermalState] hdl:0
07-20 14:31:45.889  1419  1468 I AppThermalMode: [findAppThermalIdx] Fail: appThermalModeEnable: 0,currentFPS: -1,fg->pid:27357
07-20 14:31:45.889  1419  1468 I AppThermalMode: [perfNotifyThermalState] appThermalIdx -1:
07-20 14:31:45.889  1419  1468 I libPerfCtl: xgfGetFPS pid:27357 fps:-1
07-20 14:31:45.889  1419  1468 I AppThermalMode: [perfNotifyThermalState] hdl:0
07-20 14:31:45.889  1419  1468 I AppThermalMode: [findAppThermalIdx] Fail: appThermalModeEnable: 0,currentFPS: -1,fg->pid:27357
07-20 14:31:45.889  1419  1468 I AppThermalMode: [perfNotifyThermalState] appThermalIdx -1:
07-20 14:31:46.261  1694  1724 E uas-service: thread_id = ux_exact_gclauncher is Invalid
07-20 14:31:46.261  1694  1724 E uas-service: check uxtaglist failed.
07-20 14:31:46.272  2021  2847 I mtkpower_client: perf_lock_acq, hdl:25835, dur:3000, num:2, pid:2021, tid:2847
07-20 14:31:46.274  2021  2847 I mtkpower_client: ret_hdl:25879
07-20 14:31:46.275  1419  1494 I SbeHandle: end_default_hold_time HindID : 21
07-20 14:31:46.275  2021  2847 I PowerHalMgrImpl: hdl:25879, pid:2021 
07-20 14:31:46.275  1419  1494 I libPowerHal: [disableScenarioByHintId] Disable HindID : 21
07-20 14:31:46.275  1419  1494 I libPowerHal: [disableScenarioByHintId] Disable HindID : 57
07-20 14:31:46.275  2021  2847 I mtkpower_client: perf_lock_rel, hdl:25879, tid:2847
07-20 14:31:46.276  1419  1494 I SbeHandle: end_default_hold_time HindID : 21
07-20 14:31:46.277  1419  1494 I libPowerHal: [disableScenarioByHintId] Disable HindID : 21
07-20 14:31:46.277  1419  1494 I libPowerHal: [disableScenarioByHintId] Disable HindID : 57
07-20 14:31:46.277  1419  1494 I libPowerHal: [PD] system_server update ONESHOT cmd:3410300 param:21
07-20 14:31:46.324  2848  3230 I ion.XOSLauncher: Explicit concurrent mark compact GC freed 2470KB AllocSpace bytes, 30(1872KB) LOS objects, 49% free, 11MB/23MB, paused 451us,1.621ms total 62.552ms
07-20 14:31:46.333  2848  3185 W ion.XOSLauncher: ApkAssets: Deleting an ApkAssets object '<empty> and /data/app/~~MQr88mzsnVFmtcHqt-G6og==/com.example.controlhorario-SEpSKOwtDKwMLMi7p0h7zA==/base.apk' with 1 weak references
07-20 14:31:46.462  3098  3258 I bt_btif_dm: btif_dm.cc:533 get_cod: remote_cod=0x00001f00
07-20 14:31:46.462  3098  3345 I bt_shim_scanner: [le_scanning_manager.cc(851)] handle_remote_properties: handle_remote_properties  device_type= 2
07-20 14:31:46.506  3098  3345 I bt_shim_scanner: [le_scanning_manager.cc(851)] handle_remote_properties: handle_remote_properties  device_type= 2
07-20 14:31:46.508  3098  3345 I bt_shim_scanner: [le_scanning_manager.cc(851)] handle_remote_properties: handle_remote_properties  device_type= 2
07-20 14:31:46.508  3098  3258 I bt_btif_dm: btif_dm.cc:533 get_cod: remote_cod=0x00001f00
07-20 14:31:46.529  3098  3345 I bt_shim_scanner: [le_scanning_manager.cc(851)] handle_remote_properties: handle_remote_properties  device_type= 3
07-20 14:31:46.549  3098  3345 I bt_shim_scanner: [le_scanning_manager.cc(851)] handle_remote_properties: handle_remote_properties  device_type= 2
07-20 14:31:46.549  3098  3258 I bt_btif_dm: btif_dm.cc:533 get_cod: remote_cod=0x00001f00
07-20 14:31:46.561  3098  3345 I bt_btif_dm: btif_dm.cc:763 btif_update_remote_properties: class of device (cod) is 0x000914
07-20 14:31:46.561  3098  3258 I bt_btif_dm: btif_dm.cc:533 get_cod: remote_cod=0x00000914
07-20 14:31:46.562  3098  3345 I bt_shim_scanner: [le_scanning_manager.cc(851)] handle_remote_properties: handle_remote_properties  device_type= 2
07-20 14:31:46.689  1386  1386 I android.hardware.thermal@2.0-service.mtk: fill_temperatures filterType1 name: SKIN type: SKIN throttlingStatus: NONE value: 37.777 ret_temps size 0
07-20 14:31:46.693  4799  5056 D TriggerService: trigger service is running
07-20 14:31:46.704  2021  2598 I TranWifiSmartAssistantController: start current network monitor 
07-20 14:31:46.705  2021  2598 I TranWifiSmartAssistantController: userIgnored :false isScoredCurrentNetwork :false
07-20 14:31:46.705  2021  2598 I TranWifiSmartAssistantController: mCurrentNetwork :128 SSID :"Comercial Reyito 2 5G"
07-20 14:31:46.707  2021  2598 I WifiNetworkQuality: current rssi is sufficient
07-20 14:31:46.707  2021  2598 I TranWifiSmartAssistantController: mNoCandidateCount : -1
07-20 14:31:46.707  2021  2598 I TranWifiSmartAssistantController: ====>>rssi :-39
07-20 14:31:46.783  1360  1360 I zygote  : Delayed USAP Pool refill. New USAPs: 1
07-20 14:31:46.804  1360  1360 D Zygote  : Forked child process 28448
07-20 14:31:46.889  1419  1468 I libPerfCtl: xgfGetFPS pid:2856 fps:-1
07-20 14:31:46.889  1419  1468 I AppThermalMode: [perfNotifyThermalState] hdl:0
07-20 14:31:46.889  1419  1468 I AppThermalMode: [findAppThermalIdx] Fail: appThermalModeEnable: 0,currentFPS: -1,fg->pid:27357
07-20 14:31:46.889  1419  1468 I AppThermalMode: [perfNotifyThermalState] appThermalIdx -1:
07-20 14:31:46.889  1419  1468 I libPerfCtl: xgfGetFPS pid:5015 fps:-1
07-20 14:31:46.889  1419  1468 I AppThermalMode: [perfNotifyThermalState] hdl:0
07-20 14:31:46.889  1419  1468 I AppThermalMode: [findAppThermalIdx] Fail: appThermalModeEnable: 0,currentFPS: -1,fg->pid:27357
07-20 14:31:46.889  1419  1468 I AppThermalMode: [perfNotifyThermalState] appThermalIdx -1:
07-20 14:31:46.889  1419  1468 I libPerfCtl: xgfGetFPS pid:27357 fps:-1
07-20 14:31:46.889  1419  1468 I AppThermalMode: [perfNotifyThermalState] hdl:0
07-20 14:31:46.889  1419  1468 I AppThermalMode: [findAppThermalIdx] Fail: appThermalModeEnable: 0,currentFPS: -1,fg->pid:27357
07-20 14:31:46.889  1419  1468 I AppThermalMode: [perfNotifyThermalState] appThermalIdx -1:
07-20 14:31:46.935 27357 28426 D EmployeeSync: HTTP: 200 en 1620 ms
07-20 14:31:46.936 27357 28426 D EmployeeSync: company_id: 672b1cef-65d7-4e55-99b0-31b3b1d5a4fa; diagnostic_request_id: 92ef9883-0040-4484-800f-4bb9f122a9e9
07-20 14:31:46.936 27357 28426 D EmployeeSync: empleados recibidos: activos=0, inactivos=0, cursor=EmployeeSyncCursor(updatedAt=2026-07-20T17:12:43.889413+00:00, id=b913f070-dd86-4751-9c2f-63643763f6f2), hasMore=false
07-20 14:31:46.937 27357 28426 D EmployeeSync: Room recibe página: activos=0, inactivos=0, cursor_respuesta=EmployeeSyncCursor(updatedAt=2026-07-20T17:12:43.889413+00:00, id=b913f070-dd86-4751-9c2f-63643763f6f2)
07-20 14:31:46.950 27357 28426 D EmployeeSync: Room sync final: recibidos=0, insertados=0, actualizados=0, descartados=0, activados=0, desactivados=0, cursor_guardado=EmployeeSyncCursor(updatedAt=2026-07-20T17:12:43.889413+00:00, id=b913f070-dd86-4751-9c2f-63643763f6f2)
07-20 14:31:46.951 27357 28426 D EmployeeSync: WorkManager éxito: EmployeeSyncSummary(downloaded=0, activated=0, deactivated=0, syncedAt=1784572306945)
07-20 14:31:46.955 27357 28402 I WM-WorkerWrapper: Worker result SUCCESS for Work [ id=b353fe54-f5f1-4d47-87e0-2e370d7c914d, tags={ com.example.controlhorario.device.EmployeeSyncWorker } ]
07-20 14:31:46.958 27357 27357 D WM-Processor: Processor b353fe54-f5f1-4d47-87e0-2e370d7c914d executed; reschedule = false
07-20 14:31:46.958 27357 27357 D WM-GreedyScheduler: Stopping tracking for WorkGenerationalId(workSpecId=b353fe54-f5f1-4d47-87e0-2e370d7c914d, generation=0)
07-20 14:31:46.959 27357 27357 D WM-SystemJobService: b353fe54-f5f1-4d47-87e0-2e370d7c914d executed on JobScheduler
07-20 14:31:46.963 27357 28402 D WM-GreedyScheduler: Cancelling work ID b353fe54-f5f1-4d47-87e0-2e370d7c914d
07-20 14:31:46.973 27357 28402 D WM-NetworkStateTracker: Unregistering network callback
07-20 14:31:47.036  1486  1486 I BufferQueueProducer: [SmartPanel_handleView#12021](this:0xb40000796b883518,id:-1,api:0,p:-1,c:1486) queueBuffer: fps=0.33 dur=3016.52 max=3016.52 min=3016.52
07-20 14:31:47.038  1376  1459 I hwcomposer: [HWCDisplay] [Display_0 (type:1)] fps:17.053686,dur:1935.07,max:1117.05,min:14.85  
07-20 14:31:47.070  1486  1486 I BufferQueueProducer: [StatusBar#99](this:0xb40000796b7d8758,id:-1,api:0,p:-1,c:1486) queueBuffer: fps=1.73 dur=1733.34 max=1150.51 min=16.62
07-20 14:31:47.330  2021  2596 D TranWifiTputMonitor: WIFI: TX: 2 RX: 2 TOTAL = 4
07-20 14:31:47.330  2021  2596 D TranWifiTputMonitor: High Tput: false, TOTAL TPUT: 4
07-20 14:31:47.416 28194 28196 I AidlLazyServiceRegistrar: Process has 0 (of 1 available) client(s) in use after notification artd has clients: 0
07-20 14:31:47.416 28194 28196 I AidlLazyServiceRegistrar: Trying to shut down the service. No clients in use for any service in process.
07-20 14:31:47.416 28194 28196 I AidlLazyServiceRegistrar: Unregistered all clients and exiting
07-20 14:31:47.714  1777  1878 D ULogGuard: Monitoring: 16 threads, 0 requests, 0 time-bombs; 3 guards. ResetFlags = 0x7
07-20 14:31:47.838  3098  3345 I bt_shim_scanner: [le_scanning_manager.cc(851)] handle_remote_properties: handle_remote_properties  device_type= 2
07-20 14:31:47.838  3098  3258 I bt_btif_dm: btif_dm.cc:533 get_cod: remote_cod=0x00001f00
07-20 14:31:47.882  3098  3345 I bt_shim_scanner: [le_scanning_manager.cc(851)] handle_remote_properties: handle_remote_properties  device_type= 2
07-20 14:31:47.882  3098  3258 I bt_btif_dm: btif_dm.cc:533 get_cod: remote_cod=0x00001f00
07-20 14:31:47.887  3098  3345 I bt_shim_scanner: [le_scanning_manager.cc(851)] handle_remote_properties: handle_remote_properties  device_type= 3
07-20 14:31:47.889  1419  1468 I libPerfCtl: xgfGetFPS pid:2856 fps:-1
07-20 14:31:47.889  1419  1468 I AppThermalMode: [perfNotifyThermalState] hdl:0
07-20 14:31:47.890  1419  1468 I AppThermalMode: [findAppThermalIdx] Fail: appThermalModeEnable: 0,currentFPS: -1,fg->pid:27357
07-20 14:31:47.890  1419  1468 I AppThermalMode: [perfNotifyThermalState] appThermalIdx -1:
07-20 14:31:47.890  1419  1468 I libPerfCtl: xgfGetFPS pid:5015 fps:-1
07-20 14:31:47.890  1419  1468 I AppThermalMode: [perfNotifyThermalState] hdl:0
07-20 14:31:47.890  1419  1468 I AppThermalMode: [findAppThermalIdx] Fail: appThermalModeEnable: 0,currentFPS: -1,fg->pid:27357
07-20 14:31:47.890  1419  1468 I AppThermalMode: [perfNotifyThermalState] appThermalIdx -1:
07-20 14:31:47.890  1419  1468 I libPerfCtl: xgfGetFPS pid:27357 fps:-1
07-20 14:31:47.890  1419  1468 I AppThermalMode: [perfNotifyThermalState] hdl:0
07-20 14:31:47.890  1419  1468 I AppThermalMode: [findAppThermalIdx] Fail: appThermalModeEnable: 0,currentFPS: -1,fg->pid:27357
07-20 14:31:47.890  1419  1468 I AppThermalMode: [perfNotifyThermalState] appThermalIdx -1:
07-20 14:31:47.903  3098  3345 I bt_shim_scanner: [le_scanning_manager.cc(851)] handle_remote_properties: handle_remote_properties  device_type= 3
07-20 14:31:47.922  3098  3345 I bt_shim_scanner: [le_scanning_manager.cc(851)] handle_remote_properties: handle_remote_properties  device_type= 2
07-20 14:31:47.922  3098  3258 I bt_btif_dm: btif_dm.cc:533 get_cod: remote_cod=0x00001f00
07-20 14:31:47.971  3098  3345 I bt_shim_scanner: [le_scanning_manager.cc(851)] handle_remote_properties: handle_remote_properties  device_type= 2
07-20 14:31:47.973  3098  3345 I AppScanStats: BLE_SCAN_RESULT_RECEIVED[2]reportBleScanResults=9400
07-20 14:31:48.048  2021  2065 D AES     : AEEIOCTL_GET/SET_SF_STATE IOCTL,cmd= 1074294797, lParam=0. 
07-20 14:31:48.048  2021  2065 D AES     : AEEIOCTL_RT_MON_Kick IOCTL,cmd= 2147774474, lParam=300. 
07-20 14:31:48.361  4675  5607 I AiAiStatsd: No op: the most recent atoms from the date 2026-07-19 have been uploaded.
07-20 14:31:48.694  4799  5056 D TriggerService: trigger service is running
07-20 14:31:48.850 27357 28386 D FdLeakLice: FdLeakCheck app is not systemapp!!!
07-20 14:31:48.890  1419  1468 I libPerfCtl: xgfGetFPS pid:2856 fps:-1
07-20 14:31:48.890  1419  1468 I AppThermalMode: [perfNotifyThermalState] hdl:0
07-20 14:31:48.890  1419  1468 I AppThermalMode: [findAppThermalIdx] Fail: appThermalModeEnable: 0,currentFPS: -1,fg->pid:27357
07-20 14:31:48.890  1419  1468 I AppThermalMode: [perfNotifyThermalState] appThermalIdx -1:
07-20 14:31:48.890  1419  1468 I libPerfCtl: xgfGetFPS pid:5015 fps:-1
07-20 14:31:48.890  1419  1468 I AppThermalMode: [perfNotifyThermalState] hdl:0
07-20 14:31:48.890  1419  1468 I AppThermalMode: [findAppThermalIdx] Fail: appThermalModeEnable: 0,currentFPS: -1,fg->pid:27357
07-20 14:31:48.890  1419  1468 I AppThermalMode: [perfNotifyThermalState] appThermalIdx -1:
07-20 14:31:48.890  1419  1468 I libPerfCtl: xgfGetFPS pid:27357 fps:-1
07-20 14:31:48.890  1419  1468 I AppThermalMode: [perfNotifyThermalState] hdl:0
07-20 14:31:48.890  1419  1468 I AppThermalMode: [findAppThermalIdx] Fail: appThermalModeEnable: 0,currentFPS: -1,fg->pid:27357
07-20 14:31:48.890  1419  1468 I AppThermalMode: [perfNotifyThermalState] appThermalIdx -1:
07-20 14:31:48.892  2021  3448 D TLinkBrush_DATA: [NetdEvent]onTcpSocketStatsEvent
07-20 14:31:48.991  3049 28689 D IpClient/wlan0: interfaceLinkStateChanged: ifindex 37 up
07-20 14:31:49.249  3098  3345 I bt_shim_scanner: [le_scanning_manager.cc(851)] handle_remote_properties: handle_remote_properties  device_type= 3
07-20 14:31:49.252  3098  3345 I AppScanStats: BLE_SCAN_RESULT_RECEIVED[1]reportBleScanResults=9300
07-20 14:31:49.282  3098  3345 I bt_shim_scanner: [le_scanning_manager.cc(851)] handle_remote_properties: handle_remote_properties  device_type= 3
07-20 14:31:49.300  3098  3345 I bt_shim_scanner: [le_scanning_manager.cc(851)] handle_remote_properties: handle_remote_properties  device_type= 2
