07-20 18:41:20.148 20278 22458 D WM-WorkConstraintsTrack: NetworkRequestConstraintController onCapabilitiesChanged callback
07-20 18:41:20.149  1376  1658 I hwcomposer: [DRMDEV] (0) failed to waitNextVsync: -1  
07-20 18:41:20.151  9416 10327 I NullBinder: NullBinder for android.net.action.RECOMMEND_NETWORKS triggering remote TransactionTooLargeException due to Service without Chimera impl, calling uid: 1000, calling pid: 0
07-20 18:41:20.151 13969 14115 D VASDK-NetworkState: onCapabilitiesChanged, init time:1784587145651 cellular:false wifi:true
07-20 18:41:20.152  9416 10327 W .gms.persistent: Large reply transaction of 1056768 bytes, interface descriptor , code 1
07-20 18:41:20.154  2021  2602 D ConnectivityService: NetReassign [no changes] [c 0] [a 1] [i 2]
07-20 18:41:20.155  9416 12266 I NearbyMediums: Wifi changed new SSID: "Comercial Reyito 2"
07-20 18:41:20.156  9416 12266 I NearbyMediums: WifiLanConnectivityInfo is not changed, skip notify.
07-20 18:41:20.165  1376  1658 I hwcomposer: [DRMDEV] (0) failed to waitNextVsync: -1  
07-20 18:41:20.181  1376  1658 I hwcomposer: [DRMDEV] (0) failed to waitNextVsync: -1  
07-20 18:41:20.188  1486  1486 I BufferQueueProducer: [StatusBar#99](this:0xb40000796b7d8758,id:-1,api:0,p:-1,c:1486) queueBuffer: fps=0.54 dur=3683.28 max=3047.63 min=635.65
07-20 18:41:20.190  1376  1376 I hwcomposer: [HWCDisplay] [Display_0 (type:1)] fps:0.543026,dur:3683.06,max:3047.63,min:635.43  
07-20 18:41:20.295  2021  2043 I system_server: Background young concurrent mark compact GC freed 23MB AllocSpace bytes, 64(1256KB) LOS objects, 20% free, 92MB/116MB, paused 1.671ms,6.899ms total 160.944ms
07-20 18:41:20.301  2021  2045 W System  : A resource failed to call close. 
07-20 18:41:20.302  2021  2045 W System  : A resource failed to call close. 
07-20 18:41:20.383  2021  2021 D NetworkStatusMonitor: getAllInterfaceNames network type is wifi
07-20 18:41:20.383  2021  2021 D NetworkStatusMonitor: onNetworkTypeChanged wifi => wifi
07-20 18:41:20.417  1575  1575 W adbd    : timeout expired while flushing socket, closing
07-20 18:41:20.500  1419  1468 I libPerfCtl: xgfGetFPS pid:2856 fps:-1
07-20 18:41:20.500  1419  1468 I AppThermalMode: [perfNotifyThermalState] hdl:0
07-20 18:41:20.500  1419  1468 I AppThermalMode: [findAppThermalIdx] Fail: appThermalModeEnable: 0,currentFPS: -1,fg->pid:2848
07-20 18:41:20.500  1419  1468 I AppThermalMode: [perfNotifyThermalState] appThermalIdx -1:
07-20 18:41:20.569  2021  2598 I TranWifiSmartAssistantController: start current network monitor 
07-20 18:41:20.569  2021  2598 I TranWifiSmartAssistantController: userIgnored :false isScoredCurrentNetwork :false
07-20 18:41:20.569  2021  2598 I TranWifiSmartAssistantController: mCurrentNetwork :132 SSID :"Comercial Reyito 2"
07-20 18:41:20.571  2021  2598 I WifiNetworkQuality: current rssi is sufficient
07-20 18:41:20.572  2021  2598 I TranWifiSmartAssistantController: mNoCandidateCount : -1
07-20 18:41:20.572  2021  2598 I TranWifiSmartAssistantController: ====>>rssi :-30
07-20 18:41:20.641  3098  3345 I bt_shim_scanner: [le_scanning_manager.cc(851)] handle_remote_properties: handle_remote_properties  device_type= 2
07-20 18:41:20.643  3098  3258 I bt_btif_dm: btif_dm.cc:533 get_cod: remote_cod=0x00001f00
07-20 18:41:20.643  3098  3345 I bt_shim_scanner: [le_scanning_manager.cc(851)] handle_remote_properties: handle_remote_properties  device_type= 2
07-20 18:41:20.644  9416 12266 I NearbySharing: Network state changed: NetworkState(isRestricted=false, isOnline=true, isCongested=false, isMetered=false, isWifiConnected=true)
07-20 18:41:20.657  2021  2831 I Hiber/importantScene: widget: packageName=com.transsion.iotcard
07-20 18:41:20.657  2021  2831 I Hiber/appStateMachine: uid:10313, pkg=com.transsion.iotcard  can't transition from R to F ,importantcase is : widget
07-20 18:41:20.664  3098  3345 I bt_shim_scanner: [le_scanning_manager.cc(851)] handle_remote_properties: handle_remote_properties  device_type= 3
07-20 18:41:20.779  3098  3345 I bt_shim_scanner: [le_scanning_manager.cc(851)] handle_remote_properties: handle_remote_properties  device_type= 2
07-20 18:41:20.779  3098  3258 I bt_btif_dm: btif_dm.cc:533 get_cod: remote_cod=0x00001f00
07-20 18:41:20.826  3098  3345 I bt_shim_scanner: [le_scanning_manager.cc(851)] handle_remote_properties: handle_remote_properties  device_type= 2
07-20 18:41:20.826  3098  3258 I bt_btif_dm: btif_dm.cc:533 get_cod: remote_cod=0x00001f00
07-20 18:41:20.878  3098  3345 I bt_shim_scanner: [le_scanning_manager.cc(851)] handle_remote_properties: handle_remote_properties  device_type= 3
07-20 18:41:20.898  4799  5056 D TriggerService: trigger service is running
07-20 18:41:20.946  2021  2596 D TranWifiTputMonitor: WIFI: TX: 0 RX: 4 TOTAL = 4
07-20 18:41:20.946  2021  2596 D TranWifiTputMonitor: High Tput: false, TOTAL TPUT: 4
07-20 18:41:20.969  1367 13689 W AudioALSACaptureDataProviderNormal: readThread, latency_in_s,0.000001,0.022378,0.000138, totalTime 0.022516 > logTimeout 0.022000 TIMEOUT!!
07-20 18:41:20.978  3098  3345 I bt_shim_scanner: [le_scanning_manager.cc(851)] handle_remote_properties: handle_remote_properties  device_type= 3
07-20 18:41:21.376  3098  3345 I bt_shim_scanner: [le_scanning_manager.cc(851)] handle_remote_properties: handle_remote_properties  device_type= 2
07-20 18:41:21.390  3098  3345 I bt_shim_scanner: [le_scanning_manager.cc(851)] handle_remote_properties: handle_remote_properties  device_type= 3
07-20 18:41:21.445  3098  3345 I bt_shim_scanner: [le_scanning_manager.cc(851)] handle_remote_properties: handle_remote_properties  device_type= 2
07-20 18:41:21.445  3098  3258 I bt_btif_dm: btif_dm.cc:533 get_cod: remote_cod=0x00001f00
07-20 18:41:21.451  1575  1575 I adbd    : adbd service requested 'jdwp:27357'
07-20 18:41:21.460  1376  1658 I hwcomposer: [DRMDEV] (0) failed to waitNextVsync: -1  
07-20 18:41:21.465  1376  1658 I hwcomposer: [DRMDEV] (0) failed to waitNextVsync: -1  
07-20 18:41:21.466  3098  3345 I bt_shim_scanner: [le_scanning_manager.cc(851)] handle_remote_properties: handle_remote_properties  device_type= 3
07-20 18:41:21.478  3098  3345 I bt_shim_scanner: [le_scanning_manager.cc(851)] handle_remote_properties: handle_remote_properties  device_type= 2
07-20 18:41:21.481  1376  1658 I hwcomposer: [DRMDEV] (0) failed to waitNextVsync: -1  
07-20 18:41:21.487  3098  3345 I bt_shim_scanner: [le_scanning_manager.cc(851)] handle_remote_properties: handle_remote_properties  device_type= 2
07-20 18:41:21.487  3098  3258 I bt_btif_dm: btif_dm.cc:533 get_cod: remote_cod=0x00001f00
07-20 18:41:21.489  3098  3345 I bt_shim_scanner: [le_scanning_manager.cc(851)] handle_remote_properties: handle_remote_properties  device_type= 3
07-20 18:41:21.492  3098  3345 I AppScanStats: BLE_SCAN_RESULT_RECEIVED[3]reportBleScanResults=1200
07-20 18:41:21.498  1376  1658 I hwcomposer: [DRMDEV] (0) failed to waitNextVsync: -1  
07-20 18:41:21.500  1419  1468 I libPerfCtl: xgfGetFPS pid:2856 fps:-1
07-20 18:41:21.500  1419  1468 I AppThermalMode: [perfNotifyThermalState] hdl:0
07-20 18:41:21.500  1419  1468 I AppThermalMode: [findAppThermalIdx] Fail: appThermalModeEnable: 0,currentFPS: -1,fg->pid:2848
07-20 18:41:21.500  1419  1468 I AppThermalMode: [perfNotifyThermalState] appThermalIdx -1:
07-20 18:41:21.505  1486  1486 I BufferQueueProducer: [StatusBar#99](this:0xb40000796b7d8758,id:-1,api:0,p:-1,c:1486) queueBuffer: fps=0.76 dur=1316.74 max=1316.74 min=1316.74
07-20 18:41:21.508  1376  1376 I hwcomposer: [HWCDisplay] [Display_0 (type:1)] fps:0.759123,dur:1317.31,max:1317.31,min:1317.31  
07-20 18:41:21.529  3098  3345 I bt_shim_scanner: [le_scanning_manager.cc(851)] handle_remote_properties: handle_remote_properties  device_type= 2
07-20 18:41:21.529  3098  3258 I bt_btif_dm: btif_dm.cc:533 get_cod: remote_cod=0x00001f00
07-20 18:41:21.669  1367 13689 W AudioALSACaptureDataProviderNormal: readThread, latency_in_s,0.000001,0.021918,0.000131, totalTime 0.022050 > logTimeout 0.022000 TIMEOUT!!
07-20 18:41:22.108  3098  3345 I bt_shim_scanner: [le_scanning_manager.cc(851)] handle_remote_properties: handle_remote_properties  device_type= 2
07-20 18:41:22.119  3098  3345 I bt_shim_scanner: [le_scanning_manager.cc(851)] handle_remote_properties: handle_remote_properties  device_type= 3
07-20 18:41:22.209  3098  3345 I bt_shim_scanner: [le_scanning_manager.cc(851)] handle_remote_properties: handle_remote_properties  device_type= 3
07-20 18:41:22.212  3098  3345 I bt_shim_scanner: [le_scanning_manager.cc(851)] handle_remote_properties: handle_remote_properties  device_type= 2
07-20 18:41:22.253  3098  3345 I bt_shim_scanner: [le_scanning_manager.cc(851)] handle_remote_properties: handle_remote_properties  device_type= 2
07-20 18:41:22.253  3098  3258 I bt_btif_dm: btif_dm.cc:533 get_cod: remote_cod=0x00001f00
07-20 18:41:22.500  1419  1468 I libPerfCtl: xgfGetFPS pid:2856 fps:-1
07-20 18:41:22.500  1419  1468 I AppThermalMode: [perfNotifyThermalState] hdl:0
07-20 18:41:22.501  1419  1468 I AppThermalMode: [findAppThermalIdx] Fail: appThermalModeEnable: 0,currentFPS: -1,fg->pid:2848
07-20 18:41:22.501  1419  1468 I AppThermalMode: [perfNotifyThermalState] appThermalIdx -1:
07-20 18:41:22.701 14227 14248 W TABE.DetectExitController: exitApp unbind service by fw.
07-20 18:41:22.702 14227 14248 W ContextImpl: Calling a method in the system process without a qualified user: android.app.ContextImpl.stopService:2113 android.content.ContextWrapper.stopService:858 s2.b.handleMessage:2 android.os.Handler.dispatchMessage:107 android.os.Looper.loopOnce:311 
07-20 18:41:22.704  2021  2071 D CompatChangeReporter: Compat change id reported: 311208629; UID 1000; state: ENABLED
07-20 18:41:22.712  2021  2071 I TranTabeServiceManager: unbind tabe service and disconnected.
07-20 18:41:22.713  2021  2060 E ApplicationHelper: Fail to get PackageManager
07-20 18:41:22.713 14227 14248 I TABE.DetectExitController: destroy.
07-20 18:41:22.714 14227 14248 W TABE.DetectExitController: exitApp.
07-20 18:41:22.715 14227 14248 I Process : Sending signal. PID: 14227 SIG: 9
07-20 18:41:22.716  2021  2060 E ApplicationHelper: Fail to get PackageManager
07-20 18:41:22.755  2021  3243 V ActivityManager: Death received in com.android.server.am.ActivityManagerService$AppDeathRecipient@e4640a8 for thread android.os.BinderProxy@58ce7c1
07-20 18:41:22.755  2021  3243 I ActivityManager: Process com.transsion.tabe (pid 14227) has died: cch+5 CEM 
07-20 18:41:22.755  2021  3243 I ActivityManager: need getLruProcesses
07-20 18:41:22.755  1360  1360 I Zygote  : Process 14227 exited due to signal 9 (Killed)
07-20 18:41:22.756  2021  3243 D os.ActivityManagerServiceLice: make process inactive com.transsion.tabe(14227)
07-20 18:41:22.757  2021  2095 I libprocessgroup: Removed cgroup /sys/fs/cgroup/uid_1000/pid_14227
07-20 18:41:22.758  2021  3243 I mtkpower_client: [PowerHal_Wrap_notifyAppState] com.transsion.tabe/com.transsion.tabe pid=14227 activityId:14227 state:3
07-20 18:41:22.758  2021  3243 I mtkpower_client: [Legacy][PowerHal_Wrap_notifyAppState] com.transsion.tabe/com.transsion.tabe pid=14227 state:14227
07-20 18:41:22.759  1419  1494 I libPowerHal: [perfNotifyAppState] pack:com.transsion.tabe, act:com.transsion.tabe, state:3, pid:14227, uid:1000, fps:-1
07-20 18:41:22.759  1419  1494 I libPowerHal: [perfNotifyAppState] pack:com.transsion.tabe, pid:14227, STATE_DEAD
07-20 18:41:22.759  1419  1494 D RilUtility: notify_rild_crash_pid_set certPid:-1, crash:14227, scn:0x0
07-20 18:41:22.865  3098  3345 I bt_btif_dm: btif_dm.cc:763 btif_update_remote_properties: class of device (cod) is 0x000914
07-20 18:41:22.865  3098  3258 I bt_btif_dm: btif_dm.cc:533 get_cod: remote_cod=0x00000914
07-20 18:41:22.865  3098  3345 I bt_shim_scanner: [le_scanning_manager.cc(851)] handle_remote_properties: handle_remote_properties  device_type= 2
07-20 18:41:22.892  3098  3345 I bt_shim_scanner: [le_scanning_manager.cc(851)] handle_remote_properties: handle_remote_properties  device_type= 2
07-20 18:41:22.892  3098  3258 I bt_btif_dm: btif_dm.cc:533 get_cod: remote_cod=0x00001f00
07-20 18:41:22.895  1777  1878 D ULogGuard: Monitoring: 16 threads, 0 requests, 0 time-bombs; 3 guards. ResetFlags = 0x7
07-20 18:41:22.898  4799  5056 D TriggerService: trigger service is running
07-20 18:41:23.161  1990  2357 D NetworkMonitor: isNetworkConnected : true,  isFakeNetwork : false
07-20 18:41:23.170 20278 22458 D WM-WorkConstraintsTrack: NetworkRequestConstraintController onCapabilitiesChanged callback
07-20 18:41:23.172 13969 14115 D VASDK-NetworkState: onCapabilitiesChanged, init time:1784587145651 cellular:false wifi:true
07-20 18:41:23.174  9416 19491 I NullBinder: NullBinder for android.net.action.RECOMMEND_NETWORKS triggering remote TransactionTooLargeException due to Service without Chimera impl, calling uid: 1000, calling pid: 0
07-20 18:41:23.174  9416 19491 W .gms.persistent: Large reply transaction of 1056768 bytes, interface descriptor , code 1
07-20 18:41:23.174  2021  2602 D ConnectivityService: NetReassign [no changes] [c 0] [a 1] [i 1]
07-20 18:41:23.175  9416 12266 I NearbyMediums: Wifi changed new SSID: "Comercial Reyito 2"
07-20 18:41:23.175  9416 12266 I NearbyMediums: WifiLanConnectivityInfo is not changed, skip notify.
07-20 18:41:23.408  2021  2021 D NetworkStatusMonitor: getAllInterfaceNames network type is wifi
07-20 18:41:23.408  2021  2021 D NetworkStatusMonitor: onNetworkTypeChanged wifi => wifi
07-20 18:41:23.501  1419  1468 I libPerfCtl: xgfGetFPS pid:2856 fps:-1
07-20 18:41:23.501  1419  1468 I AppThermalMode: [perfNotifyThermalState] hdl:0
07-20 18:41:23.501  1419  1468 I AppThermalMode: [findAppThermalIdx] Fail: appThermalModeEnable: 0,currentFPS: -1,fg->pid:2848
07-20 18:41:23.501  1419  1468 I AppThermalMode: [perfNotifyThermalState] appThermalIdx -1:
07-20 18:41:23.565  3098  3345 I bt_shim_scanner: [le_scanning_manager.cc(851)] handle_remote_properties: handle_remote_properties  device_type= 2
07-20 18:41:23.570  3098  3345 I bt_shim_scanner: [le_scanning_manager.cc(851)] handle_remote_properties: handle_remote_properties  device_type= 2
07-20 18:41:23.571  3098  3258 I bt_btif_dm: btif_dm.cc:533 get_cod: remote_cod=0x00001f00
07-20 18:41:23.573  2021  2598 I TranWifiSmartAssistantController: start current network monitor 
07-20 18:41:23.574  2021  2598 I TranWifiSmartAssistantController: userIgnored :false isScoredCurrentNetwork :false
07-20 18:41:23.574  2021  2598 I TranWifiSmartAssistantController: mCurrentNetwork :132 SSID :"Comercial Reyito 2"
07-20 18:41:23.576  2021  2598 I WifiNetworkQuality: current rssi is sufficient
07-20 18:41:23.577  2021  2598 I TranWifiSmartAssistantController: mNoCandidateCount : -1
07-20 18:41:23.577  2021  2598 I TranWifiSmartAssistantController: ====>>rssi :-29
07-20 18:41:23.612  3098  3345 I bt_shim_scanner: [le_scanning_manager.cc(851)] handle_remote_properties: handle_remote_properties  device_type= 2
07-20 18:41:23.612  3098  3258 I bt_btif_dm: btif_dm.cc:533 get_cod: remote_cod=0x00001f00
07-20 18:41:23.659  3098  3345 I bt_shim_scanner: [le_scanning_manager.cc(851)] handle_remote_properties: handle_remote_properties  device_type= 2
07-20 18:41:23.659  3098  3258 I bt_btif_dm: btif_dm.cc:533 get_cod: remote_cod=0x00001f00
07-20 18:41:23.666  9416 12266 I NearbySharing: Network state changed: NetworkState(isRestricted=false, isOnline=true, isCongested=false, isMetered=false, isWifiConnected=true)
07-20 18:41:23.672  3098  3345 I bt_shim_scanner: [le_scanning_manager.cc(851)] handle_remote_properties: handle_remote_properties  device_type= 2
07-20 18:41:23.676  3098  3345 I bt_shim_scanner: [le_scanning_manager.cc(851)] handle_remote_properties: handle_remote_properties  device_type= 3
07-20 18:41:23.681  3098  3345 I bt_btif_dm: btif_dm.cc:763 btif_update_remote_properties: class of device (cod) is 0x000914
07-20 18:41:23.681  3098  3258 I bt_btif_dm: btif_dm.cc:533 get_cod: remote_cod=0x00000914
07-20 18:41:23.682  3098  3345 I bt_shim_scanner: [le_scanning_manager.cc(851)] handle_remote_properties: handle_remote_properties  device_type= 2
07-20 18:41:23.705  3098  3345 I bt_shim_scanner: [le_scanning_manager.cc(851)] handle_remote_properties: handle_remote_properties  device_type= 2
07-20 18:41:23.705  3098  3258 I bt_btif_dm: btif_dm.cc:533 get_cod: remote_cod=0x00001f00
07-20 18:41:23.713  2021  2060 E ApplicationHelper: Fail to get PackageManager
07-20 18:41:23.726  2021  2060 E ApplicationHelper: Fail to get PackageManager
07-20 18:41:23.731  9439 14316 I GmscoreIpa: Starting mediastore instant index [CONTEXT service_id=255 ]
07-20 18:41:23.947  2021  2596 D TranWifiTputMonitor: WIFI: TX: 0 RX: 0 TOTAL = 0
07-20 18:41:23.947  2021  2596 D TranWifiTputMonitor: High Tput: false, TOTAL TPUT: 0
07-20 18:41:24.295  3098  3345 I bt_shim_scanner: [le_scanning_manager.cc(851)] handle_remote_properties: handle_remote_properties  device_type= 2
07-20 18:41:24.297  3098  3345 I AppScanStats: BLE_SCAN_RESULT_RECEIVED[1]reportBleScanResults=1500
07-20 18:41:24.315  3098  3345 I bt_shim_scanner: [le_scanning_manager.cc(851)] handle_remote_properties: handle_remote_properties  device_type= 3
07-20 18:41:24.329  3098  3345 I bt_shim_scanner: [le_scanning_manager.cc(851)] handle_remote_properties: handle_remote_properties  device_type= 2
07-20 18:41:24.329  3098  3258 I bt_btif_dm: btif_dm.cc:533 get_cod: remote_cod=0x00001f00
07-20 18:41:24.356  3098  3345 I bt_shim_scanner: [le_scanning_manager.cc(851)] handle_remote_properties: handle_remote_properties  device_type= 3
07-20 18:41:24.395  3098  3345 I bt_shim_scanner: [le_scanning_manager.cc(851)] handle_remote_properties: handle_remote_properties  device_type= 2
07-20 18:41:24.417  3098  3345 I bt_shim_scanner: [le_scanning_manager.cc(851)] handle_remote_properties: handle_remote_properties  device_type= 3
07-20 18:41:24.418  3098  3258 I bt_btif_dm: btif_dm.cc:533 get_cod: remote_cod=0x00001f00
07-20 18:41:24.419  3098  3345 I bt_shim_scanner: [le_scanning_manager.cc(851)] handle_remote_properties: handle_remote_properties  device_type= 2
07-20 18:41:24.501  1419  1468 I libPerfCtl: xgfGetFPS pid:2856 fps:-1
07-20 18:41:24.501  1419  1468 I AppThermalMode: [perfNotifyThermalState] hdl:0
07-20 18:41:24.501  1419  1468 I AppThermalMode: [findAppThermalIdx] Fail: appThermalModeEnable: 0,currentFPS: -1,fg->pid:2848
07-20 18:41:24.501  1419  1468 I AppThermalMode: [perfNotifyThermalState] appThermalIdx -1:
07-20 18:41:24.661  2021  2457 D TLinkBrush_DATA: [NetdEvent]onTcpSocketStatsEvent
07-20 18:41:24.901  4799  5056 D TriggerService: trigger service is running
07-20 18:41:24.969  2021  2770 D aegean_PivotMemCompact: ingore for foucus in same
07-20 18:41:25.096  3098  3258 I bt_btif_dm: btif_dm.cc:533 get_cod: remote_cod=0x00001f00
07-20 18:41:25.096  3098  3345 I bt_shim_scanner: [le_scanning_manager.cc(851)] handle_remote_properties: handle_remote_properties  device_type= 2
07-20 18:41:25.217  3098  3345 I bt_shim_scanner: [le_scanning_manager.cc(851)] handle_remote_properties: handle_remote_properties  device_type= 2
07-20 18:41:25.227  3098  3258 I bt_btif_dm: btif_dm.cc:533 get_cod: remote_cod=0x00001f00
07-20 18:41:25.227  3098  3345 I bt_shim_scanner: [le_scanning_manager.cc(851)] handle_remote_properties: handle_remote_properties  device_type= 2
07-20 18:41:25.501  1419  1468 I libPerfCtl: xgfGetFPS pid:2856 fps:-1
07-20 18:41:25.501  1419  1468 I AppThermalMode: [perfNotifyThermalState] hdl:0
07-20 18:41:25.501  1419  1468 I AppThermalMode: [findAppThermalIdx] Fail: appThermalModeEnable: 0,currentFPS: -1,fg->pid:2848
07-20 18:41:25.501  1419  1468 I AppThermalMode: [perfNotifyThermalState] appThermalIdx -1:
07-20 18:41:25.698  1386  1386 I android.hardware.thermal@2.0-service.mtk: fill_temperatures filterType1 name: SKIN type: SKIN throttlingStatus: NONE value: 35.105 ret_temps size 0
07-20 18:41:25.753  3098  3345 I bt_shim_scanner: [le_scanning_manager.cc(851)] handle_remote_properties: handle_remote_properties  device_type= 2
07-20 18:41:25.753  3098  3258 I bt_btif_dm: btif_dm.cc:533 get_cod: remote_cod=0x00001f00
07-20 18:41:25.755  3098  3258 I bt_btif_dm: btif_dm.cc:533 get_cod: remote_cod=0x00000914
07-20 18:41:25.755  3098  3345 I bt_btif_dm: btif_dm.cc:763 btif_update_remote_properties: class of device (cod) is 0x000914
07-20 18:41:25.756  3098  3345 I bt_shim_scanner: [le_scanning_manager.cc(851)] handle_remote_properties: handle_remote_properties  device_type= 2
07-20 18:41:25.762  3098  3345 I bt_shim_scanner: [le_scanning_manager.cc(851)] handle_remote_properties: handle_remote_properties  device_type= 3
07-20 18:41:25.838  3098  3345 I bt_shim_scanner: [le_scanning_manager.cc(851)] handle_remote_properties: handle_remote_properties  device_type= 2
07-20 18:41:25.838  3098  3258 I bt_btif_dm: btif_dm.cc:533 get_cod: remote_cod=0x00001f00
07-20 18:41:25.840  3098  3345 I bt_shim_scanner: [le_scanning_manager.cc(851)] handle_remote_properties: handle_remote_properties  device_type= 2
07-20 18:41:25.865  3098  3345 I bt_shim_scanner: [le_scanning_manager.cc(851)] handle_remote_properties: handle_remote_properties  device_type= 3
07-20 18:41:25.885  3098  3345 I bt_shim_scanner: [le_scanning_manager.cc(851)] handle_remote_properties: handle_remote_properties  device_type= 2
07-20 18:41:25.885  3098  3258 I bt_btif_dm: btif_dm.cc:533 get_cod: remote_cod=0x00001f00
07-20 18:41:25.896  1777  1878 D ULogGuard: Monitoring: 16 threads, 0 requests, 0 time-bombs; 3 guards. ResetFlags = 0x7
07-20 18:41:25.932  3098  3258 I bt_btif_dm: btif_dm.cc:533 get_cod: remote_cod=0x00001f00
07-20 18:41:25.932  3098  3345 I bt_shim_scanner: [le_scanning_manager.cc(851)] handle_remote_properties: handle_remote_properties  device_type= 2
07-20 18:41:25.944  3098  3345 I bt_shim_scanner: [le_scanning_manager.cc(851)] handle_remote_properties: handle_remote_properties  device_type= 2
07-20 18:41:26.181  1376  1658 I hwcomposer: [DRMDEV] (0) failed to waitNextVsync: -1  
07-20 18:41:26.181  1376  1658 I hwcomposer: [DRMDEV] (0) failed to waitNextVsync: -1  
07-20 18:41:26.198  1376  1658 I hwcomposer: [DRMDEV] (0) failed to waitNextVsync: -1  
07-20 18:41:26.215  1376  1658 I hwcomposer: [DRMDEV] (0) failed to waitNextVsync: -1  
07-20 18:41:26.221  1486  1486 I BufferQueueProducer: [StatusBar#99](this:0xb40000796b7d8758,id:-1,api:0,p:-1,c:1486) queueBuffer: fps=0.21 dur=4716.63 max=4716.63 min=4716.63
07-20 18:41:26.225  1376  1376 I hwcomposer: [HWCDisplay] [Display_0 (type:1)] fps:0.211996,dur:4717.06,max:4717.06,min:4717.06  
07-20 18:41:26.494  3098  3345 I bt_shim_scanner: [le_scanning_manager.cc(851)] handle_remote_properties: handle_remote_properties  device_type= 3
07-20 18:41:26.501  1419  1468 I libPerfCtl: xgfGetFPS pid:2856 fps:-1
07-20 18:41:26.501  1419  1468 I AppThermalMode: [perfNotifyThermalState] hdl:0
07-20 18:41:26.501  1419  1468 I AppThermalMode: [findAppThermalIdx] Fail: appThermalModeEnable: 0,currentFPS: -1,fg->pid:2848
07-20 18:41:26.501  1419  1468 I AppThermalMode: [perfNotifyThermalState] appThermalIdx -1:
07-20 18:41:26.580  2021  2598 I TranWifiSmartAssistantController: start current network monitor 
07-20 18:41:26.581  2021  2598 I TranWifiSmartAssistantController: userIgnored :false isScoredCurrentNetwork :false
07-20 18:41:26.582  2021  2598 I TranWifiSmartAssistantController: mCurrentNetwork :132 SSID :"Comercial Reyito 2"
07-20 18:41:26.584  2021  2598 I WifiNetworkQuality: current rssi is sufficient
07-20 18:41:26.584  2021  2598 I TranWifiSmartAssistantController: mNoCandidateCount : -1
07-20 18:41:26.585  2021  2598 I TranWifiSmartAssistantController: ====>>rssi :-30
07-20 18:41:26.599  3098  3345 I bt_shim_scanner: [le_scanning_manager.cc(851)] handle_remote_properties: handle_remote_properties  device_type= 3
07-20 18:41:26.612  3098  3345 I bt_shim_scanner: [le_scanning_manager.cc(851)] handle_remote_properties: handle_remote_properties  device_type= 2
07-20 18:41:26.612  3098  3258 I bt_btif_dm: btif_dm.cc:533 get_cod: remote_cod=0x00001f00
07-20 18:41:26.743  3119  3119 D TranSignalStrengthComponentImpl: [WCDMA] dbm: -84
07-20 18:41:26.743  3119  3119 D TranSignalStrengthComponentImpl: [WCDMA] dbm: -84
07-20 18:41:26.746  2021  2101 D TranSignalStrengthComponentImpl: [WCDMA] dbm: -84
07-20 18:41:26.749  2021  2101 D TranSignalStrengthComponentImpl: [WCDMA] dbm: -84
07-20 18:41:26.902  4799  5056 D TriggerService: trigger service is running
07-20 18:41:26.951  2021  2596 D TranWifiTputMonitor: WIFI: TX: 0 RX: 0 TOTAL = 0
07-20 18:41:26.952  2021  2596 D TranWifiTputMonitor: High Tput: false, TOTAL TPUT: 0
07-20 18:41:27.238  3098  3345 I bt_shim_scanner: [le_scanning_manager.cc(851)] handle_remote_properties: handle_remote_properties  device_type= 3
07-20 18:41:27.245  3098  3345 I bt_shim_scanner: [le_scanning_manager.cc(851)] handle_remote_properties: handle_remote_properties  device_type= 2
07-20 18:41:27.245  3098  3258 I bt_btif_dm: btif_dm.cc:533 get_cod: remote_cod=0x00001f00
07-20 18:41:27.289  3098  3345 I bt_shim_scanner: [le_scanning_manager.cc(851)] handle_remote_properties: handle_remote_properties  device_type= 2
07-20 18:41:27.289  3098  3258 I bt_btif_dm: btif_dm.cc:533 get_cod: remote_cod=0x00001f00
07-20 18:41:27.305  3098  3345 I bt_shim_scanner: [le_scanning_manager.cc(851)] handle_remote_properties: handle_remote_properties  device_type= 2
07-20 18:41:27.329  3098  3345 I bt_shim_scanner: [le_scanning_manager.cc(851)] handle_remote_properties: handle_remote_properties  device_type= 3
07-20 18:41:27.377  3098  3345 I bt_btif_dm: btif_dm.cc:763 btif_update_remote_properties: class of device (cod) is 0x000914
07-20 18:41:27.378  3098  3258 I bt_btif_dm: btif_dm.cc:533 get_cod: remote_cod=0x00000914
07-20 18:41:27.378  3098  3345 I bt_shim_scanner: [le_scanning_manager.cc(851)] handle_remote_properties: handle_remote_properties  device_type= 2
07-20 18:41:27.383  3098  3258 I bt_btif_dm: btif_dm.cc:533 get_cod: remote_cod=0x00001f00
07-20 18:41:27.384  3098  3345 I bt_shim_scanner: [le_scanning_manager.cc(851)] handle_remote_properties: handle_remote_properties  device_type= 2
07-20 18:41:27.502  1419  1468 I libPerfCtl: xgfGetFPS pid:2856 fps:-1
07-20 18:41:27.502  1419  1468 I AppThermalMode: [perfNotifyThermalState] hdl:0
07-20 18:41:27.502  1419  1468 I AppThermalMode: [findAppThermalIdx] Fail: appThermalModeEnable: 0,currentFPS: -1,fg->pid:2848
07-20 18:41:27.502  1419  1468 I AppThermalMode: [perfNotifyThermalState] appThermalIdx -1:
07-20 18:41:27.909  1367 13689 W AudioALSACaptureDataProviderNormal: readThread, latency_in_s,0.000001,0.021557,0.000497, totalTime 0.022054 > logTimeout 0.022000 TIMEOUT!!
07-20 18:41:27.933  3098  3258 I bt_btif_dm: btif_dm.cc:533 get_cod: remote_cod=0x00001f00
07-20 18:41:27.933  3098  3345 I bt_shim_scanner: [le_scanning_manager.cc(851)] handle_remote_properties: handle_remote_properties  device_type= 2
07-20 18:41:27.947  3098  3345 I bt_shim_scanner: [le_scanning_manager.cc(851)] handle_remote_properties: handle_remote_properties  device_type= 3
07-20 18:41:27.982  3098  3258 I bt_btif_dm: btif_dm.cc:533 get_cod: remote_cod=0x00001f00
07-20 18:41:27.982  3098  3345 I bt_shim_scanner: [le_scanning_manager.cc(851)] handle_remote_properties: handle_remote_properties  device_type= 2
07-20 18:41:28.019  3098  3345 I bt_shim_scanner: [le_scanning_manager.cc(851)] handle_remote_properties: handle_remote_properties  device_type= 2
07-20 18:41:28.022  3098  3258 I bt_btif_dm: btif_dm.cc:533 get_cod: remote_cod=0x00001f00
07-20 18:41:28.022  3098  3345 I bt_shim_scanner: [le_scanning_manager.cc(851)] handle_remote_properties: handle_remote_properties  device_type= 2
07-20 18:41:28.081  3098  3345 I bt_shim_scanner: [le_scanning_manager.cc(851)] handle_remote_properties: handle_remote_properties  device_type= 3
07-20 18:41:28.113  3098  3345 I bt_shim_scanner: [le_scanning_manager.cc(851)] handle_remote_properties: handle_remote_properties  device_type= 2
07-20 18:41:28.114  3098  3258 I bt_btif_dm: btif_dm.cc:533 get_cod: remote_cod=0x00001f00
07-20 18:41:28.191  3098  3345 I bt_btif_dm: btif_dm.cc:763 btif_update_remote_properties: class of device (cod) is 0x000914
07-20 18:41:28.191  3098  3258 I bt_btif_dm: btif_dm.cc:533 get_cod: remote_cod=0x00000914
07-20 18:41:28.192  3098  3345 I bt_shim_scanner: [le_scanning_manager.cc(851)] handle_remote_properties: handle_remote_properties  device_type= 2
07-20 18:41:28.194  3098  3345 I bt_shim_scanner: [le_scanning_manager.cc(851)] handle_remote_properties: handle_remote_properties  device_type= 3
07-20 18:41:28.197  3098  3345 I bt_shim_scanner: [le_scanning_manager.cc(851)] handle_remote_properties: handle_remote_properties  device_type= 2
07-20 18:41:28.197  3098  3258 I bt_btif_dm: btif_dm.cc:533 get_cod: remote_cod=0x00001f00
07-20 18:41:28.504  1419  1468 I libPerfCtl: xgfGetFPS pid:2856 fps:-1
07-20 18:41:28.504  1419  1468 I AppThermalMode: [perfNotifyThermalState] hdl:0
07-20 18:41:28.504  1419  1468 I AppThermalMode: [findAppThermalIdx] Fail: appThermalModeEnable: 0,currentFPS: -1,fg->pid:2848
07-20 18:41:28.504  1419  1468 I AppThermalMode: [perfNotifyThermalState] appThermalIdx -1:
07-20 18:41:28.689  3098  3345 I bt_shim_scanner: [le_scanning_manager.cc(851)] handle_remote_properties: handle_remote_properties  device_type= 3
07-20 18:41:28.691  3098  3258 I bt_btif_dm: btif_dm.cc:533 get_cod: remote_cod=0x00001f00
07-20 18:41:28.691  3098  3345 I bt_shim_scanner: [le_scanning_manager.cc(851)] handle_remote_properties: handle_remote_properties  device_type= 3
07-20 18:41:28.695  3098  3345 I bt_shim_scanner: [le_scanning_manager.cc(851)] handle_remote_properties: handle_remote_properties  device_type= 2
07-20 18:41:28.695  3098  3258 I bt_btif_dm: btif_dm.cc:533 get_cod: remote_cod=0x00001f00
07-20 18:41:28.738  3098  3258 I bt_btif_dm: btif_dm.cc:533 get_cod: remote_cod=0x00001f00
07-20 18:41:28.738  3098  3345 I bt_shim_scanner: [le_scanning_manager.cc(851)] handle_remote_properties: handle_remote_properties  device_type= 2
07-20 18:41:28.757  3098  3345 I bt_shim_scanner: [le_scanning_manager.cc(851)] handle_remote_properties: handle_remote_properties  device_type= 2
07-20 18:41:28.781  3098  3345 I bt_shim_scanner: [le_scanning_manager.cc(851)] handle_remote_properties: handle_remote_properties  device_type= 2
07-20 18:41:28.781  3098  3258 I bt_btif_dm: btif_dm.cc:533 get_cod: remote_cod=0x00001f00
07-20 18:41:28.795  3098  3345 I bt_shim_scanner: [le_scanning_manager.cc(851)] handle_remote_properties: handle_remote_properties  device_type= 3
07-20 18:41:28.809  3098  3345 I bt_shim_scanner: [le_scanning_manager.cc(851)] handle_remote_properties: handle_remote_properties  device_type= 3
07-20 18:41:28.845  3098  3345 I bt_shim_scanner: [le_scanning_manager.cc(851)] handle_remote_properties: handle_remote_properties  device_type= 3
07-20 18:41:28.845  3098  3258 I bt_btif_dm: btif_dm.cc:533 get_cod: remote_cod=0x00001f00
07-20 18:41:28.896  1777  1878 D ULogGuard: Monitoring: 16 threads, 0 requests, 0 time-bombs; 3 guards. ResetFlags = 0x7
07-20 18:41:28.902  4799  5056 D TriggerService: trigger service is running
07-20 18:41:29.412  3098  3345 I bt_shim_scanner: [le_scanning_manager.cc(851)] handle_remote_properties: handle_remote_properties  device_type= 2
07-20 18:41:29.412  3098  3258 I bt_btif_dm: btif_dm.cc:533 get_cod: remote_cod=0x00001f00
07-20 18:41:29.421  3098  3345 I bt_shim_scanner: [le_scanning_manager.cc(851)] handle_remote_properties: handle_remote_properties  device_type= 3
07-20 18:41:29.435  3098  3345 I bt_shim_scanner: [le_scanning_manager.cc(851)] handle_remote_properties: handle_remote_properties  device_type= 3
07-20 18:41:29.463  3098  3345 I bt_shim_scanner: [le_scanning_manager.cc(851)] handle_remote_properties: handle_remote_properties  device_type= 2
07-20 18:41:29.463  3098  3258 I bt_btif_dm: btif_dm.cc:533 get_cod: remote_cod=0x00001f00
07-20 18:41:29.488  3098  3345 I bt_shim_scanner: [le_scanning_manager.cc(851)] handle_remote_properties: handle_remote_properties  device_type= 2
07-20 18:41:29.503  3098  3258 I bt_btif_dm: btif_dm.cc:533 get_cod: remote_cod=0x00001f00
07-20 18:41:29.503  3098  3345 I bt_shim_scanner: [le_scanning_manager.cc(851)] handle_remote_properties: handle_remote_properties  device_type= 2
07-20 18:41:29.504  1419  1468 I libPerfCtl: xgfGetFPS pid:2856 fps:-1
07-20 18:41:29.504  1419  1468 I AppThermalMode: [perfNotifyThermalState] hdl:0
07-20 18:41:29.504  1419  1468 I AppThermalMode: [findAppThermalIdx] Fail: appThermalModeEnable: 0,currentFPS: -1,fg->pid:2848
07-20 18:41:29.504  1419  1468 I AppThermalMode: [perfNotifyThermalState] appThermalIdx -1:
07-20 18:41:29.521  3098  3345 I bt_shim_scanner: [le_scanning_manager.cc(851)] handle_remote_properties: handle_remote_properties  device_type= 3
07-20 18:41:29.549  3098  3345 I bt_shim_scanner: [le_scanning_manager.cc(851)] handle_remote_properties: handle_remote_properties  device_type= 2
07-20 18:41:29.549  3098  3258 I bt_btif_dm: btif_dm.cc:533 get_cod: remote_cod=0x00001f00
07-20 18:41:29.588  2021  2598 I TranWifiSmartAssistantController: start current network monitor 
07-20 18:41:29.589  2021  2598 I TranWifiSmartAssistantController: userIgnored :false isScoredCurrentNetwork :false
07-20 18:41:29.590  2021  2598 I TranWifiSmartAssistantController: mCurrentNetwork :132 SSID :"Comercial Reyito 2"
07-20 18:41:29.592  2021  2598 I WifiNetworkQuality: current rssi is sufficient
07-20 18:41:29.592  2021  2598 I TranWifiSmartAssistantController: mNoCandidateCount : -1
07-20 18:41:29.593  2021  2598 I TranWifiSmartAssistantController: ====>>rssi :-30
07-20 18:41:29.956  2021  2596 D TranWifiTputMonitor: WIFI: TX: 0 RX: 0 TOTAL = 0
07-20 18:41:29.956  2021  2596 D TranWifiTputMonitor: High Tput: false, TOTAL TPUT: 0
07-20 18:41:30.181  3098  3345 I bt_shim_scanner: [le_scanning_manager.cc(851)] handle_remote_properties: handle_remote_properties  device_type= 2
07-20 18:41:30.181  3098  3258 I bt_btif_dm: btif_dm.cc:533 get_cod: remote_cod=0x00001f00
07-20 18:41:30.221  3098  3345 I bt_shim_scanner: [le_scanning_manager.cc(851)] handle_remote_properties: handle_remote_properties  device_type= 2
07-20 18:41:30.221  3098  3258 I bt_btif_dm: btif_dm.cc:533 get_cod: remote_cod=0x00001f00
07-20 18:41:30.251  3098  3345 I bt_shim_scanner: [le_scanning_manager.cc(851)] handle_remote_properties: handle_remote_properties  device_type= 3
07-20 18:41:30.271  3098  3345 I bt_shim_scanner: [le_scanning_manager.cc(851)] handle_remote_properties: handle_remote_properties  device_type= 2
07-20 18:41:30.272  3098  3258 I bt_btif_dm: btif_dm.cc:533 get_cod: remote_cod=0x00001f00
07-20 18:41:30.320  3098  3345 I bt_shim_scanner: [le_scanning_manager.cc(851)] handle_remote_properties: handle_remote_properties  device_type= 2
07-20 18:41:30.320  3098  3258 I bt_btif_dm: btif_dm.cc:533 get_cod: remote_cod=0x00001f00
07-20 18:41:30.331  3098  3345 I bt_shim_scanner: [le_scanning_manager.cc(851)] handle_remote_properties: handle_remote_properties  device_type= 2
07-20 18:41:30.504  1419  1468 I libPerfCtl: xgfGetFPS pid:2856 fps:-1
07-20 18:41:30.504  1419  1468 I AppThermalMode: [perfNotifyThermalState] hdl:0
07-20 18:41:30.504  1419  1468 I AppThermalMode: [findAppThermalIdx] Fail: appThermalModeEnable: 0,currentFPS: -1,fg->pid:2848
07-20 18:41:30.504  1419  1468 I AppThermalMode: [perfNotifyThermalState] appThermalIdx -1:
07-20 18:41:30.743  2021  2060 E ApplicationHelper: Fail to get PackageManager
07-20 18:41:30.748  2021  2060 E ApplicationHelper: Fail to get PackageManager
07-20 18:41:30.903  4799  5056 D TriggerService: trigger service is running
07-20 18:41:30.904  3098  3345 I bt_shim_scanner: [le_scanning_manager.cc(851)] handle_remote_properties: handle_remote_properties  device_type= 2
07-20 18:41:30.904  3098  3258 I bt_btif_dm: btif_dm.cc:533 get_cod: remote_cod=0x00001f00
07-20 18:41:30.947  3098  3258 I bt_btif_dm: btif_dm.cc:533 get_cod: remote_cod=0x00001f00
07-20 18:41:30.947  3098  3345 I bt_shim_scanner: [le_scanning_manager.cc(851)] handle_remote_properties: handle_remote_properties  device_type= 2
07-20 18:41:30.963  3098  3345 I bt_shim_scanner: [le_scanning_manager.cc(851)] handle_remote_properties: handle_remote_properties  device_type= 2
07-20 18:41:30.971  3098  3345 I bt_shim_scanner: [le_scanning_manager.cc(851)] handle_remote_properties: handle_remote_properties  device_type= 3
07-20 18:41:30.971  3098  3258 I bt_btif_dm: btif_dm.cc:533 get_cod: remote_cod=0x00001f00
07-20 18:41:30.986  3098  3345 I bt_shim_scanner: [le_scanning_manager.cc(851)] handle_remote_properties: handle_remote_properties  device_type= 3
07-20 18:41:30.988  3098  3345 I bt_shim_scanner: [le_scanning_manager.cc(851)] handle_remote_properties: handle_remote_properties  device_type= 2
07-20 18:41:30.988  3098  3258 I bt_btif_dm: btif_dm.cc:533 get_cod: remote_cod=0x00001f00
07-20 18:41:31.036  3098  3345 I bt_shim_scanner: [le_scanning_manager.cc(851)] handle_remote_properties: handle_remote_properties  device_type= 3
07-20 18:41:31.043  3098  3258 I bt_btif_dm: btif_dm.cc:533 get_cod: remote_cod=0x00000914
07-20 18:41:31.043  3098  3345 I bt_btif_dm: btif_dm.cc:763 btif_update_remote_properties: class of device (cod) is 0x000914
07-20 18:41:31.044  3098  3345 I bt_shim_scanner: [le_scanning_manager.cc(851)] handle_remote_properties: handle_remote_properties  device_type= 2
07-20 18:41:31.066  3098  3345 I bt_shim_scanner: [le_scanning_manager.cc(851)] handle_remote_properties: handle_remote_properties  device_type= 2
07-20 18:41:31.072  3098  3345 I bt_shim_scanner: [le_scanning_manager.cc(851)] handle_remote_properties: handle_remote_properties  device_type= 2
07-20 18:41:31.074  3098  3345 I bt_shim_scanner: [le_scanning_manager.cc(851)] handle_remote_properties: handle_remote_properties  device_type= 2
07-20 18:41:31.074  3098  3258 I bt_btif_dm: btif_dm.cc:533 get_cod: remote_cod=0x00001f00
07-20 18:41:31.506  1419  1468 I libPerfCtl: xgfGetFPS pid:2856 fps:-1
07-20 18:41:31.507  1419  1468 I AppThermalMode: [perfNotifyThermalState] hdl:0
07-20 18:41:31.507  1419  1468 I AppThermalMode: [findAppThermalIdx] Fail: appThermalModeEnable: 0,currentFPS: -1,fg->pid:2848
07-20 18:41:31.507  1419  1468 I AppThermalMode: [perfNotifyThermalState] appThermalIdx -1:
07-20 18:41:31.596  3098  3345 I bt_shim_scanner: [le_scanning_manager.cc(851)] handle_remote_properties: handle_remote_properties  device_type= 2
07-20 18:41:31.611  3098  3345 I bt_shim_scanner: [le_scanning_manager.cc(851)] handle_remote_properties: handle_remote_properties  device_type= 3
07-20 18:41:31.613  3098  3258 I bt_btif_dm: btif_dm.cc:533 get_cod: remote_cod=0x00001f00
07-20 18:41:31.613  3098  3345 I bt_shim_scanner: [le_scanning_manager.cc(851)] handle_remote_properties: handle_remote_properties  device_type= 2
07-20 18:41:31.614  3098  3345 I bt_shim_scanner: [le_scanning_manager.cc(851)] handle_remote_properties: handle_remote_properties  device_type= 3
07-20 18:41:31.661  3098  3258 I bt_btif_dm: btif_dm.cc:533 get_cod: remote_cod=0x00001f00
07-20 18:41:31.661  3098  3345 I bt_shim_scanner: [le_scanning_manager.cc(851)] handle_remote_properties: handle_remote_properties  device_type= 2
07-20 18:41:31.682  3098  3345 I bt_shim_scanner: [le_scanning_manager.cc(851)] handle_remote_properties: handle_remote_properties  device_type= 3
07-20 18:41:31.682  3098  3258 I bt_btif_dm: btif_dm.cc:533 get_cod: remote_cod=0x00001f00
07-20 18:41:31.706  3098  3345 I bt_shim_scanner: [le_scanning_manager.cc(851)] handle_remote_properties: handle_remote_properties  device_type= 2
07-20 18:41:31.709  3098  3345 I bt_shim_scanner: [le_scanning_manager.cc(851)] handle_remote_properties: handle_remote_properties  device_type= 2
07-20 18:41:31.709  3098  3258 I bt_btif_dm: btif_dm.cc:533 get_cod: remote_cod=0x00001f00
07-20 18:41:31.719  3098  3345 I bt_shim_scanner: [le_scanning_manager.cc(851)] handle_remote_properties: handle_remote_properties  device_type= 3
07-20 18:41:31.751  3098  3345 I bt_shim_scanner: [le_scanning_manager.cc(851)] handle_remote_properties: handle_remote_properties  device_type= 2
07-20 18:41:31.751  3098  3258 I bt_btif_dm: btif_dm.cc:533 get_cod: remote_cod=0x00001f00
07-20 18:41:31.865  3119  3119 D TranSignalStrengthComponentImpl: [WCDMA] dbm: -84
07-20 18:41:31.866  3119  3119 D TranSignalStrengthComponentImpl: [WCDMA] dbm: -84
07-20 18:41:31.868  2021  2101 D TranSignalStrengthComponentImpl: [WCDMA] dbm: -84
07-20 18:41:31.871  2021  2101 D TranSignalStrengthComponentImpl: [WCDMA] dbm: -84
07-20 18:41:31.897  1777  1878 D ULogGuard: Monitoring: 16 threads, 0 requests, 0 time-bombs; 3 guards. ResetFlags = 0x7
07-20 18:41:32.336  3098  3345 I bt_shim_scanner: [le_scanning_manager.cc(851)] handle_remote_properties: handle_remote_properties  device_type= 3
07-20 18:41:32.338  3098  3345 I AppScanStats: BLE_SCAN_RESULT_RECEIVED[3]reportBleScanResults=1300
07-20 18:41:32.341  3098  3345 I bt_shim_scanner: [le_scanning_manager.cc(851)] handle_remote_properties: handle_remote_properties  device_type= 2
07-20 18:41:32.346  3098  3258 I bt_btif_dm: btif_dm.cc:533 get_cod: remote_cod=0x00001f00
07-20 18:41:32.346  3098  3345 I bt_shim_scanner: [le_scanning_manager.cc(851)] handle_remote_properties: handle_remote_properties  device_type= 2
07-20 18:41:32.392  3098  3345 I bt_shim_scanner: [le_scanning_manager.cc(851)] handle_remote_properties: handle_remote_properties  device_type= 2
07-20 18:41:32.392  3098  3258 I bt_btif_dm: btif_dm.cc:533 get_cod: remote_cod=0x00001f00
07-20 18:41:32.490  3098  3258 I bt_btif_dm: btif_dm.cc:533 get_cod: remote_cod=0x00001f00
07-20 18:41:32.491  3098  3345 I bt_shim_scanner: [le_scanning_manager.cc(851)] handle_remote_properties: handle_remote_properties  device_type= 2
07-20 18:41:32.507  1419  1468 I libPerfCtl: xgfGetFPS pid:2856 fps:-1
07-20 18:41:32.507  1419  1468 I AppThermalMode: [perfNotifyThermalState] hdl:0
07-20 18:41:32.507  1419  1468 I AppThermalMode: [findAppThermalIdx] Fail: appThermalModeEnable: 0,currentFPS: -1,fg->pid:2848
07-20 18:41:32.507  1419  1468 I AppThermalMode: [perfNotifyThermalState] appThermalIdx -1:
07-20 18:41:32.523  3098  3345 I bt_shim_scanner: [le_scanning_manager.cc(851)] handle_remote_properties: handle_remote_properties  device_type= 3
07-20 18:41:32.596  2021  2598 I TranWifiSmartAssistantController: start current network monitor 
07-20 18:41:32.596  2021  2598 I TranWifiSmartAssistantController: userIgnored :false isScoredCurrentNetwork :false
07-20 18:41:32.597  2021  2598 I TranWifiSmartAssistantController: mCurrentNetwork :132 SSID :"Comercial Reyito 2"
07-20 18:41:32.597  2021  2598 I WifiNetworkQuality: current rssi is sufficient
07-20 18:41:32.598  2021  2598 I TranWifiSmartAssistantController: mNoCandidateCount : -1
07-20 18:41:32.598  2021  2598 I TranWifiSmartAssistantController: ====>>rssi :-30
07-20 18:41:32.903  4799  5056 D TriggerService: trigger service is running
07-20 18:41:32.960  2021  2596 D TranWifiTputMonitor: WIFI: TX: 0 RX: 0 TOTAL = 0
07-20 18:41:32.960  2021  2596 D TranWifiTputMonitor: High Tput: false, TOTAL TPUT: 0
07-20 18:41:33.058  3098  3345 I bt_btif_dm: btif_dm.cc:763 btif_update_remote_properties: class of device (cod) is 0x000914
07-20 18:41:33.058  3098  3258 I bt_btif_dm: btif_dm.cc:533 get_cod: remote_cod=0x00000914
07-20 18:41:33.058  3098  3345 I bt_shim_scanner: [le_scanning_manager.cc(851)] handle_remote_properties: handle_remote_properties  device_type= 2
07-20 18:41:33.067  3098  3345 I bt_shim_scanner: [le_scanning_manager.cc(851)] handle_remote_properties: handle_remote_properties  device_type= 2
07-20 18:41:33.067  3098  3258 I bt_btif_dm: btif_dm.cc:533 get_cod: remote_cod=0x00001f00
07-20 18:41:33.074  3098  3345 I bt_shim_scanner: [le_scanning_manager.cc(851)] handle_remote_properties: handle_remote_properties  device_type= 3
07-20 18:41:33.076  3098  3345 I bt_shim_scanner: [le_scanning_manager.cc(851)] handle_remote_properties: handle_remote_properties  device_type= 2
07-20 18:41:33.079  3098  3345 I bt_shim_scanner: [le_scanning_manager.cc(851)] handle_remote_properties: handle_remote_properties  device_type= 2
07-20 18:41:33.092  3098  3345 I bt_shim_scanner: [le_scanning_manager.cc(851)] handle_remote_properties: handle_remote_properties  device_type= 3
07-20 18:41:33.099  3098  3345 I bt_shim_scanner: [le_scanning_manager.cc(851)] handle_remote_properties: handle_remote_properties  device_type= 3
07-20 18:41:33.116  3098  3345 I bt_shim_scanner: [le_scanning_manager.cc(851)] handle_remote_properties: handle_remote_properties  device_type= 2
07-20 18:41:33.116  3098  3258 I bt_btif_dm: btif_dm.cc:533 get_cod: remote_cod=0x00001f00
07-20 18:41:33.165  3098  3258 I bt_btif_dm: btif_dm.cc:533 get_cod: remote_cod=0x00001f00
07-20 18:41:33.165  3098  3345 I bt_shim_scanner: [le_scanning_manager.cc(851)] handle_remote_properties: handle_remote_properties  device_type= 2
07-20 18:41:33.185  3098  3345 I bt_shim_scanner: [le_scanning_manager.cc(851)] handle_remote_properties: handle_remote_properties  device_type= 2
07-20 18:41:33.201  3098  3345 I bt_shim_scanner: [le_scanning_manager.cc(851)] handle_remote_properties: handle_remote_properties  device_type= 3
07-20 18:41:33.213  3098  3258 I bt_btif_dm: btif_dm.cc:533 get_cod: remote_cod=0x00001f00
07-20 18:41:33.213  3098  3345 I bt_shim_scanner: [le_scanning_manager.cc(851)] handle_remote_properties: handle_remote_properties  device_type= 2
07-20 18:41:33.214  3098  3345 I AppScanStats: BLE_SCAN_RESULT_RECEIVED[1]reportBleScanResults=1600
07-20 18:41:33.507  1419  1468 I libPerfCtl: xgfGetFPS pid:2856 fps:-1
07-20 18:41:33.508  1419  1468 I AppThermalMode: [perfNotifyThermalState] hdl:0
07-20 18:41:33.508  1419  1468 I AppThermalMode: [findAppThermalIdx] Fail: appThermalModeEnable: 0,currentFPS: -1,fg->pid:2848
07-20 18:41:33.508  1419  1468 I AppThermalMode: [perfNotifyThermalState] appThermalIdx -1:
07-20 18:41:33.533  2021  2065 D AES     : AEEIOCTL_GET/SET_SF_STATE IOCTL,cmd= 1074294797, lParam=0. 
07-20 18:41:33.533  2021  2065 D AES     : AEEIOCTL_RT_MON_Kick IOCTL,cmd= 2147774474, lParam=300. 
07-20 18:41:33.823  3098  3345 I bt_shim_scanner: [le_scanning_manager.cc(851)] handle_remote_properties: handle_remote_properties  device_type= 2
07-20 18:41:33.831  3098  3345 I bt_shim_scanner: [le_scanning_manager.cc(851)] handle_remote_properties: handle_remote_properties  device_type= 3
07-20 18:41:33.837  3098  3345 I bt_shim_scanner: [le_scanning_manager.cc(851)] handle_remote_properties: handle_remote_properties  device_type= 2
07-20 18:41:33.837  3098  3258 I bt_btif_dm: btif_dm.cc:533 get_cod: remote_cod=0x00001f00
07-20 18:41:33.838  3098  3345 I bt_shim_scanner: [le_scanning_manager.cc(851)] handle_remote_properties: handle_remote_properties  device_type= 3
07-20 18:41:33.864  3098  3345 I bt_shim_scanner: [le_scanning_manager.cc(851)] handle_remote_properties: handle_remote_properties  device_type= 3
07-20 18:41:33.865  3098  3345 I bt_btif_dm: btif_dm.cc:763 btif_update_remote_properties: class of device (cod) is 0x000914
07-20 18:41:33.866  3098  3258 I bt_btif_dm: btif_dm.cc:533 get_cod: remote_cod=0x00000914
07-20 18:41:33.866  3098  3345 I bt_shim_scanner: [le_scanning_manager.cc(851)] handle_remote_properties: handle_remote_properties  device_type= 2
07-20 18:41:33.877  3098  3258 I bt_btif_dm: btif_dm.cc:533 get_cod: remote_cod=0x00001f00
07-20 18:41:33.877  3098  3345 I bt_shim_scanner: [le_scanning_manager.cc(851)] handle_remote_properties: handle_remote_properties  device_type= 2
07-20 18:41:33.922  3098  3345 I bt_shim_scanner: [le_scanning_manager.cc(851)] handle_remote_properties: handle_remote_properties  device_type= 2
07-20 18:41:33.922  3098  3258 I bt_btif_dm: btif_dm.cc:533 get_cod: remote_cod=0x00001f00
07-20 18:41:33.924  3098  3345 I bt_shim_scanner: [le_scanning_manager.cc(851)] handle_remote_properties: handle_remote_properties  device_type= 2
07-20 18:41:33.948  3098  3345 I bt_shim_scanner: [le_scanning_manager.cc(851)] handle_remote_properties: handle_remote_properties  device_type= 3
07-20 18:41:33.969  3098  3258 I bt_btif_dm: btif_dm.cc:533 get_cod: remote_cod=0x00001f00
07-20 18:41:33.969  3098  3345 I bt_shim_scanner: [le_scanning_manager.cc(851)] handle_remote_properties: handle_remote_properties  device_type= 2
07-20 18:41:34.508  1419  1468 I libPerfCtl: xgfGetFPS pid:2856 fps:-1
07-20 18:41:34.508  1419  1468 I AppThermalMode: [perfNotifyThermalState] hdl:0
07-20 18:41:34.508  1419  1468 I AppThermalMode: [findAppThermalIdx] Fail: appThermalModeEnable: 0,currentFPS: -1,fg->pid:2848
07-20 18:41:34.508  1419  1468 I AppThermalMode: [perfNotifyThermalState] appThermalIdx -1:
07-20 18:41:34.541  3098  3345 I bt_shim_scanner: [le_scanning_manager.cc(851)] handle_remote_properties: handle_remote_properties  device_type= 2
07-20 18:41:34.551  3098  3345 I bt_shim_scanner: [le_scanning_manager.cc(851)] handle_remote_properties: handle_remote_properties  device_type= 2
07-20 18:41:34.551  3098  3258 I bt_btif_dm: btif_dm.cc:533 get_cod: remote_cod=0x00001f00
07-20 18:41:34.594  3098  3345 I bt_shim_scanner: [le_scanning_manager.cc(851)] handle_remote_properties: handle_remote_properties  device_type= 3
07-20 18:41:34.596  3098  3345 I bt_shim_scanner: [le_scanning_manager.cc(851)] handle_remote_properties: handle_remote_properties  device_type= 2
07-20 18:41:34.596  3098  3258 I bt_btif_dm: btif_dm.cc:533 get_cod: remote_cod=0x00001f00
07-20 18:41:34.639  3098  3345 I bt_shim_scanner: [le_scanning_manager.cc(851)] handle_remote_properties: handle_remote_properties  device_type= 2
07-20 18:41:34.639  3098  3258 I bt_btif_dm: btif_dm.cc:533 get_cod: remote_cod=0x00001f00
07-20 18:41:34.649  3098  3345 I bt_shim_scanner: [le_scanning_manager.cc(851)] handle_remote_properties: handle_remote_properties  device_type= 2
07-20 18:41:34.669  2021  2952 D TLinkBrush_DATA: [NetdEvent]onTcpSocketStatsEvent
