--------- beginning of main
07-20 18:40:19.371  3098  3345 I bt_shim_scanner: [le_scanning_manager.cc(851)] handle_remote_properties: handle_remote_properties  device_type= 2
07-20 18:40:19.371  3098  3258 I bt_btif_dm: btif_dm.cc:533 get_cod: remote_cod=0x00001f00
07-20 18:40:19.466  3098  3345 I bt_shim_scanner: [le_scanning_manager.cc(851)] handle_remote_properties: handle_remote_properties  device_type= 2
07-20 18:40:19.466  3098  3258 I bt_btif_dm: btif_dm.cc:533 get_cod: remote_cod=0x00001f00
07-20 18:40:19.487  3098  3345 I bt_shim_scanner: [le_scanning_manager.cc(851)] handle_remote_properties: handle_remote_properties  device_type= 3
07-20 18:40:19.593  3098  3345 I bt_shim_scanner: [le_scanning_manager.cc(851)] handle_remote_properties: handle_remote_properties  device_type= 3
07-20 18:40:19.681  3098  3345 I bt_shim_scanner: [le_scanning_manager.cc(851)] handle_remote_properties: handle_remote_properties  device_type= 2
07-20 18:40:19.681  3098  3258 I bt_btif_dm: btif_dm.cc:533 get_cod: remote_cod=0x00001f00
07-20 18:40:19.781  1419  1468 I libPerfCtl: xgfGetFPS pid:2856 fps:-1
07-20 18:40:19.781  1419  1468 I AppThermalMode: [perfNotifyThermalState] hdl:0
07-20 18:40:19.781  1419  1468 I AppThermalMode: [findAppThermalIdx] Fail: appThermalModeEnable: 0,currentFPS: -1,fg->pid:2848
07-20 18:40:19.781  1419  1468 I AppThermalMode: [perfNotifyThermalState] appThermalIdx -1:
07-20 18:40:20.029  1367 13689 W AudioALSACaptureDataProviderNormal: readThread, latency_in_s,0.000001,0.021901,0.000139, totalTime 0.022041 > logTimeout 0.022000 TIMEOUT!!
07-20 18:40:20.046  3098  3345 I bt_shim_scanner: [le_scanning_manager.cc(851)] handle_remote_properties: handle_remote_properties  device_type= 2
07-20 18:40:20.046  3098  3258 I bt_btif_dm: btif_dm.cc:533 get_cod: remote_cod=0x00001f00
07-20 18:40:20.056  3098  3345 I bt_shim_scanner: [le_scanning_manager.cc(851)] handle_remote_properties: handle_remote_properties  device_type= 2
07-20 18:40:20.093  3098  3345 I bt_shim_scanner: [le_scanning_manager.cc(851)] handle_remote_properties: handle_remote_properties  device_type= 2
07-20 18:40:20.093  3098  3258 I bt_btif_dm: btif_dm.cc:533 get_cod: remote_cod=0x00001f00
07-20 18:40:20.127  3098  3345 I bt_shim_scanner: [le_scanning_manager.cc(851)] handle_remote_properties: handle_remote_properties  device_type= 3
07-20 18:40:20.139  3098  3258 I bt_btif_dm: btif_dm.cc:533 get_cod: remote_cod=0x00001f00
07-20 18:40:20.139  3098  3345 I bt_shim_scanner: [le_scanning_manager.cc(851)] handle_remote_properties: handle_remote_properties  device_type= 2
07-20 18:40:20.155  3098  3345 I bt_shim_scanner: [le_scanning_manager.cc(851)] handle_remote_properties: handle_remote_properties  device_type= 2
07-20 18:40:20.185  3098  3345 I bt_shim_scanner: [le_scanning_manager.cc(851)] handle_remote_properties: handle_remote_properties  device_type= 2
07-20 18:40:20.185  3098  3258 I bt_btif_dm: btif_dm.cc:533 get_cod: remote_cod=0x00001f00
--------- beginning of system
07-20 18:40:20.612  2021  2831 I Hiber/importantScene: widget: packageName=com.transsion.iotcard
07-20 18:40:20.614  2021  2831 I Hiber/appStateMachine: uid:10313, pkg=com.transsion.iotcard  can't transition from R to F ,importantcase is : widget
07-20 18:40:20.779  3098  3345 I bt_shim_scanner: [le_scanning_manager.cc(851)] handle_remote_properties: handle_remote_properties  device_type= 2
07-20 18:40:20.781  1419  1468 I libPerfCtl: xgfGetFPS pid:2856 fps:-1
07-20 18:40:20.781  1419  1468 I AppThermalMode: [perfNotifyThermalState] hdl:0
07-20 18:40:20.781  1419  1468 I AppThermalMode: [findAppThermalIdx] Fail: appThermalModeEnable: 0,currentFPS: -1,fg->pid:2848
07-20 18:40:20.781  1419  1468 I AppThermalMode: [perfNotifyThermalState] appThermalIdx -1:
07-20 18:40:20.802  3098  3345 I bt_shim_scanner: [le_scanning_manager.cc(851)] handle_remote_properties: handle_remote_properties  device_type= 2
07-20 18:40:20.802  3098  3258 I bt_btif_dm: btif_dm.cc:533 get_cod: remote_cod=0x00001f00
07-20 18:40:20.845  3098  3258 I bt_btif_dm: btif_dm.cc:533 get_cod: remote_cod=0x00001f00
07-20 18:40:20.845  3098  3345 I bt_shim_scanner: [le_scanning_manager.cc(851)] handle_remote_properties: handle_remote_properties  device_type= 2
07-20 18:40:20.869  3098  3345 I bt_shim_scanner: [le_scanning_manager.cc(851)] handle_remote_properties: handle_remote_properties  device_type= 3
07-20 18:40:20.887  3098  3345 I bt_shim_scanner: [le_scanning_manager.cc(851)] handle_remote_properties: handle_remote_properties  device_type= 2
07-20 18:40:20.887  3098  3258 I bt_btif_dm: btif_dm.cc:533 get_cod: remote_cod=0x00001f00
07-20 18:40:20.922  3098  3345 I bt_shim_scanner: [le_scanning_manager.cc(851)] handle_remote_properties: handle_remote_properties  device_type= 2
07-20 18:40:20.928  3098  3345 I bt_shim_scanner: [le_scanning_manager.cc(851)] handle_remote_properties: handle_remote_properties  device_type= 2
07-20 18:40:20.928  3098  3258 I bt_btif_dm: btif_dm.cc:533 get_cod: remote_cod=0x00001f00
07-20 18:40:21.089  2021  2598 I TranWifiSmartAssistantController: start current network monitor 
07-20 18:40:21.089  2021  2598 I TranWifiSmartAssistantController: userIgnored :false isScoredCurrentNetwork :false
07-20 18:40:21.090  2021  2598 I TranWifiSmartAssistantController: mCurrentNetwork :132 SSID :"Comercial Reyito 2"
07-20 18:40:21.090  2021  2598 I WifiNetworkQuality: current rssi is sufficient
07-20 18:40:21.091  2021  2598 I TranWifiSmartAssistantController: mNoCandidateCount : -1
07-20 18:40:21.091  2021  2598 I TranWifiSmartAssistantController: ====>>rssi :-31
07-20 18:40:21.400  1376  1658 I hwcomposer: [DRMDEV] (0) failed to waitNextVsync: -1  
07-20 18:40:21.415  1376  1658 I hwcomposer: [DRMDEV] (0) failed to waitNextVsync: -1  
07-20 18:40:21.432  1376  1658 I hwcomposer: [DRMDEV] (0) failed to waitNextVsync: -1  
07-20 18:40:21.438  1486  1486 I BufferQueueProducer: [StatusBar#99](this:0xb40000796b7d8758,id:-1,api:0,p:-1,c:1486) queueBuffer: fps=0.20 dur=5000.28 max=5000.28 min=5000.28
07-20 18:40:21.441  1376  1376 I hwcomposer: [HWCDisplay] [Display_0 (type:1)] fps:0.199995,dur:5000.12,max:5000.12,min:5000.12  
07-20 18:40:21.588  3098  3345 I bt_shim_scanner: [le_scanning_manager.cc(851)] handle_remote_properties: handle_remote_properties  device_type= 2
07-20 18:40:21.588  3098  3258 I bt_btif_dm: btif_dm.cc:533 get_cod: remote_cod=0x00001f00
07-20 18:40:21.610  3098  3345 I bt_shim_scanner: [le_scanning_manager.cc(851)] handle_remote_properties: handle_remote_properties  device_type= 3
07-20 18:40:21.612  3098  3345 I bt_shim_scanner: [le_scanning_manager.cc(851)] handle_remote_properties: handle_remote_properties  device_type= 2
07-20 18:40:21.632  3098  3345 I bt_shim_scanner: [le_scanning_manager.cc(851)] handle_remote_properties: handle_remote_properties  device_type= 2
07-20 18:40:21.632  3098  3258 I bt_btif_dm: btif_dm.cc:533 get_cod: remote_cod=0x00001f00
07-20 18:40:21.674  3098  3345 I bt_shim_scanner: [le_scanning_manager.cc(851)] handle_remote_properties: handle_remote_properties  device_type= 2
07-20 18:40:21.674  3098  3258 I bt_btif_dm: btif_dm.cc:533 get_cod: remote_cod=0x00001f00
07-20 18:40:21.710  3098  3345 I bt_shim_scanner: [le_scanning_manager.cc(851)] handle_remote_properties: handle_remote_properties  device_type= 3
07-20 18:40:21.720  3098  3345 I bt_shim_scanner: [le_scanning_manager.cc(851)] handle_remote_properties: handle_remote_properties  device_type= 2
07-20 18:40:21.720  3098  3258 I bt_btif_dm: btif_dm.cc:533 get_cod: remote_cod=0x00001f00
07-20 18:40:21.781  1419  1468 I libPerfCtl: xgfGetFPS pid:2856 fps:-1
07-20 18:40:21.781  1419  1468 I AppThermalMode: [perfNotifyThermalState] hdl:0
07-20 18:40:21.781  1419  1468 I AppThermalMode: [findAppThermalIdx] Fail: appThermalModeEnable: 0,currentFPS: -1,fg->pid:2848
07-20 18:40:21.781  1419  1468 I AppThermalMode: [perfNotifyThermalState] appThermalIdx -1:
07-20 18:40:22.282  3098  3345 I bt_shim_scanner: [le_scanning_manager.cc(851)] handle_remote_properties: handle_remote_properties  device_type= 2
07-20 18:40:22.282  3098  3258 I bt_btif_dm: btif_dm.cc:533 get_cod: remote_cod=0x00001f00
07-20 18:40:22.368  3098  3345 I bt_shim_scanner: [le_scanning_manager.cc(851)] handle_remote_properties: handle_remote_properties  device_type= 2
07-20 18:40:22.368  3098  3258 I bt_btif_dm: btif_dm.cc:533 get_cod: remote_cod=0x00001f00
07-20 18:40:22.376  3098  3345 I bt_shim_scanner: [le_scanning_manager.cc(851)] handle_remote_properties: handle_remote_properties  device_type= 3
07-20 18:40:22.411  3098  3345 I bt_shim_scanner: [le_scanning_manager.cc(851)] handle_remote_properties: handle_remote_properties  device_type= 2
07-20 18:40:22.411  3098  3258 I bt_btif_dm: btif_dm.cc:533 get_cod: remote_cod=0x00001f00
07-20 18:40:22.416  3098  3345 I bt_shim_scanner: [le_scanning_manager.cc(851)] handle_remote_properties: handle_remote_properties  device_type= 3
07-20 18:40:22.436  3098  3345 I bt_shim_scanner: [le_scanning_manager.cc(851)] handle_remote_properties: handle_remote_properties  device_type= 2
07-20 18:40:22.451  3098  3345 I bt_shim_scanner: [le_scanning_manager.cc(851)] handle_remote_properties: handle_remote_properties  device_type= 2
07-20 18:40:22.452  3098  3258 I bt_btif_dm: btif_dm.cc:533 get_cod: remote_cod=0x00001f00
07-20 18:40:22.460  3098  3345 I bt_shim_scanner: [le_scanning_manager.cc(851)] handle_remote_properties: handle_remote_properties  device_type= 2
07-20 18:40:22.781  1419  1468 I libPerfCtl: xgfGetFPS pid:2856 fps:-1
07-20 18:40:22.782  1419  1468 I AppThermalMode: [perfNotifyThermalState] hdl:0
07-20 18:40:22.782  1419  1468 I AppThermalMode: [findAppThermalIdx] Fail: appThermalModeEnable: 0,currentFPS: -1,fg->pid:2848
07-20 18:40:22.782  1419  1468 I AppThermalMode: [perfNotifyThermalState] appThermalIdx -1:
07-20 18:40:22.795  1376  1658 I hwcomposer: [DRMDEV] (0) failed to waitNextVsync: -1  
07-20 18:40:22.798  1376  1658 I hwcomposer: [DRMDEV] (0) failed to waitNextVsync: -1  
07-20 18:40:22.815  1376  1658 I hwcomposer: [DRMDEV] (0) failed to waitNextVsync: -1  
07-20 18:40:22.832  1376  1658 I hwcomposer: [DRMDEV] (0) failed to waitNextVsync: -1  
07-20 18:40:22.838  1486  1486 I BufferQueueProducer: [StatusBar#99](this:0xb40000796b7d8758,id:-1,api:0,p:-1,c:1486) queueBuffer: fps=0.71 dur=1399.80 max=1399.80 min=1399.80
07-20 18:40:22.841  1376  1376 I hwcomposer: [HWCDisplay] [Display_0 (type:1)] fps:0.714333,dur:1399.91,max:1399.91,min:1399.91  
07-20 18:40:23.044  3098  3345 I bt_shim_scanner: [le_scanning_manager.cc(851)] handle_remote_properties: handle_remote_properties  device_type= 3
07-20 18:40:23.063  3098  3345 I bt_shim_scanner: [le_scanning_manager.cc(851)] handle_remote_properties: handle_remote_properties  device_type= 2
07-20 18:40:23.121  3098  3345 I bt_shim_scanner: [le_scanning_manager.cc(851)] handle_remote_properties: handle_remote_properties  device_type= 2
07-20 18:40:23.121  3098  3258 I bt_btif_dm: btif_dm.cc:533 get_cod: remote_cod=0x00001f00
07-20 18:40:23.143  3098  3345 I bt_shim_scanner: [le_scanning_manager.cc(851)] handle_remote_properties: handle_remote_properties  device_type= 3
07-20 18:40:23.162  3098  3345 I bt_shim_scanner: [le_scanning_manager.cc(851)] handle_remote_properties: handle_remote_properties  device_type= 2
07-20 18:40:23.163  3098  3258 I bt_btif_dm: btif_dm.cc:533 get_cod: remote_cod=0x00001f00
07-20 18:40:23.760  3098  3345 I bt_shim_scanner: [le_scanning_manager.cc(851)] handle_remote_properties: handle_remote_properties  device_type= 2
07-20 18:40:23.760  3098  3258 I bt_btif_dm: btif_dm.cc:533 get_cod: remote_cod=0x00001f00
07-20 18:40:23.780  3098  3345 I bt_shim_scanner: [le_scanning_manager.cc(851)] handle_remote_properties: handle_remote_properties  device_type= 2
07-20 18:40:23.799  3098  3258 I bt_btif_dm: btif_dm.cc:533 get_cod: remote_cod=0x00001f00
07-20 18:40:23.799  3098  3345 I bt_shim_scanner: [le_scanning_manager.cc(851)] handle_remote_properties: handle_remote_properties  device_type= 2
07-20 18:40:23.843  3098  3345 I bt_shim_scanner: [le_scanning_manager.cc(851)] handle_remote_properties: handle_remote_properties  device_type= 2
07-20 18:40:23.843  3098  3258 I bt_btif_dm: btif_dm.cc:533 get_cod: remote_cod=0x00001f00
07-20 18:40:23.863  3098  3345 I bt_shim_scanner: [le_scanning_manager.cc(851)] handle_remote_properties: handle_remote_properties  device_type= 2
07-20 18:40:23.868  3098  3345 I bt_shim_scanner: [le_scanning_manager.cc(851)] handle_remote_properties: handle_remote_properties  device_type= 3
07-20 18:40:23.892  3098  3345 I bt_shim_scanner: [le_scanning_manager.cc(851)] handle_remote_properties: handle_remote_properties  device_type= 2
07-20 18:40:23.892  3098  3258 I bt_btif_dm: btif_dm.cc:533 get_cod: remote_cod=0x00001f00
07-20 18:40:23.901  3098  3345 I bt_shim_scanner: [le_scanning_manager.cc(851)] handle_remote_properties: handle_remote_properties  device_type= 3
07-20 18:40:24.092  2021  2598 I TranWifiSmartAssistantController: start current network monitor 
07-20 18:40:24.093  2021  2598 I TranWifiSmartAssistantController: userIgnored :false isScoredCurrentNetwork :false
07-20 18:40:24.093  2021  2598 I TranWifiSmartAssistantController: mCurrentNetwork :132 SSID :"Comercial Reyito 2"
07-20 18:40:24.094  2021  2598 I WifiNetworkQuality: current rssi is sufficient
07-20 18:40:24.095  2021  2598 I TranWifiSmartAssistantController: mNoCandidateCount : -1
07-20 18:40:24.095  2021  2598 I TranWifiSmartAssistantController: ====>>rssi :-30
07-20 18:40:24.345  1359  1359 I netd    : setProcSysNet(4, 2, wlan0, retrans_time_ms, 750) <0.45ms>
07-20 18:40:24.346  1359  1359 I netd    : setProcSysNet(4, 2, wlan0, ucast_solicit, 10) <0.18ms>
07-20 18:40:24.347  1359  1359 I netd    : setProcSysNet(6, 2, wlan0, retrans_time_ms, 750) <0.25ms>
07-20 18:40:24.348  1359  1359 I netd    : setProcSysNet(6, 2, wlan0, ucast_solicit, 10) <0.19ms>
07-20 18:40:24.474  3098  3345 I bt_shim_scanner: [le_scanning_manager.cc(851)] handle_remote_properties: handle_remote_properties  device_type= 2
07-20 18:40:24.474  3098  3258 I bt_btif_dm: btif_dm.cc:533 get_cod: remote_cod=0x00001f00
07-20 18:40:24.529  1367 13689 W AudioALSACaptureDataProviderNormal: readThread, latency_in_s,0.000001,0.021884,0.000139, totalTime 0.022024 > logTimeout 0.022000 TIMEOUT!!
07-20 18:40:24.606  3098  3345 I bt_shim_scanner: [le_scanning_manager.cc(851)] handle_remote_properties: handle_remote_properties  device_type= 3
07-20 18:40:24.608  3098  3345 I bt_shim_scanner: [le_scanning_manager.cc(851)] handle_remote_properties: handle_remote_properties  device_type= 2
07-20 18:40:24.609  3098  3258 I bt_btif_dm: btif_dm.cc:533 get_cod: remote_cod=0x00001f00
07-20 18:40:24.707  3098  3345 I bt_shim_scanner: [le_scanning_manager.cc(851)] handle_remote_properties: handle_remote_properties  device_type= 2
07-20 18:40:24.707  3098  3258 I bt_btif_dm: btif_dm.cc:533 get_cod: remote_cod=0x00001f00
07-20 18:40:24.709  3098  3345 I bt_shim_scanner: [le_scanning_manager.cc(851)] handle_remote_properties: handle_remote_properties  device_type= 3
07-20 18:40:24.799  3098  3345 I bt_shim_scanner: [le_scanning_manager.cc(851)] handle_remote_properties: handle_remote_properties  device_type= 2
07-20 18:40:24.799  3098  3258 I bt_btif_dm: btif_dm.cc:533 get_cod: remote_cod=0x00001f00
07-20 18:40:25.176  3098  3345 I bt_shim_scanner: [le_scanning_manager.cc(851)] handle_remote_properties: handle_remote_properties  device_type= 2
07-20 18:40:25.176  3098  3258 I bt_btif_dm: btif_dm.cc:533 get_cod: remote_cod=0x00001f00
07-20 18:40:25.178  3098  3345 I AppScanStats: BLE_SCAN_RESULT_RECEIVED[3]reportBleScanResults=700
07-20 18:40:25.207  3098  3345 I bt_shim_scanner: [le_scanning_manager.cc(851)] handle_remote_properties: handle_remote_properties  device_type= 3
07-20 18:40:25.238  3098  3345 I bt_shim_scanner: [le_scanning_manager.cc(851)] handle_remote_properties: handle_remote_properties  device_type= 2
07-20 18:40:25.264  3098  3345 I bt_shim_scanner: [le_scanning_manager.cc(851)] handle_remote_properties: handle_remote_properties  device_type= 2
07-20 18:40:25.264  3098  3258 I bt_btif_dm: btif_dm.cc:533 get_cod: remote_cod=0x00001f00
07-20 18:40:25.304  3098  3345 I bt_shim_scanner: [le_scanning_manager.cc(851)] handle_remote_properties: handle_remote_properties  device_type= 2
07-20 18:40:25.304  3098  3258 I bt_btif_dm: btif_dm.cc:533 get_cod: remote_cod=0x00001f00
07-20 18:40:25.331  3098  3345 I bt_btif_dm: btif_dm.cc:763 btif_update_remote_properties: class of device (cod) is 0x000914
07-20 18:40:25.331  3098  3258 I bt_btif_dm: btif_dm.cc:533 get_cod: remote_cod=0x00000914
07-20 18:40:25.331  3098  3345 I bt_shim_scanner: [le_scanning_manager.cc(851)] handle_remote_properties: handle_remote_properties  device_type= 2
07-20 18:40:25.338  3098  3345 I bt_shim_scanner: [le_scanning_manager.cc(851)] handle_remote_properties: handle_remote_properties  device_type= 3
07-20 18:40:25.641  1386  1386 I android.hardware.thermal@2.0-service.mtk: fill_temperatures filterType1 name: SKIN type: SKIN throttlingStatus: NONE value: 34.947 ret_temps size 0
07-20 18:40:25.945  3098  3345 I bt_shim_scanner: [le_scanning_manager.cc(851)] handle_remote_properties: handle_remote_properties  device_type= 3
07-20 18:40:25.952  3098  3345 I bt_shim_scanner: [le_scanning_manager.cc(851)] handle_remote_properties: handle_remote_properties  device_type= 3
07-20 18:40:25.971  3098  3345 I bt_shim_scanner: [le_scanning_manager.cc(851)] handle_remote_properties: handle_remote_properties  device_type= 2
07-20 18:40:25.995  3098  3345 I bt_shim_scanner: [le_scanning_manager.cc(851)] handle_remote_properties: handle_remote_properties  device_type= 2
07-20 18:40:25.995  3098  3258 I bt_btif_dm: btif_dm.cc:533 get_cod: remote_cod=0x00001f00
07-20 18:40:26.037  3098  3345 I bt_shim_scanner: [le_scanning_manager.cc(851)] handle_remote_properties: handle_remote_properties  device_type= 2
07-20 18:40:26.037  3098  3258 I bt_btif_dm: btif_dm.cc:533 get_cod: remote_cod=0x00001f00
07-20 18:40:26.404  1376  1658 I hwcomposer: [DRMDEV] (0) failed to waitNextVsync: -1  
07-20 18:40:26.415  1376  1658 I hwcomposer: [DRMDEV] (0) failed to waitNextVsync: -1  
07-20 18:40:26.432  1376  1658 I hwcomposer: [DRMDEV] (0) failed to waitNextVsync: -1  
07-20 18:40:26.438  1486  1486 I BufferQueueProducer: [StatusBar#99](this:0xb40000796b7d8758,id:-1,api:0,p:-1,c:1486) queueBuffer: fps=0.28 dur=3600.25 max=3600.25 min=3600.25
07-20 18:40:26.441  1376  1376 I hwcomposer: [HWCDisplay] [Display_0 (type:1)] fps:0.277750,dur:3600.36,max:3600.36,min:3600.36  
07-20 18:40:26.688  3098  3345 I bt_shim_scanner: [le_scanning_manager.cc(851)] handle_remote_properties: handle_remote_properties  device_type= 3
07-20 18:40:26.705  3098  3345 I bt_shim_scanner: [le_scanning_manager.cc(851)] handle_remote_properties: handle_remote_properties  device_type= 2
07-20 18:40:26.776  3098  3345 I bt_shim_scanner: [le_scanning_manager.cc(851)] handle_remote_properties: handle_remote_properties  device_type= 2
07-20 18:40:26.776  3098  3258 I bt_btif_dm: btif_dm.cc:533 get_cod: remote_cod=0x00001f00
07-20 18:40:26.786  3098  3345 I bt_shim_scanner: [le_scanning_manager.cc(851)] handle_remote_properties: handle_remote_properties  device_type= 3
07-20 18:40:27.100  2021  2598 I TranWifiSmartAssistantController: start current network monitor 
07-20 18:40:27.101  2021  2598 I TranWifiSmartAssistantController: userIgnored :false isScoredCurrentNetwork :false
07-20 18:40:27.101  2021  2598 I TranWifiSmartAssistantController: mCurrentNetwork :132 SSID :"Comercial Reyito 2"
07-20 18:40:27.102  2021  2598 I WifiNetworkQuality: current rssi is sufficient
07-20 18:40:27.103  2021  2598 I TranWifiSmartAssistantController: mNoCandidateCount : -1
07-20 18:40:27.103  2021  2598 I TranWifiSmartAssistantController: ====>>rssi :-30
07-20 18:40:27.346  3098  3345 I bt_btif_dm: btif_dm.cc:763 btif_update_remote_properties: class of device (cod) is 0x000914
07-20 18:40:27.346  3098  3258 I bt_btif_dm: btif_dm.cc:533 get_cod: remote_cod=0x00000914
07-20 18:40:27.346  3098  3345 I bt_shim_scanner: [le_scanning_manager.cc(851)] handle_remote_properties: handle_remote_properties  device_type= 2
07-20 18:40:27.389  3098  3345 I bt_shim_scanner: [le_scanning_manager.cc(851)] handle_remote_properties: handle_remote_properties  device_type= 2
07-20 18:40:27.389  3098  3258 I bt_btif_dm: btif_dm.cc:533 get_cod: remote_cod=0x00001f00
07-20 18:40:27.391  3098  3345 I AppScanStats: BLE_SCAN_RESULT_RECEIVED[1]reportBleScanResults=1000
07-20 18:40:27.412  3098  3345 I bt_shim_scanner: [le_scanning_manager.cc(851)] handle_remote_properties: handle_remote_properties  device_type= 3
07-20 18:40:27.429  3098  3345 I bt_shim_scanner: [le_scanning_manager.cc(851)] handle_remote_properties: handle_remote_properties  device_type= 2
07-20 18:40:27.429  3098  3258 I bt_btif_dm: btif_dm.cc:533 get_cod: remote_cod=0x00001f00
07-20 18:40:27.432  1419  1468 I libPerfCtl: xgfGetFPS pid:2856 fps:-1
07-20 18:40:27.433  1419  1468 I AppThermalMode: [perfNotifyThermalState] hdl:0
07-20 18:40:27.433  1419  1468 I AppThermalMode: [findAppThermalIdx] Fail: appThermalModeEnable: 0,currentFPS: -1,fg->pid:2848
07-20 18:40:27.433  1419  1468 I AppThermalMode: [perfNotifyThermalState] appThermalIdx -1:
07-20 18:40:27.442  3098  3345 I bt_shim_scanner: [le_scanning_manager.cc(851)] handle_remote_properties: handle_remote_properties  device_type= 2
07-20 18:40:27.513  3098  3345 I bt_shim_scanner: [le_scanning_manager.cc(851)] handle_remote_properties: handle_remote_properties  device_type= 3
07-20 18:40:27.527  3098  3258 I bt_btif_dm: btif_dm.cc:533 get_cod: remote_cod=0x00001f00
07-20 18:40:27.527  3098  3345 I bt_shim_scanner: [le_scanning_manager.cc(851)] handle_remote_properties: handle_remote_properties  device_type= 2
07-20 18:40:28.148  3098  3345 I bt_shim_scanner: [le_scanning_manager.cc(851)] handle_remote_properties: handle_remote_properties  device_type= 3
07-20 18:40:28.158  3098  3258 I bt_btif_dm: btif_dm.cc:533 get_cod: remote_cod=0x00000914
07-20 18:40:28.158  3098  3345 I bt_btif_dm: btif_dm.cc:763 btif_update_remote_properties: class of device (cod) is 0x000914
07-20 18:40:28.159  3098  3345 I bt_shim_scanner: [le_scanning_manager.cc(851)] handle_remote_properties: handle_remote_properties  device_type= 2
07-20 18:40:28.247  3098  3345 I bt_shim_scanner: [le_scanning_manager.cc(851)] handle_remote_properties: handle_remote_properties  device_type= 2
07-20 18:40:28.247  3098  3258 I bt_btif_dm: btif_dm.cc:533 get_cod: remote_cod=0x00001f00
07-20 18:40:28.256  3098  3345 I bt_shim_scanner: [le_scanning_manager.cc(851)] handle_remote_properties: handle_remote_properties  device_type= 3
07-20 18:40:28.333  3098  3345 I bt_shim_scanner: [le_scanning_manager.cc(851)] handle_remote_properties: handle_remote_properties  device_type= 2
07-20 18:40:28.333  3098  3258 I bt_btif_dm: btif_dm.cc:533 get_cod: remote_cod=0x00001f00
07-20 18:40:28.364  3098  3345 I bt_shim_scanner: [le_scanning_manager.cc(851)] handle_remote_properties: handle_remote_properties  device_type= 3
07-20 18:40:28.379  3098  3345 I bt_shim_scanner: [le_scanning_manager.cc(851)] handle_remote_properties: handle_remote_properties  device_type= 2
07-20 18:40:28.379  3098  3258 I bt_btif_dm: btif_dm.cc:533 get_cod: remote_cod=0x00001f00
07-20 18:40:28.390  3098  3345 I bt_shim_scanner: [le_scanning_manager.cc(851)] handle_remote_properties: handle_remote_properties  device_type= 2
07-20 18:40:28.433  1419  1468 I libPerfCtl: xgfGetFPS pid:2856 fps:-1
07-20 18:40:28.433  1419  1468 I AppThermalMode: [perfNotifyThermalState] hdl:0
07-20 18:40:28.433  1419  1468 I AppThermalMode: [findAppThermalIdx] Fail: appThermalModeEnable: 0,currentFPS: -1,fg->pid:2848
07-20 18:40:28.433  1419  1468 I AppThermalMode: [perfNotifyThermalState] appThermalIdx -1:
07-20 18:40:28.832  1376  1658 I hwcomposer: [DRMDEV] (0) failed to waitNextVsync: -1  
07-20 18:40:28.848  1376  1658 I hwcomposer: [DRMDEV] (0) failed to waitNextVsync: -1  
07-20 18:40:28.862  1486  1486 I BufferQueueProducer: [StatusBar#99](this:0xb40000796b7d8758,id:-1,api:0,p:-1,c:1486) queueBuffer: fps=0.41 dur=2424.16 max=2424.16 min=2424.16
07-20 18:40:28.865  1376  1658 I hwcomposer: [DRMDEV] (0) failed to waitNextVsync: -1  
07-20 18:40:28.865  1376  1376 I hwcomposer: [HWCDisplay] [Display_0 (type:1)] fps:0.412536,dur:2424.03,max:2424.03,min:2424.03  
07-20 18:40:28.886  3098  3345 I bt_shim_scanner: [le_scanning_manager.cc(851)] handle_remote_properties: handle_remote_properties  device_type= 3
07-20 18:40:28.888  3098  3345 I bt_shim_scanner: [le_scanning_manager.cc(851)] handle_remote_properties: handle_remote_properties  device_type= 3
07-20 18:40:28.888  3098  3258 I bt_btif_dm: btif_dm.cc:533 get_cod: remote_cod=0x00001f00
07-20 18:40:28.915  3098  3345 I bt_shim_scanner: [le_scanning_manager.cc(851)] handle_remote_properties: handle_remote_properties  device_type= 2
07-20 18:40:28.934  3098  3345 I bt_shim_scanner: [le_scanning_manager.cc(851)] handle_remote_properties: handle_remote_properties  device_type= 2
07-20 18:40:28.934  3098  3258 I bt_btif_dm: btif_dm.cc:533 get_cod: remote_cod=0x00001f00
07-20 18:40:28.936  3098  3345 I bt_shim_scanner: [le_scanning_manager.cc(851)] handle_remote_properties: handle_remote_properties  device_type= 3
07-20 18:40:29.026  3098  3345 I bt_shim_scanner: [le_scanning_manager.cc(851)] handle_remote_properties: handle_remote_properties  device_type= 2
07-20 18:40:29.026  3098  3258 I bt_btif_dm: btif_dm.cc:533 get_cod: remote_cod=0x00001f00
07-20 18:40:29.282  1575  1575 W adbd    : timeout expired while flushing socket, closing
07-20 18:40:29.409  1367 13689 W AudioALSACaptureDataProviderNormal: readThread, latency_in_s,0.000001,0.021853,0.000150, totalTime 0.022005 > logTimeout 0.022000 TIMEOUT!!
07-20 18:40:29.433  1419  1468 I libPerfCtl: xgfGetFPS pid:2856 fps:-1
07-20 18:40:29.433  1419  1468 I AppThermalMode: [perfNotifyThermalState] hdl:0
07-20 18:40:29.433  1419  1468 I AppThermalMode: [findAppThermalIdx] Fail: appThermalModeEnable: 0,currentFPS: -1,fg->pid:2848
07-20 18:40:29.433  1419  1468 I AppThermalMode: [perfNotifyThermalState] appThermalIdx -1:
07-20 18:40:29.543  3098  3345 I bt_shim_scanner: [le_scanning_manager.cc(851)] handle_remote_properties: handle_remote_properties  device_type= 3
07-20 18:40:29.553  3098  3345 I bt_shim_scanner: [le_scanning_manager.cc(851)] handle_remote_properties: handle_remote_properties  device_type= 2
07-20 18:40:29.570  3098  3345 I bt_shim_scanner: [le_scanning_manager.cc(851)] handle_remote_properties: handle_remote_properties  device_type= 2
07-20 18:40:29.570  3098  3258 I bt_btif_dm: btif_dm.cc:533 get_cod: remote_cod=0x00001f00
07-20 18:40:29.578  3098  3345 I bt_shim_scanner: [le_scanning_manager.cc(851)] handle_remote_properties: handle_remote_properties  device_type= 3
07-20 18:40:29.578  3098  3258 I bt_btif_dm: btif_dm.cc:533 get_cod: remote_cod=0x00001f00
07-20 18:40:29.609  3098  3258 I bt_btif_dm: btif_dm.cc:533 get_cod: remote_cod=0x00001f00
07-20 18:40:29.609  3098  3345 I bt_shim_scanner: [le_scanning_manager.cc(851)] handle_remote_properties: handle_remote_properties  device_type= 2
07-20 18:40:29.639  3098  3345 I bt_shim_scanner: [le_scanning_manager.cc(851)] handle_remote_properties: handle_remote_properties  device_type= 3
07-20 18:40:29.651  3098  3258 I bt_btif_dm: btif_dm.cc:533 get_cod: remote_cod=0x00001f00
07-20 18:40:29.651  3098  3345 I bt_shim_scanner: [le_scanning_manager.cc(851)] handle_remote_properties: handle_remote_properties  device_type= 2
07-20 18:40:29.656  3098  3345 I bt_shim_scanner: [le_scanning_manager.cc(851)] handle_remote_properties: handle_remote_properties  device_type= 2
07-20 18:40:29.701  3098  3345 I bt_shim_scanner: [le_scanning_manager.cc(851)] handle_remote_properties: handle_remote_properties  device_type= 2
07-20 18:40:29.701  3098  3258 I bt_btif_dm: btif_dm.cc:533 get_cod: remote_cod=0x00001f00
07-20 18:40:30.105  2021  2598 I TranWifiSmartAssistantController: start current network monitor 
07-20 18:40:30.106  2021  2598 I TranWifiSmartAssistantController: userIgnored :false isScoredCurrentNetwork :false
07-20 18:40:30.106  2021  2598 I TranWifiSmartAssistantController: mCurrentNetwork :132 SSID :"Comercial Reyito 2"
07-20 18:40:30.107  2021  2598 I WifiNetworkQuality: current rssi is sufficient
07-20 18:40:30.107  2021  2598 I TranWifiSmartAssistantController: mNoCandidateCount : -1
07-20 18:40:30.107  2021  2598 I TranWifiSmartAssistantController: ====>>rssi :-30
07-20 18:40:30.275  3098  3258 I bt_btif_dm: btif_dm.cc:533 get_cod: remote_cod=0x00001f00
07-20 18:40:30.275  3098  3345 I bt_shim_scanner: [le_scanning_manager.cc(851)] handle_remote_properties: handle_remote_properties  device_type= 2
07-20 18:40:30.283  3098  3345 I bt_shim_scanner: [le_scanning_manager.cc(851)] handle_remote_properties: handle_remote_properties  device_type= 2
07-20 18:40:30.303  1575  1575 I adbd    : adbd service requested 'jdwp:27357'
07-20 18:40:30.327  3098  3345 I bt_shim_scanner: [le_scanning_manager.cc(851)] handle_remote_properties: handle_remote_properties  device_type= 2
07-20 18:40:30.328  3098  3258 I bt_btif_dm: btif_dm.cc:533 get_cod: remote_cod=0x00001f00
07-20 18:40:30.359  3098  3345 I bt_shim_scanner: [le_scanning_manager.cc(851)] handle_remote_properties: handle_remote_properties  device_type= 3
07-20 18:40:30.370  3098  3345 I bt_shim_scanner: [le_scanning_manager.cc(851)] handle_remote_properties: handle_remote_properties  device_type= 2
07-20 18:40:30.370  3098  3258 I bt_btif_dm: btif_dm.cc:533 get_cod: remote_cod=0x00001f00
07-20 18:40:30.383  3098  3345 I bt_shim_scanner: [le_scanning_manager.cc(851)] handle_remote_properties: handle_remote_properties  device_type= 2
07-20 18:40:30.433  1419  1468 I libPerfCtl: xgfGetFPS pid:2856 fps:-1
07-20 18:40:30.433  1419  1468 I AppThermalMode: [perfNotifyThermalState] hdl:0
07-20 18:40:30.433  1419  1468 I AppThermalMode: [findAppThermalIdx] Fail: appThermalModeEnable: 0,currentFPS: -1,fg->pid:2848
07-20 18:40:30.433  1419  1468 I AppThermalMode: [perfNotifyThermalState] appThermalIdx -1:
07-20 18:40:31.008  3098  3345 I bt_shim_scanner: [le_scanning_manager.cc(851)] handle_remote_properties: handle_remote_properties  device_type= 2
07-20 18:40:31.008  3098  3258 I bt_btif_dm: btif_dm.cc:533 get_cod: remote_cod=0x00001f00
07-20 18:40:31.010  3098  3345 I bt_shim_scanner: [le_scanning_manager.cc(851)] handle_remote_properties: handle_remote_properties  device_type= 2
07-20 18:40:31.051  3098  3345 I bt_shim_scanner: [le_scanning_manager.cc(851)] handle_remote_properties: handle_remote_properties  device_type= 2
07-20 18:40:31.051  3098  3258 I bt_btif_dm: btif_dm.cc:533 get_cod: remote_cod=0x00001f00
07-20 18:40:31.088  3098  3345 I bt_shim_scanner: [le_scanning_manager.cc(851)] handle_remote_properties: handle_remote_properties  device_type= 3
07-20 18:40:31.092  3098  3345 I bt_shim_scanner: [le_scanning_manager.cc(851)] handle_remote_properties: handle_remote_properties  device_type= 2
07-20 18:40:31.092  3098  3258 I bt_btif_dm: btif_dm.cc:533 get_cod: remote_cod=0x00001f00
07-20 18:40:31.109  3098  3345 I bt_shim_scanner: [le_scanning_manager.cc(851)] handle_remote_properties: handle_remote_properties  device_type= 2
07-20 18:40:31.188  3098  3345 I bt_shim_scanner: [le_scanning_manager.cc(851)] handle_remote_properties: handle_remote_properties  device_type= 2
07-20 18:40:31.188  3098  3258 I bt_btif_dm: btif_dm.cc:533 get_cod: remote_cod=0x00001f00
07-20 18:40:31.190  3098  3345 I bt_shim_scanner: [le_scanning_manager.cc(851)] handle_remote_properties: handle_remote_properties  device_type= 3
07-20 18:40:31.202  3098  3345 I bt_shim_scanner: [le_scanning_manager.cc(851)] handle_remote_properties: handle_remote_properties  device_type= 3
07-20 18:40:31.410  1376  1658 I hwcomposer: [DRMDEV] (0) failed to waitNextVsync: -1  
07-20 18:40:31.415  1376  1658 I hwcomposer: [DRMDEV] (0) failed to waitNextVsync: -1  
07-20 18:40:31.432  1376  1658 I hwcomposer: [DRMDEV] (0) failed to waitNextVsync: -1  
07-20 18:40:31.434  1419  1468 I libPerfCtl: xgfGetFPS pid:2856 fps:-1
07-20 18:40:31.434  1419  1468 I AppThermalMode: [perfNotifyThermalState] hdl:0
07-20 18:40:31.434  1419  1468 I AppThermalMode: [findAppThermalIdx] Fail: appThermalModeEnable: 0,currentFPS: -1,fg->pid:2848
07-20 18:40:31.434  1419  1468 I AppThermalMode: [perfNotifyThermalState] appThermalIdx -1:
07-20 18:40:31.448  1376  1658 I hwcomposer: [DRMDEV] (0) failed to waitNextVsync: -1  
07-20 18:40:31.454  1486  1486 I BufferQueueProducer: [StatusBar#99](this:0xb40000796b7d8758,id:-1,api:0,p:-1,c:1486) queueBuffer: fps=0.39 dur=2592.04 max=2592.04 min=2592.04
07-20 18:40:31.457  1376  1376 I hwcomposer: [HWCDisplay] [Display_0 (type:1)] fps:0.385810,dur:2591.95,max:2591.95,min:2591.95  
07-20 18:40:31.489  1367 13689 W AudioALSACaptureDataProviderNormal: readThread, latency_in_s,0.000001,0.021872,0.000148, totalTime 0.022022 > logTimeout 0.022000 TIMEOUT!!
07-20 18:40:31.723  3098  3345 I bt_shim_scanner: [le_scanning_manager.cc(851)] handle_remote_properties: handle_remote_properties  device_type= 3
07-20 18:40:31.730  3098  3345 I bt_shim_scanner: [le_scanning_manager.cc(851)] handle_remote_properties: handle_remote_properties  device_type= 3
07-20 18:40:31.741  3098  3345 I bt_shim_scanner: [le_scanning_manager.cc(851)] handle_remote_properties: handle_remote_properties  device_type= 2
07-20 18:40:31.764  3098  3345 I bt_shim_scanner: [le_scanning_manager.cc(851)] handle_remote_properties: handle_remote_properties  device_type= 2
07-20 18:40:31.764  3098  3258 I bt_btif_dm: btif_dm.cc:533 get_cod: remote_cod=0x00001f00
07-20 18:40:31.791  3098  3345 I bt_btif_dm: btif_dm.cc:763 btif_update_remote_properties: class of device (cod) is 0x000914
07-20 18:40:31.791  3098  3258 I bt_btif_dm: btif_dm.cc:533 get_cod: remote_cod=0x00000914
07-20 18:40:31.792  3098  3345 I bt_shim_scanner: [le_scanning_manager.cc(851)] handle_remote_properties: handle_remote_properties  device_type= 2
07-20 18:40:31.812  3098  3345 I bt_shim_scanner: [le_scanning_manager.cc(851)] handle_remote_properties: handle_remote_properties  device_type= 2
07-20 18:40:31.812  3098  3258 I bt_btif_dm: btif_dm.cc:533 get_cod: remote_cod=0x00001f00
07-20 18:40:31.898  3098  3345 I bt_shim_scanner: [le_scanning_manager.cc(851)] handle_remote_properties: handle_remote_properties  device_type= 2
07-20 18:40:31.898  3098  3258 I bt_btif_dm: btif_dm.cc:533 get_cod: remote_cod=0x00001f00
07-20 18:40:31.918  3098  3345 I bt_shim_scanner: [le_scanning_manager.cc(851)] handle_remote_properties: handle_remote_properties  device_type= 3
07-20 18:40:31.936  3098  3345 I bt_shim_scanner: [le_scanning_manager.cc(851)] handle_remote_properties: handle_remote_properties  device_type= 3
07-20 18:40:32.434  1419  1468 I libPerfCtl: xgfGetFPS pid:2856 fps:-1
07-20 18:40:32.434  1419  1468 I AppThermalMode: [perfNotifyThermalState] hdl:0
07-20 18:40:32.434  1419  1468 I AppThermalMode: [findAppThermalIdx] Fail: appThermalModeEnable: 0,currentFPS: -1,fg->pid:2848
07-20 18:40:32.434  1419  1468 I AppThermalMode: [perfNotifyThermalState] appThermalIdx -1:
07-20 18:40:32.477  3098  3345 I bt_shim_scanner: [le_scanning_manager.cc(851)] handle_remote_properties: handle_remote_properties  device_type= 2
07-20 18:40:32.477  3098  3258 I bt_btif_dm: btif_dm.cc:533 get_cod: remote_cod=0x00001f00
07-20 18:40:32.488  3098  3345 I bt_shim_scanner: [le_scanning_manager.cc(851)] handle_remote_properties: handle_remote_properties  device_type= 2
07-20 18:40:32.517  3098  3345 I bt_shim_scanner: [le_scanning_manager.cc(851)] handle_remote_properties: handle_remote_properties  device_type= 2
07-20 18:40:32.517  3098  3258 I bt_btif_dm: btif_dm.cc:533 get_cod: remote_cod=0x00001f00
07-20 18:40:32.607  3098  3345 I bt_btif_dm: btif_dm.cc:763 btif_update_remote_properties: class of device (cod) is 0x000914
07-20 18:40:32.607  3098  3258 I bt_btif_dm: btif_dm.cc:533 get_cod: remote_cod=0x00000914
07-20 18:40:32.607  3098  3345 I bt_shim_scanner: [le_scanning_manager.cc(851)] handle_remote_properties: handle_remote_properties  device_type= 2
07-20 18:40:32.641  3098  3345 I bt_shim_scanner: [le_scanning_manager.cc(851)] handle_remote_properties: handle_remote_properties  device_type= 2
07-20 18:40:32.641  3098  3258 I bt_btif_dm: btif_dm.cc:533 get_cod: remote_cod=0x00001f00
07-20 18:40:32.662  3098  3345 I bt_shim_scanner: [le_scanning_manager.cc(851)] handle_remote_properties: handle_remote_properties  device_type= 3
07-20 18:40:32.683  3098  3258 I bt_btif_dm: btif_dm.cc:533 get_cod: remote_cod=0x00001f00
07-20 18:40:32.683  3098  3345 I bt_shim_scanner: [le_scanning_manager.cc(851)] handle_remote_properties: handle_remote_properties  device_type= 2
07-20 18:40:33.111  2021  2598 I TranWifiSmartAssistantController: start current network monitor 
07-20 18:40:33.112  2021  2598 I TranWifiSmartAssistantController: userIgnored :false isScoredCurrentNetwork :false
07-20 18:40:33.112  2021  2598 I TranWifiSmartAssistantController: mCurrentNetwork :132 SSID :"Comercial Reyito 2"
07-20 18:40:33.114  2021  2598 I WifiNetworkQuality: current rssi is sufficient
07-20 18:40:33.114  2021  2598 I TranWifiSmartAssistantController: mNoCandidateCount : -1
07-20 18:40:33.114  2021  2598 I TranWifiSmartAssistantController: ====>>rssi :-31
07-20 18:40:33.349  3098  3345 I bt_shim_scanner: [le_scanning_manager.cc(851)] handle_remote_properties: handle_remote_properties  device_type= 2
07-20 18:40:33.349  3098  3258 I bt_btif_dm: btif_dm.cc:533 get_cod: remote_cod=0x00001f00
07-20 18:40:33.434  1419  1468 I libPerfCtl: xgfGetFPS pid:2856 fps:-1
07-20 18:40:33.434  1419  1468 I AppThermalMode: [perfNotifyThermalState] hdl:0
07-20 18:40:33.434  1419  1468 I AppThermalMode: [findAppThermalIdx] Fail: appThermalModeEnable: 0,currentFPS: -1,fg->pid:2848
07-20 18:40:33.434  1419  1468 I AppThermalMode: [perfNotifyThermalState] appThermalIdx -1:
07-20 18:40:33.442  3098  3345 I bt_shim_scanner: [le_scanning_manager.cc(851)] handle_remote_properties: handle_remote_properties  device_type= 2
07-20 18:40:33.442  3098  3258 I bt_btif_dm: btif_dm.cc:533 get_cod: remote_cod=0x00001f00
07-20 18:40:33.959  3098  3258 I bt_btif_dm: btif_dm.cc:533 get_cod: remote_cod=0x00001f00
07-20 18:40:33.959  3098  3345 I bt_shim_scanner: [le_scanning_manager.cc(851)] handle_remote_properties: handle_remote_properties  device_type= 2
07-20 18:40:34.037  3098  3345 I bt_shim_scanner: [le_scanning_manager.cc(851)] handle_remote_properties: handle_remote_properties  device_type= 3
07-20 18:40:34.048  3098  3258 I bt_btif_dm: btif_dm.cc:533 get_cod: remote_cod=0x00001f00
07-20 18:40:34.048  3098  3345 I bt_shim_scanner: [le_scanning_manager.cc(851)] handle_remote_properties: handle_remote_properties  device_type= 2
07-20 18:40:34.061  3098  3345 I bt_shim_scanner: [le_scanning_manager.cc(851)] handle_remote_properties: handle_remote_properties  device_type= 2
07-20 18:40:34.137  3098  3345 I bt_shim_scanner: [le_scanning_manager.cc(851)] handle_remote_properties: handle_remote_properties  device_type= 3
07-20 18:40:34.435  1419  1468 I libPerfCtl: xgfGetFPS pid:2856 fps:-1
07-20 18:40:34.435  1419  1468 I AppThermalMode: [perfNotifyThermalState] hdl:0
07-20 18:40:34.435  1419  1468 I AppThermalMode: [findAppThermalIdx] Fail: appThermalModeEnable: 0,currentFPS: -1,fg->pid:2848
07-20 18:40:34.435  1419  1468 I AppThermalMode: [perfNotifyThermalState] appThermalIdx -1:
07-20 18:40:34.718  3098  3345 I bt_shim_scanner: [le_scanning_manager.cc(851)] handle_remote_properties: handle_remote_properties  device_type= 2
07-20 18:40:34.719  3098  3258 I bt_btif_dm: btif_dm.cc:533 get_cod: remote_cod=0x00001f00
07-20 18:40:34.760  3098  3258 I bt_btif_dm: btif_dm.cc:533 get_cod: remote_cod=0x00001f00
07-20 18:40:34.760  3098  3345 I bt_shim_scanner: [le_scanning_manager.cc(851)] handle_remote_properties: handle_remote_properties  device_type= 2
07-20 18:40:34.790  3098  3345 I bt_shim_scanner: [le_scanning_manager.cc(851)] handle_remote_properties: handle_remote_properties  device_type= 2
07-20 18:40:34.897  3098  3345 I bt_shim_scanner: [le_scanning_manager.cc(851)] handle_remote_properties: handle_remote_properties  device_type= 2
07-20 18:40:34.897  3098  3258 I bt_btif_dm: btif_dm.cc:533 get_cod: remote_cod=0x00001f00
07-20 18:40:35.435  1419  1468 I libPerfCtl: xgfGetFPS pid:2856 fps:-1
07-20 18:40:35.435  1419  1468 I AppThermalMode: [perfNotifyThermalState] hdl:0
07-20 18:40:35.435  1419  1468 I AppThermalMode: [findAppThermalIdx] Fail: appThermalModeEnable: 0,currentFPS: -1,fg->pid:2848
07-20 18:40:35.435  1419  1468 I AppThermalMode: [perfNotifyThermalState] appThermalIdx -1:
07-20 18:40:35.450  3098  3345 I bt_btif_dm: btif_dm.cc:763 btif_update_remote_properties: class of device (cod) is 0x000914
07-20 18:40:35.450  3098  3258 I bt_btif_dm: btif_dm.cc:533 get_cod: remote_cod=0x00000914
07-20 18:40:35.451  3098  3345 I bt_shim_scanner: [le_scanning_manager.cc(851)] handle_remote_properties: handle_remote_properties  device_type= 2
07-20 18:40:35.452  3098  3258 I bt_btif_dm: btif_dm.cc:533 get_cod: remote_cod=0x00001f00
07-20 18:40:35.453  3098  3345 I bt_shim_scanner: [le_scanning_manager.cc(851)] handle_remote_properties: handle_remote_properties  device_type= 2
07-20 18:40:35.548  3098  3345 I bt_shim_scanner: [le_scanning_manager.cc(851)] handle_remote_properties: handle_remote_properties  device_type= 2
07-20 18:40:35.548  3098  3258 I bt_btif_dm: btif_dm.cc:533 get_cod: remote_cod=0x00001f00
07-20 18:40:35.637  3098  3345 I bt_shim_scanner: [le_scanning_manager.cc(851)] handle_remote_properties: handle_remote_properties  device_type= 2
07-20 18:40:35.638  3098  3258 I bt_btif_dm: btif_dm.cc:533 get_cod: remote_cod=0x00001f00
07-20 18:40:35.645  1386  1386 I android.hardware.thermal@2.0-service.mtk: fill_temperatures filterType1 name: SKIN type: SKIN throttlingStatus: NONE value: 34.947 ret_temps size 0
07-20 18:40:35.686  3098  3345 I bt_shim_scanner: [le_scanning_manager.cc(851)] handle_remote_properties: handle_remote_properties  device_type= 2
07-20 18:40:35.686  3098  3258 I bt_btif_dm: btif_dm.cc:533 get_cod: remote_cod=0x00001f00
07-20 18:40:35.694  3098  3345 I bt_shim_scanner: [le_scanning_manager.cc(851)] handle_remote_properties: handle_remote_properties  device_type= 3
07-20 18:40:36.092  1575  1575 I adbd    : adbd service requested 'shell,v2:export ANDROID_LOG_TAGS=''; exec logcat '-v' 'threadtime''
07-20 18:40:36.116  2021  2598 I TranWifiSmartAssistantController: start current network monitor 
07-20 18:40:36.116  2021  2598 I TranWifiSmartAssistantController: userIgnored :false isScoredCurrentNetwork :false
07-20 18:40:36.117  2021  2598 I TranWifiSmartAssistantController: mCurrentNetwork :132 SSID :"Comercial Reyito 2"
07-20 18:40:36.118  2021  2598 I WifiNetworkQuality: current rssi is sufficient
07-20 18:40:36.119  2021  2598 I TranWifiSmartAssistantController: mNoCandidateCount : -1
07-20 18:40:36.119  2021  2598 I TranWifiSmartAssistantController: ====>>rssi :-30
07-20 18:40:36.121  3098  3345 I bt_shim_scanner: [le_scanning_manager.cc(851)] handle_remote_properties: handle_remote_properties  device_type= 3
07-20 18:40:36.131  3098  3345 I bt_shim_scanner: [le_scanning_manager.cc(851)] handle_remote_properties: handle_remote_properties  device_type= 2
07-20 18:40:36.131  3098  3258 I bt_btif_dm: btif_dm.cc:533 get_cod: remote_cod=0x00001f00
07-20 18:40:36.147  3098  3345 I bt_shim_scanner: [le_scanning_manager.cc(851)] handle_remote_properties: handle_remote_properties  device_type= 2
07-20 18:40:36.181  3098  3345 I bt_shim_scanner: [le_scanning_manager.cc(851)] handle_remote_properties: handle_remote_properties  device_type= 2
07-20 18:40:36.181  3098  3258 I bt_btif_dm: btif_dm.cc:533 get_cod: remote_cod=0x00001f00
07-20 18:40:36.223  3098  3345 I bt_shim_scanner: [le_scanning_manager.cc(851)] handle_remote_properties: handle_remote_properties  device_type= 3
07-20 18:40:36.228  3098  3345 I bt_shim_scanner: [le_scanning_manager.cc(851)] handle_remote_properties: handle_remote_properties  device_type= 2
07-20 18:40:36.228  3098  3258 I bt_btif_dm: btif_dm.cc:533 get_cod: remote_cod=0x00001f00
07-20 18:40:36.254  3098  3345 I bt_shim_scanner: [le_scanning_manager.cc(851)] handle_remote_properties: handle_remote_properties  device_type= 2
07-20 18:40:36.256  3098  3345 I AppScanStats: BLE_SCAN_RESULT_RECEIVED[3]reportBleScanResults=800
07-20 18:40:36.279  3098  3345 I bt_shim_scanner: [le_scanning_manager.cc(851)] handle_remote_properties: handle_remote_properties  device_type= 2
07-20 18:40:36.279  3098  3258 I bt_btif_dm: btif_dm.cc:533 get_cod: remote_cod=0x00001f00
07-20 18:40:36.417  1376  1658 I hwcomposer: [DRMDEV] (0) failed to waitNextVsync: -1  
07-20 18:40:36.432  1376  1658 I hwcomposer: [DRMDEV] (0) failed to waitNextVsync: -1  
07-20 18:40:36.435  1419  1468 I libPerfCtl: xgfGetFPS pid:2856 fps:-1
07-20 18:40:36.435  1419  1468 I AppThermalMode: [perfNotifyThermalState] hdl:0
07-20 18:40:36.435  1419  1468 I AppThermalMode: [findAppThermalIdx] Fail: appThermalModeEnable: 0,currentFPS: -1,fg->pid:2848
07-20 18:40:36.435  1419  1468 I AppThermalMode: [perfNotifyThermalState] appThermalIdx -1:
07-20 18:40:36.448  1376  1658 I hwcomposer: [DRMDEV] (0) failed to waitNextVsync: -1  
07-20 18:40:36.462  1486  1486 I BufferQueueProducer: [StatusBar#99](this:0xb40000796b7d8758,id:-1,api:0,p:-1,c:1486) queueBuffer: fps=0.40 dur=5007.74 max=4583.86 min=423.88
07-20 18:40:36.465  1376  1658 I hwcomposer: [DRMDEV] (0) failed to waitNextVsync: -1  
07-20 18:40:36.465  1376  1376 I hwcomposer: [HWCDisplay] [Display_0 (type:1)] fps:0.399377,dur:5007.81,max:4583.98,min:423.83  
07-20 18:40:36.552  1367 13689 W AudioALSACaptureDataProviderNormal: readThread, latency_in_s,0.000001,0.024272,0.000128, totalTime 0.024401 > logTimeout 0.022000 TIMEOUT!!
07-20 18:40:36.877  4799  5056 D TriggerService: trigger service is running
07-20 18:40:36.988  3098  3345 I bt_shim_scanner: [le_scanning_manager.cc(851)] handle_remote_properties: handle_remote_properties  device_type= 2
07-20 18:40:37.081  3098  3345 I bt_shim_scanner: [le_scanning_manager.cc(851)] handle_remote_properties: handle_remote_properties  device_type= 3
07-20 18:40:37.083  3098  3345 I bt_shim_scanner: [le_scanning_manager.cc(851)] handle_remote_properties: handle_remote_properties  device_type= 2
07-20 18:40:37.083  3098  3258 I bt_btif_dm: btif_dm.cc:533 get_cod: remote_cod=0x00001f00
07-20 18:40:37.199  3098  3345 I bt_shim_scanner: [le_scanning_manager.cc(851)] handle_remote_properties: handle_remote_properties  device_type= 2
07-20 18:40:37.436  1419  1468 I libPerfCtl: xgfGetFPS pid:2856 fps:-1
07-20 18:40:37.436  1419  1468 I AppThermalMode: [perfNotifyThermalState] hdl:0
07-20 18:40:37.436  1419  1468 I AppThermalMode: [findAppThermalIdx] Fail: appThermalModeEnable: 0,currentFPS: -1,fg->pid:2848
07-20 18:40:37.436  1419  1468 I AppThermalMode: [perfNotifyThermalState] appThermalIdx -1:
07-20 18:40:37.572  3098  3345 I bt_shim_scanner: [le_scanning_manager.cc(851)] handle_remote_properties: handle_remote_properties  device_type= 3
07-20 18:40:37.621  3098  3345 I bt_shim_scanner: [le_scanning_manager.cc(851)] handle_remote_properties: handle_remote_properties  device_type= 2
07-20 18:40:37.679  3098  3345 I bt_shim_scanner: [le_scanning_manager.cc(851)] handle_remote_properties: handle_remote_properties  device_type= 3
07-20 18:40:37.710  3098  3345 I bt_btif_dm: btif_dm.cc:763 btif_update_remote_properties: class of device (cod) is 0x000914
07-20 18:40:37.710  3098  3258 I bt_btif_dm: btif_dm.cc:533 get_cod: remote_cod=0x00000914
07-20 18:40:37.710  3098  3345 I bt_shim_scanner: [le_scanning_manager.cc(851)] handle_remote_properties: handle_remote_properties  device_type= 2
07-20 18:40:37.721  3098  3345 I bt_shim_scanner: [le_scanning_manager.cc(851)] handle_remote_properties: handle_remote_properties  device_type= 2
07-20 18:40:37.721  3098  3258 I bt_btif_dm: btif_dm.cc:533 get_cod: remote_cod=0x00001f00
07-20 18:40:37.782  3098  3345 I bt_shim_scanner: [le_scanning_manager.cc(851)] handle_remote_properties: handle_remote_properties  device_type= 3
07-20 18:40:37.815  3098  3258 I bt_btif_dm: btif_dm.cc:533 get_cod: remote_cod=0x00001f00
07-20 18:40:37.815  3098  3345 I bt_shim_scanner: [le_scanning_manager.cc(851)] handle_remote_properties: handle_remote_properties  device_type= 2
07-20 18:40:37.874  1777  1878 D ULogGuard: Monitoring: 16 threads, 0 requests, 0 time-bombs; 3 guards. ResetFlags = 0x7
07-20 18:40:37.888  3098  3345 I bt_shim_scanner: [le_scanning_manager.cc(851)] handle_remote_properties: handle_remote_properties  device_type= 3
07-20 18:40:37.890  1376  1658 I hwcomposer: [DRMDEV] (0) failed to waitNextVsync: -1  
07-20 18:40:37.890  3098  3345 I bt_shim_scanner: [le_scanning_manager.cc(851)] handle_remote_properties: handle_remote_properties  device_type= 2
07-20 18:40:37.898  1376  1658 I hwcomposer: [DRMDEV] (0) failed to waitNextVsync: -1  
07-20 18:40:37.912  1486  1486 I BufferQueueProducer: [StatusBar#99](this:0xb40000796b7d8758,id:-1,api:0,p:-1,c:1486) queueBuffer: fps=0.69 dur=1449.68 max=1449.68 min=1449.68
07-20 18:40:37.915  1376  1376 I hwcomposer: [HWCDisplay] [Display_0 (type:1)] fps:0.689873,dur:1449.54,max:1449.54,min:1449.54  
07-20 18:40:37.915  1376  1658 I hwcomposer: [DRMDEV] (0) failed to waitNextVsync: -1  
07-20 18:40:38.189  1367 13689 W AudioALSACaptureDataProviderNormal: readThread, latency_in_s,0.000001,0.021953,0.000137, totalTime 0.022091 > logTimeout 0.022000 TIMEOUT!!
07-20 18:40:38.299  3098  3345 I bt_shim_scanner: [le_scanning_manager.cc(851)] handle_remote_properties: handle_remote_properties  device_type= 3
