07-20 14:33:44.997   601 32695 D UNN_ENGINE: Start Invoke 
07-20 14:33:44.997   601 32695 D UNN_ENGINE: Set Network Inputs.
07-20 14:33:44.997   601 32695 D UNN_ENGINE: Inputs t_shape: (1,1,64,64 ).
07-20 14:33:44.997   601 32695 D UNN_ENGINE: Session Info: backendType is 0
07-20 14:33:44.997   601 32695 D UNN_ENGINE: batch：1,channel：3, height：64, width：64 .
07-20 14:33:45.000   601 32695 D UNN_ENGINE: Get Network Outputs.
07-20 14:33:45.000   601 32695 D UNN_ENGINE: Invoke is OK 
07-20 14:33:45.000   601 32695 I FDV3    : [find, 789]: src:960x720 detect:160 face_num=1 23.97 ms
07-20 14:33:45.000   601 32695 I libfacedetect: [FdGetFaceInfo,278]: x:451 y:218 width:289 height:290 yawAngle:0 rollAngle:90 score:86 hid:0 fid:23
07-20 14:33:45.000   601 32695 I libfacedetect: [FdGetFaceInfo,298]: FA attr result: eyeGlassesStatus(0), faceOccStatus(0), mouthStatus(0)
07-20 14:33:45.000   601 32695 I FaceDetectSDKNode: 921, fd_process: cam_id=1, 960x720, face_num=1, time=24 ms, frame_id=23, fd=0x58
07-20 14:33:45.011 31806 32701 D FACE_VERIFY_QUALITY: contrast=56.23412 sharpness=5.312778 attempt=1 result=EMBEDDING_READY
07-20 14:33:45.017   601 32601 E smart_ctrl: 2078, smart_ctl_ioctl: smart can not be used any longer,atm lib has been deleted!
07-20 14:33:45.017   601 32599 I awb_adpt4.x: 197, _awb_ctrl_set_aem_info: roiwin_size_b:[h:30,w:40],roiblock_size_p[h:32,w:32]
07-20 14:33:45.018   601 32596 E isp_blk_com: 1527, smart_calc: block_result 0x78bf292a50
07-20 14:33:45.018   601 32596 E isp_blk_com: 1527, smart_calc: block_result 0x78bf292a50
07-20 14:33:45.018   601 32596 E isp_alg_fw: 4190, ispalg_ai_pro_param_compatible: ai status  is not correct
07-20 14:33:45.018   601 32599 I awb_adpt4.x: 1293, awb_sprd_ctrl_calculation_v4_x: AWB result : (1686,1024,1674) 4816K , fram_count : 20 , camera_id : 1, wb_mode : 0, bv : 514 ,work_mode : 0, lock: 0, bypass : 0;AWB lib 32x32: (1686,1024,1674) 4816K; cmc_result: (2170 -1127 -19; -192 1409 -193; 62 -405 1367).
07-20 14:33:45.018   601 32549 I Isharkl_s5k5e8yx: 396, s5k5e8yx_drv_access_val: sensor s5k5e8yx: param_ptr->type=1e
07-20 14:33:45.031   601 32695 D FDV3    : [FaceAlignDetect, 1361]: FA result copy
07-20 14:33:45.031   601 32695 I FDV3    : [find, 789]: src:960x720 detect:160 face_num=1 9.63 ms
07-20 14:33:45.031   601 32695 I libfacedetect: [FdGetFaceInfo,278]: x:451 y:218 width:289 height:290 yawAngle:0 rollAngle:90 score:86 hid:0 fid:24
07-20 14:33:45.031   601 32695 I libfacedetect: [FdGetFaceInfo,298]: FA attr result: eyeGlassesStatus(0), faceOccStatus(0), mouthStatus(0)
07-20 14:33:45.031   601 32695 I FaceDetectSDKNode: 921, fd_process: cam_id=1, 960x720, face_num=1, time=9 ms, frame_id=24, fd=0xaa
07-20 14:33:45.050 31806 32722 V FaceDetectorV2Jni: detectFacesImageByteBufferMultiPlanes.start()
07-20 14:33:45.053 31806 32722 I tflite  : Replacing 65 out of 65 node(s) with delegate (TfLiteXNNPackDelegate) node, yielding 1 partitions for the whole graph.
07-20 14:33:45.078   601 32601 E smart_ctrl: 2078, smart_ctl_ioctl: smart can not be used any longer,atm lib has been deleted!
07-20 14:33:45.078   601 32599 I awb_adpt4.x: 197, _awb_ctrl_set_aem_info: roiwin_size_b:[h:30,w:40],roiblock_size_p[h:32,w:32]
07-20 14:33:45.078   601 32596 E isp_blk_com: 1527, smart_calc: block_result 0x78bf292a50
07-20 14:33:45.078   601 32596 E isp_blk_com: 1527, smart_calc: block_result 0x78bf292a50
07-20 14:33:45.079   601 32596 E isp_alg_fw: 4190, ispalg_ai_pro_param_compatible: ai status  is not correct
07-20 14:33:45.079   601 32599 I awb_adpt4.x: 1293, awb_sprd_ctrl_calculation_v4_x: AWB result : (1694,1024,1673) 4853K , fram_count : 21 , camera_id : 1, wb_mode : 0, bv : 514 ,work_mode : 0, lock: 0, bypass : 0;AWB lib 32x32: (1694,1024,1673) 4853K; cmc_result: (2169 -1126 -19; -189 1411 -198; 63 -395 1356).
07-20 14:33:45.080   601 32549 I Isharkl_s5k5e8yx: 396, s5k5e8yx_drv_access_val: sensor s5k5e8yx: param_ptr->type=1e
07-20 14:33:45.092   601 32695 I FaceAlign: [faRecognize,309]: face i:0
07-20 14:33:45.092   601 32695 D UNN_ENGINE: Start Invoke 
07-20 14:33:45.092   601 32695 D UNN_ENGINE: Set Network Inputs.
07-20 14:33:45.092   601 32695 D UNN_ENGINE: Inputs t_shape: (1,1,64,64 ).
07-20 14:33:45.092   601 32695 D UNN_ENGINE: Session Info: backendType is 0
07-20 14:33:45.092   601 32695 D UNN_ENGINE: batch：1,channel：3, height：64, width：64 .
07-20 14:33:45.097   601 32695 D UNN_ENGINE: Get Network Outputs.
07-20 14:33:45.097   601 32695 D UNN_ENGINE: Invoke is OK 
07-20 14:33:45.097   601 32695 I FDV3    : [find, 789]: src:960x720 detect:160 face_num=1 10.38 ms
07-20 14:33:45.097   601 32695 I libfacedetect: [FdGetFaceInfo,278]: x:451 y:218 width:289 height:290 yawAngle:-1 rollAngle:90 score:86 hid:0 fid:25
07-20 14:33:45.097   601 32695 I libfacedetect: [FdGetFaceInfo,298]: FA attr result: eyeGlassesStatus(0), faceOccStatus(0), mouthStatus(0)
07-20 14:33:45.103   601 32695 I FaceDetectSDKNode: 921, fd_process: cam_id=1, 960x720, face_num=1, time=10 ms, frame_id=25, fd=0x58
07-20 14:33:45.141   601 32601 E smart_ctrl: 2078, smart_ctl_ioctl: smart can not be used any longer,atm lib has been deleted!
07-20 14:33:45.141   601 32599 I awb_adpt4.x: 197, _awb_ctrl_set_aem_info: roiwin_size_b:[h:30,w:40],roiblock_size_p[h:32,w:32]
07-20 14:33:45.141   601 32596 E isp_blk_com: 1527, smart_calc: block_result 0x78bf292a50
07-20 14:33:45.141   601 32596 E isp_blk_com: 1527, smart_calc: block_result 0x78bf292a50
07-20 14:33:45.141   601 32596 E isp_alg_fw: 4190, ispalg_ai_pro_param_compatible: ai status  is not correct
07-20 14:33:45.142   601 32599 I awb_adpt4.x: 1293, awb_sprd_ctrl_calculation_v4_x: AWB result : (1686,1024,1674) 4816K , fram_count : 22 , camera_id : 1, wb_mode : 0, bv : 514 ,work_mode : 0, lock: 0, bypass : 0;AWB lib 32x32: (1686,1024,1674) 4816K; cmc_result: (2170 -1127 -19; -192 1409 -193; 62 -405 1367).
07-20 14:33:45.143   601 32549 I Isharkl_s5k5e8yx: 396, s5k5e8yx_drv_access_val: sensor s5k5e8yx: param_ptr->type=1e
07-20 14:33:45.155   601 32695 I FaceAlign: [faRecognize,309]: face i:0
07-20 14:33:45.155   601 32695 D UNN_ENGINE: Start Invoke 
07-20 14:33:45.155   601 32695 D UNN_ENGINE: Set Network Inputs.
07-20 14:33:45.155   601 32695 D UNN_ENGINE: Inputs t_shape: (1,1,64,64 ).
07-20 14:33:45.155   601 32695 D UNN_ENGINE: Session Info: backendType is 0
07-20 14:33:45.155   601 32695 D UNN_ENGINE: batch：1,channel：3, height：64, width：64 .
07-20 14:33:45.160   601 32695 D UNN_ENGINE: Get Network Outputs.
07-20 14:33:45.161   601 32695 D UNN_ENGINE: Invoke is OK 
07-20 14:33:45.161   601 32695 I FDV3    : [find, 789]: src:960x720 detect:160 face_num=1 11.58 ms
07-20 14:33:45.161   601 32695 I libfacedetect: [FdGetFaceInfo,278]: x:451 y:218 width:289 height:290 yawAngle:-1 rollAngle:90 score:86 hid:0 fid:26
07-20 14:33:45.161   601 32695 I libfacedetect: [FdGetFaceInfo,298]: FA attr result: eyeGlassesStatus(0), faceOccStatus(0), mouthStatus(0)
07-20 14:33:45.161   601 32695 I FaceDetectSDKNode: 921, fd_process: cam_id=1, 960x720, face_num=1, time=11 ms, frame_id=26, fd=0xaa
07-20 14:33:45.174 31806 32722 I tflite  : Replacing 65 out of 65 node(s) with delegate (TfLiteXNNPackDelegate) node, yielding 1 partitions for the whole graph.
07-20 14:33:45.207   601 32601 E smart_ctrl: 2078, smart_ctl_ioctl: smart can not be used any longer,atm lib has been deleted!
07-20 14:33:45.207   601 32599 I awb_adpt4.x: 197, _awb_ctrl_set_aem_info: roiwin_size_b:[h:30,w:40],roiblock_size_p[h:32,w:32]
07-20 14:33:45.208   601 32596 E isp_blk_com: 1527, smart_calc: block_result 0x78bf292a50
07-20 14:33:45.208   601 32596 E isp_blk_com: 1527, smart_calc: block_result 0x78bf292a50
07-20 14:33:45.208   601 32596 E isp_alg_fw: 4190, ispalg_ai_pro_param_compatible: ai status  is not correct
07-20 14:33:45.208   601 32599 I awb_adpt4.x: 1293, awb_sprd_ctrl_calculation_v4_x: AWB result : (1686,1024,1674) 4816K , fram_count : 23 , camera_id : 1, wb_mode : 0, bv : 514 ,work_mode : 0, lock: 0, bypass : 0;AWB lib 32x32: (1686,1024,1674) 4816K; cmc_result: (2170 -1127 -19; -192 1409 -193; 62 -405 1367).
07-20 14:33:45.214   601 32549 I Isharkl_s5k5e8yx: 396, s5k5e8yx_drv_access_val: sensor s5k5e8yx: param_ptr->type=1e
07-20 14:33:45.503   601 32601 E smart_ctrl: 2078, smart_ctl_ioctl: smart can not be used any longer,atm lib has been deleted!
07-20 14:33:45.504   601 32599 I awb_adpt4.x: 197, _awb_ctrl_set_aem_info: roiwin_size_b:[h:30,w:40],roiblock_size_p[h:32,w:32]
07-20 14:33:45.504   601 32596 E isp_blk_com: 1527, smart_calc: block_result 0x78bf292a50
07-20 14:33:45.504   601 32596 E isp_blk_com: 1527, smart_calc: block_result 0x78bf292a50
07-20 14:33:45.504   601 32596 E isp_alg_fw: 4190, ispalg_ai_pro_param_compatible: ai status  is not correct
07-20 14:33:45.506   601 32599 I awb_adpt4.x: 1293, awb_sprd_ctrl_calculation_v4_x: AWB result : (1686,1024,1674) 4816K , fram_count : 24 , camera_id : 1, wb_mode : 0, bv : 514 ,work_mode : 0, lock: 0, bypass : 0;AWB lib 32x32: (1686,1024,1674) 4816K; cmc_result: (2170 -1127 -19; -192 1409 -193; 62 -405 1367).
07-20 14:33:45.534   601 32549 I Isharkl_s5k5e8yx: 396, s5k5e8yx_drv_access_val: sensor s5k5e8yx: param_ptr->type=1e
07-20 14:33:45.535   601 32601 E smart_ctrl: 2078, smart_ctl_ioctl: smart can not be used any longer,atm lib has been deleted!
07-20 14:33:45.535   601 32599 I awb_adpt4.x: 197, _awb_ctrl_set_aem_info: roiwin_size_b:[h:30,w:40],roiblock_size_p[h:32,w:32]
07-20 14:33:45.535   601 32596 E isp_blk_com: 1527, smart_calc: block_result 0x78bf292a50
07-20 14:33:45.536   601 32596 E isp_blk_com: 1527, smart_calc: block_result 0x78bf292a50
07-20 14:33:45.536   601 32596 E isp_alg_fw: 4190, ispalg_ai_pro_param_compatible: ai status  is not correct
07-20 14:33:45.536   601 32599 I awb_adpt4.x: 1293, awb_sprd_ctrl_calculation_v4_x: AWB result : (1686,1024,1674) 4816K , fram_count : 25 , camera_id : 1, wb_mode : 0, bv : 514 ,work_mode : 0, lock: 0, bypass : 0;AWB lib 32x32: (1686,1024,1674) 4816K; cmc_result: (2170 -1127 -19; -192 1409 -193; 62 -405 1367).
07-20 14:33:45.537   601 32601 E smart_ctrl: 2078, smart_ctl_ioctl: smart can not be used any longer,atm lib has been deleted!
07-20 14:33:45.537   601 32596 E isp_blk_com: 1527, smart_calc: block_result 0x78bf292a50
07-20 14:33:45.537   601 32596 E isp_blk_com: 1527, smart_calc: block_result 0x78bf292a50
07-20 14:33:45.537   601 32596 E isp_alg_fw: 4190, ispalg_ai_pro_param_compatible: ai status  is not correct
07-20 14:33:45.566   601 32601 E smart_ctrl: 2078, smart_ctl_ioctl: smart can not be used any longer,atm lib has been deleted!
07-20 14:33:45.566   601 32596 E isp_blk_com: 1527, smart_calc: block_result 0x78bf292a50
07-20 14:33:45.566   601 32596 E isp_blk_com: 1527, smart_calc: block_result 0x78bf292a50
07-20 14:33:45.566   601 32596 E isp_alg_fw: 4190, ispalg_ai_pro_param_compatible: ai status  is not correct
07-20 14:33:45.644   601 32695 I FaceAlign: [faRecognize,309]: face i:0
07-20 14:33:45.644   601 32695 D UNN_ENGINE: Start Invoke 
07-20 14:33:45.644   601 32695 D UNN_ENGINE: Set Network Inputs.
07-20 14:33:45.644   601 32695 D UNN_ENGINE: Inputs t_shape: (1,1,64,64 ).
07-20 14:33:45.644   601 32695 D UNN_ENGINE: Session Info: backendType is 0
07-20 14:33:45.644   601 32695 D UNN_ENGINE: batch：1,channel：3, height：64, width：64 .
07-20 14:33:45.647   601 32695 D UNN_ENGINE: Get Network Outputs.
07-20 14:33:45.647   601 32695 D UNN_ENGINE: Invoke is OK 
07-20 14:33:45.647   601 32695 I FDV3    : [find, 789]: src:960x720 detect:160 face_num=1 409.01 ms
07-20 14:33:45.647   601 32695 I libfacedetect: [FdGetFaceInfo,278]: x:451 y:218 width:289 height:290 yawAngle:0 rollAngle:90 score:86 hid:0 fid:27
07-20 14:33:45.647   601 32695 I libfacedetect: [FdGetFaceInfo,298]: FA attr result: eyeGlassesStatus(0), faceOccStatus(0), mouthStatus(0)
07-20 14:33:45.647   601 32695 I FaceDetectSDKNode: 921, fd_process: cam_id=1, 960x720, face_num=1, time=409 ms, frame_id=27, fd=0x58
07-20 14:33:45.665   601 32549 I Isharkl_s5k5e8yx: 396, s5k5e8yx_drv_access_val: sensor s5k5e8yx: param_ptr->type=1e
07-20 14:33:45.665   601 32599 I awb_adpt4.x: 197, _awb_ctrl_set_aem_info: roiwin_size_b:[h:30,w:40],roiblock_size_p[h:32,w:32]
07-20 14:33:45.666   601 32599 I awb_adpt4.x: 1293, awb_sprd_ctrl_calculation_v4_x: AWB result : (1686,1024,1674) 4816K , fram_count : 26 , camera_id : 1, wb_mode : 0, bv : 514 ,work_mode : 0, lock: 0, bypass : 0;AWB lib 32x32: (1686,1024,1674) 4816K; cmc_result: (2170 -1127 -19; -192 1409 -193; 62 -405 1367).
07-20 14:33:45.667   601 32549 I Isharkl_s5k5e8yx: 396, s5k5e8yx_drv_access_val: sensor s5k5e8yx: param_ptr->type=1e
07-20 14:33:45.667   601 32599 I awb_adpt4.x: 197, _awb_ctrl_set_aem_info: roiwin_size_b:[h:30,w:40],roiblock_size_p[h:32,w:32]
07-20 14:33:45.667   601 32601 E smart_ctrl: 2078, smart_ctl_ioctl: smart can not be used any longer,atm lib has been deleted!
07-20 14:33:45.667   601 32596 E isp_blk_com: 1527, smart_calc: block_result 0x78bf292a50
07-20 14:33:45.668   601 32599 I awb_adpt4.x: 1293, awb_sprd_ctrl_calculation_v4_x: AWB result : (1686,1024,1674) 4816K , fram_count : 27 , camera_id : 1, wb_mode : 0, bv : 514 ,work_mode : 0, lock: 0, bypass : 0;AWB lib 32x32: (1686,1024,1674) 4816K; cmc_result: (2170 -1127 -19; -192 1409 -193; 62 -405 1367).
07-20 14:33:45.668   601 32596 E isp_blk_com: 1527, smart_calc: block_result 0x78bf292a50
07-20 14:33:45.668   601 32596 E isp_alg_fw: 4190, ispalg_ai_pro_param_compatible: ai status  is not correct
07-20 14:33:45.674   601 32549 I Isharkl_s5k5e8yx: 396, s5k5e8yx_drv_access_val: sensor s5k5e8yx: param_ptr->type=1e
07-20 14:33:45.674   601 32599 I awb_adpt4.x: 197, _awb_ctrl_set_aem_info: roiwin_size_b:[h:30,w:40],roiblock_size_p[h:32,w:32]
07-20 14:33:45.675   601 32599 I awb_adpt4.x: 1293, awb_sprd_ctrl_calculation_v4_x: AWB result : (1686,1024,1674) 4816K , fram_count : 28 , camera_id : 1, wb_mode : 0, bv : 514 ,work_mode : 0, lock: 0, bypass : 0;AWB lib 32x32: (1686,1024,1674) 4816K; cmc_result: (2170 -1127 -19; -192 1409 -193; 62 -405 1367).
07-20 14:33:45.676 31806 32722 V FaceDetectorV2Jni: detectFacesImageByteBuffer.end()
07-20 14:33:45.683   601 32549 I Isharkl_s5k5e8yx: 396, s5k5e8yx_drv_access_val: sensor s5k5e8yx: param_ptr->type=1e
07-20 14:33:45.686   601 32601 E smart_ctrl: 2078, smart_ctl_ioctl: smart can not be used any longer,atm lib has been deleted!
07-20 14:33:45.687   601 32599 I awb_adpt4.x: 197, _awb_ctrl_set_aem_info: roiwin_size_b:[h:30,w:40],roiblock_size_p[h:32,w:32]
07-20 14:33:45.687   601 32596 E isp_blk_com: 1527, smart_calc: block_result 0x78bf292a50
07-20 14:33:45.687   601 32596 E isp_blk_com: 1527, smart_calc: block_result 0x78bf292a50
07-20 14:33:45.687   601 32596 E isp_alg_fw: 4190, ispalg_ai_pro_param_compatible: ai status  is not correct
07-20 14:33:45.688   601 32599 I awb_adpt4.x: 1293, awb_sprd_ctrl_calculation_v4_x: AWB result : (1686,1024,1674) 4816K , fram_count : 29 , camera_id : 1, wb_mode : 0, bv : 514 ,work_mode : 0, lock: 0, bypass : 0;AWB lib 32x32: (1686,1024,1674) 4816K; cmc_result: (2170 -1127 -19; -192 1409 -193; 62 -405 1367).
07-20 14:33:45.688   601 32549 I Isharkl_s5k5e8yx: 396, s5k5e8yx_drv_access_val: sensor s5k5e8yx: param_ptr->type=1e
07-20 14:33:45.697   601 32695 I FaceAlign: [faRecognize,309]: face i:0
07-20 14:33:45.697   601 32695 D UNN_ENGINE: Start Invoke 
07-20 14:33:45.697   601 32695 D UNN_ENGINE: Set Network Inputs.
07-20 14:33:45.697   601 32695 D UNN_ENGINE: Inputs t_shape: (1,1,64,64 ).
07-20 14:33:45.697   601 32695 D UNN_ENGINE: Session Info: backendType is 0
07-20 14:33:45.697   601 32695 D UNN_ENGINE: batch：1,channel：3, height：64, width：64 .
07-20 14:33:45.704   601 32695 D UNN_ENGINE: Get Network Outputs.
07-20 14:33:45.704   601 32695 D UNN_ENGINE: Invoke is OK 
07-20 14:33:45.706   601 32695 I FDV3    : [find, 789]: src:960x720 detect:160 face_num=1 19.42 ms
07-20 14:33:45.706   601 32695 I libfacedetect: [FdGetFaceInfo,278]: x:451 y:218 width:289 height:290 yawAngle:0 rollAngle:90 score:86 hid:0 fid:28
07-20 14:33:45.706   601 32695 I libfacedetect: [FdGetFaceInfo,298]: FA attr result: eyeGlassesStatus(0), faceOccStatus(0), mouthStatus(0)
07-20 14:33:45.706   601 32695 I FaceDetectSDKNode: 921, fd_process: cam_id=1, 960x720, face_num=1, time=19 ms, frame_id=28, fd=0xaa
07-20 14:33:45.719 31806 32701 D FACE_VERIFY_FRAME: faces=1 eulerX=-8.789405 eulerY=2.6813376 eulerZ=-0.7654343 bounds=125,131,373,380 faceSize=248x249 frame=480x640 rotation=270 attempt=1 state=Ready
07-20 14:33:45.719 31806 32701 D FACE_VERIFY_LIGHT: luminance=124.56631 scale=0-255 min=35.0 max=235.0 contrast=55.165245 sharpness=4.826933 bounds=125,131,373,380 rotation=270 attempt=1 result=PASS
07-20 14:33:45.747   601 32601 E smart_ctrl: 2078, smart_ctl_ioctl: smart can not be used any longer,atm lib has been deleted!
07-20 14:33:45.748   601 32599 I awb_adpt4.x: 197, _awb_ctrl_set_aem_info: roiwin_size_b:[h:30,w:40],roiblock_size_p[h:32,w:32]
07-20 14:33:45.748   601 32596 E isp_blk_com: 1527, smart_calc: block_result 0x78bf292a50
07-20 14:33:45.748   601 32596 E isp_blk_com: 1527, smart_calc: block_result 0x78bf292a50
07-20 14:33:45.748   601 32596 E isp_alg_fw: 4190, ispalg_ai_pro_param_compatible: ai status  is not correct
07-20 14:33:45.750   601 32599 I awb_adpt4.x: 1293, awb_sprd_ctrl_calculation_v4_x: AWB result : (1686,1024,1674) 4816K , fram_count : 30 , camera_id : 1, wb_mode : 0, bv : 514 ,work_mode : 0, lock: 0, bypass : 0;AWB lib 32x32: (1686,1024,1674) 4816K; cmc_result: (2170 -1127 -19; -192 1409 -193; 62 -405 1367).
07-20 14:33:45.750   601 32549 I Isharkl_s5k5e8yx: 396, s5k5e8yx_drv_access_val: sensor s5k5e8yx: param_ptr->type=1e
07-20 14:33:45.757   601 32695 D FDV3    : [FaceAlignDetect, 1361]: FA result copy
07-20 14:33:45.757   601 32695 I FDV3    : [find, 789]: src:960x720 detect:160 face_num=1 5.65 ms
07-20 14:33:45.757   601 32695 I libfacedetect: [FdGetFaceInfo,278]: x:451 y:218 width:289 height:290 yawAngle:0 rollAngle:90 score:86 hid:0 fid:36
07-20 14:33:45.757   601 32695 I libfacedetect: [FdGetFaceInfo,298]: FA attr result: eyeGlassesStatus(0), faceOccStatus(0), mouthStatus(0)
07-20 14:33:45.757   601 32695 I FaceDetectSDKNode: 921, fd_process: cam_id=1, 960x720, face_num=1, time=5 ms, frame_id=36, fd=0x58
07-20 14:33:45.808   601 32601 E smart_ctrl: 2078, smart_ctl_ioctl: smart can not be used any longer,atm lib has been deleted!
07-20 14:33:45.809   601 32599 I awb_adpt4.x: 197, _awb_ctrl_set_aem_info: roiwin_size_b:[h:30,w:40],roiblock_size_p[h:32,w:32]
07-20 14:33:45.809   601 32596 E isp_blk_com: 1527, smart_calc: block_result 0x78bf292a50
07-20 14:33:45.809   601 32596 E isp_blk_com: 1527, smart_calc: block_result 0x78bf292a50
07-20 14:33:45.809   601 32596 E isp_alg_fw: 4190, ispalg_ai_pro_param_compatible: ai status  is not correct
07-20 14:33:45.810   601 32599 I awb_adpt4.x: 1293, awb_sprd_ctrl_calculation_v4_x: AWB result : (1686,1024,1674) 4816K , fram_count : 31 , camera_id : 1, wb_mode : 0, bv : 514 ,work_mode : 0, lock: 0, bypass : 0;AWB lib 32x32: (1686,1024,1674) 4816K; cmc_result: (2170 -1127 -19; -192 1409 -193; 62 -405 1367).
07-20 14:33:45.818   601 32549 I Isharkl_s5k5e8yx: 396, s5k5e8yx_drv_access_val: sensor s5k5e8yx: param_ptr->type=1e
07-20 14:33:45.820   601 32695 I FDV3    : [getDetectYoloImage, 240]: orientation: 3
07-20 14:33:45.821   601 32695 D FDV3    : [MNNRun, 358]: Now net input image size: 160, 128
07-20 14:33:45.822   601 32695 D UNN_ENGINE: Start Invoke 
07-20 14:33:45.822   601 32695 D UNN_ENGINE: Set Network Inputs.
07-20 14:33:45.822   601 32695 D UNN_ENGINE: Inputs t_shape: (1,3,160,128 ).
07-20 14:33:45.822   601 32695 D UNN_ENGINE: Session Info: backendType is 0
07-20 14:33:45.822   601 32695 D UNN_ENGINE: batch：1,channel：3, height：160, width：128 .
07-20 14:33:45.828 31806 32701 D FACE_VERIFY_QUALITY: contrast=55.165245 sharpness=4.826933 attempt=1 result=EMBEDDING_READY
07-20 14:33:45.833   601 32695 D UNN_ENGINE: Get Network Outputs.
07-20 14:33:45.833   601 32695 D UNN_ENGINE: Invoke is OK 
07-20 14:33:45.833   601 32695 I FaceAlign: [faRecognize,309]: face i:0
07-20 14:33:45.833   601 32695 D UNN_ENGINE: Start Invoke 
07-20 14:33:45.833   601 32695 D UNN_ENGINE: Set Network Inputs.
07-20 14:33:45.833   601 32695 D UNN_ENGINE: Inputs t_shape: (1,1,64,64 ).
07-20 14:33:45.833   601 32695 D UNN_ENGINE: Session Info: backendType is 0
07-20 14:33:45.833   601 32695 D UNN_ENGINE: batch：1,channel：3, height：64, width：64 .
07-20 14:33:45.835   601 32695 D UNN_ENGINE: Get Network Outputs.
07-20 14:33:45.835   601 32695 D UNN_ENGINE: Invoke is OK 
07-20 14:33:45.835   601 32695 I FDV3    : [find, 789]: src:960x720 detect:160 face_num=1 20.51 ms
07-20 14:33:45.835   601 32695 I libfacedetect: [FdGetFaceInfo,278]: x:451 y:218 width:289 height:290 yawAngle:0 rollAngle:90 score:86 hid:0 fid:37
07-20 14:33:45.835   601 32695 I libfacedetect: [FdGetFaceInfo,298]: FA attr result: eyeGlassesStatus(0), faceOccStatus(0), mouthStatus(0)
07-20 14:33:45.835   601 32695 I FaceDetectSDKNode: 921, fd_process: cam_id=1, 960x720, face_num=1, time=20 ms, frame_id=37, fd=0xaa
07-20 14:33:45.869   601 32601 E smart_ctrl: 2078, smart_ctl_ioctl: smart can not be used any longer,atm lib has been deleted!
07-20 14:33:45.870   601 32599 I awb_adpt4.x: 197, _awb_ctrl_set_aem_info: roiwin_size_b:[h:30,w:40],roiblock_size_p[h:32,w:32]
07-20 14:33:45.870   601 32596 E isp_blk_com: 1527, smart_calc: block_result 0x78bf292a50
07-20 14:33:45.870   601 32596 E isp_blk_com: 1527, smart_calc: block_result 0x78bf292a50
07-20 14:33:45.870   601 32596 E isp_alg_fw: 4190, ispalg_ai_pro_param_compatible: ai status  is not correct
07-20 14:33:45.870   601 32599 I awb_adpt4.x: 1293, awb_sprd_ctrl_calculation_v4_x: AWB result : (1686,1024,1674) 4816K , fram_count : 32 , camera_id : 1, wb_mode : 0, bv : 514 ,work_mode : 0, lock: 0, bypass : 0;AWB lib 32x32: (1686,1024,1674) 4816K; cmc_result: (2170 -1127 -19; -192 1409 -193; 62 -405 1367).
07-20 14:33:45.871 31806 32723 V FaceDetectorV2Jni: detectFacesImageByteBufferMultiPlanes.start()
07-20 14:33:45.871   601 32549 I Isharkl_s5k5e8yx: 396, s5k5e8yx_drv_access_val: sensor s5k5e8yx: param_ptr->type=1e
07-20 14:33:45.874 31806 32723 I tflite  : Replacing 65 out of 65 node(s) with delegate (TfLiteXNNPackDelegate) node, yielding 1 partitions for the whole graph.
07-20 14:33:45.886   601 32695 I FaceAlign: [faRecognize,309]: face i:0
07-20 14:33:45.887   601 32695 D UNN_ENGINE: Start Invoke 
07-20 14:33:45.887   601 32695 D UNN_ENGINE: Set Network Inputs.
07-20 14:33:45.887   601 32695 D UNN_ENGINE: Inputs t_shape: (1,1,64,64 ).
07-20 14:33:45.887   601 32695 D UNN_ENGINE: Session Info: backendType is 0
07-20 14:33:45.887   601 32695 D UNN_ENGINE: batch：1,channel：3, height：64, width：64 .
07-20 14:33:45.900   601 32695 D UNN_ENGINE: Get Network Outputs.
07-20 14:33:45.901   601 32695 D UNN_ENGINE: Invoke is OK 
07-20 14:33:45.901   601 32695 I FDV3    : [find, 789]: src:960x720 detect:160 face_num=1 24.40 ms
07-20 14:33:45.908   601 32695 I libfacedetect: [FdGetFaceInfo,278]: x:451 y:218 width:289 height:290 yawAngle:0 rollAngle:90 score:86 hid:0 fid:38
07-20 14:33:45.909   601 32695 I libfacedetect: [FdGetFaceInfo,298]: FA attr result: eyeGlassesStatus(0), faceOccStatus(0), mouthStatus(0)
07-20 14:33:45.909   601 32695 I FaceDetectSDKNode: 921, fd_process: cam_id=1, 960x720, face_num=1, time=31 ms, frame_id=38, fd=0x58
07-20 14:33:45.930   601 32601 E smart_ctrl: 2078, smart_ctl_ioctl: smart can not be used any longer,atm lib has been deleted!
07-20 14:33:45.930   601 32599 I awb_adpt4.x: 197, _awb_ctrl_set_aem_info: roiwin_size_b:[h:30,w:40],roiblock_size_p[h:32,w:32]
07-20 14:33:45.930   601 32596 E isp_blk_com: 1527, smart_calc: block_result 0x78bf292a50
07-20 14:33:45.930   601 32596 E isp_blk_com: 1527, smart_calc: block_result 0x78bf292a50
07-20 14:33:45.930   601 32596 E isp_alg_fw: 4190, ispalg_ai_pro_param_compatible: ai status  is not correct
07-20 14:33:45.932   601 32599 I awb_adpt4.x: 1293, awb_sprd_ctrl_calculation_v4_x: AWB result : (1686,1024,1674) 4816K , fram_count : 33 , camera_id : 1, wb_mode : 0, bv : 514 ,work_mode : 0, lock: 0, bypass : 0;AWB lib 32x32: (1686,1024,1674) 4816K; cmc_result: (2170 -1127 -19; -192 1409 -193; 62 -405 1367).
07-20 14:33:45.933   601 32549 I Isharkl_s5k5e8yx: 396, s5k5e8yx_drv_access_val: sensor s5k5e8yx: param_ptr->type=1e
07-20 14:33:45.945   601 32695 I FaceAlign: [faRecognize,309]: face i:0
07-20 14:33:45.945   601 32695 D UNN_ENGINE: Start Invoke 
07-20 14:33:45.945   601 32695 D UNN_ENGINE: Set Network Inputs.
07-20 14:33:45.945   601 32695 D UNN_ENGINE: Inputs t_shape: (1,1,64,64 ).
07-20 14:33:45.945   601 32695 D UNN_ENGINE: Session Info: backendType is 0
07-20 14:33:45.945   601 32695 D UNN_ENGINE: batch：1,channel：3, height：64, width：64 .
07-20 14:33:45.952   601 32695 D UNN_ENGINE: Get Network Outputs.
07-20 14:33:45.952   601 32695 D UNN_ENGINE: Invoke is OK 
07-20 14:33:45.952   601 32695 I FDV3    : [find, 789]: src:960x720 detect:160 face_num=1 12.19 ms
07-20 14:33:45.952   601 32695 I libfacedetect: [FdGetFaceInfo,278]: x:451 y:218 width:289 height:290 yawAngle:0 rollAngle:90 score:86 hid:0 fid:39
07-20 14:33:45.952   601 32695 I libfacedetect: [FdGetFaceInfo,298]: FA attr result: eyeGlassesStatus(0), faceOccStatus(0), mouthStatus(0)
07-20 14:33:45.952   601 32695 I FaceDetectSDKNode: 921, fd_process: cam_id=1, 960x720, face_num=1, time=12 ms, frame_id=39, fd=0xaa
07-20 14:33:45.991   601 32601 E smart_ctrl: 2078, smart_ctl_ioctl: smart can not be used any longer,atm lib has been deleted!
07-20 14:33:45.991   601 32599 I awb_adpt4.x: 197, _awb_ctrl_set_aem_info: roiwin_size_b:[h:30,w:40],roiblock_size_p[h:32,w:32]
07-20 14:33:45.991   601 32596 E isp_blk_com: 1527, smart_calc: block_result 0x78bf292a50
07-20 14:33:45.991   601 32596 E isp_blk_com: 1527, smart_calc: block_result 0x78bf292a50
07-20 14:33:45.992   601 32596 E isp_alg_fw: 4190, ispalg_ai_pro_param_compatible: ai status  is not correct
07-20 14:33:45.992   601 32599 I awb_adpt4.x: 1293, awb_sprd_ctrl_calculation_v4_x: AWB result : (1686,1024,1674) 4816K , fram_count : 34 , camera_id : 1, wb_mode : 0, bv : 515 ,work_mode : 0, lock: 0, bypass : 0;AWB lib 32x32: (1686,1024,1674) 4816K; cmc_result: (2170 -1127 -19; -192 1409 -193; 62 -405 1367).
07-20 14:33:45.997   601 32549 I Isharkl_s5k5e8yx: 396, s5k5e8yx_drv_access_val: sensor s5k5e8yx: param_ptr->type=1e
07-20 14:33:46.007   601 32695 I FaceAlign: [faRecognize,309]: face i:0
07-20 14:33:46.007   601 32695 D UNN_ENGINE: Start Invoke 
07-20 14:33:46.007   601 32695 D UNN_ENGINE: Set Network Inputs.
07-20 14:33:46.007   601 32695 D UNN_ENGINE: Inputs t_shape: (1,1,64,64 ).
07-20 14:33:46.007   601 32695 D UNN_ENGINE: Session Info: backendType is 0
07-20 14:33:46.007   601 32695 D UNN_ENGINE: batch：1,channel：3, height：64, width：64 .
07-20 14:33:46.009   601 32695 D UNN_ENGINE: Get Network Outputs.
07-20 14:33:46.009   601 32695 D UNN_ENGINE: Invoke is OK 
07-20 14:33:46.009   601 32695 I FDV3    : [find, 789]: src:960x720 detect:160 face_num=1 5.29 ms
07-20 14:33:46.009   601 32695 I libfacedetect: [FdGetFaceInfo,278]: x:451 y:218 width:289 height:290 yawAngle:1 rollAngle:90 score:86 hid:0 fid:40
07-20 14:33:46.009   601 32695 I libfacedetect: [FdGetFaceInfo,298]: FA attr result: eyeGlassesStatus(0), faceOccStatus(0), mouthStatus(0)
07-20 14:33:46.009   601 32695 I FaceDetectSDKNode: 921, fd_process: cam_id=1, 960x720, face_num=1, time=5 ms, frame_id=40, fd=0x58
07-20 14:33:46.051   601 32601 E smart_ctrl: 2078, smart_ctl_ioctl: smart can not be used any longer,atm lib has been deleted!
07-20 14:33:46.052   601 32599 I awb_adpt4.x: 197, _awb_ctrl_set_aem_info: roiwin_size_b:[h:30,w:40],roiblock_size_p[h:32,w:32]
07-20 14:33:46.052   601 32596 E isp_blk_com: 1527, smart_calc: block_result 0x78bf292a50
07-20 14:33:46.052   601 32596 E isp_blk_com: 1527, smart_calc: block_result 0x78bf292a50
07-20 14:33:46.052   601 32596 E isp_alg_fw: 4190, ispalg_ai_pro_param_compatible: ai status  is not correct
07-20 14:33:46.052   601 32599 I awb_adpt4.x: 1293, awb_sprd_ctrl_calculation_v4_x: AWB result : (1681,1024,1684) 4784K , fram_count : 35 , camera_id : 1, wb_mode : 0, bv : 514 ,work_mode : 0, lock: 0, bypass : 0;AWB lib 32x32: (1681,1024,1684) 4784K; cmc_result: (2171 -1128 -19; -195 1408 -189; 61 -414 1377).
07-20 14:33:46.053   601 32549 I Isharkl_s5k5e8yx: 396, s5k5e8yx_drv_access_val: sensor s5k5e8yx: param_ptr->type=1e
07-20 14:33:46.053 31806 32723 I tflite  : Replacing 65 out of 65 node(s) with delegate (TfLiteXNNPackDelegate) node, yielding 1 partitions for the whole graph.
07-20 14:33:46.068   601 32695 D FDV3    : [FaceAlignDetect, 1361]: FA result copy
07-20 14:33:46.068   601 32695 I FDV3    : [find, 789]: src:960x720 detect:160 face_num=1 5.11 ms
07-20 14:33:46.068   601 32695 I libfacedetect: [FdGetFaceInfo,278]: x:451 y:218 width:289 height:290 yawAngle:1 rollAngle:90 score:86 hid:0 fid:41
07-20 14:33:46.068   601 32695 I libfacedetect: [FdGetFaceInfo,298]: FA attr result: eyeGlassesStatus(0), faceOccStatus(0), mouthStatus(0)
07-20 14:33:46.068   601 32695 I FaceDetectSDKNode: 921, fd_process: cam_id=1, 960x720, face_num=1, time=5 ms, frame_id=41, fd=0xaa
07-20 14:33:46.074 31806 32723 V FaceDetectorV2Jni: detectFacesImageByteBuffer.end()
07-20 14:33:46.085 31806 32701 D FACE_VERIFY_FRAME: faces=1 eulerX=-9.471543 eulerY=1.8110127 eulerZ=0.012466571 bounds=123,131,375,380 faceSize=252x249 frame=480x640 rotation=270 attempt=1 state=Ready
07-20 14:33:46.085 31806 32701 D FACE_VERIFY_LIGHT: luminance=128.1552 scale=0-255 min=35.0 max=235.0 contrast=54.89885 sharpness=5.255228 bounds=123,131,375,380 rotation=270 attempt=1 result=PASS
07-20 14:33:46.112   601 32601 E smart_ctrl: 2078, smart_ctl_ioctl: smart can not be used any longer,atm lib has been deleted!
07-20 14:33:46.113   601 32599 I awb_adpt4.x: 197, _awb_ctrl_set_aem_info: roiwin_size_b:[h:30,w:40],roiblock_size_p[h:32,w:32]
07-20 14:33:46.113   601 32596 E isp_blk_com: 1527, smart_calc: block_result 0x78bf292a50
07-20 14:33:46.113   601 32596 E isp_blk_com: 1527, smart_calc: block_result 0x78bf292a50
07-20 14:33:46.113   601 32596 E isp_alg_fw: 4190, ispalg_ai_pro_param_compatible: ai status  is not correct
07-20 14:33:46.114   601 32599 I awb_adpt4.x: 1293, awb_sprd_ctrl_calculation_v4_x: AWB result : (1686,1024,1674) 4816K , fram_count : 36 , camera_id : 1, wb_mode : 0, bv : 514 ,work_mode : 0, lock: 0, bypass : 0;AWB lib 32x32: (1686,1024,1674) 4816K; cmc_result: (2170 -1127 -19; -192 1409 -193; 62 -405 1367).
07-20 14:33:46.114   601 32549 I Isharkl_s5k5e8yx: 396, s5k5e8yx_drv_access_val: sensor s5k5e8yx: param_ptr->type=1e
07-20 14:33:46.115  1066  1549 D SSense.GalleryAppSceneRecognizer: GalleryAppScene for uid:10275 pkg name:com.example.controlhorario sceneId:0 changed:false mCurrentFlingAppName:null
07-20 14:33:46.123   601 32695 I FaceAlign: [faRecognize,309]: face i:0
07-20 14:33:46.124   601 32695 D UNN_ENGINE: Start Invoke 
07-20 14:33:46.125   601 32695 D UNN_ENGINE: Set Network Inputs.
07-20 14:33:46.125   601 32695 D UNN_ENGINE: Inputs t_shape: (1,1,64,64 ).
07-20 14:33:46.125   601 32695 D UNN_ENGINE: Session Info: backendType is 0
07-20 14:33:46.125   601 32695 D UNN_ENGINE: batch：1,channel：3, height：64, width：64 .
07-20 14:33:46.130   601 32695 D UNN_ENGINE: Get Network Outputs.
07-20 14:33:46.130   601 32695 D UNN_ENGINE: Invoke is OK 
07-20 14:33:46.131   601 32695 I FDV3    : [find, 789]: src:960x720 detect:160 face_num=1 13.08 ms
07-20 14:33:46.131   601 32695 I libfacedetect: [FdGetFaceInfo,278]: x:451 y:218 width:289 height:290 yawAngle:0 rollAngle:90 score:86 hid:0 fid:42
07-20 14:33:46.131   601 32695 I libfacedetect: [FdGetFaceInfo,298]: FA attr result: eyeGlassesStatus(0), faceOccStatus(0), mouthStatus(0)
07-20 14:33:46.131   601 32695 I FaceDetectSDKNode: 921, fd_process: cam_id=1, 960x720, face_num=1, time=13 ms, frame_id=42, fd=0x58
07-20 14:33:46.173   601 32601 E smart_ctrl: 2078, smart_ctl_ioctl: smart can not be used any longer,atm lib has been deleted!
07-20 14:33:46.173   601 32599 I awb_adpt4.x: 197, _awb_ctrl_set_aem_info: roiwin_size_b:[h:30,w:40],roiblock_size_p[h:32,w:32]
07-20 14:33:46.173   601 32596 E isp_blk_com: 1527, smart_calc: block_result 0x78bf292a50
07-20 14:33:46.173   601 32596 E isp_blk_com: 1527, smart_calc: block_result 0x78bf292a50
07-20 14:33:46.173   601 32596 E isp_alg_fw: 4190, ispalg_ai_pro_param_compatible: ai status  is not correct
07-20 14:33:46.174   601 32599 I awb_adpt4.x: 1293, awb_sprd_ctrl_calculation_v4_x: AWB result : (1686,1024,1674) 4816K , fram_count : 37 , camera_id : 1, wb_mode : 0, bv : 514 ,work_mode : 0, lock: 0, bypass : 0;AWB lib 32x32: (1686,1024,1674) 4816K; cmc_result: (2170 -1127 -19; -192 1409 -193; 62 -405 1367).
07-20 14:33:46.175   601 32549 I Isharkl_s5k5e8yx: 396, s5k5e8yx_drv_access_val: sensor s5k5e8yx: param_ptr->type=1e
07-20 14:33:46.186   601 32695 I FaceAlign: [faRecognize,309]: face i:0
07-20 14:33:46.186   601 32695 D UNN_ENGINE: Start Invoke 
07-20 14:33:46.186   601 32695 D UNN_ENGINE: Set Network Inputs.
07-20 14:33:46.186   601 32695 D UNN_ENGINE: Inputs t_shape: (1,1,64,64 ).
07-20 14:33:46.186   601 32695 D UNN_ENGINE: Session Info: backendType is 0
07-20 14:33:46.186   601 32695 D UNN_ENGINE: batch：1,channel：3, height：64, width：64 .
07-20 14:33:46.188   601 32695 D UNN_ENGINE: Get Network Outputs.
07-20 14:33:46.188   601 32695 D UNN_ENGINE: Invoke is OK 
07-20 14:33:46.188   601 32695 I FDV3    : [find, 789]: src:960x720 detect:160 face_num=1 4.88 ms
07-20 14:33:46.188   601 32695 I libfacedetect: [FdGetFaceInfo,278]: x:451 y:218 width:289 height:290 yawAngle:0 rollAngle:90 score:86 hid:0 fid:43
07-20 14:33:46.188   601 32695 I libfacedetect: [FdGetFaceInfo,298]: FA attr result: eyeGlassesStatus(0), faceOccStatus(0), mouthStatus(0)
07-20 14:33:46.188   601 32695 I FaceDetectSDKNode: 921, fd_process: cam_id=1, 960x720, face_num=1, time=4 ms, frame_id=43, fd=0xaa
07-20 14:33:46.234   601 32601 E smart_ctrl: 2078, smart_ctl_ioctl: smart can not be used any longer,atm lib has been deleted!
07-20 14:33:46.234   601 32599 I awb_adpt4.x: 197, _awb_ctrl_set_aem_info: roiwin_size_b:[h:30,w:40],roiblock_size_p[h:32,w:32]
07-20 14:33:46.234   601 32596 E isp_blk_com: 1527, smart_calc: block_result 0x78bf292a50
07-20 14:33:46.234   601 32596 E isp_blk_com: 1527, smart_calc: block_result 0x78bf292a50
07-20 14:33:46.235   601 32596 E isp_alg_fw: 4190, ispalg_ai_pro_param_compatible: ai status  is not correct
07-20 14:33:46.235   601 32599 I awb_adpt4.x: 1293, awb_sprd_ctrl_calculation_v4_x: AWB result : (1686,1024,1674) 4816K , fram_count : 38 , camera_id : 1, wb_mode : 0, bv : 514 ,work_mode : 0, lock: 0, bypass : 0;AWB lib 32x32: (1686,1024,1674) 4816K; cmc_result: (2170 -1127 -19; -192 1409 -193; 62 -405 1367).
07-20 14:33:46.235   601 32549 I Isharkl_s5k5e8yx: 396, s5k5e8yx_drv_access_val: sensor s5k5e8yx: param_ptr->type=1e
07-20 14:33:46.246  1066  1235 D WifiStaIfaceHidlImpl: getCachedScanData is not implemented by HIDL
07-20 14:33:46.275  1066  1235 I HalDevMgr: bestIfaceCreationProposal is null, requestIface=STA, existingIface=[name=wlan0 type=STA]
07-20 14:33:46.289   601 32695 I FDV3    : [getDetectYoloImage, 240]: orientation: 3
07-20 14:33:46.291   601 32695 D FDV3    : [MNNRun, 358]: Now net input image size: 160, 128
07-20 14:33:46.292   601 32695 D UNN_ENGINE: Start Invoke 
07-20 14:33:46.292   601 32695 D UNN_ENGINE: Set Network Inputs.
07-20 14:33:46.292   601 32695 D UNN_ENGINE: Inputs t_shape: (1,3,160,128 ).
07-20 14:33:46.292   601 32695 D UNN_ENGINE: Session Info: backendType is 0
07-20 14:33:46.292   601 32695 D UNN_ENGINE: batch：1,channel：3, height：160, width：128 .
07-20 14:33:46.296   601 32601 E smart_ctrl: 2078, smart_ctl_ioctl: smart can not be used any longer,atm lib has been deleted!
07-20 14:33:46.297   601 32599 I awb_adpt4.x: 197, _awb_ctrl_set_aem_info: roiwin_size_b:[h:30,w:40],roiblock_size_p[h:32,w:32]
07-20 14:33:46.297   601 32596 E isp_blk_com: 1527, smart_calc: block_result 0x78bf292a50
07-20 14:33:46.297   601 32596 E isp_blk_com: 1527, smart_calc: block_result 0x78bf292a50
07-20 14:33:46.297   601 32596 E isp_alg_fw: 4190, ispalg_ai_pro_param_compatible: ai status  is not correct
07-20 14:33:46.299   601 32599 I awb_adpt4.x: 1293, awb_sprd_ctrl_calculation_v4_x: AWB result : (1686,1024,1674) 4816K , fram_count : 39 , camera_id : 1, wb_mode : 0, bv : 514 ,work_mode : 0, lock: 0, bypass : 0;AWB lib 32x32: (1686,1024,1674) 4816K; cmc_result: (2170 -1127 -19; -192 1409 -193; 62 -405 1367).
07-20 14:33:46.300   601 32549 I Isharkl_s5k5e8yx: 396, s5k5e8yx_drv_access_val: sensor s5k5e8yx: param_ptr->type=1e
07-20 14:33:46.312   601 32695 D UNN_ENGINE: Get Network Outputs.
07-20 14:33:46.312   601 32695 D UNN_ENGINE: Invoke is OK 
07-20 14:33:46.312   601 32695 I FaceAlign: [faRecognize,309]: face i:0
07-20 14:33:46.314   601 32695 D UNN_ENGINE: Start Invoke 
07-20 14:33:46.314   601 32695 D UNN_ENGINE: Set Network Inputs.
07-20 14:33:46.314   601 32695 D UNN_ENGINE: Inputs t_shape: (1,1,64,64 ).
07-20 14:33:46.314   601 32695 D UNN_ENGINE: Session Info: backendType is 0
07-20 14:33:46.314   601 32695 D UNN_ENGINE: batch：1,channel：3, height：64, width：64 .
07-20 14:33:46.319   601 32695 D UNN_ENGINE: Get Network Outputs.
07-20 14:33:46.320   601 32695 D UNN_ENGINE: Invoke is OK 
07-20 14:33:46.320   601 32695 I FDV3    : [find, 789]: src:960x720 detect:160 face_num=1 78.78 ms
07-20 14:33:46.321   601 32695 I libfacedetect: [FdGetFaceInfo,278]: x:451 y:218 width:289 height:290 yawAngle:0 rollAngle:90 score:87 hid:0 fid:44
07-20 14:33:46.321   601 32695 I libfacedetect: [FdGetFaceInfo,298]: FA attr result: eyeGlassesStatus(0), faceOccStatus(0), mouthStatus(0)
07-20 14:33:46.321   601 32695 I FaceDetectSDKNode: 921, fd_process: cam_id=1, 960x720, face_num=1, time=79 ms, frame_id=44, fd=0x58
07-20 14:33:46.356   601 32601 E smart_ctrl: 2078, smart_ctl_ioctl: smart can not be used any longer,atm lib has been deleted!
07-20 14:33:46.356   601 32599 I awb_adpt4.x: 197, _awb_ctrl_set_aem_info: roiwin_size_b:[h:30,w:40],roiblock_size_p[h:32,w:32]
07-20 14:33:46.356   601 32596 E isp_blk_com: 1527, smart_calc: block_result 0x78bf292a50
07-20 14:33:46.356   601 32596 E isp_blk_com: 1527, smart_calc: block_result 0x78bf292a50
07-20 14:33:46.357   601 32596 E isp_alg_fw: 4190, ispalg_ai_pro_param_compatible: ai status  is not correct
07-20 14:33:46.357   601 32599 I awb_adpt4.x: 1293, awb_sprd_ctrl_calculation_v4_x: AWB result : (1686,1024,1674) 4816K , fram_count : 40 , camera_id : 1, wb_mode : 0, bv : 513 ,work_mode : 0, lock: 0, bypass : 0;AWB lib 32x32: (1686,1024,1674) 4816K; cmc_result: (2170 -1127 -19; -192 1409 -193; 62 -405 1367).
07-20 14:33:46.362   601 32549 I Isharkl_s5k5e8yx: 396, s5k5e8yx_drv_access_val: sensor s5k5e8yx: param_ptr->type=1e
07-20 14:33:46.378   601 32695 I FaceAlign: [faRecognize,309]: face i:0
07-20 14:33:46.378   601 32695 D UNN_ENGINE: Start Invoke 
07-20 14:33:46.379   601 32695 D UNN_ENGINE: Set Network Inputs.
07-20 14:33:46.379   601 32695 D UNN_ENGINE: Inputs t_shape: (1,1,64,64 ).
07-20 14:33:46.379   601 32695 D UNN_ENGINE: Session Info: backendType is 0
07-20 14:33:46.379   601 32695 D UNN_ENGINE: batch：1,channel：3, height：64, width：64 .
07-20 14:33:46.384   601 32695 D UNN_ENGINE: Get Network Outputs.
07-20 14:33:46.384   601 32695 D UNN_ENGINE: Invoke is OK 
07-20 14:33:46.384   601 32695 I FDV3    : [find, 789]: src:960x720 detect:160 face_num=1 16.02 ms
07-20 14:33:46.384   601 32695 I libfacedetect: [FdGetFaceInfo,278]: x:451 y:218 width:289 height:290 yawAngle:-2 rollAngle:90 score:87 hid:0 fid:46
07-20 14:33:46.384   601 32695 I libfacedetect: [FdGetFaceInfo,298]: FA attr result: eyeGlassesStatus(0), faceOccStatus(0), mouthStatus(0)
07-20 14:33:46.384   601 32695 I FaceDetectSDKNode: 921, fd_process: cam_id=1, 960x720, face_num=1, time=16 ms, frame_id=46, fd=0xaa
07-20 14:33:46.416   601 32601 E smart_ctrl: 2078, smart_ctl_ioctl: smart can not be used any longer,atm lib has been deleted!
07-20 14:33:46.417   601 32599 I awb_adpt4.x: 197, _awb_ctrl_set_aem_info: roiwin_size_b:[h:30,w:40],roiblock_size_p[h:32,w:32]
07-20 14:33:46.417   601 32596 E isp_blk_com: 1527, smart_calc: block_result 0x78bf292a50
07-20 14:33:46.417   601 32596 E isp_blk_com: 1527, smart_calc: block_result 0x78bf292a50
07-20 14:33:46.417   601 32596 E isp_alg_fw: 4190, ispalg_ai_pro_param_compatible: ai status  is not correct
07-20 14:33:46.418   601 32599 I awb_adpt4.x: 1293, awb_sprd_ctrl_calculation_v4_x: AWB result : (1686,1024,1674) 4816K , fram_count : 41 , camera_id : 1, wb_mode : 0, bv : 513 ,work_mode : 0, lock: 0, bypass : 0;AWB lib 32x32: (1686,1024,1674) 4816K; cmc_result: (2170 -1127 -19; -192 1409 -193; 62 -405 1367).
07-20 14:33:46.418   601 32549 I Isharkl_s5k5e8yx: 396, s5k5e8yx_drv_access_val: sensor s5k5e8yx: param_ptr->type=1e
07-20 14:33:46.444   601 32695 D FDV3    : [FaceAlignDetect, 1361]: FA result copy
07-20 14:33:46.444   601 32695 I FDV3    : [find, 789]: src:960x720 detect:160 face_num=1 5.71 ms
07-20 14:33:46.444   601 32695 I libfacedetect: [FdGetFaceInfo,278]: x:451 y:218 width:289 height:290 yawAngle:-2 rollAngle:90 score:87 hid:0 fid:47
07-20 14:33:46.444   601 32695 I libfacedetect: [FdGetFaceInfo,298]: FA attr result: eyeGlassesStatus(0), faceOccStatus(0), mouthStatus(0)
07-20 14:33:46.444   601 32695 I FaceDetectSDKNode: 921, fd_process: cam_id=1, 960x720, face_num=1, time=5 ms, frame_id=47, fd=0x58
07-20 14:33:46.477   601 32601 E smart_ctrl: 2078, smart_ctl_ioctl: smart can not be used any longer,atm lib has been deleted!
07-20 14:33:46.478   601 32599 I awb_adpt4.x: 197, _awb_ctrl_set_aem_info: roiwin_size_b:[h:30,w:40],roiblock_size_p[h:32,w:32]
07-20 14:33:46.478   601 32596 E isp_blk_com: 1527, smart_calc: block_result 0x78bf292a50
07-20 14:33:46.478   601 32596 E isp_blk_com: 1527, smart_calc: block_result 0x78bf292a50
07-20 14:33:46.478   601 32596 E isp_alg_fw: 4190, ispalg_ai_pro_param_compatible: ai status  is not correct
07-20 14:33:46.480   601 32599 I awb_adpt4.x: 1293, awb_sprd_ctrl_calculation_v4_x: AWB result : (1686,1024,1674) 4816K , fram_count : 42 , camera_id : 1, wb_mode : 0, bv : 513 ,work_mode : 0, lock: 0, bypass : 0;AWB lib 32x32: (1686,1024,1674) 4816K; cmc_result: (2170 -1127 -19; -192 1409 -193; 62 -405 1367).
07-20 14:33:46.481   601 32549 I Isharkl_s5k5e8yx: 396, s5k5e8yx_drv_access_val: sensor s5k5e8yx: param_ptr->type=1e
07-20 14:33:46.490   601 32695 I FaceAlign: [faRecognize,309]: face i:0
07-20 14:33:46.490   601 32695 D UNN_ENGINE: Start Invoke 
07-20 14:33:46.490   601 32695 D UNN_ENGINE: Set Network Inputs.
07-20 14:33:46.490   601 32695 D UNN_ENGINE: Inputs t_shape: (1,1,64,64 ).
07-20 14:33:46.490   601 32695 D UNN_ENGINE: Session Info: backendType is 0
07-20 14:33:46.490   601 32695 D UNN_ENGINE: batch：1,channel：3, height：64, width：64 .
07-20 14:33:46.495   601 32695 D UNN_ENGINE: Get Network Outputs.
07-20 14:33:46.495   601 32695 D UNN_ENGINE: Invoke is OK 
07-20 14:33:46.496   601 32695 I FDV3    : [find, 789]: src:960x720 detect:160 face_num=1 11.76 ms
07-20 14:33:46.496   601 32695 I libfacedetect: [FdGetFaceInfo,278]: x:451 y:218 width:289 height:290 yawAngle:-2 rollAngle:90 score:87 hid:0 fid:48
07-20 14:33:46.496   601 32695 I libfacedetect: [FdGetFaceInfo,298]: FA attr result: eyeGlassesStatus(0), faceOccStatus(0), mouthStatus(0)
07-20 14:33:46.496   601 32695 I FaceDetectSDKNode: 921, fd_process: cam_id=1, 960x720, face_num=1, time=12 ms, frame_id=48, fd=0xaa
07-20 14:33:46.779   601 32601 E smart_ctrl: 2078, smart_ctl_ioctl: smart can not be used any longer,atm lib has been deleted!
07-20 14:33:46.779   601 32599 I awb_adpt4.x: 197, _awb_ctrl_set_aem_info: roiwin_size_b:[h:30,w:40],roiblock_size_p[h:32,w:32]
07-20 14:33:46.779   601 32596 E isp_blk_com: 1527, smart_calc: block_result 0x78bf292a50
07-20 14:33:46.780   601 32596 E isp_blk_com: 1527, smart_calc: block_result 0x78bf292a50
07-20 14:33:46.780   601 32596 E isp_alg_fw: 4190, ispalg_ai_pro_param_compatible: ai status  is not correct
07-20 14:33:46.781   601 32599 I awb_adpt4.x: 1293, awb_sprd_ctrl_calculation_v4_x: AWB result : (1686,1024,1674) 4816K , fram_count : 43 , camera_id : 1, wb_mode : 0, bv : 513 ,work_mode : 0, lock: 0, bypass : 0;AWB lib 32x32: (1686,1024,1674) 4816K; cmc_result: (2170 -1127 -19; -192 1409 -193; 62 -405 1367).
07-20 14:33:46.899   601 32695 I FaceAlign: [faRecognize,309]: face i:0
07-20 14:33:46.899   601 32549 I Isharkl_s5k5e8yx: 396, s5k5e8yx_drv_access_val: sensor s5k5e8yx: param_ptr->type=1e
07-20 14:33:46.900   601 32601 E smart_ctrl: 2078, smart_ctl_ioctl: smart can not be used any longer,atm lib has been deleted!
07-20 14:33:46.900   601 32599 I awb_adpt4.x: 197, _awb_ctrl_set_aem_info: roiwin_size_b:[h:30,w:40],roiblock_size_p[h:32,w:32]
07-20 14:33:46.900   601 32596 E isp_blk_com: 1527, smart_calc: block_result 0x78bf292a50
07-20 14:33:46.900   601 32596 E isp_blk_com: 1527, smart_calc: block_result 0x78bf292a50
07-20 14:33:46.901   601 32596 E isp_alg_fw: 4190, ispalg_ai_pro_param_compatible: ai status  is not correct
07-20 14:33:46.901   601 32599 I awb_adpt4.x: 1293, awb_sprd_ctrl_calculation_v4_x: AWB result : (1686,1024,1674) 4816K , fram_count : 44 , camera_id : 1, wb_mode : 0, bv : 512 ,work_mode : 0, lock: 0, bypass : 0;AWB lib 32x32: (1686,1024,1674) 4816K; cmc_result: (2170 -1127 -19; -192 1409 -193; 62 -405 1367).
07-20 14:33:46.901   601 32601 E smart_ctrl: 2078, smart_ctl_ioctl: smart can not be used any longer,atm lib has been deleted!
07-20 14:33:46.902   601 32596 E isp_blk_com: 1527, smart_calc: block_result 0x78bf292a50
07-20 14:33:46.902   601 32596 E isp_blk_com: 1527, smart_calc: block_result 0x78bf292a50
07-20 14:33:46.902   601 32596 E isp_alg_fw: 4190, ispalg_ai_pro_param_compatible: ai status  is not correct
07-20 14:33:46.903   601 32601 E smart_ctrl: 2078, smart_ctl_ioctl: smart can not be used any longer,atm lib has been deleted!
07-20 14:33:46.904   601 32596 E isp_blk_com: 1527, smart_calc: block_result 0x78bf292a50
07-20 14:33:46.904   601 32596 E isp_blk_com: 1527, smart_calc: block_result 0x78bf292a50
07-20 14:33:46.905   601 32596 E isp_alg_fw: 4190, ispalg_ai_pro_param_compatible: ai status  is not correct
07-20 14:33:46.911   601 32549 I Isharkl_s5k5e8yx: 396, s5k5e8yx_drv_access_val: sensor s5k5e8yx: param_ptr->type=1e
07-20 14:33:46.911   601 32599 I awb_adpt4.x: 197, _awb_ctrl_set_aem_info: roiwin_size_b:[h:30,w:40],roiblock_size_p[h:32,w:32]
07-20 14:33:46.912   601 32599 I awb_adpt4.x: 1293, awb_sprd_ctrl_calculation_v4_x: AWB result : (1686,1024,1674) 4816K , fram_count : 45 , camera_id : 1, wb_mode : 0, bv : 512 ,work_mode : 0, lock: 0, bypass : 0;AWB lib 32x32: (1686,1024,1674) 4816K; cmc_result: (2170 -1127 -19; -192 1409 -193; 62 -405 1367).
07-20 14:33:46.923   601 32549 I Isharkl_s5k5e8yx: 396, s5k5e8yx_drv_access_val: sensor s5k5e8yx: param_ptr->type=1e
07-20 14:33:46.923   601 32599 I awb_adpt4.x: 197, _awb_ctrl_set_aem_info: roiwin_size_b:[h:30,w:40],roiblock_size_p[h:32,w:32]
07-20 14:33:46.923   601 32695 D UNN_ENGINE: Start Invoke 
07-20 14:33:46.923   601 32695 D UNN_ENGINE: Set Network Inputs.
07-20 14:33:46.923   601 32695 D UNN_ENGINE: Inputs t_shape: (1,1,64,64 ).
07-20 14:33:46.923   601 32695 D UNN_ENGINE: Session Info: backendType is 0
07-20 14:33:46.923   601 32695 D UNN_ENGINE: batch：1,channel：3, height：64, width：64 .
07-20 14:33:46.923   601 32601 E smart_ctrl: 2078, smart_ctl_ioctl: smart can not be used any longer,atm lib has been deleted!
07-20 14:33:46.924   601 32599 I awb_adpt4.x: 1293, awb_sprd_ctrl_calculation_v4_x: AWB result : (1686,1024,1674) 4816K , fram_count : 46 , camera_id : 1, wb_mode : 0, bv : 511 ,work_mode : 0, lock: 0, bypass : 0;AWB lib 32x32: (1686,1024,1674) 4816K; cmc_result: (2170 -1127 -19; -192 1409 -193; 62 -405 1367).
07-20 14:33:46.924   601 32596 E isp_blk_com: 1527, smart_calc: block_result 0x78bf292a50
07-20 14:33:46.925   601 32549 I Isharkl_s5k5e8yx: 396, s5k5e8yx_drv_access_val: sensor s5k5e8yx: param_ptr->type=1e
07-20 14:33:46.925   601 32599 I awb_adpt4.x: 197, _awb_ctrl_set_aem_info: roiwin_size_b:[h:30,w:40],roiblock_size_p[h:32,w:32]
07-20 14:33:46.925   601 32596 E isp_blk_com: 1527, smart_calc: block_result 0x78bf292a50
07-20 14:33:46.925   601 32596 E isp_alg_fw: 4190, ispalg_ai_pro_param_compatible: ai status  is not correct
07-20 14:33:46.926   601 32599 I awb_adpt4.x: 1293, awb_sprd_ctrl_calculation_v4_x: AWB result : (1694,1024,1673) 4853K , fram_count : 47 , camera_id : 1, wb_mode : 0, bv : 510 ,work_mode : 0, lock: 0, bypass : 0;AWB lib 32x32: (1694,1024,1673) 4853K; cmc_result: (2169 -1126 -19; -189 1411 -198; 63 -395 1356).
07-20 14:33:46.931   601 32695 D UNN_ENGINE: Get Network Outputs.
07-20 14:33:46.931   601 32695 D UNN_ENGINE: Invoke is OK 
07-20 14:33:46.931   601 32695 I FDV3    : [find, 789]: src:960x720 detect:160 face_num=1 38.67 ms
07-20 14:33:46.931   601 32695 I libfacedetect: [FdGetFaceInfo,278]: x:451 y:218 width:289 height:290 yawAngle:-2 rollAngle:90 score:87 hid:0 fid:49
07-20 14:33:46.931   601 32695 I libfacedetect: [FdGetFaceInfo,298]: FA attr result: eyeGlassesStatus(0), faceOccStatus(0), mouthStatus(0)
07-20 14:33:46.931   601 32695 I FaceDetectSDKNode: 921, fd_process: cam_id=1, 960x720, face_num=1, time=42 ms, frame_id=49, fd=0x58
07-20 14:33:46.939   601 32549 I Isharkl_s5k5e8yx: 396, s5k5e8yx_drv_access_val: sensor s5k5e8yx: param_ptr->type=1e
07-20 14:33:46.964   605   657 I mali_gralloc: allocate: id=25d000098a6, halFormat=YCrCb420-SP, maliFormat=NV21, afbc=false, usage=CPU_RW|GPU_R, size=960x720(1036800), stride=960, name=Lwp GraphicBuffer, costTime=0ms857us692
07-20 14:33:46.966   601 32539 D mali_gralloc: register: id=25d000098a6, handle=0xb400007a48f6a070, importpid=601
07-20 14:33:46.973   601 32695 I FaceAlign: [faRecognize,309]: face i:0
