--------- beginning of main
07-20 14:30:25.244  3098  3345 I bt_shim_scanner: [le_scanning_manager.cc(851)] handle_remote_properties: handle_remote_properties  device_type= 2
07-20 14:30:25.244  3098  3258 I bt_btif_dm: btif_dm.cc:533 get_cod: remote_cod=0x00001f00
07-20 14:30:25.259  3098  3345 I bt_shim_scanner: [le_scanning_manager.cc(851)] handle_remote_properties: handle_remote_properties  device_type= 2
07-20 14:30:25.288  3098  3345 I bt_shim_scanner: [le_scanning_manager.cc(851)] handle_remote_properties: handle_remote_properties  device_type= 2
07-20 14:30:25.288  3098  3258 I bt_btif_dm: btif_dm.cc:533 get_cod: remote_cod=0x00001f00
07-20 14:30:25.311  3098  3345 I bt_shim_scanner: [le_scanning_manager.cc(851)] handle_remote_properties: handle_remote_properties  device_type= 3
07-20 14:30:25.335  3098  3345 I bt_shim_scanner: [le_scanning_manager.cc(851)] handle_remote_properties: handle_remote_properties  device_type= 2
07-20 14:30:25.369  3098  3345 I bt_shim_scanner: [le_scanning_manager.cc(851)] handle_remote_properties: handle_remote_properties  device_type= 3
07-20 14:30:25.370  3098  3258 I bt_btif_dm: btif_dm.cc:533 get_cod: remote_cod=0x00001f00
07-20 14:30:25.371  3098  3345 I bt_shim_scanner: [le_scanning_manager.cc(851)] handle_remote_properties: handle_remote_properties  device_type= 3
07-20 14:30:25.374  3098  3345 I bt_shim_scanner: [le_scanning_manager.cc(851)] handle_remote_properties: handle_remote_properties  device_type= 2
07-20 14:30:25.374  3098  3258 I bt_btif_dm: btif_dm.cc:533 get_cod: remote_cod=0x00001f00
07-20 14:30:25.460  1419  1468 I libPerfCtl: xgfGetFPS pid:2856 fps:-1
07-20 14:30:25.460  1419  1468 I AppThermalMode: [perfNotifyThermalState] hdl:0
07-20 14:30:25.460  1419  1468 I AppThermalMode: [findAppThermalIdx] Fail: appThermalModeEnable: 0,currentFPS: -1,fg->pid:2848
07-20 14:30:25.460  1419  1468 I AppThermalMode: [perfNotifyThermalState] appThermalIdx -1:
07-20 14:30:26.310  1367 23459 W AudioALSACaptureDataProviderNormal: readThread, latency_in_s,0.000001,0.021880,0.000146, totalTime 0.022027 > logTimeout 0.022000 TIMEOUT!!
--------- beginning of system
07-20 14:30:26.423  2021  3509 I Hiber/hiber: begin socketDestroy, mUid: 10208
07-20 14:30:26.432  1359  1359 I netd    : socketDestroy([UidRangeParcel{start: 10208, stop: 10208}], []) <7.16ms>
07-20 14:30:26.433  2021  3509 I Hiber/hiber: clearDnsCache again!!!
07-20 14:30:26.460  1419  1468 I libPerfCtl: xgfGetFPS pid:2856 fps:-1
07-20 14:30:26.461  1419  1468 I AppThermalMode: [perfNotifyThermalState] hdl:0
07-20 14:30:26.461  1419  1468 I AppThermalMode: [findAppThermalIdx] Fail: appThermalModeEnable: 0,currentFPS: -1,fg->pid:2848
07-20 14:30:26.461  1419  1468 I AppThermalMode: [perfNotifyThermalState] appThermalIdx -1:
07-20 14:30:26.610  1386  1386 I android.hardware.thermal@2.0-service.mtk: fill_temperatures filterType1 name: SKIN type: SKIN throttlingStatus: NONE value: 37.444 ret_temps size 0
07-20 14:30:26.638  3098  3345 I bt_shim_scanner: [le_scanning_manager.cc(851)] handle_remote_properties: handle_remote_properties  device_type= 2
07-20 14:30:26.645  3098  3345 I bt_shim_scanner: [le_scanning_manager.cc(851)] handle_remote_properties: handle_remote_properties  device_type= 3
07-20 14:30:26.684  3098  3345 I bt_shim_scanner: [le_scanning_manager.cc(851)] handle_remote_properties: handle_remote_properties  device_type= 2
07-20 14:30:26.712  3098  3258 I bt_btif_dm: btif_dm.cc:533 get_cod: remote_cod=0x00001f00
07-20 14:30:26.712  3098  3345 I bt_shim_scanner: [le_scanning_manager.cc(851)] handle_remote_properties: handle_remote_properties  device_type= 2
07-20 14:30:26.731  3098  3345 I bt_shim_scanner: [le_scanning_manager.cc(851)] handle_remote_properties: handle_remote_properties  device_type= 3
07-20 14:30:26.755  3098  3345 I bt_shim_scanner: [le_scanning_manager.cc(851)] handle_remote_properties: handle_remote_properties  device_type= 3
07-20 14:30:26.775  3098  3345 I bt_shim_scanner: [le_scanning_manager.cc(851)] handle_remote_properties: handle_remote_properties  device_type= 3
07-20 14:30:27.440  1376  1658 I hwcomposer: [DRMDEV] (0) failed to waitNextVsync: -1  
07-20 14:30:27.455  1376  1658 I hwcomposer: [DRMDEV] (0) failed to waitNextVsync: -1  
07-20 14:30:27.461  1419  1468 I libPerfCtl: xgfGetFPS pid:2856 fps:-1
07-20 14:30:27.461  1419  1468 I AppThermalMode: [perfNotifyThermalState] hdl:0
07-20 14:30:27.461  1419  1468 I AppThermalMode: [findAppThermalIdx] Fail: appThermalModeEnable: 0,currentFPS: -1,fg->pid:2848
07-20 14:30:27.461  1419  1468 I AppThermalMode: [perfNotifyThermalState] appThermalIdx -1:
07-20 14:30:27.471  1376  1658 I hwcomposer: [DRMDEV] (0) failed to waitNextVsync: -1  
07-20 14:30:27.477  1486  1486 I BufferQueueProducer: [StatusBar#99](this:0xb40000796b7d8758,id:-1,api:0,p:-1,c:1486) queueBuffer: fps=0.33 dur=3016.75 max=3016.75 min=3016.75
07-20 14:30:27.481  1376  1459 I hwcomposer: [HWCDisplay] [Display_0 (type:1)] fps:0.331454,dur:3017.01,max:3017.01,min:3017.01  
07-20 14:30:27.677  2021  2598 I TranWifiSmartAssistantController: start current network monitor 
07-20 14:30:27.678  2021  2598 I TranWifiSmartAssistantController: userIgnored :false isScoredCurrentNetwork :false
07-20 14:30:27.678  2021  2598 I TranWifiSmartAssistantController: mCurrentNetwork :128 SSID :"Comercial Reyito 2 5G"
07-20 14:30:27.680  2021  2598 I WifiNetworkQuality: current rssi is sufficient
07-20 14:30:27.680  2021  2598 I TranWifiSmartAssistantController: mNoCandidateCount : -1
07-20 14:30:27.680  2021  2598 I TranWifiSmartAssistantController: ====>>rssi :-40
07-20 14:30:28.043  3098  3345 I bt_shim_scanner: [le_scanning_manager.cc(851)] handle_remote_properties: handle_remote_properties  device_type= 2
07-20 14:30:28.050  3098  3345 I bt_shim_scanner: [le_scanning_manager.cc(851)] handle_remote_properties: handle_remote_properties  device_type= 2
07-20 14:30:28.050  3098  3258 I bt_btif_dm: btif_dm.cc:533 get_cod: remote_cod=0x00001f00
07-20 14:30:28.122  3098  3345 I bt_shim_scanner: [le_scanning_manager.cc(851)] handle_remote_properties: handle_remote_properties  device_type= 3
07-20 14:30:28.144  3098  3345 I bt_shim_scanner: [le_scanning_manager.cc(851)] handle_remote_properties: handle_remote_properties  device_type= 2
07-20 14:30:28.144  3098  3258 I bt_btif_dm: btif_dm.cc:533 get_cod: remote_cod=0x00001f00
07-20 14:30:28.461  1419  1468 I libPerfCtl: xgfGetFPS pid:2856 fps:-1
07-20 14:30:28.462  1419  1468 I AppThermalMode: [perfNotifyThermalState] hdl:0
07-20 14:30:28.462  1419  1468 I AppThermalMode: [findAppThermalIdx] Fail: appThermalModeEnable: 0,currentFPS: -1,fg->pid:2848
07-20 14:30:28.462  1419  1468 I AppThermalMode: [perfNotifyThermalState] appThermalIdx -1:
07-20 14:30:29.462  1419  1468 I libPerfCtl: xgfGetFPS pid:2856 fps:-1
07-20 14:30:29.462  1419  1468 I AppThermalMode: [perfNotifyThermalState] hdl:0
07-20 14:30:29.462  1419  1468 I AppThermalMode: [findAppThermalIdx] Fail: appThermalModeEnable: 0,currentFPS: -1,fg->pid:2848
07-20 14:30:29.462  1419  1468 I AppThermalMode: [perfNotifyThermalState] appThermalIdx -1:
07-20 14:30:29.484  3098  3345 I bt_shim_scanner: [le_scanning_manager.cc(851)] handle_remote_properties: handle_remote_properties  device_type= 2
07-20 14:30:29.496  3098  3345 I bt_shim_scanner: [le_scanning_manager.cc(851)] handle_remote_properties: handle_remote_properties  device_type= 3
07-20 14:30:29.499  3098  3345 I bt_shim_scanner: [le_scanning_manager.cc(851)] handle_remote_properties: handle_remote_properties  device_type= 2
07-20 14:30:29.499  3098  3258 I bt_btif_dm: btif_dm.cc:533 get_cod: remote_cod=0x00001f00
07-20 14:30:29.588  3098  3345 I bt_shim_scanner: [le_scanning_manager.cc(851)] handle_remote_properties: handle_remote_properties  device_type= 2
07-20 14:30:29.588  3098  3258 I bt_btif_dm: btif_dm.cc:533 get_cod: remote_cod=0x00001f00
07-20 14:30:29.590  3098  3345 I bt_shim_scanner: [le_scanning_manager.cc(851)] handle_remote_properties: handle_remote_properties  device_type= 2
07-20 14:30:30.358  2021  2060 E ApplicationHelper: Fail to get PackageManager
07-20 14:30:30.455  1376  1658 I hwcomposer: [DRMDEV] (0) failed to waitNextVsync: -1  
07-20 14:30:30.462  1419  1468 I libPerfCtl: xgfGetFPS pid:2856 fps:-1
07-20 14:30:30.462  1419  1468 I AppThermalMode: [perfNotifyThermalState] hdl:0
07-20 14:30:30.462  1419  1468 I AppThermalMode: [findAppThermalIdx] Fail: appThermalModeEnable: 0,currentFPS: -1,fg->pid:2848
07-20 14:30:30.462  1419  1468 I AppThermalMode: [perfNotifyThermalState] appThermalIdx -1:
07-20 14:30:30.471  1376  1658 I hwcomposer: [DRMDEV] (0) failed to waitNextVsync: -1  
07-20 14:30:30.488  1376  1658 I hwcomposer: [DRMDEV] (0) failed to waitNextVsync: -1  
07-20 14:30:30.494  1486  1486 I BufferQueueProducer: [StatusBar#99](this:0xb40000796b7d8758,id:-1,api:0,p:-1,c:1486) queueBuffer: fps=0.33 dur=3016.59 max=3016.59 min=3016.59
07-20 14:30:30.497  1376  1459 I hwcomposer: [HWCDisplay] [Display_0 (type:1)] fps:0.331516,dur:3016.45,max:3016.45,min:3016.45  
07-20 14:30:30.686  2021  2598 I TranWifiSmartAssistantController: start current network monitor 
07-20 14:30:30.686  2021  2598 I TranWifiSmartAssistantController: userIgnored :false isScoredCurrentNetwork :false
07-20 14:30:30.687  2021  2598 I TranWifiSmartAssistantController: mCurrentNetwork :128 SSID :"Comercial Reyito 2 5G"
07-20 14:30:30.688  2021  2598 I WifiNetworkQuality: current rssi is sufficient
07-20 14:30:30.688  2021  2598 I TranWifiSmartAssistantController: mNoCandidateCount : -1
07-20 14:30:30.688  2021  2598 I TranWifiSmartAssistantController: ====>>rssi :-39
07-20 14:30:30.843  3098  3345 I bt_shim_scanner: [le_scanning_manager.cc(851)] handle_remote_properties: handle_remote_properties  device_type= 2
07-20 14:30:30.860  3098  3345 I bt_shim_scanner: [le_scanning_manager.cc(851)] handle_remote_properties: handle_remote_properties  device_type= 3
07-20 14:30:30.887  3098  3345 I bt_shim_scanner: [le_scanning_manager.cc(851)] handle_remote_properties: handle_remote_properties  device_type= 2
07-20 14:30:30.887  3098  3258 I bt_btif_dm: btif_dm.cc:533 get_cod: remote_cod=0x00001f00
07-20 14:30:30.893  3098  3345 I bt_shim_scanner: [le_scanning_manager.cc(851)] handle_remote_properties: handle_remote_properties  device_type= 3
07-20 14:30:30.907  3098  3345 I bt_shim_scanner: [le_scanning_manager.cc(851)] handle_remote_properties: handle_remote_properties  device_type= 3
07-20 14:30:30.923  3098  3345 I bt_shim_scanner: [le_scanning_manager.cc(851)] handle_remote_properties: handle_remote_properties  device_type= 3
07-20 14:30:30.926  3098  3345 I bt_shim_scanner: [le_scanning_manager.cc(851)] handle_remote_properties: handle_remote_properties  device_type= 2
07-20 14:30:30.926  3098  3258 I bt_btif_dm: btif_dm.cc:533 get_cod: remote_cod=0x00001f00
07-20 14:30:30.950  3098  3345 I bt_shim_scanner: [le_scanning_manager.cc(851)] handle_remote_properties: handle_remote_properties  device_type= 2
07-20 14:30:31.390  1367 23459 W AudioALSACaptureDataProviderNormal: readThread, latency_in_s,0.000001,0.022030,0.000133, totalTime 0.022165 > logTimeout 0.022000 TIMEOUT!!
07-20 14:30:31.462  1419  1468 I libPerfCtl: xgfGetFPS pid:2856 fps:-1
07-20 14:30:31.462  1419  1468 I AppThermalMode: [perfNotifyThermalState] hdl:0
07-20 14:30:31.462  1419  1468 I AppThermalMode: [findAppThermalIdx] Fail: appThermalModeEnable: 0,currentFPS: -1,fg->pid:2848
07-20 14:30:31.463  1419  1468 I AppThermalMode: [perfNotifyThermalState] appThermalIdx -1:
07-20 14:30:31.891  2021  2060 E ApplicationHelper: Fail to get PackageManager
07-20 14:30:31.970  1367 23459 W AudioALSACaptureDataProviderNormal: readThread, latency_in_s,0.000001,0.022085,0.000135, totalTime 0.022220 > logTimeout 0.022000 TIMEOUT!!
07-20 14:30:32.258  3098  3345 I bt_shim_scanner: [le_scanning_manager.cc(851)] handle_remote_properties: handle_remote_properties  device_type= 3
07-20 14:30:32.277  3098  3345 I bt_shim_scanner: [le_scanning_manager.cc(851)] handle_remote_properties: handle_remote_properties  device_type= 2
07-20 14:30:32.277  3098  3258 I bt_btif_dm: btif_dm.cc:533 get_cod: remote_cod=0x00001f00
07-20 14:30:32.296  3098  3345 I bt_shim_scanner: [le_scanning_manager.cc(851)] handle_remote_properties: handle_remote_properties  device_type= 2
07-20 14:30:32.308  3098  3345 I bt_shim_scanner: [le_scanning_manager.cc(851)] handle_remote_properties: handle_remote_properties  device_type= 2
07-20 14:30:32.315  3098  3345 I bt_shim_scanner: [le_scanning_manager.cc(851)] handle_remote_properties: handle_remote_properties  device_type= 3
07-20 14:30:32.363  3098  3345 I bt_shim_scanner: [le_scanning_manager.cc(851)] handle_remote_properties: handle_remote_properties  device_type= 3
07-20 14:30:32.372  3098  3258 I bt_btif_dm: btif_dm.cc:533 get_cod: remote_cod=0x00001f00
07-20 14:30:32.372  3098  3345 I bt_shim_scanner: [le_scanning_manager.cc(851)] handle_remote_properties: handle_remote_properties  device_type= 2
07-20 14:30:32.464  1419  1468 I libPerfCtl: xgfGetFPS pid:2856 fps:-1
07-20 14:30:32.464  1419  1468 I AppThermalMode: [perfNotifyThermalState] hdl:0
07-20 14:30:32.464  1419  1468 I AppThermalMode: [findAppThermalIdx] Fail: appThermalModeEnable: 0,currentFPS: -1,fg->pid:2848
07-20 14:30:32.464  1419  1468 I AppThermalMode: [perfNotifyThermalState] appThermalIdx -1:
07-20 14:30:33.464  1419  1468 I libPerfCtl: xgfGetFPS pid:2856 fps:-1
07-20 14:30:33.465  1419  1468 I AppThermalMode: [perfNotifyThermalState] hdl:0
07-20 14:30:33.465  1419  1468 I AppThermalMode: [findAppThermalIdx] Fail: appThermalModeEnable: 0,currentFPS: -1,fg->pid:2848
07-20 14:30:33.465  1419  1468 I AppThermalMode: [perfNotifyThermalState] appThermalIdx -1:
07-20 14:30:33.472  1376  1658 I hwcomposer: [DRMDEV] (0) failed to waitNextVsync: -1  
07-20 14:30:33.488  1376  1658 I hwcomposer: [DRMDEV] (0) failed to waitNextVsync: -1  
07-20 14:30:33.504  1376  1658 I hwcomposer: [DRMDEV] (0) failed to waitNextVsync: -1  
07-20 14:30:33.511  1486  1486 I BufferQueueProducer: [StatusBar#99](this:0xb40000796b7d8758,id:-1,api:0,p:-1,c:1486) queueBuffer: fps=0.33 dur=3016.75 max=3016.75 min=3016.75
07-20 14:30:33.513  1376  1459 I hwcomposer: [HWCDisplay] [Display_0 (type:1)] fps:0.331521,dur:3016.40,max:3016.40,min:3016.40  
07-20 14:30:33.648  3098  3345 I bt_shim_scanner: [le_scanning_manager.cc(851)] handle_remote_properties: handle_remote_properties  device_type= 2
07-20 14:30:33.652  3098  3345 I bt_shim_scanner: [le_scanning_manager.cc(851)] handle_remote_properties: handle_remote_properties  device_type= 2
07-20 14:30:33.652  3098  3258 I bt_btif_dm: btif_dm.cc:533 get_cod: remote_cod=0x00001f00
07-20 14:30:33.688  3098  3345 I bt_shim_scanner: [le_scanning_manager.cc(851)] handle_remote_properties: handle_remote_properties  device_type= 2
07-20 14:30:33.689  2021  2598 I TranWifiSmartAssistantController: start current network monitor 
07-20 14:30:33.690  2021  2598 I TranWifiSmartAssistantController: userIgnored :false isScoredCurrentNetwork :false
07-20 14:30:33.690  2021  2598 I TranWifiSmartAssistantController: mCurrentNetwork :128 SSID :"Comercial Reyito 2 5G"
07-20 14:30:33.692  2021  2598 I WifiNetworkQuality: current rssi is sufficient
07-20 14:30:33.692  2021  2598 I TranWifiSmartAssistantController: mNoCandidateCount : -1
07-20 14:30:33.692  2021  2598 I TranWifiSmartAssistantController: ====>>rssi :-40
07-20 14:30:33.696  3098  3345 I bt_shim_scanner: [le_scanning_manager.cc(851)] handle_remote_properties: handle_remote_properties  device_type= 2
07-20 14:30:33.696  3098  3258 I bt_btif_dm: btif_dm.cc:533 get_cod: remote_cod=0x00001f00
07-20 14:30:33.741  3098  3345 I bt_shim_scanner: [le_scanning_manager.cc(851)] handle_remote_properties: handle_remote_properties  device_type= 2
07-20 14:30:33.741  3098  3258 I bt_btif_dm: btif_dm.cc:533 get_cod: remote_cod=0x00001f00
07-20 14:30:35.054  3098  3345 I bt_shim_scanner: [le_scanning_manager.cc(851)] handle_remote_properties: handle_remote_properties  device_type= 2
07-20 14:30:35.083  3098  3345 I bt_shim_scanner: [le_scanning_manager.cc(851)] handle_remote_properties: handle_remote_properties  device_type= 3
07-20 14:30:35.087  3098  3345 I bt_shim_scanner: [le_scanning_manager.cc(851)] handle_remote_properties: handle_remote_properties  device_type= 3
07-20 14:30:35.106  3098  3345 I bt_shim_scanner: [le_scanning_manager.cc(851)] handle_remote_properties: handle_remote_properties  device_type= 2
07-20 14:30:35.106  3098  3258 I bt_btif_dm: btif_dm.cc:533 get_cod: remote_cod=0x00001f00
07-20 14:30:35.155  3098  3345 I bt_shim_scanner: [le_scanning_manager.cc(851)] handle_remote_properties: handle_remote_properties  device_type= 2
07-20 14:30:35.371  2021  2060 E ApplicationHelper: Fail to get PackageManager
07-20 14:30:35.691  1367 23459 W AudioALSACaptureDataProviderNormal: readThread, latency_in_s,0.000001,0.022444,0.000151, totalTime 0.022597 > logTimeout 0.022000 TIMEOUT!!
07-20 14:30:36.448  3098  3345 I bt_shim_scanner: [le_scanning_manager.cc(851)] handle_remote_properties: handle_remote_properties  device_type= 2
07-20 14:30:36.448  3098  3258 I bt_btif_dm: btif_dm.cc:533 get_cod: remote_cod=0x00001f00
07-20 14:30:36.454  3098  3345 I bt_shim_scanner: [le_scanning_manager.cc(851)] handle_remote_properties: handle_remote_properties  device_type= 3
07-20 14:30:36.474  3098  3345 I bt_shim_scanner: [le_scanning_manager.cc(851)] handle_remote_properties: handle_remote_properties  device_type= 3
07-20 14:30:36.490  1376  1658 I hwcomposer: [DRMDEV] (0) failed to waitNextVsync: -1  
07-20 14:30:36.505  1376  1658 I hwcomposer: [DRMDEV] (0) failed to waitNextVsync: -1  
07-20 14:30:36.521  1376  1658 I hwcomposer: [DRMDEV] (0) failed to waitNextVsync: -1  
07-20 14:30:36.527  1486  1486 I BufferQueueProducer: [StatusBar#99](this:0xb40000796b7d8758,id:-1,api:0,p:-1,c:1486) queueBuffer: fps=0.33 dur=3016.64 max=3016.64 min=3016.64
07-20 14:30:36.530  1376  1459 I hwcomposer: [HWCDisplay] [Display_0 (type:1)] fps:0.331490,dur:3016.68,max:3016.68,min:3016.68  
07-20 14:30:36.534  3098  3345 I bt_shim_scanner: [le_scanning_manager.cc(851)] handle_remote_properties: handle_remote_properties  device_type= 2
07-20 14:30:36.538  3098  3345 I bt_shim_scanner: [le_scanning_manager.cc(851)] handle_remote_properties: handle_remote_properties  device_type= 2
07-20 14:30:36.538  3098  3258 I bt_btif_dm: btif_dm.cc:533 get_cod: remote_cod=0x00001f00
07-20 14:30:36.560  3098  3345 I bt_shim_scanner: [le_scanning_manager.cc(851)] handle_remote_properties: handle_remote_properties  device_type= 3
07-20 14:30:36.622  1386  1386 I android.hardware.thermal@2.0-service.mtk: fill_temperatures filterType1 name: SKIN type: SKIN throttlingStatus: NONE value: 37.388 ret_temps size 0
07-20 14:30:36.696  2021  2598 I TranWifiSmartAssistantController: start current network monitor 
07-20 14:30:36.697  2021  2598 I TranWifiSmartAssistantController: userIgnored :false isScoredCurrentNetwork :false
07-20 14:30:36.697  2021  2598 I TranWifiSmartAssistantController: mCurrentNetwork :128 SSID :"Comercial Reyito 2 5G"
07-20 14:30:36.699  2021  2598 I WifiNetworkQuality: current rssi is sufficient
07-20 14:30:36.699  2021  2598 I TranWifiSmartAssistantController: mNoCandidateCount : -1
07-20 14:30:36.699  2021  2598 I TranWifiSmartAssistantController: ====>>rssi :-40
07-20 14:30:36.699  2021  2598 I WifiNetworkQuality: country : ES
07-20 14:30:36.704  1359 28337 I resolv  : GetAddrInfoHandler::run: {128 983168 128 983168 1000 0}
07-20 14:30:36.705  1359 28338 I resolv  : res_nmkquery: (QUERY, IN, AAAA)
07-20 14:30:36.706  1359 28339 I resolv  : res_nmkquery: (QUERY, IN, A)
07-20 14:30:36.706  1359 28339 I resolv  : resolv_cache_lookup: FOUND IN CACHE entry=0xb4000070b0363cf0
07-20 14:30:36.706  1359 28339 I resolv  : doQuery: rcode=0, ancount=1, return value=108
07-20 14:30:36.706  1359 28338 I resolv  : Connecting to {94.140.14.14/dns.adguard.com} with mark 0xf0080
07-20 14:30:36.708  1359 28338 I resolv  :  SSL_connect returned -1 with mark 0xf0080
07-20 14:30:36.756  1359 28338 I resolv  :  SSL_connect returned -1 with mark 0xf0080
07-20 14:30:36.810  1359 28338 I resolv  :  SSL_connect returned 1 with mark 0xf0080
07-20 14:30:37.102  1359 28338 I resolv  : res_tls_send: TLS query result: 0
07-20 14:30:37.102  1359 28338 I resolv  : doQuery: rcode=0, ancount=1, return value=120
07-20 14:30:37.211  2021  2598 I WifiNetworkQuality: i = 0 delay = 511
07-20 14:30:37.313  2021  2598 I WifiNetworkQuality: i = 1 delay = 99
07-20 14:30:37.402  2021  2598 I WifiNetworkQuality: i = 2 delay = 87
07-20 14:30:37.491  2021  2598 I WifiNetworkQuality: i = 3 delay = 89
07-20 14:30:37.524  1419  1468 I libPerfCtl: xgfGetFPS pid:2856 fps:-1
07-20 14:30:37.524  1419  1468 I AppThermalMode: [perfNotifyThermalState] hdl:0
07-20 14:30:37.524  1419  1468 I AppThermalMode: [findAppThermalIdx] Fail: appThermalModeEnable: 0,currentFPS: -1,fg->pid:2848
07-20 14:30:37.524  1419  1468 I AppThermalMode: [perfNotifyThermalState] appThermalIdx -1:
07-20 14:30:37.576  2021  2598 I WifiNetworkQuality: i = 4 delay = 83
07-20 14:30:37.848  3098  3345 I bt_shim_scanner: [le_scanning_manager.cc(851)] handle_remote_properties: handle_remote_properties  device_type= 2
07-20 14:30:37.849  3098  3258 I bt_btif_dm: btif_dm.cc:533 get_cod: remote_cod=0x00001f00
07-20 14:30:37.890  3098  3345 I bt_shim_scanner: [le_scanning_manager.cc(851)] handle_remote_properties: handle_remote_properties  device_type= 2
07-20 14:30:37.891  3098  3258 I bt_btif_dm: btif_dm.cc:533 get_cod: remote_cod=0x00001f00
07-20 14:30:37.891  3098  3345 I bt_shim_scanner: [le_scanning_manager.cc(851)] handle_remote_properties: handle_remote_properties  device_type= 2
07-20 14:30:37.894  3098  3345 I AppScanStats: BLE_SCAN_RESULT_RECEIVED[2]reportBleScanResults=9100
07-20 14:30:37.940  3098  3345 I bt_shim_scanner: [le_scanning_manager.cc(851)] handle_remote_properties: handle_remote_properties  device_type= 2
07-20 14:30:37.940  3098  3258 I bt_btif_dm: btif_dm.cc:533 get_cod: remote_cod=0x00001f00
07-20 14:30:37.942  3098  3345 I AppScanStats: BLE_SCAN_RESULT_RECEIVED[1]reportBleScanResults=9000
07-20 14:30:37.968  3098  3345 I bt_shim_scanner: [le_scanning_manager.cc(851)] handle_remote_properties: handle_remote_properties  device_type= 2
07-20 14:30:38.524  1419  1468 I libPerfCtl: xgfGetFPS pid:2856 fps:-1
07-20 14:30:38.524  1419  1468 I AppThermalMode: [perfNotifyThermalState] hdl:0
07-20 14:30:38.524  1419  1468 I AppThermalMode: [findAppThermalIdx] Fail: appThermalModeEnable: 0,currentFPS: -1,fg->pid:2848
07-20 14:30:38.524  1419  1468 I AppThermalMode: [perfNotifyThermalState] appThermalIdx -1:
07-20 14:30:39.248  3098  3345 I bt_shim_scanner: [le_scanning_manager.cc(851)] handle_remote_properties: handle_remote_properties  device_type= 2
07-20 14:30:39.271  3098  3345 I bt_shim_scanner: [le_scanning_manager.cc(851)] handle_remote_properties: handle_remote_properties  device_type= 2
07-20 14:30:39.271  3098  3258 I bt_btif_dm: btif_dm.cc:533 get_cod: remote_cod=0x00001f00
07-20 14:30:39.287  3098  3345 I bt_shim_scanner: [le_scanning_manager.cc(851)] handle_remote_properties: handle_remote_properties  device_type= 3
07-20 14:30:39.316  3098  3345 I bt_shim_scanner: [le_scanning_manager.cc(851)] handle_remote_properties: handle_remote_properties  device_type= 2
07-20 14:30:39.316  3098  3258 I bt_btif_dm: btif_dm.cc:533 get_cod: remote_cod=0x00001f00
07-20 14:30:39.353  3098  3345 I bt_shim_scanner: [le_scanning_manager.cc(851)] handle_remote_properties: handle_remote_properties  device_type= 2
07-20 14:30:39.524  1419  1468 I libPerfCtl: xgfGetFPS pid:2856 fps:-1
07-20 14:30:39.525  1419  1468 I AppThermalMode: [perfNotifyThermalState] hdl:0
07-20 14:30:39.525  1419  1468 I AppThermalMode: [findAppThermalIdx] Fail: appThermalModeEnable: 0,currentFPS: -1,fg->pid:2848
07-20 14:30:39.525  1419  1468 I AppThermalMode: [perfNotifyThermalState] appThermalIdx -1:
07-20 14:30:40.525  1419  1468 I libPerfCtl: xgfGetFPS pid:2856 fps:-1
07-20 14:30:40.525  1419  1468 I AppThermalMode: [perfNotifyThermalState] hdl:0
07-20 14:30:40.525  1419  1468 I AppThermalMode: [findAppThermalIdx] Fail: appThermalModeEnable: 0,currentFPS: -1,fg->pid:2848
07-20 14:30:40.525  1419  1468 I AppThermalMode: [perfNotifyThermalState] appThermalIdx -1:
07-20 14:30:40.577  2021  2598 I TranWifiSmartAssistantController: start current network monitor 
07-20 14:30:40.578  2021  2598 I TranWifiSmartAssistantController: userIgnored :false isScoredCurrentNetwork :false
07-20 14:30:40.578  2021  2598 I TranWifiSmartAssistantController: mCurrentNetwork :128 SSID :"Comercial Reyito 2 5G"
07-20 14:30:40.579  2021  2598 I WifiNetworkQuality: current rssi is sufficient
07-20 14:30:40.579  2021  2598 I TranWifiSmartAssistantController: mNoCandidateCount : -1
07-20 14:30:40.579  2021  2598 I TranWifiSmartAssistantController: ====>>rssi :-40
07-20 14:30:40.651  3098  3345 I bt_shim_scanner: [le_scanning_manager.cc(851)] handle_remote_properties: handle_remote_properties  device_type= 2
07-20 14:30:40.651  3098  3258 I bt_btif_dm: btif_dm.cc:533 get_cod: remote_cod=0x00001f00
07-20 14:30:40.652  3098  3345 I bt_shim_scanner: [le_scanning_manager.cc(851)] handle_remote_properties: handle_remote_properties  device_type= 3
07-20 14:30:40.671  3098  3345 I bt_shim_scanner: [le_scanning_manager.cc(851)] handle_remote_properties: handle_remote_properties  device_type= 3
07-20 14:30:40.691  3098  3345 I bt_shim_scanner: [le_scanning_manager.cc(851)] handle_remote_properties: handle_remote_properties  device_type= 2
07-20 14:30:40.691  3098  3258 I bt_btif_dm: btif_dm.cc:533 get_cod: remote_cod=0x00001f00
07-20 14:30:40.732  3098  3345 I bt_shim_scanner: [le_scanning_manager.cc(851)] handle_remote_properties: handle_remote_properties  device_type= 2
07-20 14:30:40.735  3098  3345 I bt_shim_scanner: [le_scanning_manager.cc(851)] handle_remote_properties: handle_remote_properties  device_type= 2
07-20 14:30:40.735  3098  3258 I bt_btif_dm: btif_dm.cc:533 get_cod: remote_cod=0x00001f00
07-20 14:30:40.752  3098  3345 I bt_shim_scanner: [le_scanning_manager.cc(851)] handle_remote_properties: handle_remote_properties  device_type= 3
07-20 14:30:40.762  3098  3345 I bt_shim_scanner: [le_scanning_manager.cc(851)] handle_remote_properties: handle_remote_properties  device_type= 3
07-20 14:30:40.771  3098  3345 I bt_btif_dm: btif_dm.cc:763 btif_update_remote_properties: class of device (cod) is 0x000914
07-20 14:30:40.771  3098  3258 I bt_btif_dm: btif_dm.cc:533 get_cod: remote_cod=0x00000914
07-20 14:30:40.771  3098  3345 I bt_shim_scanner: [le_scanning_manager.cc(851)] handle_remote_properties: handle_remote_properties  device_type= 2
07-20 14:30:41.525  1419  1468 I libPerfCtl: xgfGetFPS pid:2856 fps:-1
07-20 14:30:41.525  1419  1468 I AppThermalMode: [perfNotifyThermalState] hdl:0
07-20 14:30:41.525  1419  1468 I AppThermalMode: [findAppThermalIdx] Fail: appThermalModeEnable: 0,currentFPS: -1,fg->pid:2848
07-20 14:30:41.525  1419  1468 I AppThermalMode: [perfNotifyThermalState] appThermalIdx -1:
07-20 14:30:41.985  1376  1658 I hwcomposer: [DRMDEV] (0) failed to waitNextVsync: -1  
07-20 14:30:41.988  1376  1658 I hwcomposer: [DRMDEV] (0) failed to waitNextVsync: -1  
07-20 14:30:42.004  1376  1658 I hwcomposer: [DRMDEV] (0) failed to waitNextVsync: -1  
07-20 14:30:42.021  1376  1658 I hwcomposer: [DRMDEV] (0) failed to waitNextVsync: -1  
07-20 14:30:42.028  1486  1486 I BufferQueueProducer: [StatusBar#99](this:0xb40000796b7d8758,id:-1,api:0,p:-1,c:1486) queueBuffer: fps=0.18 dur=5500.22 max=5500.22 min=5500.22
07-20 14:30:42.030  1376  1459 I hwcomposer: [HWCDisplay] [Display_0 (type:1)] fps:0.181812,dur:5500.20,max:5500.20,min:5500.20  
07-20 14:30:42.068  3098  3258 I bt_btif_dm: btif_dm.cc:533 get_cod: remote_cod=0x00001f00
07-20 14:30:42.068  3098  3345 I bt_shim_scanner: [le_scanning_manager.cc(851)] handle_remote_properties: handle_remote_properties  device_type= 2
07-20 14:30:42.130  3098  3345 I bt_shim_scanner: [le_scanning_manager.cc(851)] handle_remote_properties: handle_remote_properties  device_type= 3
07-20 14:30:42.131  3098  3345 I bt_shim_scanner: [le_scanning_manager.cc(851)] handle_remote_properties: handle_remote_properties  device_type= 3
07-20 14:30:42.132  3098  3258 I bt_btif_dm: btif_dm.cc:533 get_cod: remote_cod=0x00001f00
07-20 14:30:42.163  3098  3345 I bt_shim_scanner: [le_scanning_manager.cc(851)] handle_remote_properties: handle_remote_properties  device_type= 2
07-20 14:30:42.163  3098  3258 I bt_btif_dm: btif_dm.cc:533 get_cod: remote_cod=0x00001f00
07-20 14:30:42.172  1359  1359 I netd    : setProcSysNet(4, 2, wlan0, retrans_time_ms, 750) <1.58ms>
07-20 14:30:42.173  1359  1359 I netd    : setProcSysNet(4, 2, wlan0, ucast_solicit, 10) <0.53ms>
07-20 14:30:42.175  1359  1359 I netd    : setProcSysNet(6, 2, wlan0, retrans_time_ms, 750) <0.91ms>
07-20 14:30:42.177  1359  1359 I netd    : setProcSysNet(6, 2, wlan0, ucast_solicit, 10) <0.43ms>
07-20 14:30:42.525  1419  1468 I libPerfCtl: xgfGetFPS pid:2856 fps:-1
07-20 14:30:42.526  1419  1468 I AppThermalMode: [perfNotifyThermalState] hdl:0
07-20 14:30:42.526  1419  1468 I AppThermalMode: [findAppThermalIdx] Fail: appThermalModeEnable: 0,currentFPS: -1,fg->pid:2848
07-20 14:30:42.526  1419  1468 I AppThermalMode: [perfNotifyThermalState] appThermalIdx -1:
07-20 14:30:43.458  3098  3345 I bt_shim_scanner: [le_scanning_manager.cc(851)] handle_remote_properties: handle_remote_properties  device_type= 2
07-20 14:30:43.458  3098  3258 I bt_btif_dm: btif_dm.cc:533 get_cod: remote_cod=0x00001f00
07-20 14:30:43.459  3098  3345 I bt_shim_scanner: [le_scanning_manager.cc(851)] handle_remote_properties: handle_remote_properties  device_type= 2
07-20 14:30:43.497  3098  3345 I bt_shim_scanner: [le_scanning_manager.cc(851)] handle_remote_properties: handle_remote_properties  device_type= 3
07-20 14:30:43.499  3098  3258 I bt_btif_dm: btif_dm.cc:533 get_cod: remote_cod=0x00001f00
07-20 14:30:43.500  3098  3345 I bt_shim_scanner: [le_scanning_manager.cc(851)] handle_remote_properties: handle_remote_properties  device_type= 2
07-20 14:30:43.526  1419  1468 I libPerfCtl: xgfGetFPS pid:2856 fps:-1
07-20 14:30:43.526  1419  1468 I AppThermalMode: [perfNotifyThermalState] hdl:0
07-20 14:30:43.526  1419  1468 I AppThermalMode: [findAppThermalIdx] Fail: appThermalModeEnable: 0,currentFPS: -1,fg->pid:2848
07-20 14:30:43.526  1419  1468 I AppThermalMode: [perfNotifyThermalState] appThermalIdx -1:
07-20 14:30:43.544  3098  3345 I bt_shim_scanner: [le_scanning_manager.cc(851)] handle_remote_properties: handle_remote_properties  device_type= 2
07-20 14:30:43.544  3098  3258 I bt_btif_dm: btif_dm.cc:533 get_cod: remote_cod=0x00001f00
07-20 14:30:43.559  3098  3345 I bt_shim_scanner: [le_scanning_manager.cc(851)] handle_remote_properties: handle_remote_properties  device_type= 3
07-20 14:30:43.581  2021  2598 I TranWifiSmartAssistantController: start current network monitor 
07-20 14:30:43.582  2021  2598 I TranWifiSmartAssistantController: userIgnored :false isScoredCurrentNetwork :false
07-20 14:30:43.582  2021  2598 I TranWifiSmartAssistantController: mCurrentNetwork :128 SSID :"Comercial Reyito 2 5G"
07-20 14:30:43.583  2021  2598 I WifiNetworkQuality: current rssi is sufficient
07-20 14:30:43.583  2021  2598 I TranWifiSmartAssistantController: mNoCandidateCount : -1
07-20 14:30:43.583  2021  2598 I TranWifiSmartAssistantController: ====>>rssi :-40
07-20 14:30:43.759  9416 28341 I .gms.persistent: Explicit concurrent mark compact GC freed 14MB AllocSpace bytes, 0(0B) LOS objects, 45% free, 28MB/52MB, paused 407us,2.984ms total 173.558ms
07-20 14:30:43.768  9416  9429 W .gms.persistent: ApkAssets: Deleting an ApkAssets object '<empty> and /data/app/~~MQr88mzsnVFmtcHqt-G6og==/com.example.controlhorario-SEpSKOwtDKwMLMi7p0h7zA==/base.apk' with 1 weak references
07-20 14:30:44.527  1419  1468 I libPerfCtl: xgfGetFPS pid:2856 fps:-1
07-20 14:30:44.527  1419  1468 I AppThermalMode: [perfNotifyThermalState] hdl:0
07-20 14:30:44.527  1419  1468 I AppThermalMode: [findAppThermalIdx] Fail: appThermalModeEnable: 0,currentFPS: -1,fg->pid:2848
07-20 14:30:44.527  1419  1468 I AppThermalMode: [perfNotifyThermalState] appThermalIdx -1:
07-20 14:30:44.709  1575  1575 I adbd    : adbd service requested 'shell,v2:export ANDROID_LOG_TAGS=''; exec logcat '-v' 'threadtime''
07-20 14:30:44.770  1367 23459 W AudioALSACaptureDataProviderNormal: readThread, latency_in_s,0.000001,0.021882,0.000142, totalTime 0.022024 > logTimeout 0.022000 TIMEOUT!!
07-20 14:30:44.840  3098  3345 I bt_shim_scanner: [le_scanning_manager.cc(851)] handle_remote_properties: handle_remote_properties  device_type= 2
07-20 14:30:44.840  3098  3258 I bt_btif_dm: btif_dm.cc:533 get_cod: remote_cod=0x00001f00
07-20 14:30:44.849  3098  3345 I bt_shim_scanner: [le_scanning_manager.cc(851)] handle_remote_properties: handle_remote_properties  device_type= 3
07-20 14:30:44.878  3098  3345 I bt_shim_scanner: [le_scanning_manager.cc(851)] handle_remote_properties: handle_remote_properties  device_type= 3
07-20 14:30:44.919  3098  3345 I bt_shim_scanner: [le_scanning_manager.cc(851)] handle_remote_properties: handle_remote_properties  device_type= 2
07-20 14:30:44.932  3098  3258 I bt_btif_dm: btif_dm.cc:533 get_cod: remote_cod=0x00001f00
07-20 14:30:44.933  3098  3345 I bt_shim_scanner: [le_scanning_manager.cc(851)] handle_remote_properties: handle_remote_properties  device_type= 2
07-20 14:30:44.950  3098  3345 I bt_shim_scanner: [le_scanning_manager.cc(851)] handle_remote_properties: handle_remote_properties  device_type= 3
07-20 14:30:44.987  3098  3345 I bt_shim_scanner: [le_scanning_manager.cc(851)] handle_remote_properties: handle_remote_properties  device_type= 2
07-20 14:30:45.373  1499  1511 D ccci_mdinit: (1):monitor_time_update_thread round:25550 ########
07-20 14:30:45.527  1419  1468 I libPerfCtl: xgfGetFPS pid:2856 fps:-1
07-20 14:30:45.527  1419  1468 I AppThermalMode: [perfNotifyThermalState] hdl:0
07-20 14:30:45.527  1419  1468 I AppThermalMode: [findAppThermalIdx] Fail: appThermalModeEnable: 0,currentFPS: -1,fg->pid:2848
07-20 14:30:45.527  1419  1468 I AppThermalMode: [perfNotifyThermalState] appThermalIdx -1:
07-20 14:30:45.543  1376  1658 I hwcomposer: [DRMDEV] (0) failed to waitNextVsync: -1  
07-20 14:30:45.554  1376  1658 I hwcomposer: [DRMDEV] (0) failed to waitNextVsync: -1  
07-20 14:30:45.571  1376  1658 I hwcomposer: [DRMDEV] (0) failed to waitNextVsync: -1  
07-20 14:30:45.578  1486  1486 I BufferQueueProducer: [StatusBar#99](this:0xb40000796b7d8758,id:-1,api:0,p:-1,c:1486) queueBuffer: fps=0.28 dur=3550.45 max=3550.45 min=3550.45
07-20 14:30:45.581  1376  1459 I hwcomposer: [HWCDisplay] [Display_0 (type:1)] fps:0.281631,dur:3550.75,max:3550.75,min:3550.75  
07-20 14:30:46.248  3098  3345 I bt_shim_scanner: [le_scanning_manager.cc(851)] handle_remote_properties: handle_remote_properties  device_type= 3
07-20 14:30:46.254  3098  3345 I bt_shim_scanner: [le_scanning_manager.cc(851)] handle_remote_properties: handle_remote_properties  device_type= 2
07-20 14:30:46.254  3098  3258 I bt_btif_dm: btif_dm.cc:533 get_cod: remote_cod=0x00001f00
07-20 14:30:46.290  3098  3345 I bt_shim_scanner: [le_scanning_manager.cc(851)] handle_remote_properties: handle_remote_properties  device_type= 2
07-20 14:30:46.298  3098  3258 I bt_btif_dm: btif_dm.cc:533 get_cod: remote_cod=0x00001f00
07-20 14:30:46.298  3098  3345 I bt_shim_scanner: [le_scanning_manager.cc(851)] handle_remote_properties: handle_remote_properties  device_type= 2
07-20 14:30:46.326  3098  3345 I bt_shim_scanner: [le_scanning_manager.cc(851)] handle_remote_properties: handle_remote_properties  device_type= 3
07-20 14:30:46.341  3098  3345 I bt_shim_scanner: [le_scanning_manager.cc(851)] handle_remote_properties: handle_remote_properties  device_type= 3
07-20 14:30:46.346  3098  3345 I bt_shim_scanner: [le_scanning_manager.cc(851)] handle_remote_properties: handle_remote_properties  device_type= 2
07-20 14:30:46.346  3098  3258 I bt_btif_dm: btif_dm.cc:533 get_cod: remote_cod=0x00001f00
07-20 14:30:46.585  2021  2598 I TranWifiSmartAssistantController: start current network monitor 
07-20 14:30:46.586  2021  2598 I TranWifiSmartAssistantController: userIgnored :false isScoredCurrentNetwork :false
07-20 14:30:46.586  2021  2598 I TranWifiSmartAssistantController: mCurrentNetwork :128 SSID :"Comercial Reyito 2 5G"
07-20 14:30:46.587  2021  2598 I WifiNetworkQuality: current rssi is sufficient
07-20 14:30:46.587  2021  2598 I TranWifiSmartAssistantController: mNoCandidateCount : -1
07-20 14:30:46.587  2021  2598 I TranWifiSmartAssistantController: ====>>rssi :-39
07-20 14:30:46.634  1386  1386 I android.hardware.thermal@2.0-service.mtk: fill_temperatures filterType1 name: SKIN type: SKIN throttlingStatus: NONE value: 37.388 ret_temps size 0
07-20 14:30:46.665  4799  5056 D TriggerService: trigger service is running
07-20 14:30:46.988  1376  1658 I hwcomposer: [DRMDEV] (0) failed to waitNextVsync: -1  
07-20 14:30:47.004  1376  1658 I hwcomposer: [DRMDEV] (0) failed to waitNextVsync: -1  
07-20 14:30:47.021  1376  1658 I hwcomposer: [DRMDEV] (0) failed to waitNextVsync: -1  
07-20 14:30:47.029  1543  1543 I FPSGO   : fpsgo_boost_sched_idle_prefer:1
07-20 14:30:47.030  1543  1543 I mtkpower_client: perf_lock_acq, hdl:0, dur:0, num:2, tid:1543
07-20 14:30:47.031  1543  1543 I mtkpower_client: ret_hdl:25869
07-20 14:30:47.031  1543  1543 I FPSGO   : perfLockAcq hdl:25869
07-20 14:30:47.031  1543  1543 I FPSGO   : fpsgo_boost_sched_rate_ns:0
07-20 14:30:47.031  1543  1543 I mtkpower_client: perf_lock_acq, hdl:0, dur:0, num:12, tid:1543
07-20 14:30:47.032  1543  1543 I mtkpower_client: ret_hdl:25870
07-20 14:30:47.032  1543  1543 I FPSGO   : perfLockAcq hdl:25870
07-20 14:30:47.033  1419  1494 I libPowerHal: cmdSetting - unknown cmd:1438500, scmd:(null) ,param_1:0
07-20 14:30:47.033  1419  1494 I libPowerHal: cmdSetting - unknown cmd:1438800, scmd:(null) ,param_1:0
07-20 14:30:47.038  1376  1658 I hwcomposer: [DRMDEV] (0) failed to waitNextVsync: -1  
07-20 14:30:47.044  1486  1486 I BufferQueueProducer: [StatusBar#99](this:0xb40000796b7d8758,id:-1,api:0,p:-1,c:1486) queueBuffer: fps=0.68 dur=1466.19 max=1466.19 min=1466.19
07-20 14:30:47.047  1376  1459 I hwcomposer: [HWCDisplay] [Display_0 (type:1)] fps:0.682116,dur:1466.03,max:1466.03,min:1466.03  
07-20 14:30:47.129  1543  1543 I FPSGO   : fpsgo_boost_sched_idle_prefer:0
07-20 14:30:47.129  1543  1543 I mtkpower_client: perf_lock_rel, hdl:25869, tid:1543
07-20 14:30:47.129  2021  2770 D aegean_PivotMemCompact: ingore for foucus in same
07-20 14:30:47.130  1543  1543 I FPSGO   : perfLockRel hdl:25869
07-20 14:30:47.130  1543  1543 I FPSGO   : fpsgo_boost_sched_rate_ns:-1
07-20 14:30:47.130  1543  1543 I mtkpower_client: perf_lock_rel, hdl:25870, tid:1543
07-20 14:30:47.131  1419  1494 I libPowerHal: [PD] fpsgo update cmd:1404500 param:0
07-20 14:30:47.132  1543  1543 I FPSGO   : perfLockRel hdl:25870
07-20 14:30:47.133  1419  1494 I libPowerHal: [PD] fpsgo update cmd:1438300, param:1000
07-20 14:30:47.133  1419  1494 I libPowerHal: [PD] fpsgo update cmd:1438400, param:1000
07-20 14:30:47.134  1419  1494 I libPowerHal: [PD] fpsgo update cmd:1438600 param:1000
07-20 14:30:47.134  1419  1494 I libPowerHal: [PD] fpsgo update cmd:1438700 param:1000
07-20 14:30:47.253  2021  2596 D TranWifiTputMonitor: WIFI: TX: 0 RX: 0 TOTAL = 0
07-20 14:30:47.253  2021  2596 D TranWifiTputMonitor: High Tput: false, TOTAL TPUT: 0
07-20 14:30:47.653  3098  3345 I bt_shim_scanner: [le_scanning_manager.cc(851)] handle_remote_properties: handle_remote_properties  device_type= 2
07-20 14:30:47.676  3098  3345 I bt_shim_scanner: [le_scanning_manager.cc(851)] handle_remote_properties: handle_remote_properties  device_type= 2
07-20 14:30:47.676  3098  3258 I bt_btif_dm: btif_dm.cc:533 get_cod: remote_cod=0x00001f00
07-20 14:30:47.681  3098  3345 I bt_shim_scanner: [le_scanning_manager.cc(851)] handle_remote_properties: handle_remote_properties  device_type= 3
07-20 14:30:47.688  3098  3345 I bt_shim_scanner: [le_scanning_manager.cc(851)] handle_remote_properties: handle_remote_properties  device_type= 3
07-20 14:30:47.689  1777  1878 D ULogGuard: Monitoring: 16 threads, 0 requests, 0 time-bombs; 3 guards. ResetFlags = 0x7
07-20 14:30:47.697  3098  3345 I bt_shim_scanner: [le_scanning_manager.cc(851)] handle_remote_properties: handle_remote_properties  device_type= 2
07-20 14:30:47.720  3098  3258 I bt_btif_dm: btif_dm.cc:533 get_cod: remote_cod=0x00001f00
07-20 14:30:47.720  3098  3345 I bt_shim_scanner: [le_scanning_manager.cc(851)] handle_remote_properties: handle_remote_properties  device_type= 2
07-20 14:30:47.759  3098  3345 I bt_shim_scanner: [le_scanning_manager.cc(851)] handle_remote_properties: handle_remote_properties  device_type= 2
07-20 14:30:47.764  3098  3345 I bt_shim_scanner: [le_scanning_manager.cc(851)] handle_remote_properties: handle_remote_properties  device_type= 3
07-20 14:30:47.768  3098  3345 I bt_shim_scanner: [le_scanning_manager.cc(851)] handle_remote_properties: handle_remote_properties  device_type= 2
07-20 14:30:47.768  3098  3258 I bt_btif_dm: btif_dm.cc:533 get_cod: remote_cod=0x00001f00
07-20 14:30:48.028  1419  1468 I libPerfCtl: xgfGetFPS pid:2856 fps:-1
07-20 14:30:48.029  1419  1468 I AppThermalMode: [perfNotifyThermalState] hdl:0
07-20 14:30:48.029  1419  1468 I AppThermalMode: [findAppThermalIdx] Fail: appThermalModeEnable: 0,currentFPS: -1,fg->pid:2848
07-20 14:30:48.029  1419  1468 I AppThermalMode: [perfNotifyThermalState] appThermalIdx -1:
07-20 14:30:48.038  2021  2065 D AES     : AEEIOCTL_GET/SET_SF_STATE IOCTL,cmd= 1074294797, lParam=0. 
07-20 14:30:48.038  2021  2065 D AES     : AEEIOCTL_RT_MON_Kick IOCTL,cmd= 2147774474, lParam=300. 
07-20 14:30:48.563  1376  1658 I hwcomposer: [DRMDEV] (0) failed to waitNextVsync: -1  
07-20 14:30:48.571  1376  1658 I hwcomposer: [DRMDEV] (0) failed to waitNextVsync: -1  
07-20 14:30:48.588  1376  1658 I hwcomposer: [DRMDEV] (0) failed to waitNextVsync: -1  
07-20 14:30:48.594  1486  1486 I BufferQueueProducer: [StatusBar#99](this:0xb40000796b7d8758,id:-1,api:0,p:-1,c:1486) queueBuffer: fps=0.65 dur=1550.11 max=1550.11 min=1550.11
07-20 14:30:48.597  1376  1459 I hwcomposer: [HWCDisplay] [Display_0 (type:1)] fps:0.645155,dur:1550.01,max:1550.01,min:1550.01  
07-20 14:30:48.667  4799  5056 D TriggerService: trigger service is running
07-20 14:30:48.840  2021  4393 D TLinkBrush_DATA: [NetdEvent]onTcpSocketStatsEvent
07-20 14:30:49.029  1419  1468 I libPerfCtl: xgfGetFPS pid:2856 fps:-1
07-20 14:30:49.029  1419  1468 I AppThermalMode: [perfNotifyThermalState] hdl:0
07-20 14:30:49.029  1419  1468 I AppThermalMode: [findAppThermalIdx] Fail: appThermalModeEnable: 0,currentFPS: -1,fg->pid:2848
07-20 14:30:49.029  1419  1468 I AppThermalMode: [perfNotifyThermalState] appThermalIdx -1:
07-20 14:30:49.044  3098  3345 I bt_shim_scanner: [le_scanning_manager.cc(851)] handle_remote_properties: handle_remote_properties  device_type= 3
07-20 14:30:49.045  3098  3345 I bt_shim_scanner: [le_scanning_manager.cc(851)] handle_remote_properties: handle_remote_properties  device_type= 2
07-20 14:30:49.051  3098  3345 I bt_shim_scanner: [le_scanning_manager.cc(851)] handle_remote_properties: handle_remote_properties  device_type= 3
07-20 14:30:49.070  3098  3345 I bt_shim_scanner: [le_scanning_manager.cc(851)] handle_remote_properties: handle_remote_properties  device_type= 3
07-20 14:30:49.070  3098  3258 I bt_btif_dm: btif_dm.cc:533 get_cod: remote_cod=0x00001f00
07-20 14:30:49.071  3098  3345 I bt_shim_scanner: [le_scanning_manager.cc(851)] handle_remote_properties: handle_remote_properties  device_type= 2
07-20 14:30:49.124  3098  3345 I bt_shim_scanner: [le_scanning_manager.cc(851)] handle_remote_properties: handle_remote_properties  device_type= 2
07-20 14:30:49.124  3098  3258 I bt_btif_dm: btif_dm.cc:533 get_cod: remote_cod=0x00001f00
07-20 14:30:49.126  3098  3345 I bt_shim_scanner: [le_scanning_manager.cc(851)] handle_remote_properties: handle_remote_properties  device_type= 2
07-20 14:30:49.139  3119  3119 D TranSignalStrengthComponentImpl: [WCDMA] dbm: -86
07-20 14:30:49.140  3119  3119 D TranSignalStrengthComponentImpl: [WCDMA] dbm: -86
07-20 14:30:49.142  2021  2101 D TranSignalStrengthComponentImpl: [WCDMA] dbm: -86
07-20 14:30:49.144  3098  3345 I bt_shim_scanner: [le_scanning_manager.cc(851)] handle_remote_properties: handle_remote_properties  device_type= 3
07-20 14:30:49.145  2021  2101 D TranSignalStrengthComponentImpl: [WCDMA] dbm: -86
07-20 14:30:49.148  3098  3345 I bt_shim_scanner: [le_scanning_manager.cc(851)] handle_remote_properties: handle_remote_properties  device_type= 3
07-20 14:30:49.165  3098  3345 I bt_shim_scanner: [le_scanning_manager.cc(851)] handle_remote_properties: handle_remote_properties  device_type= 2
07-20 14:30:49.165  3098  3258 I bt_btif_dm: btif_dm.cc:533 get_cod: remote_cod=0x00001f00
07-20 14:30:49.590  2021  2598 I TranWifiSmartAssistantController: start current network monitor 
07-20 14:30:49.591  2021  2598 I TranWifiSmartAssistantController: userIgnored :false isScoredCurrentNetwork :false
07-20 14:30:49.592  2021  2598 I TranWifiSmartAssistantController: mCurrentNetwork :128 SSID :"Comercial Reyito 2 5G"
07-20 14:30:49.594  2021  2598 I WifiNetworkQuality: current rssi is sufficient
07-20 14:30:49.594  2021  2598 I TranWifiSmartAssistantController: mNoCandidateCount : -1
07-20 14:30:49.595  2021  2598 I TranWifiSmartAssistantController: ====>>rssi :-39
07-20 14:30:49.788  2021  2831 I Hiber/importantScene: widget: packageName=com.transsion.iotcard
07-20 14:30:49.788  2021  2831 I Hiber/appStateMachine: uid:10313, pkg=com.transsion.iotcard  can't transition from R to F ,importantcase is : widget
07-20 14:30:50.029  1419  1468 I libPerfCtl: xgfGetFPS pid:2856 fps:-1
07-20 14:30:50.029  1419  1468 I AppThermalMode: [perfNotifyThermalState] hdl:0
07-20 14:30:50.029  1419  1468 I AppThermalMode: [findAppThermalIdx] Fail: appThermalModeEnable: 0,currentFPS: -1,fg->pid:2848
07-20 14:30:50.029  1419  1468 I AppThermalMode: [perfNotifyThermalState] appThermalIdx -1:
07-20 14:30:50.257  2021  2596 D TranWifiTputMonitor: WIFI: TX: 0 RX: 0 TOTAL = 0
07-20 14:30:50.257  2021  2596 D TranWifiTputMonitor: High Tput: false, TOTAL TPUT: 0
07-20 14:30:50.450  3098  3345 I bt_shim_scanner: [le_scanning_manager.cc(851)] handle_remote_properties: handle_remote_properties  device_type= 2
07-20 14:30:50.450  3098  3258 I bt_btif_dm: btif_dm.cc:533 get_cod: remote_cod=0x00001f00
07-20 14:30:50.471  3098  3345 I bt_shim_scanner: [le_scanning_manager.cc(851)] handle_remote_properties: handle_remote_properties  device_type= 2
07-20 14:30:50.482  3098  3345 I bt_shim_scanner: [le_scanning_manager.cc(851)] handle_remote_properties: handle_remote_properties  device_type= 2
07-20 14:30:50.497  3098  3345 I bt_shim_scanner: [le_scanning_manager.cc(851)] handle_remote_properties: handle_remote_properties  device_type= 2
07-20 14:30:50.497  3098  3258 I bt_btif_dm: btif_dm.cc:533 get_cod: remote_cod=0x00001f00
07-20 14:30:50.538  3098  3345 I bt_shim_scanner: [le_scanning_manager.cc(851)] handle_remote_properties: handle_remote_properties  device_type= 2
07-20 14:30:50.538  3098  3258 I bt_btif_dm: btif_dm.cc:533 get_cod: remote_cod=0x00001f00
07-20 14:30:50.573  3098  3345 I bt_shim_scanner: [le_scanning_manager.cc(851)] handle_remote_properties: handle_remote_properties  device_type= 2
07-20 14:30:50.668  4799  5056 D TriggerService: trigger service is running
07-20 14:30:50.690  1777  1878 D ULogGuard: Monitoring: 16 threads, 0 requests, 0 time-bombs; 3 guards. ResetFlags = 0x7
07-20 14:30:51.030  1419  1468 I libPerfCtl: xgfGetFPS pid:2856 fps:-1
07-20 14:30:51.030  1419  1468 I AppThermalMode: [perfNotifyThermalState] hdl:0
07-20 14:30:51.030  1419  1468 I AppThermalMode: [findAppThermalIdx] Fail: appThermalModeEnable: 0,currentFPS: -1,fg->pid:2848
07-20 14:30:51.030  1419  1468 I AppThermalMode: [perfNotifyThermalState] appThermalIdx -1:
07-20 14:30:51.103  2021  2612 W ActivityManager: Receiver with filter android.content.IntentFilter@b082f1c already registered for pid 2021, callerPackage is android
07-20 14:30:51.104  2021  2612 W ActivityManager: Receiver with filter android.content.IntentFilter@c7ec725 already registered for pid 2021, callerPackage is android
07-20 14:30:51.887  3098  3345 I bt_shim_scanner: [le_scanning_manager.cc(851)] handle_remote_properties: handle_remote_properties  device_type= 2
07-20 14:30:51.887  3098  3258 I bt_btif_dm: btif_dm.cc:533 get_cod: remote_cod=0x00001f00
07-20 14:30:51.896  3098  3345 I bt_shim_scanner: [le_scanning_manager.cc(851)] handle_remote_properties: handle_remote_properties  device_type= 3
07-20 14:30:51.922  3098  3345 I bt_shim_scanner: [le_scanning_manager.cc(851)] handle_remote_properties: handle_remote_properties  device_type= 2
07-20 14:30:52.030  1419  1468 I libPerfCtl: xgfGetFPS pid:2856 fps:-1
07-20 14:30:52.030  1419  1468 I AppThermalMode: [perfNotifyThermalState] hdl:0
07-20 14:30:52.030  1419  1468 I AppThermalMode: [findAppThermalIdx] Fail: appThermalModeEnable: 0,currentFPS: -1,fg->pid:2848
07-20 14:30:52.030  1419  1468 I AppThermalMode: [perfNotifyThermalState] appThermalIdx -1:
07-20 14:30:52.597  2021  2598 I TranWifiSmartAssistantController: start current network monitor 
07-20 14:30:52.598  2021  2598 I TranWifiSmartAssistantController: userIgnored :false isScoredCurrentNetwork :false
07-20 14:30:52.598  2021  2598 I TranWifiSmartAssistantController: mCurrentNetwork :128 SSID :"Comercial Reyito 2 5G"
07-20 14:30:52.599  2021  2598 I WifiNetworkQuality: current rssi is sufficient
07-20 14:30:52.599  2021  2598 I TranWifiSmartAssistantController: mNoCandidateCount : -1
07-20 14:30:52.599  2021  2598 I TranWifiSmartAssistantController: ====>>rssi :-39
