07-20 14:32:30.000   728   728 I adbd    : adbd service requested 'shell,v2:mkdir -p /data/local/tmp/.studio; chmod 755 /data/local/tmp/.studio; chown shell:shell /data/local/tmp/.studio'
07-20 14:32:30.058 32055 32055 I app_process: hook_module_exit libgui_unisoc_utils.so over, handle:0x0
07-20 14:32:30.287   728   728 I adbd    : adbd service requested 'shell,v2:getprop'
07-20 14:32:31.742  1066  1235 D WifiStaIfaceHidlImpl: getCachedScanData is not implemented by HIDL
07-20 14:32:31.753  1066  1235 I HalDevMgr: bestIfaceCreationProposal is null, requestIface=STA, existingIface=[name=wlan0 type=STA]
07-20 14:32:31.873   728   728 I adbd    : adbd service requested 'sync:'
07-20 14:32:32.001   600   600 D bt_vendor: op for BT_VND_OP_LPM_WAKE_SET_STATE
07-20 14:32:32.015  1066  1235 D WifiStaIfaceHidlImpl: getCachedScanData is not implemented by HIDL
07-20 14:32:32.018  1066  1163 W TelephonyManager: requestModemActivityInfo: Received an invalid ModemActivityInfo
07-20 14:32:32.018  1066  1163 W BatteryExternalStatsWorker: error reading modem stats:ERROR_INVALID_INFO_RECEIVED
07-20 14:32:32.083   377  1032 E android.system.suspend-service: Error opening event_count for wakeup48: Permission denied
07-20 14:32:32.083   377  1032 E android.system.suspend-service: Error opening max_time_ms for wakeup48: Permission denied
07-20 14:32:32.083   377  1032 E android.system.suspend-service: Error opening wakeup_count for wakeup48: Permission denied
07-20 14:32:32.083   377  1032 E android.system.suspend-service: Error opening total_time_ms for wakeup48: Permission denied
07-20 14:32:32.083   377  1032 E android.system.suspend-service: Error opening expire_count for wakeup48: Permission denied
07-20 14:32:32.083   377  1032 E android.system.suspend-service: Error opening active_count for wakeup48: Permission denied
07-20 14:32:32.083   377  1032 E android.system.suspend-service: Error opening last_change_ms for wakeup48: Permission denied
07-20 14:32:32.083   377  1032 E android.system.suspend-service: Error opening prevent_suspend_time_ms for wakeup48: Permission denied
07-20 14:32:32.083   377  1032 E android.system.suspend-service: Error opening name for wakeup48: Permission denied
07-20 14:32:32.083   377  1032 E android.system.suspend-service: Error opening active_time_ms for wakeup48: Permission denied
07-20 14:32:32.084   377  1032 E android.system.suspend-service: Error opening event_count for wakeup28: Permission denied
07-20 14:32:32.084   377  1032 E android.system.suspend-service: Error opening max_time_ms for wakeup28: Permission denied
07-20 14:32:32.084   377  1032 E android.system.suspend-service: Error opening wakeup_count for wakeup28: Permission denied
07-20 14:32:32.084   377  1032 E android.system.suspend-service: Error opening total_time_ms for wakeup28: Permission denied
07-20 14:32:32.084   377  1032 E android.system.suspend-service: Error opening expire_count for wakeup28: Permission denied
07-20 14:32:32.084   377  1032 E android.system.suspend-service: Error opening active_count for wakeup28: Permission denied
07-20 14:32:32.084   377  1032 E android.system.suspend-service: Error opening last_change_ms for wakeup28: Permission denied
07-20 14:32:32.084   377  1032 E android.system.suspend-service: Error opening prevent_suspend_time_ms for wakeup28: Permission denied
07-20 14:32:32.084   377  1032 E android.system.suspend-service: Error opening name for wakeup28: Permission denied
07-20 14:32:32.084   377  1032 E android.system.suspend-service: Error opening active_time_ms for wakeup28: Permission denied
07-20 14:32:32.091   377  1032 E android.system.suspend-service: Error opening event_count for wakeup29: Permission denied
07-20 14:32:32.091   377  1032 E android.system.suspend-service: Error opening max_time_ms for wakeup29: Permission denied
07-20 14:32:32.091   377  1032 E android.system.suspend-service: Error opening wakeup_count for wakeup29: Permission denied
07-20 14:32:32.091   377  1032 E android.system.suspend-service: Error opening total_time_ms for wakeup29: Permission denied
07-20 14:32:32.091   377  1032 E android.system.suspend-service: Error opening expire_count for wakeup29: Permission denied
07-20 14:32:32.091   377  1032 E android.system.suspend-service: Error opening active_count for wakeup29: Permission denied
07-20 14:32:32.091   377  1032 E android.system.suspend-service: Error opening last_change_ms for wakeup29: Permission denied
07-20 14:32:32.091   377  1032 E android.system.suspend-service: Error opening prevent_suspend_time_ms for wakeup29: Permission denied
07-20 14:32:32.091   377  1032 E android.system.suspend-service: Error opening name for wakeup29: Permission denied
07-20 14:32:32.091   377  1032 E android.system.suspend-service: Error opening active_time_ms for wakeup29: Permission denied
07-20 14:32:32.095   377  1032 E android.system.suspend-service: Error opening event_count for wakeup15: Permission denied
07-20 14:32:32.095   377  1032 E android.system.suspend-service: Error opening max_time_ms for wakeup15: Permission denied
07-20 14:32:32.095   377  1032 E android.system.suspend-service: Error opening wakeup_count for wakeup15: Permission denied
07-20 14:32:32.095   377  1032 E android.system.suspend-service: Error opening total_time_ms for wakeup15: Permission denied
07-20 14:32:32.095   377  1032 E android.system.suspend-service: Error opening expire_count for wakeup15: Permission denied
07-20 14:32:32.095   377  1032 E android.system.suspend-service: Error opening active_count for wakeup15: Permission denied
07-20 14:32:32.095   377  1032 E android.system.suspend-service: Error opening last_change_ms for wakeup15: Permission denied
07-20 14:32:32.095   377  1032 E android.system.suspend-service: Error opening prevent_suspend_time_ms for wakeup15: Permission denied
07-20 14:32:32.095   377  1032 E android.system.suspend-service: Error opening name for wakeup15: Permission denied
07-20 14:32:32.095   377  1032 E android.system.suspend-service: Error opening active_time_ms for wakeup15: Permission denied
07-20 14:32:32.173   728   728 I adbd    : adbd service requested 'sync:'
07-20 14:32:32.196   728   728 I adbd    : adbd service requested 'sync:'
07-20 14:32:32.246   728   728 I adbd    : adbd service requested 'shell,v2:wm size'
07-20 14:32:32.837  1066  1080 D ActivityManager: Skip enqueue broadcast because no receiver with Intent { act=android.intent.action.SIG_STR flg=0x10 (has extras) }
07-20 14:32:32.840  2445  2445 D UniResolvedNetworkType: sub 1: dataNetType not Override 13
07-20 14:32:33.055   728   728 I adbd    : adbd service requested 'shell,v2:/data/local/tmp/.studio/process-tracker --interval 1000'
07-20 14:32:33.284  1066  1230 D ActivityManager: Skip enqueue broadcast because no receiver with Intent { act=com.android.server.action.NETWORK_STATS_UPDATED flg=0x40000010 }
07-20 14:32:33.347   728   728 I adbd    : adbd service requested 'shell,v2:getprop'
07-20 14:32:34.047  1066  1311 W EnhanceManagerService: Excessive delay setLux: 80 ms
07-20 14:32:34.055   728   728 I adbd    : adbd service requested 'shell,v2:mkdir -p /data/local/tmp/.studio; chmod 755 /data/local/tmp/.studio; chown shell:shell /data/local/tmp/.studio'
07-20 14:32:34.177   613   613 D enhanceHAL: sunlightRead: current ambient = 127
07-20 14:32:34.336   728   728 I adbd    : adbd service requested 'shell,v2:/data/local/tmp/.studio/process-tracker --interval 1000'
07-20 14:32:34.688   600 19907 D bt_vendor: op for BT_VND_OP_EVENT_CALLBACK
07-20 14:32:34.688   600 19907 D bt_vnd_ssp: sprd_vse_cback: 0x0a
07-20 14:32:34.688 19854 19885 W bluetooth: system/gd/hci/hci_layer.cc:499 on_vs_event: Unhandled vendor specific event of type Unknown VseSubeventCode(0x0a)
07-20 14:32:34.762  1066  1235 D WifiStaIfaceHidlImpl: getCachedScanData is not implemented by HIDL
07-20 14:32:34.775  1066  1235 I HalDevMgr: bestIfaceCreationProposal is null, requestIface=STA, existingIface=[name=wlan0 type=STA]
07-20 14:32:34.817   613   613 D enhanceHAL: sunlightRead: current ambient = 124
07-20 14:32:35.465  1066  1311 W EnhanceManagerService: Excessive delay setLux: 196 ms
07-20 14:32:36.126   728   728 I adbd    : adbd service requested 'sync:'
07-20 14:32:36.144   728   728 I adbd    : adbd service requested 'shell,v2:wm size'
07-20 14:32:36.188   600 19907 D bt_vendor: op for BT_VND_OP_LPM_WAKE_SET_STATE
07-20 14:32:36.668  1066  1311 W EnhanceManagerService: Excessive delay setLux: 53 ms
07-20 14:32:37.015   728   728 I adbd    : adbd service requested 'shell,v2:mkdir -p /data/local/tmp/.studio; chmod 755 /data/local/tmp/.studio; chown shell:shell /data/local/tmp/.studio'
07-20 14:32:37.291   728   728 I adbd    : adbd service requested 'shell,v2:getprop'
07-20 14:32:38.085  1066  1235 D WifiStaIfaceHidlImpl: getCachedScanData is not implemented by HIDL
07-20 14:32:38.091   728   728 I adbd    : adbd service requested 'sync:'
07-20 14:32:38.091   728   728 I adbd    : adbd service requested 'shell,v2:/data/local/tmp/.studio/process-tracker --interval 1000'
07-20 14:32:38.095  1066  1235 I HalDevMgr: bestIfaceCreationProposal is null, requestIface=STA, existingIface=[name=wlan0 type=STA]
07-20 14:32:38.501   613   613 D enhanceHAL: sunlightRead: current ambient = 133
07-20 14:32:38.661   613   613 D enhanceHAL: sunlightRead: current ambient = 130
07-20 14:32:38.821   613   613 D enhanceHAL: sunlightRead: current ambient = 127
07-20 14:32:38.981   613   613 D enhanceHAL: sunlightRead: current ambient = 124
07-20 14:32:39.362   613   613 D enhanceHAL: sunlightRead: current ambient = 116
07-20 14:32:39.466  1066  1311 W EnhanceManagerService: Excessive delay setLux: 104 ms
07-20 14:32:39.487   728   728 I adbd    : adbd service requested 'shell,v2:/data/local/tmp/.studio/process-tracker --interval 1000'
07-20 14:32:39.495  2445  2445 D UniResolvedNetworkType: sub 1: dataNetType not Override 13
07-20 14:32:39.495  1066  2815 D ActivityManager: Skip enqueue broadcast because no receiver with Intent { act=android.intent.action.SIG_STR flg=0x10 (has extras) }
07-20 14:32:39.625   613   613 D enhanceHAL: sunlightRead: current ambient = 108
07-20 14:32:39.782   613   613 D enhanceHAL: sunlightRead: current ambient = 99
07-20 14:32:39.784   728   728 I adbd    : adbd service requested 'shell,v2:wm size'
07-20 14:32:39.942   613   613 D enhanceHAL: sunlightRead: current ambient = 96
07-20 14:32:40.017  1066  1230 D ActivityManager: Skip enqueue broadcast because no receiver with Intent { act=com.android.server.action.NETWORK_STATS_UPDATED flg=0x40000010 }
07-20 14:32:40.263   613   613 D enhanceHAL: sunlightRead: current ambient = 101
07-20 14:32:40.795   613   613 D enhanceHAL: sunlightRead: current ambient = 114
07-20 14:32:40.815   613   613 D enhanceHAL: sunlightRead: current ambient = 120
07-20 14:32:40.886  1066  1311 W EnhanceManagerService: Excessive delay setLux: 72 ms
07-20 14:32:40.886   613   613 D enhanceHAL: sunlightRead: current ambient = 128
07-20 14:32:41.100  1066  1235 D WifiStaIfaceHidlImpl: getCachedScanData is not implemented by HIDL
07-20 14:32:41.113  1066  1235 I HalDevMgr: bestIfaceCreationProposal is null, requestIface=STA, existingIface=[name=wlan0 type=STA]
07-20 14:32:41.534   728   728 I adbd    : adbd service requested 'shell,v2:getprop'
07-20 14:32:42.337   728   728 I adbd    : adbd service requested 'shell,v2:mkdir -p /data/local/tmp/.studio; chmod 755 /data/local/tmp/.studio; chown shell:shell /data/local/tmp/.studio'
07-20 14:32:43.076  1066  1163 D ActivityManager: Skip enqueue broadcast because no receiver with Intent { act=android.intent.action.SIG_STR flg=0x10 (has extras) }
07-20 14:32:43.082  2445  2445 D UniResolvedNetworkType: sub 1: dataNetType not Override 13
07-20 14:32:44.080  1066  1080 D ActivityManager: Skip enqueue broadcast because no receiver with Intent { act=android.intent.action.SIG_STR flg=0x10 (has extras) }
07-20 14:32:44.086  2445  2445 D UniResolvedNetworkType: sub 1: dataNetType not Override 13
07-20 14:32:44.119  1066  1235 D WifiStaIfaceHidlImpl: getCachedScanData is not implemented by HIDL
07-20 14:32:44.142  1066  1235 I HalDevMgr: bestIfaceCreationProposal is null, requestIface=STA, existingIface=[name=wlan0 type=STA]
07-20 14:32:44.224   728   728 I adbd    : adbd service requested 'sync:'
07-20 14:32:44.234   728   728 I adbd    : adbd service requested 'shell,v2:wm size'
07-20 14:32:45.036  1066  1311 W EnhanceManagerService: Excessive delay setLux: 125 ms
07-20 14:32:45.081  1066  1080 D ActivityManager: Skip enqueue broadcast because no receiver with Intent { act=android.intent.action.SIG_STR flg=0x10 (has extras) }
07-20 14:32:45.083  2445  2445 D UniResolvedNetworkType: sub 1: dataNetType not Override 13
07-20 14:32:45.591   728   728 I adbd    : adbd service requested 'shell,v2:mkdir -p /data/local/tmp/.studio; chmod 755 /data/local/tmp/.studio; chown shell:shell /data/local/tmp/.studio'
07-20 14:32:45.873   728   728 I adbd    : adbd service requested 'shell,v2:getprop'
07-20 14:32:45.920  8235 29884 I PlayCommon: [479] Preparing logs for uploading
07-20 14:32:46.409  1066  1080 D ActivityManager: Skip enqueue broadcast because no receiver with Intent { act=android.intent.action.SIG_STR flg=0x10 (has extras) }
07-20 14:32:46.415  2445  2445 D UniResolvedNetworkType: sub 1: dataNetType not Override 13
07-20 14:32:46.421  8235 29884 W PlayCommon: [479] No account for auth token provided
07-20 14:32:46.421  8235 29884 I PlayCommon: [479] Connecting to server: https://play.googleapis.com/play/log?format=raw&proto_v2=true
07-20 14:32:46.679   728   728 I adbd    : adbd service requested 'shell,v2:/data/local/tmp/.studio/process-tracker --interval 1000'
07-20 14:32:46.892  8235 29884 I PlayCommon: [479] Successfully uploaded logs.
07-20 14:32:47.148  1066  1235 D WifiStaIfaceHidlImpl: getCachedScanData is not implemented by HIDL
07-20 14:32:47.161  1066  1235 I HalDevMgr: bestIfaceCreationProposal is null, requestIface=STA, existingIface=[name=wlan0 type=STA]
07-20 14:32:47.762  1066  1163 D ActivityManager: Skip enqueue broadcast because no receiver with Intent { act=android.intent.action.SIG_STR flg=0x10 (has extras) }
07-20 14:32:47.775  2445  2445 D UniResolvedNetworkType: sub 1: dataNetType not Override 13
07-20 14:32:47.819  1326  1326 W Looper  : Slow dispatch took 525ms main h=com.android.internal.telephony.SignalStrengthController c=null m=8
07-20 14:32:47.819  1326  1326 W Looper  : Slow delivery took 525ms main h=com.android.internal.telephony.data.LinkBandwidthEstimator c=null m=5
07-20 14:32:48.303  1066  2815 D ActivityManager: Skip enqueue broadcast because no receiver with Intent { act=android.intent.action.SIG_STR flg=0x10 (has extras) }
07-20 14:32:48.305  1326  1326 W Looper  : Drained
07-20 14:32:48.310  2445  2445 D UniResolvedNetworkType: sub 1: dataNetType not Override 13
07-20 14:32:48.427   728   728 I adbd    : adbd service requested 'sync:'
07-20 14:32:48.431   728   728 I adbd    : adbd service requested 'shell,v2:wm size'
07-20 14:32:49.174  1066  1311 W EnhanceManagerService: Excessive delay setLux: 130 ms
07-20 14:32:49.337  1066  1230 D ActivityManager: Skip enqueue broadcast because no receiver with Intent { act=com.android.server.action.NETWORK_STATS_UPDATED flg=0x40000010 }
07-20 14:32:49.446   728   728 I adbd    : adbd service requested 'shell,v2:getprop'
07-20 14:32:49.736   728   728 I adbd    : adbd service requested 'shell,v2:mkdir -p /data/local/tmp/.studio; chmod 755 /data/local/tmp/.studio; chown shell:shell /data/local/tmp/.studio'
07-20 14:32:50.538  1066  1080 D ActivityManager: Skip enqueue broadcast because no receiver with Intent { act=android.intent.action.SIG_STR flg=0x10 (has extras) }
07-20 14:32:50.543  2445  2445 D UniResolvedNetworkType: sub 1: dataNetType not Override 13
07-20 14:32:50.560  1066  1235 D WifiStaIfaceHidlImpl: getCachedScanData is not implemented by HIDL
07-20 14:32:50.568  1066  1235 I HalDevMgr: bestIfaceCreationProposal is null, requestIface=STA, existingIface=[name=wlan0 type=STA]
07-20 14:32:50.693   728   728 I adbd    : adbd service requested 'sync:'
07-20 14:32:51.187   728   728 I adbd    : adbd service requested 'shell,v2:/data/local/tmp/.studio/process-tracker --interval 1000'
07-20 14:32:51.916  1479 19755 D IpClient/wlan0: interfaceLinkStateChanged: ifindex 28 up
07-20 14:32:51.953   728   728 I adbd    : adbd service requested 'shell,v2:wm size'
07-20 14:32:52.231   728   728 I adbd    : adbd service requested 'shell,v2:/data/local/tmp/.studio/process-tracker --interval 1000'
07-20 14:32:53.262  1066  1311 W EnhanceManagerService: Excessive delay setLux: 81 ms
07-20 14:32:53.336  1066  1311 W EnhanceManagerService: Excessive delay setLux: 74 ms
07-20 14:32:53.347  1066  2815 D ActivityManager: Skip enqueue broadcast because no receiver with Intent { act=android.intent.action.SIG_STR flg=0x10 (has extras) }
07-20 14:32:53.351  2445  2445 D UniResolvedNetworkType: sub 1: dataNetType not Override 13
07-20 14:32:53.574  1066  1235 D WifiStaIfaceHidlImpl: getCachedScanData is not implemented by HIDL
07-20 14:32:53.586  1066  1235 I HalDevMgr: bestIfaceCreationProposal is null, requestIface=STA, existingIface=[name=wlan0 type=STA]
07-20 14:32:53.978   728   728 I adbd    : adbd service requested 'shell,v2:mkdir -p /data/local/tmp/.studio; chmod 755 /data/local/tmp/.studio; chown shell:shell /data/local/tmp/.studio'
07-20 14:32:54.726  1066  1311 W EnhanceManagerService: Excessive delay setLux: 50 ms
07-20 14:32:54.800   728   728 I adbd    : adbd service requested 'shell,v2:getprop'
07-20 14:32:56.128   728   728 I adbd    : adbd service requested 'shell,v2:wm size'
07-20 14:32:56.250  1066  1094 E UnisocWatchdog: UnisocWatchdogImpl sendMessage:0
07-20 14:32:56.251  1066  1166 E UnisocWatchdog: UNISOCWATCHDOG_MESSAGE_TIMER30 trigger
07-20 14:32:56.591  1066  1235 D WifiStaIfaceHidlImpl: getCachedScanData is not implemented by HIDL
07-20 14:32:56.618  1066  1235 I HalDevMgr: bestIfaceCreationProposal is null, requestIface=STA, existingIface=[name=wlan0 type=STA]
07-20 14:32:56.621   728   728 I adbd    : adbd service requested 'shell,v2:mkdir -p /data/local/tmp/.studio; chmod 755 /data/local/tmp/.studio; chown shell:shell /data/local/tmp/.studio'
07-20 14:32:56.915   728   728 I adbd    : adbd service requested 'shell,v2:getprop'
07-20 14:32:57.134   838   854 E SLOGCP  : data_rate_stat: agdsp rate: total size(MB)=0.000000; per second(bytes)=0.000000, drop_cnt_=0, drop_data_size_=0, pollin event times=0.
07-20 14:32:57.365  1066  1080 D ActivityManager: Skip enqueue broadcast because no receiver with Intent { act=android.intent.action.SIG_STR flg=0x10 (has extras) }
07-20 14:32:57.497  2445  2445 D UniResolvedNetworkType: sub 1: dataNetType not Override 13
07-20 14:32:58.289   728   728 I adbd    : adbd service requested 'shell,v2:wm size'
07-20 14:32:58.824  1066  1311 W EnhanceManagerService: Excessive delay setLux: 68 ms
07-20 14:32:59.059   728   728 I adbd    : adbd service requested 'sync:'
07-20 14:32:59.060   728   728 I adbd    : adbd service requested 'sync:'
07-20 14:32:59.112  1066  1230 D ActivityManager: Skip enqueue broadcast because no receiver with Intent { act=com.android.server.action.NETWORK_STATS_UPDATED flg=0x40000010 }
07-20 14:32:59.367  1066  2439 D ActivityManager: Skip enqueue broadcast because no receiver with Intent { act=android.intent.action.SIG_STR flg=0x10 (has extras) }
07-20 14:32:59.371  2445  2445 D UniResolvedNetworkType: sub 1: dataNetType not Override 13
07-20 14:32:59.624  1066  1235 D WifiStaIfaceHidlImpl: getCachedScanData is not implemented by HIDL
07-20 14:32:59.636  1066  1235 I HalDevMgr: bestIfaceCreationProposal is null, requestIface=STA, existingIface=[name=wlan0 type=STA]
07-20 14:32:59.651   728   728 I adbd    : adbd service requested 'shell,v2:getprop'
07-20 14:33:00.163  1066  1192 D AlarmManager: waitForAlarm result:8currentTime=1784572380162, elapsedRealtime=161553110
07-20 14:33:00.163  1066  1192 V AlarmManager: Received TIME_TICK alarm; rescheduling
07-20 14:33:00.163  1066  1192 V AlarmManager: set(null) : type=3 listener=com.android.server.alarm.AlarmManagerService$2@a4d09 listenerTag=TIME_TICK workSource=null callingPackage=android callingUid=1000 triggerAtTime=161612948 win=0 tElapsed=161612948 maxElapsed=161612948 interval=0 flags=0x9
07-20 14:33:00.163  1066  1192 D AlarmManagerService: set alarm to kernel: 161904685000000, type=2
07-20 14:33:00.163  1066  1192 D AlarmManagerService: set alarm to kernel: 161612948000000, type=3
07-20 14:33:00.165  1066  1066 V BroadcastQueue: Enqueuing BroadcastRecord{a238016 android.intent.action.TIME_TICK/u-1} ordered=false from uid 1000 pid 1066 for 3 receivers
07-20 14:33:00.195  1066  1192 D AlarmManager: sending alarm.type = 3, action = null, alarm = Alarm{9286d97 type 3 origWhen 161552947 whenElapsed 161552947 android}, cn = null, operation = null, listener=com.android.server.alarm.AlarmManagerService$2@a4d09, listenerTag=TIME_TICK, workSource=null
07-20 14:33:00.197  1066  1192 D AlarmManagerService: set alarm to kernel: 161904685000000, type=2
07-20 14:33:00.197  1066  1192 D AlarmManagerService: set alarm to kernel: 161612948000000, type=3
07-20 14:33:00.368  1066  1080 D ActivityManager: Skip enqueue broadcast because no receiver with Intent { act=android.intent.action.SIG_STR flg=0x10 (has extras) }
07-20 14:33:00.372  2445  2445 D UniResolvedNetworkType: sub 1: dataNetType not Override 13
07-20 14:33:00.414   728   728 I adbd    : adbd service requested 'shell,v2:/data/local/tmp/.studio/process-tracker --interval 1000'
07-20 14:33:00.706   728   728 I adbd    : adbd service requested 'shell,v2:mkdir -p /data/local/tmp/.studio; chmod 755 /data/local/tmp/.studio; chown shell:shell /data/local/tmp/.studio'
07-20 14:33:00.987   728   728 I adbd    : adbd service requested 'shell,v2:/data/local/tmp/.studio/process-tracker --interval 1000'
07-20 14:33:02.062   728   728 I adbd    : adbd service requested 'shell,v2:wm size'
07-20 14:33:02.357   728   728 I adbd    : adbd service requested 'sync:'
07-20 14:33:02.505  1066  1080 D ActivityManager: Skip enqueue broadcast because no receiver with Intent { act=android.intent.action.SIG_STR flg=0x10 (has extras) }
07-20 14:33:02.508  2445  2445 D UniResolvedNetworkType: sub 1: dataNetType not Override 13
07-20 14:33:02.951   613   613 D enhanceHAL: sunlightRead: current ambient = 122
07-20 14:33:02.953   613   613 D enhanceHAL: sunlightRead: current ambient = 119
07-20 14:33:03.033  1066  1311 W EnhanceManagerService: Excessive delay setLux: 81 ms
07-20 14:33:03.034   613   613 D enhanceHAL: sunlightRead: current ambient = 116
07-20 14:33:03.043  1066  1235 D WifiStaIfaceHidlImpl: getCachedScanData is not implemented by HIDL
07-20 14:33:03.055  1066  1235 I HalDevMgr: bestIfaceCreationProposal is null, requestIface=STA, existingIface=[name=wlan0 type=STA]
07-20 14:33:03.164   613   613 D enhanceHAL: sunlightRead: current ambient = 112
07-20 14:33:03.627   728   728 I adbd    : adbd service requested 'shell,v2:mkdir -p /data/local/tmp/.studio; chmod 755 /data/local/tmp/.studio; chown shell:shell /data/local/tmp/.studio'
07-20 14:33:03.908   728   728 I adbd    : adbd service requested 'shell,v2:getprop'
07-20 14:33:04.507  1066  2815 D ActivityManager: Skip enqueue broadcast because no receiver with Intent { act=android.intent.action.SIG_STR flg=0x10 (has extras) }
07-20 14:33:04.549  2445  2445 D UniResolvedNetworkType: sub 1: dataNetType not Override 13
07-20 14:33:04.607  2445  2445 W Looper  : Slow dispatch took 93ms main h=android.os.Handler c=CancellableContinuation(DispatchedContinuation[Dispatchers.Main.immediate, Continuation at kotlinx.coroutines.flow.FlowKt__ChannelsKt$emitAllImpl$1@864aaa0]){Active}@6999659 m=0
07-20 14:33:04.650  1066  1230 D ActivityManager: Skip enqueue broadcast because no receiver with Intent { act=com.android.server.action.NETWORK_STATS_UPDATED flg=0x40000010 }
07-20 14:33:04.710  1066  2815 D ShortcutService: rescanPackageIfNeeded 0@com.openai.chatgpt, forceRescan=false , isNewApp=false
07-20 14:33:04.711  1066  2815 D ShortcutService: rescanPackageIfNeeded 0@com.openai.chatgpt, forceRescan=false , isNewApp=false
07-20 14:33:04.744   728   728 I adbd    : adbd service requested 'shell,v2:/data/local/tmp/.studio/process-tracker --interval 1000'
07-20 14:33:04.814  1066  1088 D ShortcutService: Getting shortcuts for launcher= com.google.android.asuser=0 pkg=com.openai.chatgpt
07-20 14:33:04.815  1066  1295 D ShortcutService: Saving package item com.openai.chatgpt to /data/system_ce/0/shortcut_service/packages/com.openai.chatgpt.xml
07-20 14:33:04.816  1066  1088 D ShortcutService: Getting shortcuts for launcher= com.android.systemuiuser=0 pkg=com.openai.chatgpt
07-20 14:33:04.842  1066  1088 D ShortcutService: Getting shortcuts for launcher= com.DDU.launcheruser=0 pkg=com.openai.chatgpt
07-20 14:33:04.844 17719 17719 D LauncherAppsCallbackImpl: onShortcutsChanged triggered for packageName=com.openai.chatgpt, user=UserHandle{0}
07-20 14:33:04.918  2445  2445 D NotificationListener: onNotificationPosted: StatusBarNotification(pkg=com.openai.chatgpt user=UserHandle{0} id=4415 tag=null key=0|com.openai.chatgpt|4415|null|10244: Notification(channel=codex_remote_session shortcut=null contentView=null vibrate=null sound=null defaults=0 flags=ONGOING_EVENT|ONLY_ALERT_ONCE|NO_CLEAR|FOREGROUND_SERVICE color=0xff0d0d0d groupKey=silent actions=1 vis=PUBLIC))
07-20 14:33:05.146  2445  2518 D LocalImageResolver: Couldn't use ImageDecoder for drawable, falling back to non-resized load.
07-20 14:33:05.150  2445  2518 D LocalImageResolver: Couldn't use ImageDecoder for drawable, falling back to non-resized load.
07-20 14:33:05.781  1066  2815 D ActivityManager: Skip enqueue broadcast because no receiver with Intent { act=android.intent.action.SIG_STR flg=0x10 (has extras) }
07-20 14:33:05.791  2445  2445 D UniResolvedNetworkType: sub 1: dataNetType not Override 13
07-20 14:33:05.793  1326  1326 W Looper  : Slow delivery took 248ms main h=com.android.internal.telephony.SignalStrengthController c=null m=8
07-20 14:33:05.921  1066  1111 D PowerController.BattStats: now:161558869, elapsedRealtime:161558868, numStepLevels:1, mLastLevelStepTime:161224917
07-20 14:33:05.921  1066  1111 D PowerController.BattStats: timeForLowMode:333951, timeForNormalMode:0, timeForUltraMode:0, timeForCurrentMode:333951, ((elapsedRealtime - lastLevelStepTime) *900/1000):300555
07-20 14:33:05.921  1066  1111 D PowerController.BattStats: addLevelSteps: for mode:3, mNumStepDurations:95, timePerLevel:806800
07-20 14:33:05.921  1066  1111 D PowerController.BattStats: updateLevelStepsForOtherMode:mLowModeDischargeStepTracker.mNumStepDurations:95 timePerLevel for mLowModeDischargeStepTracker: 806800, mNormalModeDischargeStepTracker.mNumStepDurations:95 timePerLevel for mNormalModeDischargeStepTracker: 733455, mUltraModeDischargeStepTracker.mNumStepDurations:95 timePerLevel for mUltraModeDischargeStepTracker: 880146
07-20 14:33:05.921   614   614 D LIGHTS  : type:1,255|0|0, onTime:125, offtime:2875
07-20 14:33:05.921   614   614 D LIGHTS  : func:write_int, path=/sys/class/leds/sc27xx:red/brightness, value=0
07-20 14:33:05.923   614   614 E LIGHTS  : /sys/class/leds/sc27xx:red/hw_pattern check failed:4
07-20 14:33:05.923   614   614 D LIGHTS  : perpare to write:/sys/class/leds/sc27xx:red/hw_pattern:255 50 255 75 255 1150 255 1725
07-20 14:33:05.923   614   614 D LIGHTS  : func:write_int, path=/sys/class/leds/sc27xx:green/brightness, value=0
07-20 14:33:05.924   614   614 D LIGHTS  : func:write_int, path=/sys/class/leds/green_bl/on_off, value=0
07-20 14:33:05.924   614   614 E LIGHTS  : func:write_int, failed to open /sys/class/leds/green_bl/on_off, fd = -1
07-20 14:33:05.924   614   614 D LIGHTS  : func:write_int, path=/sys/class/leds/sc27xx:blue/brightness, value=0
07-20 14:33:05.924   614   614 D LIGHTS  : func:write_int, path=/sys/class/leds/blue_bl/on_off, value=0
07-20 14:33:05.924   614   614 E LIGHTS  : func:write_int, failed to open /sys/class/leds/blue_bl/on_off, fd = -1
07-20 14:33:05.927  1066  1066 V BroadcastQueue: Enqueuing BroadcastRecord{157537c android.intent.action.BATTERY_CHANGED/u-1} ordered=false from uid 1000 pid 1066 for 4 receivers
07-20 14:33:05.929  1066  1066 V BroadcastQueue: Enqueuing BroadcastRecord{b868405 android.intent.action.BATTERY_CHANGED/u-1} ordered=false from uid 1000 pid 1066 for 39 receivers
07-20 14:33:05.932  1066  1066 V BroadcastQueue: Enqueuing BroadcastRecord{55dec5a android.intent.action.BATTERY_LEVEL_CHANGED/u-1} ordered=false from uid 1000 pid 1066 for 3 receivers
07-20 14:33:05.932  2445  2445 D BatteryController: onReceive:mLevel=14,mCharging=false
07-20 14:33:05.937 15312 15312 D BatteryUsageBroadcastReceiver: onReceive:android.intent.action.BATTERY_LEVEL_CHANGED
07-20 14:33:05.937  7111  7111 D ActivityThread: Package [com.example.controlhorario] reported as REPLACED, but missing application info. Assuming REMOVED.
07-20 14:33:05.938  1066  1100 D ActivityManager: sync unfroze 7111 com.google.android.apps.turbo for 3
07-20 14:33:05.938  2445  2445 D UnisocBatteryControllerEx: fireChargingSpeedChanged: -1
07-20 14:33:05.938 15312 15312 D BatteryUsageBroadcastReceiver: fetch data because of event: ACTION_BATTERY_LEVEL_CHANGED
07-20 14:33:05.938  2445  2445 D PowerUI : cgs  xyz mBatteryTemperature: 492
07-20 14:33:05.938  2445  2445 D UnisocPowerUI: onReceive health:2 --> 2
07-20 14:33:05.938  7111  7111 D ActivityThread: Package [com.example.controlhorario] reported as REPLACED, but missing application info. Assuming REMOVED.
07-20 14:33:05.941   613   613 D enhanceHAL: mainLogic: msgType=6, msgValue=6
07-20 14:33:05.941   613   613 D enhanceHAL: sceneLogicProcess: current scene mode = 2 index= 5
07-20 14:33:05.944  1326  1326 W Looper  : Drained
07-20 14:33:06.059  1066  1235 D WifiStaIfaceHidlImpl: getCachedScanData is not implemented by HIDL
07-20 14:33:06.069  1066  1235 I HalDevMgr: bestIfaceCreationProposal is null, requestIface=STA, existingIface=[name=wlan0 type=STA]
07-20 14:33:06.491   728   728 I adbd    : adbd service requested 'sync:'
07-20 14:33:06.508   728   728 I adbd    : adbd service requested 'shell,v2:wm size'
07-20 14:33:06.517   381   381 E TrustyKeymaster: succeeded to send cmd (4) to com.android.trusty.keymaster with rc(351). errno: Success
07-20 14:33:06.519   381   381 E TrustyKeymaster: Getting response size (28)
07-20 14:33:06.522   381   381 E TrustyKeymaster: succeeded to send cmd (12) to com.android.trusty.keymaster with rc(609). errno: Success
07-20 14:33:06.525   381   381 E TrustyKeymaster: Getting response size (95)
07-20 14:33:06.978   613   613 D enhanceHAL: sunlightRead: current ambient = 112
07-20 14:33:07.056  1066  1311 W EnhanceManagerService: Excessive delay setLux: 77 ms
07-20 14:33:07.085  1066  1080 V BroadcastQueue: Enqueuing BroadcastRecord{e09c207 com.google.android.gms.play.integrity.autoprotect.LOG_TELEMETRY/u0} ordered=false from uid 10244 pid 8847 for 1 receivers
07-20 14:33:07.098  1066  2439 V AlarmManager: set(PendingIntent{b02e15d: PendingIntentRecord{bd27ad2 com.google.android.gms/com.google.android.gms.container startService}}) : type=3 listener=null listenerTag=null workSource=null callingPackage=com.google.android.gms callingUid=10131 triggerAtTime=315521560046 win=3600000 tElapsed=315521560046 maxElapsed=315525160046 interval=0 flags=0x0
07-20 14:33:07.099  1066  2439 D AlarmManagerService: set alarm to kernel: 161904685000000, type=2
07-20 14:33:07.100  1066  2439 D AlarmManagerService: set alarm to kernel: 161612948000000, type=3
07-20 14:33:07.461   728   728 I adbd    : adbd service requested 'shell,v2:/data/local/tmp/.studio/process-tracker --interval 1000'
07-20 14:33:07.785   381   381 E TrustyKeymaster: succeeded to send cmd (4) to com.android.trusty.keymaster with rc(351). errno: Success
07-20 14:33:07.788   381   381 E TrustyKeymaster: Getting response size (28)
07-20 14:33:07.789   381   381 E TrustyKeymaster: succeeded to send cmd (12) to com.android.trusty.keymaster with rc(630). errno: Success
07-20 14:33:07.793   381   381 E TrustyKeymaster: Getting response size (96)
07-20 14:33:07.820  1066  2439 D ShortcutService: rescanPackageIfNeeded 0@com.openai.chatgpt, forceRescan=false , isNewApp=false
07-20 14:33:07.821  1066  1080 D ShortcutService: rescanPackageIfNeeded 0@com.openai.chatgpt, forceRescan=false , isNewApp=false
07-20 14:33:07.923  1066  1088 D ShortcutService: Getting shortcuts for launcher= com.google.android.asuser=0 pkg=com.openai.chatgpt
07-20 14:33:07.923  1066  1295 D ShortcutService: Saving package item com.openai.chatgpt to /data/system_ce/0/shortcut_service/packages/com.openai.chatgpt.xml
07-20 14:33:07.947  1066  1088 D ShortcutService: Getting shortcuts for launcher= com.android.systemuiuser=0 pkg=com.openai.chatgpt
07-20 14:33:07.948  1066  1088 D ShortcutService: Getting shortcuts for launcher= com.DDU.launcheruser=0 pkg=com.openai.chatgpt
07-20 14:33:07.949 17719 17719 D LauncherAppsCallbackImpl: onShortcutsChanged triggered for packageName=com.openai.chatgpt, user=UserHandle{0}
07-20 14:33:08.362  1066  1311 W EnhanceManagerService: Excessive delay setLux: 177 ms
07-20 14:33:08.364  1066  1066 W Looper  : Slow dispatch took 292ms main h=com.android.server.notification.NotificationManagerService$WorkerHandler c=com.android.server.notification.NotificationManagerService$$ExternalSyntheticLambda0@e221bd0 m=0
07-20 14:33:08.364  1066  1066 W Looper  : Slow delivery took 292ms main h=com.android.server.notification.NotificationManagerService$WorkerHandler c=com.android.server.notification.NotificationManagerService$$ExternalSyntheticLambda7@bdf67c9 m=0
07-20 14:33:08.365  1066  1066 W Looper  : Drained
07-20 14:33:08.381  2445  2445 D NotificationListener: onNotificationPosted: StatusBarNotification(pkg=com.openai.chatgpt user=UserHandle{0} id=4415 tag=null key=0|com.openai.chatgpt|4415|null|10244: Notification(channel=codex_remote_session shortcut=null contentView=null vibrate=null sound=null defaults=0 flags=ONGOING_EVENT|ONLY_ALERT_ONCE|NO_CLEAR|FOREGROUND_SERVICE color=0xff0d0d0d groupKey=silent actions=1 vis=PUBLIC))
07-20 14:33:08.603  2445  2518 D LocalImageResolver: Couldn't use ImageDecoder for drawable, falling back to non-resized load.
07-20 14:33:08.606  2445  2518 D LocalImageResolver: Couldn't use ImageDecoder for drawable, falling back to non-resized load.
07-20 14:33:08.677  1066  2439 D ActivityManager: Skip enqueue broadcast because no receiver with Intent { act=android.intent.action.SIG_STR flg=0x10 (has extras) }
07-20 14:33:08.682  2445  2445 D UniResolvedNetworkType: sub 1: dataNetType not Override 13
07-20 14:33:08.755   728   728 I adbd    : adbd service requested 'shell,v2:mkdir -p /data/local/tmp/.studio; chmod 755 /data/local/tmp/.studio; chown shell:shell /data/local/tmp/.studio'
07-20 14:33:09.069   728   728 I adbd    : adbd service requested 'shell,v2:getprop'
07-20 14:33:09.078  1066  1235 D WifiStaIfaceHidlImpl: getCachedScanData is not implemented by HIDL
07-20 14:33:09.087  1066  1235 I HalDevMgr: bestIfaceCreationProposal is null, requestIface=STA, existingIface=[name=wlan0 type=STA]
07-20 14:33:10.251   728   728 I adbd    : adbd service requested 'shell,v2:wm size'
07-20 14:33:11.091  1066  1311 W EnhanceManagerService: Excessive delay setLux: 160 ms
07-20 14:33:11.161  8235  8281 I Finsky  : [371] AIM: AppInfoManager-Perf > Destroying AppInfoManager ...
07-20 14:33:11.678  1479 19755 D IpClient/wlan0: interfaceLinkStateChanged: ifindex 28 up
07-20 14:33:11.870   728   728 I adbd    : adbd service requested 'sync:'
07-20 14:33:11.871   728   728 I adbd    : adbd service requested 'shell,v2:mkdir -p /data/local/tmp/.studio; chmod 755 /data/local/tmp/.studio; chown shell:shell /data/local/tmp/.studio'
07-20 14:33:12.431  1066  1235 D WifiStaIfaceHidlImpl: getCachedScanData is not implemented by HIDL
07-20 14:33:12.450  1066  1235 I HalDevMgr: bestIfaceCreationProposal is null, requestIface=STA, existingIface=[name=wlan0 type=STA]
07-20 14:33:12.672   728   728 I adbd    : adbd service requested 'shell,v2:getprop'
07-20 14:33:13.793  1066  1311 W EnhanceManagerService: Excessive delay setLux: 85 ms
07-20 14:33:13.857   728   728 I adbd    : adbd service requested 'shell,v2:wm size'
07-20 14:33:14.059  1066  1230 D ActivityManager: Skip enqueue broadcast because no receiver with Intent { act=com.android.server.action.NETWORK_STATS_UPDATED flg=0x40000010 }
07-20 14:33:14.123  1066  2439 D AlarmManagerService: set alarm to kernel: 161904685000000, type=2
07-20 14:33:14.123  1066  2439 D AlarmManagerService: set alarm to kernel: 161612948000000, type=3
07-20 14:33:14.351   728   728 I adbd    : adbd service requested 'shell,v2:/data/local/tmp/.studio/process-tracker --interval 1000'
07-20 14:33:14.638   728   728 I adbd    : adbd service requested 'shell,v2:mkdir -p /data/local/tmp/.studio; chmod 755 /data/local/tmp/.studio; chown shell:shell /data/local/tmp/.studio'
07-20 14:33:15.076  1066  2439 D ActivityManager: Skip enqueue broadcast because no receiver with Intent { act=android.intent.action.SIG_STR flg=0x10 (has extras) }
07-20 14:33:15.142  1066  1066 W Looper  : Slow delivery took 208ms main h=android.app.ActivityThread$H c=com.android.server.powerstats.TimerTrigger$PeriodicTimer@1bf0094 m=0
07-20 14:33:15.232  2445  2445 D UniResolvedNetworkType: sub 1: dataNetType not Override 13
07-20 14:33:15.233  2445  2445 W Looper  : Slow dispatch took 55ms main h=android.os.Handler c=CancellableContinuation(DispatchedContinuation[Dispatchers.Main.immediate, Continuation at kotlinx.coroutines.flow.FlowKt__ChannelsKt$emitAllImpl$1@864aaa0]){Active}@6999659 m=0
07-20 14:33:15.451   728   728 I adbd    : adbd service requested 'sync:'
07-20 14:33:15.452   728   728 I adbd    : adbd service requested 'shell,v2:getprop'
07-20 14:33:15.458  1066  1235 D WifiStaIfaceHidlImpl: getCachedScanData is not implemented by HIDL
07-20 14:33:15.471  1066  1235 I HalDevMgr: bestIfaceCreationProposal is null, requestIface=STA, existingIface=[name=wlan0 type=STA]
07-20 14:33:15.994  1066  1187 D ActivityManager: freezing 7111 com.google.android.apps.turbo
07-20 14:33:15.997  1066  1066 W Looper  : Drained
07-20 14:33:16.001  1066  1252 D InetDiagMessage: Destroyed 0 sockets, proto=IPPROTO_TCP, family=AF_INET, states=14
07-20 14:33:16.004  1066  1252 D InetDiagMessage: Destroyed 0 sockets, proto=IPPROTO_TCP, family=AF_INET6, states=14
07-20 14:33:16.004  1066  1252 D InetDiagMessage: Destroyed live tcp sockets for uids={10137} in 7ms
07-20 14:33:16.582  1066  2439 D ActivityManager: Skip enqueue broadcast because no receiver with Intent { act=android.intent.action.SIG_STR flg=0x10 (has extras) }
07-20 14:33:16.585  1326  1326 W Looper  : Slow dispatch took 509ms main h=com.android.internal.telephony.SignalStrengthController c=null m=8
07-20 14:33:16.585  1326  1326 W Looper  : Slow delivery took 509ms main h=com.android.internal.telephony.data.LinkBandwidthEstimator c=null m=5
07-20 14:33:16.586  2445  2445 D UniResolvedNetworkType: sub 1: dataNetType not Override 13
07-20 14:33:16.590  2445  2445 W Looper  : Slow dispatch took 512ms main h=android.os.Handler c=CancellableContinuation(DispatchedContinuation[Dispatchers.Main.immediate, Continuation at kotlinx.coroutines.flow.FlowKt__ChannelsKt$emitAllImpl$1@864aaa0]){Active}@6999659 m=0
07-20 14:33:16.590  2445  2445 W Looper  : Slow delivery took 509ms main h=com.android.systemui.statusbar.connectivity.CallbackHandler c=com.android.systemui.statusbar.connectivity.CallbackHandler$$ExternalSyntheticLambda0@8e04e6b m=0
07-20 14:33:16.613   728   728 I adbd    : adbd service requested 'shell,v2:wm size'
07-20 14:33:17.082  1066  2439 D ActivityManager: Skip enqueue broadcast because no receiver with Intent { act=android.intent.action.SIG_STR flg=0x10 (has extras) }
07-20 14:33:17.083  1326  1326 W Looper  : Drained
07-20 14:33:17.088  2445  2445 D UniResolvedNetworkType: sub 1: dataNetType not Override 13
07-20 14:33:17.089  2445  2445 W Looper  : Drained
07-20 14:33:17.136   728   728 I adbd    : adbd service requested 'shell,v2:mkdir -p /data/local/tmp/.studio; chmod 755 /data/local/tmp/.studio; chown shell:shell /data/local/tmp/.studio'
07-20 14:33:17.432   728   728 I adbd    : adbd service requested 'shell,v2:getprop'
07-20 14:33:17.874   379 32268 I keystore2: system/security/keystore2/watchdog/src/lib.rs:319 - Watchdog thread idle -> terminating. Have a great day.
07-20 14:33:17.986  1066  1311 W EnhanceManagerService: Excessive delay setLux: 87 ms
07-20 14:33:18.086  1066  2439 D ActivityManager: Skip enqueue broadcast because no receiver with Intent { act=android.intent.action.SIG_STR flg=0x10 (has extras) }
07-20 14:33:18.088  2445  2445 D UniResolvedNetworkType: sub 1: dataNetType not Override 13
07-20 14:33:18.254   728   728 I adbd    : adbd service requested 'sync:'
07-20 14:33:18.477  1066  1235 D WifiStaIfaceHidlImpl: getCachedScanData is not implemented by HIDL
07-20 14:33:18.489  1066  1235 I HalDevMgr: bestIfaceCreationProposal is null, requestIface=STA, existingIface=[name=wlan0 type=STA]
07-20 14:33:19.342  1066  2439 D ActivityManager: Skip enqueue broadcast because no receiver with Intent { act=android.intent.action.SIG_STR flg=0x10 (has extras) }
07-20 14:33:19.345  2445  2445 D UniResolvedNetworkType: sub 1: dataNetType not Override 13
07-20 14:33:19.347  2445  2445 W Looper  : Slow delivery took 113ms main h=android.os.Handler c=CancellableContinuation(DispatchedContinuation[Dispatchers.Main.immediate, Continuation at kotlinx.coroutines.flow.FlowKt__ChannelsKt$emitAllImpl$1@864aaa0]){Active}@6999659 m=0
07-20 14:33:19.347  2445  2445 W Looper  : Drained
07-20 14:33:19.370   728   728 I adbd    : adbd service requested 'sync:'
07-20 14:33:20.112   728   728 I adbd    : adbd service requested 'shell,v2:/data/local/tmp/.studio/process-tracker --interval 1000'
07-20 14:33:20.759  1066  1230 D ActivityManager: Skip enqueue broadcast because no receiver with Intent { act=com.android.server.action.NETWORK_STATS_UPDATED flg=0x40000010 }
07-20 14:33:20.880   728   728 I adbd    : adbd service requested 'shell,v2:getprop'
07-20 14:33:21.173   728   728 I adbd    : adbd service requested 'shell,v2:wm size'
07-20 14:33:21.468   728   728 I adbd    : adbd service requested 'shell,v2:/data/local/tmp/.studio/process-tracker --interval 1000'
07-20 14:33:21.495  1066  1235 D WifiStaIfaceHidlImpl: getCachedScanData is not implemented by HIDL
07-20 14:33:21.504  1066  1235 I HalDevMgr: bestIfaceCreationProposal is null, requestIface=STA, existingIface=[name=wlan0 type=STA]
07-20 14:33:22.295   728   728 I adbd    : adbd service requested 'shell,v2:getprop'
07-20 14:33:22.363  1066  1080 D AlarmManagerService: set alarm to kernel: 162167968000000, type=2
07-20 14:33:22.363  1066  1080 D AlarmManagerService: set alarm to kernel: 161612948000000, type=3
07-20 14:33:22.364  1066  1080 V AlarmManager: set(null) : type=2 listener=android.app.IAlarmListener$Stub$Proxy@d84b23e listenerTag=GCM_HB_ALARM workSource=null callingPackage=com.google.android.gms callingUid=10131 triggerAtTime=162295311 win=0 tElapsed=162295311 maxElapsed=162295311 interval=0 flags=0x41
07-20 14:33:22.365  1066  1080 D AlarmManagerService: set alarm to kernel: 162167968000000, type=2
07-20 14:33:22.365  1066  1080 D AlarmManagerService: set alarm to kernel: 161612948000000, type=3
07-20 14:33:22.367 14781 31655 W libc    : Access denied finding property "persist.unipnp.wakelock_upload.enabled"
07-20 14:33:22.363 14781 14781 W lowpool[2110]: type=1400 audit(0.0:121905): avc:  denied  { read } for  name="u:object_r:unipnp_prop:s0" dev="tmpfs" ino=425 scontext=u:r:gmscore_app:s0:c512,c768 tcontext=u:object_r:unipnp_prop:s0 tclass=file permissive=0 app=com.google.android.gms
07-20 14:33:22.380 14781 31489 I AlarmManager: setExactAndAllowWhileIdle [name: FcmRetry type: 2 triggerAtMillis: 161695326]
07-20 14:33:22.382  1066  1080 V AlarmManager: set(PendingIntent{215b44a: PendingIntentRecord{7541b03 com.google.android.gms/com.google.android.gms.gcm broadcastIntent}}) : type=2 listener=null listenerTag=null workSource=null callingPackage=com.google.android.gms callingUid=10131 triggerAtTime=161695326 win=0 tElapsed=161695326 maxElapsed=161695326 interval=0 flags=0x21
07-20 14:33:22.383  1066  1080 D AlarmManagerService: set alarm to kernel: 161695326000000, type=2
07-20 14:33:22.384  1066  1080 D AlarmManagerService: set alarm to kernel: 161612948000000, type=3
07-20 14:33:22.391  1066  1163 V BroadcastQueue: Enqueuing BroadcastRecord{8e4f831 com.google.android.c2dm.intent.RECEIVE/u0} ordered=true from uid 10131 pid 14781 for 3 receivers
07-20 14:33:22.392  1066  1530 V AlarmManager: set(PendingIntent{e56bfcc: PendingIntentRecord{d280215 android broadcastIntent}}) : type=3 listener=null listenerTag=null workSource=null callingPackage=android callingUid=1000 triggerAtTime=161875339 win=225000 tElapsed=161875339 maxElapsed=162100339 interval=0 flags=0x8
07-20 14:33:22.396  1066  1530 D AlarmManagerService: set alarm to kernel: 161695326000000, type=2
07-20 14:33:22.397  1066  1530 D AlarmManagerService: set alarm to kernel: 161612948000000, type=3
07-20 14:33:22.397  1066  1530 D AlarmManagerService: set alarm to kernel: 161695326000000, type=2
07-20 14:33:22.397  1066  1530 D AlarmManagerService: set alarm to kernel: 161612948000000, type=3
07-20 14:33:22.398  1066  1530 V AlarmManager: set(PendingIntent{e56bfcc: PendingIntentRecord{d280215 android broadcastIntent}}) : type=3 listener=null listenerTag=null workSource=null callingPackage=android callingUid=1000 triggerAtTime=161875345 win=224999 tElapsed=161875345 maxElapsed=162100344 interval=0 flags=0x8
07-20 14:33:22.399  1066  1530 D AlarmManagerService: set alarm to kernel: 161695326000000, type=2
07-20 14:33:22.399  1066  1530 D AlarmManagerService: set alarm to kernel: 161612948000000, type=3
07-20 14:33:22.399  1066  1530 D AlarmManagerService: set alarm to kernel: 161695326000000, type=2
07-20 14:33:22.399  1066  1530 D AlarmManagerService: set alarm to kernel: 161612948000000, type=3
07-20 14:33:22.400 27744 32356 E FirebaseMessaging: Default FirebaseApp has not been initialized. Skip logging event to GA.
07-20 14:33:22.400 27744 32356 I FirebaseMessaging: FirebaseApp has not being initialized. Device might be in direct boot mode. Skip exporting delivery metrics to Big Query
07-20 14:33:22.414  1066  2439 D AlarmManagerService: set alarm to kernel: 162167968000000, type=2
07-20 14:33:22.414  1066  2439 D AlarmManagerService: set alarm to kernel: 161612948000000, type=3
07-20 14:33:22.451 27744 27811 D WM-SystemJobScheduler: Scheduling work ID 69b19e4d-3188-4ef7-95f5-3b1998ad7cea (com.google.apps.tiktok.contrib.work.TikTokListenableWorker), Job ID 16143
07-20 14:33:22.454 27744 27811 I WM-GreedyScheduler: Ignoring schedule request in a secondary process
07-20 14:33:22.464 27744 27811 I cbxr    : Chime Filter is invoked.
07-20 14:33:22.468 27744 27839 I cbbw    : (REDACTED) Count changed: counts=%s, shown=%s
07-20 14:33:22.506 27744 27956 I cbxr    : Notification was not filtered.
07-20 14:33:22.560 27744 27956 I GnpSdk  : (REDACTED) Setting channel Id: '%s'
07-20 14:33:22.602 27744 27871 I GnpSdk  : (REDACTED) Setting channel Id: '%s'
07-20 14:33:22.644  1066  1163 V AlarmManager: set(PendingIntent{8f09987: PendingIntentRecord{d3c455c com.google.android.googlequicksearchbox broadcastIntent}}) : type=1 listener=null listenerTag=null workSource=null callingPackage=com.google.android.googlequicksearchbox callingUid=10140 triggerAtTime=1784583203000 win=3600000 tElapsed=172375948 maxElapsed=175975948 interval=0 flags=0x0
07-20 14:33:22.644  1066  1163 D AlarmManagerService: set alarm to kernel: 162167968000000, type=2
07-20 14:33:22.645  1066  1163 D AlarmManagerService: set alarm to kernel: 161612948000000, type=3
07-20 14:33:22.645  1066  1163 D AlarmManagerService: set alarm to kernel: 162167968000000, type=2
07-20 14:33:22.645  1066  1163 D AlarmManagerService: set alarm to kernel: 161612948000000, type=3
07-20 14:33:22.665 27744 27811 D WM-Processor: Processor cancelling 69b19e4d-3188-4ef7-95f5-3b1998ad7cea
07-20 14:33:22.666 27744 27811 D WM-Processor: WorkerWrapper could not be found for 69b19e4d-3188-4ef7-95f5-3b1998ad7cea
07-20 14:33:22.669 27744 27811 D WM-SystemJobScheduler: Cancelling work ID 69b19e4d-3188-4ef7-95f5-3b1998ad7cea, Job ID 16143
07-20 14:33:22.671  1066  1080 V AlarmManager: set(null) : type=3 listener=android.app.AlarmManager$ListenerWrapper@c5868cc listenerTag=*job.delay* workSource=WorkSource{10130 com.android.vending} callingPackage=android callingUid=1000 triggerAtTime=162558097 win=736858 tElapsed=162558097 maxElapsed=163294955 interval=0 flags=0x0
07-20 14:33:22.672  1066  1080 D AlarmManagerService: set alarm to kernel: 162167968000000, type=2
07-20 14:33:22.672  1066  1080 D AlarmManagerService: set alarm to kernel: 161612948000000, type=3
07-20 14:33:22.672  1066  1080 D AlarmManagerService: set alarm to kernel: 162167968000000, type=2
07-20 14:33:22.672  1066  1080 D AlarmManagerService: set alarm to kernel: 161612948000000, type=3
07-20 14:33:22.672  1066  1080 V AlarmManager: set(null) : type=2 listener=android.app.AlarmManager$ListenerWrapper@e312a1e listenerTag=*job.deadline* workSource=WorkSource{10130 com.android.vending} callingPackage=android callingUid=1000 triggerAtTime=180589911 win=3600000 tElapsed=180589911 maxElapsed=184189911 interval=0 flags=0x0
07-20 14:33:22.673  1066  1080 D AlarmManagerService: set alarm to kernel: 162167968000000, type=2
07-20 14:33:22.673  1066  1080 D AlarmManagerService: set alarm to kernel: 161612948000000, type=3
07-20 14:33:22.673  1066  1080 D AlarmManagerService: set alarm to kernel: 162167968000000, type=2
07-20 14:33:22.673  1066  1080 D AlarmManagerService: set alarm to kernel: 161612948000000, type=3
